Component: ARM Compiler 5.06 update 3 (build 300) Tool: armlink [4d35c9]

==============================================================================

Section Cross References

    startup.o(RESET) refers to startup.o(STACK) for __initial_sp
    startup.o(RESET) refers to startup.o(.text) for Reset_Handler
    startup.o(.text) refers to memseta.o(.text) for __aeabi_memset
    startup.o(.text) refers to startup.o(STACK) for _interrupt_stack
    startup.o(.text) refers to system.o(.init.once.text."..\\..\\..\\..\\ext\\lib\\actions\\startup\\system.c".0) for SystemInit
    startup.o(.text) refers to entry.o(.ARM.Collect$$$$00000000) for __main
    system.o(.init.once.text."..\\..\\..\\..\\ext\\lib\\actions\\startup\\system.c".0) refers to system.o(i.sys_write32) for sys_write32
    system.o(.init.once.text."..\\..\\..\\..\\ext\\lib\\actions\\startup\\system.c".0) refers to system.o(i.debug_uart_init) for debug_uart_init
    system.o(i.debug_uart_init) refers to system.o(i.sys_read32) for sys_read32
    system.o(i.debug_uart_init) refers to system.o(i.sys_write32) for sys_write32
    system.o(i.debug_uart_put_char) refers to system.o(i.sys_write32) for sys_write32
    system.o(i.debug_uart_put_char) refers to system.o(i.sys_read32) for sys_read32
    entry.o(i.main) refers to system.o(i.debug_uart_put_char) for debug_uart_put_char
    entry.o(i.main) refers to kernel_config_init.o(.init.once.text."..\\..\\..\\..\\kernel\\kernel_config_init.c".4) for kernel_config_init
    entry.o(i.main) refers to device.o(i.device_get_binding) for device_get_binding
    entry.o(i.main) refers to device.o(i._sys_device_do_config_level) for _sys_device_do_config_level
    entry.o(i.main) refers to main.o(i.app_main) for app_main
    entry.o(i.main) refers to entry.o(.bss) for _sw_isr_table
    soc_patch.o(.init.once.text."..\\..\\..\\..\\arch\\soc\\atb110x\\soc_patch.c".2) refers to soc_pm.o(i.patch_sys_soc_suspend) for patch_sys_soc_suspend
    soc_pm.o(.ram_retention_code) refers to soc_pm.o(i.request_vd12) for request_vd12
    soc_pm.o(.ram_retention_code) refers to soc_pm.o(i.sys_read32) for sys_read32
    soc_pm.o(.ram_retention_code) refers to soc_pm.o(i.sys_write32) for sys_write32
    soc_pm.o(.ram_retention_code) refers to soc_pm.o(i.switch_cpu_clock_3M) for switch_cpu_clock_3M
    soc_pm.o(.ram_retention_code) refers to soc_pm.o(.constdata) for .constdata
    soc_pm.o(.ram_retention_code) refers to soc_pm.o(.ram_retention_data) for sleep_32k
    soc_pm.o(i._sys_soc_set_power_state) refers to soc_pm.o(i.sys_read32) for sys_read32
    soc_pm.o(i._sys_soc_set_power_state) refers to soc_pm.o(i.sys_write32) for sys_write32
    soc_pm.o(i._sys_soc_set_power_state) refers to soc_pm.o(i.set_deep_sleep_clock) for set_deep_sleep_clock
    soc_pm.o(i._sys_soc_set_power_state) refers to soc_pm.o(i.switch_cpu_clock_3M) for switch_cpu_clock_3M
    soc_pm.o(i._sys_soc_set_power_state) refers to soc_pm.o(i.request_32M_XTAL) for request_32M_XTAL
    soc_pm.o(i._sys_soc_set_power_state) refers to soc_pm.o(.ram_retention_code) for _sys_lower_wfi
    soc_pm.o(i._sys_soc_set_power_state) refers to board.o(.data) for dp_vdd_val
    soc_pm.o(i._sys_soc_suspend_new) refers to soc_pm.o(i.check_pm_policy) for check_pm_policy
    soc_pm.o(i._sys_soc_suspend_new) refers to soc_pm.o(i.low_power_state_entry) for low_power_state_entry
    soc_pm.o(i._sys_soc_suspend_new) refers to soc_pm.o(i.deep_sleep_entry) for deep_sleep_entry
    soc_pm.o(i._sys_soc_suspend_new) refers to soc_pm.o(.data) for pm_state
    soc_pm.o(i.check_pm_policy) refers to device.o(i.device_any_busy_check) for device_any_busy_check
    soc_pm.o(i.check_pm_policy) refers to soc_pm.o(.constdata) for .constdata
    soc_pm.o(i.deep_sleep_entry) refers to soc_pm.o(i.suspend_devices) for suspend_devices
    soc_pm.o(i.deep_sleep_entry) refers to soc_pm.o(i.enable_wake_event) for enable_wake_event
    soc_pm.o(i.deep_sleep_entry) refers to soc_pm.o(i._sys_soc_set_power_state) for _sys_soc_set_power_state
    soc_pm.o(i.deep_sleep_entry) refers to soc_pm.o(i.deep_sleep_exit) for deep_sleep_exit
    soc_pm.o(i.deep_sleep_entry) refers to soc_pm.o(i.__set_primask) for __set_primask
    soc_pm.o(i.deep_sleep_exit) refers to soc_pm.o(i.request_32M_XTAL) for request_32M_XTAL
    soc_pm.o(i.deep_sleep_exit) refers to soc_pm.o(i.sys_read32) for sys_read32
    soc_pm.o(i.deep_sleep_exit) refers to soc_pm.o(i.sys_write32) for sys_write32
    soc_pm.o(i.deep_sleep_exit) refers to soc_pm.o(.ram_retention_code) for request_rc_3M
    soc_pm.o(i.deep_sleep_exit) refers to soc_pm.o(i.request_vd12_largebias) for request_vd12_largebias
    soc_pm.o(i.deep_sleep_exit) refers to soc_pm.o(i.resume_devices) for resume_devices
    soc_pm.o(i.low_power_state_entry) refers to soc_pm.o(i._sys_soc_set_power_state) for _sys_soc_set_power_state
    soc_pm.o(i.patch_sys_soc_suspend) refers to soc_pm.o(i._sys_soc_suspend_new) for _sys_soc_suspend_new
[...]
    bt_smp_disconnected                      0x0001e08d   Thumb Code     0  rom_zephyr_symdefs.txt ABSOLUTE
    bt_smp_accept                            0x0001e0d1   Thumb Code     0  rom_zephyr_symdefs.txt ABSOLUTE
    bt_set_sec_cfg                           0x0001e205   Thumb Code     0  rom_zephyr_symdefs.txt ABSOLUTE
    bt_set_smp_cfg                           0x0001e241   Thumb Code     0  rom_zephyr_symdefs.txt ABSOLUTE
    bt_smp_pool_init                         0x0001e255   Thumb Code     0  rom_zephyr_symdefs.txt ABSOLUTE
    get_io_capa                              0x0001e279   Thumb Code     0  rom_zephyr_symdefs.txt ABSOLUTE
    get_pair_method                          0x0001e2cd   Thumb Code     0  rom_zephyr_symdefs.txt ABSOLUTE
    smp_create_pdu                           0x0001e2fd   Thumb Code     0  rom_zephyr_symdefs.txt ABSOLUTE
    bt_smp_aes_cmac                          0x0001e319   Thumb Code     0  rom_zephyr_symdefs.txt ABSOLUTE
    get_encryption_key_size                  0x0001e56d   Thumb Code     0  rom_zephyr_symdefs.txt ABSOLUTE
    smp_reset                                0x0001e583   Thumb Code     0  rom_zephyr_symdefs.txt ABSOLUTE
    bt_smp_connected                         0x0001e5cd   Thumb Code     0  rom_zephyr_symdefs.txt ABSOLUTE
    smp_check_complete                       0x0001e5e9   Thumb Code     0  rom_zephyr_symdefs.txt ABSOLUTE
    id_sent                                  0x0001e619   Thumb Code     0  rom_zephyr_symdefs.txt ABSOLUTE
    sign_info_sent                           0x0001e623   Thumb Code     0  rom_zephyr_symdefs.txt ABSOLUTE
    ident_sent                               0x0001e62d   Thumb Code     0  rom_zephyr_symdefs.txt ABSOLUTE
    smp_timeout                              0x0001e639   Thumb Code     0  rom_zephyr_symdefs.txt ABSOLUTE
    smp_pairing_failed                       0x0001e6a5   Thumb Code     0  rom_zephyr_symdefs.txt ABSOLUTE
    smp_pairing_complete                     0x0001e719   Thumb Code     0  rom_zephyr_symdefs.txt ABSOLUTE
    smp_send                                 0x0001e721   Thumb Code     0  rom_zephyr_symdefs.txt ABSOLUTE
    smp_error                                0x0001e749   Thumb Code     0  rom_zephyr_symdefs.txt ABSOLUTE
    bt_smp_recv                              0x0001e77d   Thumb Code     0  rom_zephyr_symdefs.txt ABSOLUTE
    smp_send_pairing_random                  0x0001e8d7   Thumb Code     0  rom_zephyr_symdefs.txt ABSOLUTE
    xor_128                                  0x0001e90b   Thumb Code     0  rom_zephyr_symdefs.txt ABSOLUTE
    smp_c1                                   0x0001e91f   Thumb Code     0  rom_zephyr_symdefs.txt ABSOLUTE
    smp_send_pairing_confirm                 0x0001e9a5   Thumb Code     0  rom_zephyr_symdefs.txt ABSOLUTE
    legacy_distribute_keys                   0x0001ea29   Thumb Code     0  rom_zephyr_symdefs.txt ABSOLUTE
    bt_smp_distribute_keys                   0x0001eb6d   Thumb Code     0  rom_zephyr_symdefs.txt ABSOLUTE
    smp_master_ident                         0x0001ecc9   Thumb Code     0  rom_zephyr_symdefs.txt ABSOLUTE
    smp_ident_addr_info                      0x0001edb9   Thumb Code     0  rom_zephyr_symdefs.txt ABSOLUTE
    smp_signing_info                         0x0001ef0d   Thumb Code     0  rom_zephyr_symdefs.txt ABSOLUTE
    bt_smp_encrypt_change                    0x0001efb5   Thumb Code     0  rom_zephyr_symdefs.txt ABSOLUTE
    send_pairing_rsp                         0x0001f081   Thumb Code     0  rom_zephyr_symdefs.txt ABSOLUTE
    smp_s1                                   0x0001f0b5   Thumb Code     0  rom_zephyr_symdefs.txt ABSOLUTE
    legacy_get_pair_method                   0x0001f0e1   Thumb Code     0  rom_zephyr_symdefs.txt ABSOLUTE
    legacy_request_tk                        0x0001f121   Thumb Code     0  rom_zephyr_symdefs.txt ABSOLUTE
    legacy_send_pairing_confirm              0x0001f201   Thumb Code     0  rom_zephyr_symdefs.txt ABSOLUTE
    legacy_pairing_req                       0x0001f269   Thumb Code     0  rom_zephyr_symdefs.txt ABSOLUTE
    legacy_pairing_random                    0x0001f2d1   Thumb Code     0  rom_zephyr_symdefs.txt ABSOLUTE
    legacy_pairing_confirm                   0x0001f3c9   Thumb Code     0  rom_zephyr_symdefs.txt ABSOLUTE
    smp_pairing_confirm                      0x0001f409   Thumb Code     0  rom_zephyr_symdefs.txt ABSOLUTE
    legacy_passkey_entry                     0x0001f483   Thumb Code     0  rom_zephyr_symdefs.txt ABSOLUTE
    legacy_pairing_rsp                       0x0001f4cd   Thumb Code     0  rom_zephyr_symdefs.txt ABSOLUTE
    smp_init                                 0x0001f54d   Thumb Code     0  rom_zephyr_symdefs.txt ABSOLUTE
    get_auth                                 0x0001f57d   Thumb Code     0  rom_zephyr_symdefs.txt ABSOLUTE
    smp_pairing_req                          0x0001f5a9   Thumb Code     0  rom_zephyr_symdefs.txt ABSOLUTE
    sec_level_reachable                      0x0001f71d   Thumb Code     0  rom_zephyr_symdefs.txt ABSOLUTE
    smp_chan_get                             0x0001f75d   Thumb Code     0  rom_zephyr_symdefs.txt ABSOLUTE
    bt_smp_send_security_req                 0x0001f79d   Thumb Code     0  rom_zephyr_symdefs.txt ABSOLUTE
    sc_send_public_key                       0x0001f859   Thumb Code     0  rom_zephyr_symdefs.txt ABSOLUTE
    smp_pairing_rsp                          0x0001f8a1   Thumb Code     0  rom_zephyr_symdefs.txt ABSOLUTE
    bt_smp_send_pairing_req                  0x0001f9ed   Thumb Code     0  rom_zephyr_symdefs.txt ABSOLUTE
    smp_security_request                     0x0001fb09   Thumb Code     0  rom_zephyr_symdefs.txt ABSOLUTE
    sc_smp_send_dhkey_check                  0x0001fc05   Thumb Code     0  rom_zephyr_symdefs.txt ABSOLUTE
    compute_and_send_master_dhcheck          0x0001fc39   Thumb Code     0  rom_zephyr_symdefs.txt ABSOLUTE
    compute_and_check_and_send_slave_dhcheck 0x0001fce1   Thumb Code     0  rom_zephyr_symdefs.txt ABSOLUTE
    bt_smp_dhkey_ready                       0x0001fdc5   Thumb Code     0  rom_zephyr_symdefs.txt ABSOLUTE
    smp_dhkey_check                          0x0001fe69   Thumb Code     0  rom_zephyr_symdefs.txt ABSOLUTE
    sc_smp_check_confirm                     0x0001ff7d   Thumb Code     0  rom_zephyr_symdefs.txt ABSOLUTE
    smp_pairing_random                       0x0001ffe9   Thumb Code     0  rom_zephyr_symdefs.txt ABSOLUTE
    generate_dhkey                           0x00020175   Thumb Code     0  rom_zephyr_symdefs.txt ABSOLUTE
    display_passkey                          0x0002019d   Thumb Code     0  rom_zephyr_symdefs.txt ABSOLUTE
    smp_public_key_slave                     0x000201dd   Thumb Code     0  rom_zephyr_symdefs.txt ABSOLUTE
    smp_public_key                           0x00020255   Thumb Code     0  rom_zephyr_symdefs.txt ABSOLUTE
    bt_smp_pkey_ready                        0x00020345   Thumb Code     0  rom_zephyr_symdefs.txt ABSOLUTE
    smp_sign_buf                             0x000203f9   Thumb Code     0  rom_zephyr_symdefs.txt ABSOLUTE
    bt_smp_sign_verify                       0x00020499   Thumb Code     0  rom_zephyr_symdefs.txt ABSOLUTE
    bt_smp_sign                              0x000205d1   Thumb Code     0  rom_zephyr_symdefs.txt ABSOLUTE
    bt_smp_auth_passkey_entry                0x000206c5   Thumb Code     0  rom_zephyr_symdefs.txt ABSOLUTE
    bt_smp_auth_passkey_confirm              0x00020785   Thumb Code     0  rom_zephyr_symdefs.txt ABSOLUTE
    bt_smp_auth_cancel                       0x0002082d   Thumb Code     0  rom_zephyr_symdefs.txt ABSOLUTE
    bt_smp_auth_pairing_confirm              0x000208a5   Thumb Code     0  rom_zephyr_symdefs.txt ABSOLUTE
    bt_smp_update_keys                       0x00020975   Thumb Code     0  rom_zephyr_symdefs.txt ABSOLUTE
    bt_smp_get_tk                            0x00020a99   Thumb Code     0  rom_zephyr_symdefs.txt ABSOLUTE
    le_sc_supported                          0x00020b25   Thumb Code     0  rom_zephyr_symdefs.txt ABSOLUTE
    bt_smp_init                              0x00020b3d   Thumb Code     0  rom_zephyr_symdefs.txt ABSOLUTE
    bt_keys_clear                            0x00020b8d   Thumb Code     0  rom_zephyr_symdefs.txt ABSOLUTE
    bt_host_keys_init                        0x00020bd9   Thumb Code     0  rom_zephyr_symdefs.txt ABSOLUTE
    bt_keys_foreach                          0x00020c09   Thumb Code     0  rom_zephyr_symdefs.txt ABSOLUTE
    bt_keys_add_type                         0x00020c3d   Thumb Code     0  rom_zephyr_symdefs.txt ABSOLUTE
    bt_keys_clear_all                        0x00020c45   Thumb Code     0  rom_zephyr_symdefs.txt ABSOLUTE
    bt_update_keys_to_nv                     0x00020c55   Thumb Code     0  rom_zephyr_symdefs.txt ABSOLUTE
    bt_keys_find_addr_from_nv                0x00020c85   Thumb Code     0  rom_zephyr_symdefs.txt ABSOLUTE
    bt_keys_find_irk                         0x00020cf9   Thumb Code     0  rom_zephyr_symdefs.txt ABSOLUTE
    bt_keys_find_addr                        0x00020dd1   Thumb Code     0  rom_zephyr_symdefs.txt ABSOLUTE
    bt_keys_get_addr                         0x00020e3d   Thumb Code     0  rom_zephyr_symdefs.txt ABSOLUTE
    bt_keys_find_from_nv                     0x00020ed1   Thumb Code     0  rom_zephyr_symdefs.txt ABSOLUTE
    bt_keys_find                             0x00020f51   Thumb Code     0  rom_zephyr_symdefs.txt ABSOLUTE
    bt_keys_get_type                         0x00020fd5   Thumb Code     0  rom_zephyr_symdefs.txt ABSOLUTE
    bt_smp_null_pool_init                    0x0002102d   Thumb Code     0  rom_zephyr_symdefs.txt ABSOLUTE
    bt_smp_init_null                         0x00021051   Thumb Code     0  rom_zephyr_symdefs.txt ABSOLUTE
    prng_reseed                              0x00021061   Thumb Code     0  rom_zephyr_symdefs.txt ABSOLUTE
    prng_init                                0x000210ed   Thumb Code     0  rom_zephyr_symdefs.txt ABSOLUTE
    bt_rand                                  0x00021171   Thumb Code     0  rom_zephyr_symdefs.txt ABSOLUTE
    bt_encrypt_be                            0x000211a9   Thumb Code     0  rom_zephyr_symdefs.txt ABSOLUTE
    bt_encrypt_le                            0x00021299   Thumb Code     0  rom_zephyr_symdefs.txt ABSOLUTE
    net_buf_pool_get                         0x0002145d   Thumb Code     0  rom_zephyr_symdefs.txt ABSOLUTE
    pool_id                                  0x0002147d   Thumb Code     0  rom_zephyr_symdefs.txt ABSOLUTE
    net_buf_reset                            0x000214a9   Thumb Code     0  rom_zephyr_symdefs.txt ABSOLUTE
    net_buf_alloc                            0x000214b5   Thumb Code     0  rom_zephyr_symdefs.txt ABSOLUTE
    net_buf_get                              0x0002153d   Thumb Code     0  rom_zephyr_symdefs.txt ABSOLUTE
    net_buf_reserve                          0x0002156d   Thumb Code     0  rom_zephyr_symdefs.txt ABSOLUTE
    net_buf_put                              0x00021577   Thumb Code     0  rom_zephyr_symdefs.txt ABSOLUTE
    net_buf_unref                            0x00021593   Thumb Code     0  rom_zephyr_symdefs.txt ABSOLUTE
    net_buf_ref                              0x000215d7   Thumb Code     0  rom_zephyr_symdefs.txt ABSOLUTE
    net_buf_clone                            0x000215df   Thumb Code     0  rom_zephyr_symdefs.txt ABSOLUTE
    net_buf_frag_last                        0x00021617   Thumb Code     0  rom_zephyr_symdefs.txt ABSOLUTE
    net_buf_frag_insert                      0x00021623   Thumb Code     0  rom_zephyr_symdefs.txt ABSOLUTE
    net_buf_frag_add                         0x0002163d   Thumb Code     0  rom_zephyr_symdefs.txt ABSOLUTE
    net_buf_frag_del                         0x0002165d   Thumb Code     0  rom_zephyr_symdefs.txt ABSOLUTE
    net_buf_simple_add                       0x00021677   Thumb Code     0  rom_zephyr_symdefs.txt ABSOLUTE
    net_buf_simple_add_mem                   0x00021685   Thumb Code     0  rom_zephyr_symdefs.txt ABSOLUTE
    net_buf_simple_add_u8                    0x00021699   Thumb Code     0  rom_zephyr_symdefs.txt ABSOLUTE
    net_buf_simple_add_le16                  0x000216a9   Thumb Code     0  rom_zephyr_symdefs.txt ABSOLUTE
    net_buf_simple_add_be16                  0x000216c7   Thumb Code     0  rom_zephyr_symdefs.txt ABSOLUTE
    net_buf_simple_add_le32                  0x000216eb   Thumb Code     0  rom_zephyr_symdefs.txt ABSOLUTE
    net_buf_simple_add_be32                  0x00021705   Thumb Code     0  rom_zephyr_symdefs.txt ABSOLUTE
    net_buf_simple_push                      0x00021721   Thumb Code     0  rom_zephyr_symdefs.txt ABSOLUTE
    net_buf_simple_push_le16                 0x00021731   Thumb Code     0  rom_zephyr_symdefs.txt ABSOLUTE
    net_buf_simple_push_be16                 0x00021751   Thumb Code     0  rom_zephyr_symdefs.txt ABSOLUTE
    net_buf_simple_push_u8                   0x00021777   Thumb Code     0  rom_zephyr_symdefs.txt ABSOLUTE
    net_buf_simple_pull                      0x00021787   Thumb Code     0  rom_zephyr_symdefs.txt ABSOLUTE
    net_buf_simple_pull_u8                   0x00021797   Thumb Code     0  rom_zephyr_symdefs.txt ABSOLUTE
    net_buf_simple_pull_le16                 0x000217a7   Thumb Code     0  rom_zephyr_symdefs.txt ABSOLUTE
    net_buf_simple_pull_be16                 0x000217bd   Thumb Code     0  rom_zephyr_symdefs.txt ABSOLUTE
    net_buf_simple_pull_le32                 0x000217d9   Thumb Code     0  rom_zephyr_symdefs.txt ABSOLUTE
    net_buf_simple_pull_be32                 0x000217fb   Thumb Code     0  rom_zephyr_symdefs.txt ABSOLUTE
    net_buf_simple_headroom                  0x00021835   Thumb Code     0  rom_zephyr_symdefs.txt ABSOLUTE
    net_buf_simple_tailroom                  0x0002183d   Thumb Code     0  rom_zephyr_symdefs.txt ABSOLUTE
    line_queue_init                          0x00021b11   Thumb Code     0  rom_zephyr_symdefs.txt ABSOLUTE
    shell_exec                               0x00021b45   Thumb Code     0  rom_zephyr_symdefs.txt ABSOLUTE
    shell                                    0x00021cbd   Thumb Code     0  rom_zephyr_symdefs.txt ABSOLUTE
    completion                               0x00021cf9   Thumb Code     0  rom_zephyr_symdefs.txt ABSOLUTE
    shell_register_app_cmd_handler           0x00021e91   Thumb Code     0  rom_zephyr_symdefs.txt ABSOLUTE
    shell_register_prompt_handler            0x00021e9d   Thumb Code     0  rom_zephyr_symdefs.txt ABSOLUTE
    shell_register_default_module            0x00021ea9   Thumb Code     0  rom_zephyr_symdefs.txt ABSOLUTE
    shell_cmd_version                        0x00021ec9   Thumb Code     0  rom_zephyr_symdefs.txt ABSOLUTE
    shell_cmd_uptime                         0x00021ee9   Thumb Code     0  rom_zephyr_symdefs.txt ABSOLUTE
    shell_cmd_cycles                         0x00021f01   Thumb Code     0  rom_zephyr_symdefs.txt ABSOLUTE
    shell_cmd_stack                          0x00021f19   Thumb Code     0  rom_zephyr_symdefs.txt ABSOLUTE
    do_mem_mw                                0x00021f23   Thumb Code     0  rom_zephyr_symdefs.txt ABSOLUTE
    do_mem_md                                0x00021f7d   Thumb Code     0  rom_zephyr_symdefs.txt ABSOLUTE
    shell_cmd_mdw                            0x00021fcf   Thumb Code     0  rom_zephyr_symdefs.txt ABSOLUTE
    shell_cmd_mdh                            0x00021fdd   Thumb Code     0  rom_zephyr_symdefs.txt ABSOLUTE
    shell_cmd_mdb                            0x00021feb   Thumb Code     0  rom_zephyr_symdefs.txt ABSOLUTE
    shell_cmd_mww                            0x00021ff9   Thumb Code     0  rom_zephyr_symdefs.txt ABSOLUTE
    shell_cmd_mwh                            0x00022007   Thumb Code     0  rom_zephyr_symdefs.txt ABSOLUTE
    shell_cmd_mwb                            0x00022015   Thumb Code     0  rom_zephyr_symdefs.txt ABSOLUTE
    syslog_hook_default                      0x00022023   Thumb Code     0  rom_zephyr_symdefs.txt ABSOLUTE
    syslog_hook_install                      0x00022029   Thumb Code     0  rom_zephyr_symdefs.txt ABSOLUTE
    isr_tables_syms                          0x00022035   Thumb Code     0  rom_zephyr_symdefs.txt ABSOLUTE
    acts_delay_us                            0x00022039   Thumb Code     0  rom_zephyr_symdefs.txt ABSOLUTE
    acts_init_efuse_cmu_pmu                  0x00022061   Thumb Code     0  rom_zephyr_symdefs.txt ABSOLUTE
    acts_init                                0x000220a1   Thumb Code     0  rom_zephyr_symdefs.txt ABSOLUTE
    acts_reset_peripheral_assert             0x000220bd   Thumb Code     0  rom_zephyr_symdefs.txt ABSOLUTE
    acts_reset_peripheral_deassert           0x000220e1   Thumb Code     0  rom_zephyr_symdefs.txt ABSOLUTE
    acts_reset_peripheral                    0x00022105   Thumb Code     0  rom_zephyr_symdefs.txt ABSOLUTE
    acts_pinmux_set                          0x00022115   Thumb Code     0  rom_zephyr_symdefs.txt ABSOLUTE
    acts_pinmux_get                          0x00022151   Thumb Code     0  rom_zephyr_symdefs.txt ABSOLUTE
    acts_pinmux_setup_pins                   0x0002216d   Thumb Code     0  rom_zephyr_symdefs.txt ABSOLUTE
    app_get_wake_lock                        0x00022189   Thumb Code     0  rom_zephyr_symdefs.txt ABSOLUTE
    app_release_wake_lock                    0x00022199   Thumb Code     0  rom_zephyr_symdefs.txt ABSOLUTE
    application_any_busy_check               0x000221a9   Thumb Code     0  rom_zephyr_symdefs.txt ABSOLUTE
    _sys_soc_suspend                         0x000221c5   Thumb Code     0  rom_zephyr_symdefs.txt ABSOLUTE
    acts_request_vd12_pd                     0x00022225   Thumb Code     0  rom_zephyr_symdefs.txt ABSOLUTE
    acts_request_vd12_largebias              0x00022255   Thumb Code     0  rom_zephyr_symdefs.txt ABSOLUTE
    acts_request_vd12                        0x00022285   Thumb Code     0  rom_zephyr_symdefs.txt ABSOLUTE
    acts_set_vdd                             0x00022289   Thumb Code     0  rom_zephyr_symdefs.txt ABSOLUTE
    acts_clock_peripheral_enable             0x000222a9   Thumb Code     0  rom_zephyr_symdefs.txt ABSOLUTE
    acts_clock_peripheral_disable            0x000222cd   Thumb Code     0  rom_zephyr_symdefs.txt ABSOLUTE
    acts_request_rc_3M                       0x000222f1   Thumb Code     0  rom_zephyr_symdefs.txt ABSOLUTE
    acts_request_pclk_gating                 0x00022351   Thumb Code     0  rom_zephyr_symdefs.txt ABSOLUTE
    acts_efuse_read_val                      0x00022379   Thumb Code     0  rom_zephyr_symdefs.txt ABSOLUTE
    acts_set_vd12_before_efuse_read          0x000223d9   Thumb Code     0  rom_zephyr_symdefs.txt ABSOLUTE
    acts_set_vd12_after_efuse_read           0x000223ef   Thumb Code     0  rom_zephyr_symdefs.txt ABSOLUTE
    acts_efuse_read                          0x00022405   Thumb Code     0  rom_zephyr_symdefs.txt ABSOLUTE
    acts_set_hcl_32k                         0x00022429   Thumb Code     0  rom_zephyr_symdefs.txt ABSOLUTE
    acts_set_xtal_32k                        0x000224a9   Thumb Code     0  rom_zephyr_symdefs.txt ABSOLUTE
    acts_wait_xtal_32k_on                    0x000224c1   Thumb Code     0  rom_zephyr_symdefs.txt ABSOLUTE
    _ExcExit                                 0x00022501   Thumb Code     0  rom_zephyr_symdefs.txt ABSOLUTE
    _IntExit                                 0x00022501   Thumb Code     0  rom_zephyr_symdefs.txt ABSOLUTE
    _IntLibInit                              0x00022531   Thumb Code     0  rom_zephyr_symdefs.txt ABSOLUTE
    __pendsv                                 0x00022561   Thumb Code     0  rom_zephyr_symdefs.txt ABSOLUTE
    __svc                                    0x000225bd   Thumb Code     0  rom_zephyr_symdefs.txt ABSOLUTE
    __swap                                   0x000225e5   Thumb Code     0  rom_zephyr_symdefs.txt ABSOLUTE
    dump_stack_data                          0x0002260d   Thumb Code     0  rom_zephyr_symdefs.txt ABSOLUTE
    _Fault                                   0x00022669   Thumb Code     0  rom_zephyr_symdefs.txt ABSOLUTE
    _FaultInit                               0x000226d1   Thumb Code     0  rom_zephyr_symdefs.txt ABSOLUTE
    _arch_irq_enable                         0x000226d5   Thumb Code     0  rom_zephyr_symdefs.txt ABSOLUTE
    _arch_irq_disable                        0x000226e9   Thumb Code     0  rom_zephyr_symdefs.txt ABSOLUTE
    _arch_irq_is_enabled                     0x000226fd   Thumb Code     0  rom_zephyr_symdefs.txt ABSOLUTE
    _irq_priority_set                        0x00022719   Thumb Code     0  rom_zephyr_symdefs.txt ABSOLUTE
    _irq_spurious                            0x0002277d   Thumb Code     0  rom_zephyr_symdefs.txt ABSOLUTE
    _arch_isr_direct_pm                      0x00022785   Thumb Code     0  rom_zephyr_symdefs.txt ABSOLUTE
    _new_thread                              0x000227a9   Thumb Code     0  rom_zephyr_symdefs.txt ABSOLUTE
    _CpuIdleInit                             0x00022801   Thumb Code     0  rom_zephyr_symdefs.txt ABSOLUTE
    _NanoIdleValGet                          0x0002280d   Thumb Code     0  rom_zephyr_symdefs.txt ABSOLUTE
    _NanoIdleValClear                        0x00022819   Thumb Code     0  rom_zephyr_symdefs.txt ABSOLUTE
    k_cpu_idle                               0x00022825   Thumb Code     0  rom_zephyr_symdefs.txt ABSOLUTE
    k_cpu_atomic_idle                        0x0002282d   Thumb Code     0  rom_zephyr_symdefs.txt ABSOLUTE
    __hard_fault                             0x00022839   Thumb Code     0  rom_zephyr_symdefs.txt ABSOLUTE
    __reserved                               0x00022839   Thumb Code     0  rom_zephyr_symdefs.txt ABSOLUTE
    _NanoFatalErrorHandler                   0x00022855   Thumb Code     0  rom_zephyr_symdefs.txt ABSOLUTE
    _do_kernel_oops                          0x000228b9   Thumb Code     0  rom_zephyr_symdefs.txt ABSOLUTE
    _SysFatalErrorHandler                    0x000228c5   Thumb Code     0  rom_zephyr_symdefs.txt ABSOLUTE
    k_thread_abort                           0x00022919   Thumb Code     0  rom_zephyr_symdefs.txt ABSOLUTE
    _isr_wrapper                             0x0002295d   Thumb Code     0  rom_zephyr_symdefs.txt ABSOLUTE
    __reset                                  0x00022995   Thumb Code     0  rom_zephyr_symdefs.txt ABSOLUTE
    __start                                  0x00022995   Thumb Code     0  rom_zephyr_symdefs.txt ABSOLUTE
    _SysNmiOnReset                           0x00022999   Thumb Code     0  rom_zephyr_symdefs.txt ABSOLUTE
    register_sw_isr_table                    0x0002299d   Thumb Code     0  rom_zephyr_symdefs.txt ABSOLUTE
    _PrepC                                   0x000229b9   Thumb Code     0  rom_zephyr_symdefs.txt ABSOLUTE
    sys_arch_reboot                          0x000229f1   Thumb Code     0  rom_zephyr_symdefs.txt ABSOLUTE
    __nmi                                    0x00022a0d   Thumb Code     0  rom_zephyr_symdefs.txt ABSOLUTE
    sys_exc_esf_dump                         0x00022a19   Thumb Code     0  rom_zephyr_symdefs.txt ABSOLUTE
    atomic_cas                               0x00022a81   Thumb Code     0  rom_zephyr_symdefs.txt ABSOLUTE
    atomic_add                               0x00022a9f   Thumb Code     0  rom_zephyr_symdefs.txt ABSOLUTE
    atomic_sub                               0x00022ab5   Thumb Code     0  rom_zephyr_symdefs.txt ABSOLUTE
    atomic_inc                               0x00022acb   Thumb Code     0  rom_zephyr_symdefs.txt ABSOLUTE
    atomic_dec                               0x00022ae1   Thumb Code     0  rom_zephyr_symdefs.txt ABSOLUTE
    atomic_get                               0x00022af7   Thumb Code     0  rom_zephyr_symdefs.txt ABSOLUTE
    atomic_set                               0x00022afb   Thumb Code     0  rom_zephyr_symdefs.txt ABSOLUTE
    atomic_clear                             0x00022b0f   Thumb Code     0  rom_zephyr_symdefs.txt ABSOLUTE
    atomic_or                                0x00022b25   Thumb Code     0  rom_zephyr_symdefs.txt ABSOLUTE
    atomic_xor                               0x00022b3b   Thumb Code     0  rom_zephyr_symdefs.txt ABSOLUTE
    atomic_and                               0x00022b51   Thumb Code     0  rom_zephyr_symdefs.txt ABSOLUTE
    atomic_nand                              0x00022b67   Thumb Code     0  rom_zephyr_symdefs.txt ABSOLUTE
    k_poll_event_init                        0x00022ced   Thumb Code     0  rom_zephyr_symdefs.txt ABSOLUTE
    k_poll                                   0x00022d1d   Thumb Code     0  rom_zephyr_symdefs.txt ABSOLUTE
    _handle_obj_poll_events                  0x00022e49   Thumb Code     0  rom_zephyr_symdefs.txt ABSOLUTE
    k_poll_signal_init                       0x00022e6f   Thumb Code     0  rom_zephyr_symdefs.txt ABSOLUTE
    k_poll_signal                            0x00022e79   Thumb Code     0  rom_zephyr_symdefs.txt ABSOLUTE
    _timer_expiration_handler                0x00022fa1   Thumb Code     0  rom_zephyr_symdefs.txt ABSOLUTE
    k_timer_init                             0x00022ffd   Thumb Code     0  rom_zephyr_symdefs.txt ABSOLUTE
    k_timer_start                            0x00023025   Thumb Code     0  rom_zephyr_symdefs.txt ABSOLUTE
    k_timer_stop                             0x00023071   Thumb Code     0  rom_zephyr_symdefs.txt ABSOLUTE
    k_timer_status_get                       0x000230f9   Thumb Code     0  rom_zephyr_symdefs.txt ABSOLUTE
    k_timer_status_sync                      0x0002310f   Thumb Code     0  rom_zephyr_symdefs.txt ABSOLUTE
    _timeout_remaining_get                   0x00023151   Thumb Code     0  rom_zephyr_symdefs.txt ABSOLUTE
    _OffsetAbsSyms                           0x000231a9   Thumb Code     0  rom_zephyr_symdefs.txt ABSOLUTE
    _idle_thread                             0x00026b70   Data           0  rom_zephyr_symdefs.txt ABSOLUTE
    _main_thread                             0x00026b74   Data           0  rom_zephyr_symdefs.txt ABSOLUTE
    _k_neg_eagain                            0x00026b78   Data           0  rom_zephyr_symdefs.txt ABSOLUTE
    uart_acts_driver_api                     0x00026b7c   Data           0  rom_zephyr_symdefs.txt ABSOLUTE
    acts_spi_driver_api                      0x00026bfc   Data           0  rom_zephyr_symdefs.txt ABSOLUTE
    xspi_nor_api                             0x00026c1c   Data           0  rom_zephyr_symdefs.txt ABSOLUTE
    gpio_acts_drv_api                        0x00026c2c   Data           0  rom_zephyr_symdefs.txt ABSOLUTE
    i2c_acts_driver_api                      0x00026c48   Data           0  rom_zephyr_symdefs.txt ABSOLUTE
    pwm_acts_drv_api_funcs                   0x00026c50   Data           0  rom_zephyr_symdefs.txt ABSOLUTE
    adc_acts_driver_api                      0x00026c58   Data           0  rom_zephyr_symdefs.txt ABSOLUTE
    wdg_acts_api                             0x00026c64   Data           0  rom_zephyr_symdefs.txt ABSOLUTE
    rtc_acts_driver_api                      0x00026cd8   Data           0  rom_zephyr_symdefs.txt ABSOLUTE
    dma_acts_driver_api                      0x00026cf0   Data           0  rom_zephyr_symdefs.txt ABSOLUTE
    mxkeypad_acts_driver_api                 0x00026d0c   Data           0  rom_zephyr_symdefs.txt ABSOLUTE
    adckey_acts_driver_api                   0x00026d1c   Data           0  rom_zephyr_symdefs.txt ABSOLUTE
    gf_wrap                                  0x00026fe8   Data           0  rom_zephyr_symdefs.txt ABSOLUTE
    uuid128_base                             0x000270ec   Data           0  rom_zephyr_symdefs.txt ABSOLUTE
    att_handlers                             0x000274fc   Data           0  rom_zephyr_symdefs.txt ABSOLUTE
    gen_method_legacy                        0x00027803   Data           0  rom_zephyr_symdefs.txt ABSOLUTE
    gen_method_sc                            0x0002781c   Data           0  rom_zephyr_symdefs.txt ABSOLUTE
    sc_debug_public_key                      0x00027835   Data           0  rom_zephyr_symdefs.txt ABSOLUTE
    smp_handlers                             0x00027878   Data           0  rom_zephyr_symdefs.txt ABSOLUTE
    _sys_idle_elapsed_ticks                  0x20000210   Data           0  rom_zephyr_symdefs.txt ABSOLUTE
    sys_clock_hw_cycles_per_sec              0x20000214   Data           0  rom_zephyr_symdefs.txt ABSOLUTE
    sys_clock_hw_cycles_per_tick             0x20000218   Data           0  rom_zephyr_symdefs.txt ABSOLUTE
    sys_clock_us_per_tick                    0x2000021c   Data           0  rom_zephyr_symdefs.txt ABSOLUTE
    _sys_idle_threshold_ticks                0x20000220   Data           0  rom_zephyr_symdefs.txt ABSOLUTE
    num_mbox_async_msgs                      0x20000224   Data           0  rom_zephyr_symdefs.txt ABSOLUTE
    num_pipe_async_msgs                      0x20000225   Data           0  rom_zephyr_symdefs.txt ABSOLUTE
    uart_console_on_dev_name                 0x20000228   Data           0  rom_zephyr_symdefs.txt ABSOLUTE
    llcc_power_mode                          0x20000244   Data           0  rom_zephyr_symdefs.txt ABSOLUTE
    llcc_tx_power_level                      0x20000245   Data           0  rom_zephyr_symdefs.txt ABSOLUTE
    final_board_tx_trim_efuse                0x20000248   Data           0  rom_zephyr_symdefs.txt ABSOLUTE
    bt_conn_update_timeout                   0x20000274   Data           0  rom_zephyr_symdefs.txt ABSOLUTE
    bt_dev                                   0x20000278   Data           0  rom_zephyr_symdefs.txt ABSOLUTE
    bt_rpa_timeout                           0x20000390   Data           0  rom_zephyr_symdefs.txt ABSOLUTE
    featuresCfgMask                          0x20000394   Data           0  rom_zephyr_symdefs.txt ABSOLUTE
    conn_change                              0x20000398   Data           0  rom_zephyr_symdefs.txt ABSOLUTE
    l2cap_le_max_credits                     0x200003b4   Data           0  rom_zephyr_symdefs.txt ABSOLUTE
    p_att_handlers                           0x200003ec   Data           0  rom_zephyr_symdefs.txt ABSOLUTE
    size_of_att_handlers                     0x200003f0   Data           0  rom_zephyr_symdefs.txt ABSOLUTE
    gap_attrs                                0x20000454   Data           0  rom_zephyr_symdefs.txt ABSOLUTE
    gap_name                                 0x200004b8   Data           0  rom_zephyr_symdefs.txt ABSOLUTE
    gap_svc                                  0x200004bc   Data           0  rom_zephyr_symdefs.txt ABSOLUTE
    gatt_attrs                               0x200004c8   Data           0  rom_zephyr_symdefs.txt ABSOLUTE
    gatt_svc                                 0x20000518   Data           0  rom_zephyr_symdefs.txt ABSOLUTE
    len_gap_name                             0x20000524   Data           0  rom_zephyr_symdefs.txt ABSOLUTE
    bt_recv_keys                             0x20000526   Data           0  rom_zephyr_symdefs.txt ABSOLUTE
    bt_recv_keys_sc                          0x20000527   Data           0  rom_zephyr_symdefs.txt ABSOLUTE
    bt_send_keys                             0x20000528   Data           0  rom_zephyr_symdefs.txt ABSOLUTE
    bt_send_keys_sc                          0x20000529   Data           0  rom_zephyr_symdefs.txt ABSOLUTE
    bt_smp_auth_flag                         0x2000052a   Data           0  rom_zephyr_symdefs.txt ABSOLUTE
    bt_smp_max_key_size                      0x2000052b   Data           0  rom_zephyr_symdefs.txt ABSOLUTE
    bt_smp_min_key_size                      0x2000052c   Data           0  rom_zephyr_symdefs.txt ABSOLUTE
    p_smp_handlers                           0x20000550   Data           0  rom_zephyr_symdefs.txt ABSOLUTE
    size_of_smp_handlers                     0x2000055c   Data           0  rom_zephyr_symdefs.txt ABSOLUTE
    use_hci_le_encrypt                       0x20000580   Data           0  rom_zephyr_symdefs.txt ABSOLUTE
    syslog_hook                              0x20000588   Data           0  rom_zephyr_symdefs.txt ABSOLUTE
    system_core_clock                        0x2000058c   Data           0  rom_zephyr_symdefs.txt ABSOLUTE
    xtal_32k_timeout                         0x20000594   Data           0  rom_zephyr_symdefs.txt ABSOLUTE
    __device_busy_start                      0x20000598   Data           0  rom_zephyr_symdefs.txt ABSOLUTE
    nvram_lock                               0x20000598   Data           0  rom_zephyr_symdefs.txt ABSOLUTE
    _time_slice_duration                     0x200005c0   Data           0  rom_zephyr_symdefs.txt ABSOLUTE
    _time_slice_prio_ceiling                 0x200005c4   Data           0  rom_zephyr_symdefs.txt ABSOLUTE
    _kernel                                  0x2000069c   Data           0  rom_zephyr_symdefs.txt ABSOLUTE
    platformWakeLock                         0x2000085c   Data           0  rom_zephyr_symdefs.txt ABSOLUTE
    free_tx                                  0x200008c0   Data           0  rom_zephyr_symdefs.txt ABSOLUTE
    sc_ccc_cfg                               0x200008cc   Data           0  rom_zephyr_symdefs.txt ABSOLUTE
    bt_oob_flag                              0x200008ec   Data           0  rom_zephyr_symdefs.txt ABSOLUTE
    application_wake_lock                    0x200008f8   Data           0  rom_zephyr_symdefs.txt ABSOLUTE
    _trace_list_k_alert                      0x20000980   Data           0  rom_zephyr_symdefs.txt ABSOLUTE
    _outer_k_mem_pool_list_end               0x20000984   Data           0  rom_zephyr_symdefs.txt ABSOLUTE
    _main_stack_size                         0x20000988   Data           0  rom_zephyr_symdefs.txt ABSOLUTE
    _sys_pm_idle_exit_notify                 0x2000098c   Data           0  rom_zephyr_symdefs.txt ABSOLUTE
    _p_idle_stack                            0x20000990   Data           0  rom_zephyr_symdefs.txt ABSOLUTE
    pipe_async_msg                           0x20000998   Data           0  rom_zephyr_symdefs.txt ABSOLUTE
    p_pipe_async_msgs                        0x2000099c   Data           0  rom_zephyr_symdefs.txt ABSOLUTE
    sys_work_queue_stack_size                0x200009a0   Data           0  rom_zephyr_symdefs.txt ABSOLUTE
    _handling_timeouts                       0x200009a4   Data           0  rom_zephyr_symdefs.txt ABSOLUTE
    _time_slice_elapsed                      0x200009a8   Data           0  rom_zephyr_symdefs.txt ABSOLUTE
    _p_main_stack                            0x200009ac   Data           0  rom_zephyr_symdefs.txt ABSOLUTE
    pkernel_config_init                      0x200009b0   Data           0  rom_zephyr_symdefs.txt ABSOLUTE
    _idle_thread_stack_size                  0x200009b4   Data           0  rom_zephyr_symdefs.txt ABSOLUTE
    DEVICE_BUSY_SIZE                         0x200009b8   Data           0  rom_zephyr_symdefs.txt ABSOLUTE
    _sys_clock_tick_count                    0x200009c0   Data           0  rom_zephyr_symdefs.txt ABSOLUTE
    p_async_msg_free                         0x200009c8   Data           0  rom_zephyr_symdefs.txt ABSOLUTE
    k_sys_work_q                             0x200009cc   Data           0  rom_zephyr_symdefs.txt ABSOLUTE
    _outer_k_mem_pool_list_start             0x20000a44   Data           0  rom_zephyr_symdefs.txt ABSOLUTE
    async_msg                                0x20000a48   Data           0  rom_zephyr_symdefs.txt ABSOLUTE
    _p_main_stack_end                        0x20000a4c   Data           0  rom_zephyr_symdefs.txt ABSOLUTE
    _main_thread_prio                        0x20000a54   Data           0  rom_zephyr_symdefs.txt ABSOLUTE
    _idle_thread_prio                        0x20000a58   Data           0  rom_zephyr_symdefs.txt ABSOLUTE
    sys_work_queue_prio                      0x20000a5c   Data           0  rom_zephyr_symdefs.txt ABSOLUTE
    p_sys_work_queue_stack                   0x20000a60   Data           0  rom_zephyr_symdefs.txt ABSOLUTE
    _p_interrupt_stack                       0x20000a70   Data           0  rom_zephyr_symdefs.txt ABSOLUTE
    _interrupt_stack_size                    0x20000a74   Data           0  rom_zephyr_symdefs.txt ABSOLUTE
    llcc_hci_dev                             0x20000a7c   Data           0  rom_zephyr_symdefs.txt ABSOLUTE
    p_tx_timer                               0x20000a80   Data           0  rom_zephyr_symdefs.txt ABSOLUTE
    ic_trim_efuse                            0x20000a84   Data           0  rom_zephyr_symdefs.txt ABSOLUTE
    nvram_buf                                0x20000a88   Data           0  rom_zephyr_symdefs.txt ABSOLUTE
    p_BleLlcInit                             0x20000a8c   Data           0  rom_zephyr_symdefs.txt ABSOLUTE
    tx_trim_aband_efuse                      0x20000a90   Data           0  rom_zephyr_symdefs.txt ABSOLUTE
    p_rx_timer                               0x20000a94   Data           0  rom_zephyr_symdefs.txt ABSOLUTE
    p_llcc_upload_tx_trim                    0x20000a98   Data           0  rom_zephyr_symdefs.txt ABSOLUTE
    final_board_trim_efuse                   0x20000a9c   Data           0  rom_zephyr_symdefs.txt ABSOLUTE
    user_nvram_region                        0x20000aa0   Data           0  rom_zephyr_symdefs.txt ABSOLUTE
    factory_nvram_region                     0x20000ac0   Data           0  rom_zephyr_symdefs.txt ABSOLUTE
    prepare_hook                             0x20000ae0   Data           0  rom_zephyr_symdefs.txt ABSOLUTE
    llcc_tx_trim_mode                        0x20000ae4   Data           0  rom_zephyr_symdefs.txt ABSOLUTE
    p_llc_init_trim_upload                   0x20000ae8   Data           0  rom_zephyr_symdefs.txt ABSOLUTE
    hci_stats                                0x20000aec   Data           0  rom_zephyr_symdefs.txt ABSOLUTE
    final_board_trim_count                   0x20000b1e   Data           0  rom_zephyr_symdefs.txt ABSOLUTE
    p_llcc_compose_trim                      0x20000b20   Data           0  rom_zephyr_symdefs.txt ABSOLUTE
    local_llcc_rdcb                          0x20000b24   Data           0  rom_zephyr_symdefs.txt ABSOLUTE
    board_trim_efuse                         0x20000b28   Data           0  rom_zephyr_symdefs.txt ABSOLUTE
    ic_trim_count                            0x20000b2c   Data           0  rom_zephyr_symdefs.txt ABSOLUTE
    llc_hci_cb                               0x20000b30   Data           0  rom_zephyr_symdefs.txt ABSOLUTE
    p_llccTxCmdCrc                           0x20000b8c   Data           0  rom_zephyr_symdefs.txt ABSOLUTE
    tx_trim_count                            0x20000b90   Data           0  rom_zephyr_symdefs.txt ABSOLUTE
    p_llc_init_all_trim_upload               0x20000b94   Data           0  rom_zephyr_symdefs.txt ABSOLUTE
    tx_trim_aband_count                      0x20000b98   Data           0  rom_zephyr_symdefs.txt ABSOLUTE
    p_LlcReset                               0x20000b9c   Data           0  rom_zephyr_symdefs.txt ABSOLUTE
    board_trim_count                         0x20000ba0   Data           0  rom_zephyr_symdefs.txt ABSOLUTE
    p_llcc_write                             0x20000ba4   Data           0  rom_zephyr_symdefs.txt ABSOLUTE
    local_llcc_txcb                          0x20000ba8   Data           0  rom_zephyr_symdefs.txt ABSOLUTE
    p_llcInitFirmwareUpload                  0x20000bac   Data           0  rom_zephyr_symdefs.txt ABSOLUTE
    tx_trim_efuse                            0x20000bb0   Data           0  rom_zephyr_symdefs.txt ABSOLUTE
    wdg_use_systick                          0x20000bb4   Data           0  rom_zephyr_symdefs.txt ABSOLUTE
    deepsleep_elapsed_compensation           0x20000bb8   Data           0  rom_zephyr_symdefs.txt ABSOLUTE
    bt_smp_pool_count                        0x20000bc0   Data           0  rom_zephyr_symdefs.txt ABSOLUTE
    bt_auth                                  0x20000bc4   Data           0  rom_zephyr_symdefs.txt ABSOLUTE
    enable_debug_gatt                        0x20000bc8   Data           0  rom_zephyr_symdefs.txt ABSOLUTE
    enable_debug_smp                         0x20000bc9   Data           0  rom_zephyr_symdefs.txt ABSOLUTE
    pub_key_cb                               0x20000bcc   Data           0  rom_zephyr_symdefs.txt ABSOLUTE
    enable_debug_att                         0x20000bd0   Data           0  rom_zephyr_symdefs.txt ABSOLUTE
    servers                                  0x20000bd4   Data           0  rom_zephyr_symdefs.txt ABSOLUTE
    enable_debug_keys                        0x20000bdc   Data           0  rom_zephyr_symdefs.txt ABSOLUTE
    scan_with_identity_is_enabled            0x20000be0   Data           0  rom_zephyr_symdefs.txt ABSOLUTE
    enable_debug_l2cap                       0x20000be4   Data           0  rom_zephyr_symdefs.txt ABSOLUTE
    p_sc_ccc_cfg                             0x20000be8   Data           0  rom_zephyr_symdefs.txt ABSOLUTE
    db                                       0x20000bec   Data           0  rom_zephyr_symdefs.txt ABSOLUTE
    rx_thread_prio                           0x20000bf4   Data           0  rom_zephyr_symdefs.txt ABSOLUTE
    NUM_OF_SHELL_ENTITIES                    0x20000bf8   Data           0  rom_zephyr_symdefs.txt ABSOLUTE
    bt_storage                               0x20000bfc   Data           0  rom_zephyr_symdefs.txt ABSOLUTE
    sc_supported                             0x20000c00   Data           0  rom_zephyr_symdefs.txt ABSOLUTE
    scan_dev_found_cb                        0x20000c04   Data           0  rom_zephyr_symdefs.txt ABSOLUTE
    dh_key_cb                                0x20000c08   Data           0  rom_zephyr_symdefs.txt ABSOLUTE
    __shell_cmd_start                        0x20000c0c   Data           0  rom_zephyr_symdefs.txt ABSOLUTE
    is_enable_private                        0x20000c10   Data           0  rom_zephyr_symdefs.txt ABSOLUTE
    is_enable_smp                            0x20000c14   Data           0  rom_zephyr_symdefs.txt ABSOLUTE
    p_hci_rx_pool_array                      0x20000c18   Data           0  rom_zephyr_symdefs.txt ABSOLUTE
    enable_debug_conn                        0x20000c1c   Data           0  rom_zephyr_symdefs.txt ABSOLUTE
    rx_thread_stack_size                     0x20000c20   Data           0  rom_zephyr_symdefs.txt ABSOLUTE
    p_update_cfg                             0x20000c24   Data           0  rom_zephyr_symdefs.txt ABSOLUTE
    l2cap_max_le_mtu                         0x20000c28   Data           0  rom_zephyr_symdefs.txt ABSOLUTE
    patch_bt_hex                             0x20000c2c   Data           0  rom_zephyr_symdefs.txt ABSOLUTE
    le_channels                              0x20000c30   Data           0  rom_zephyr_symdefs.txt ABSOLUTE
    gap_appearance                           0x20000c38   Data           0  rom_zephyr_symdefs.txt ABSOLUTE
    p_prep_pool                              0x20000c3c   Data           0  rom_zephyr_symdefs.txt ABSOLUTE
    enable_debug_hci_core                    0x20000c40   Data           0  rom_zephyr_symdefs.txt ABSOLUTE
    pbt_host_config_init                     0x20000c44   Data           0  rom_zephyr_symdefs.txt ABSOLUTE
    bt_l2cap_pool_count                      0x20000c48   Data           0  rom_zephyr_symdefs.txt ABSOLUTE
    p_bt_l2cap_pool                          0x20000c4c   Data           0  rom_zephyr_symdefs.txt ABSOLUTE
    p_rx_thread_stack                        0x20000c50   Data           0  rom_zephyr_symdefs.txt ABSOLUTE
    p_hci_cmd_pool                           0x20000c54   Data           0  rom_zephyr_symdefs.txt ABSOLUTE
    p_bt_smp_null_pool                       0x20000c58   Data           0  rom_zephyr_symdefs.txt ABSOLUTE
    p_conns                                  0x20000c5c   Data           0  rom_zephyr_symdefs.txt ABSOLUTE
    bt_smp_null_pool_count                   0x20000c60   Data           0  rom_zephyr_symdefs.txt ABSOLUTE
    prng                                     0x20000c68   Data           0  rom_zephyr_symdefs.txt ABSOLUTE
    bt_keys_storage                          0x20000da0   Data           0  rom_zephyr_symdefs.txt ABSOLUTE
    att_tx_max                               0x20000da4   Data           0  rom_zephyr_symdefs.txt ABSOLUTE
    bt_max_paired                            0x20000da8   Data           0  rom_zephyr_symdefs.txt ABSOLUTE
    _outer_net_buf_pool_list                 0x20000dac   Data           0  rom_zephyr_symdefs.txt ABSOLUTE
    bt_req_pool_count                        0x20000db0   Data           0  rom_zephyr_symdefs.txt ABSOLUTE
    tx_thread_stack_size                     0x20000db4   Data           0  rom_zephyr_symdefs.txt ABSOLUTE
    conn_tx_num                              0x20000db8   Data           0  rom_zephyr_symdefs.txt ABSOLUTE
    p_acl_tx_pool                            0x20000dbc   Data           0  rom_zephyr_symdefs.txt ABSOLUTE
    patch_table                              0x20000dc0   Data           0  rom_zephyr_symdefs.txt ABSOLUTE
    hci_rx_pool_num                          0x20000de0   Data           0  rom_zephyr_symdefs.txt ABSOLUTE
    sc_local_pkey_valid                      0x20000de4   Data           0  rom_zephyr_symdefs.txt ABSOLUTE
    p_tx_thread_stack                        0x20000de8   Data           0  rom_zephyr_symdefs.txt ABSOLUTE
    p_events                                 0x20000dec   Data           0  rom_zephyr_symdefs.txt ABSOLUTE
    p_cmds_queue                             0x20000df0   Data           0  rom_zephyr_symdefs.txt ABSOLUTE
    sc_public_key                            0x20000df4   Data           0  rom_zephyr_symdefs.txt ABSOLUTE
    Use_static_random_addr                   0x20000e34   Data           0  rom_zephyr_symdefs.txt ABSOLUTE
    callback_list                            0x20000e38   Data           0  rom_zephyr_symdefs.txt ABSOLUTE
    delay_time_extra_update                  0x20000e3c   Data           0  rom_zephyr_symdefs.txt ABSOLUTE
    bt_att_mtu                               0x20000e40   Data           0  rom_zephyr_symdefs.txt ABSOLUTE
    prompt                                   0x20000e44   Data           0  rom_zephyr_symdefs.txt ABSOLUTE
    tx_thread_data                           0x20000e48   Data           0  rom_zephyr_symdefs.txt ABSOLUTE
    hciVsCb                                  0x20000eb0   Data           0  rom_zephyr_symdefs.txt ABSOLUTE
    __shell_cmd_end                          0x20000eec   Data           0  rom_zephyr_symdefs.txt ABSOLUTE
    key_pool                                 0x20000ef0   Data           0  rom_zephyr_symdefs.txt ABSOLUTE
    p_avail_queue                            0x20000ef4   Data           0  rom_zephyr_symdefs.txt ABSOLUTE
    gatt_sc                                  0x20000ef8   Data           0  rom_zephyr_symdefs.txt ABSOLUTE
    bt_att_prepare_count                     0x20000f50   Data           0  rom_zephyr_symdefs.txt ABSOLUTE
    ready_cb                                 0x20000f54   Data           0  rom_zephyr_symdefs.txt ABSOLUTE
    pub_key                                  0x20000f58   Data           0  rom_zephyr_symdefs.txt ABSOLUTE
    bt_conn_num                              0x20000f98   Data           0  rom_zephyr_symdefs.txt ABSOLUTE
    l2cap_max_le_mps                         0x20000f9c   Data           0  rom_zephyr_symdefs.txt ABSOLUTE
    MAX_CMD_QUEUED                           0x20000fa0   Data           0  rom_zephyr_symdefs.txt ABSOLUTE
    subscriptions                            0x20000fa4   Data           0  rom_zephyr_symdefs.txt ABSOLUTE
    p_bt_smp_pool                            0x20000fac   Data           0  rom_zephyr_symdefs.txt ABSOLUTE
    tx_thread_prio                           0x20000fb0   Data           0  rom_zephyr_symdefs.txt ABSOLUTE
    p_conn_tx                                0x20000fb4   Data           0  rom_zephyr_symdefs.txt ABSOLUTE
    default_module_prompt                    0x20000fb8   Data           0  rom_zephyr_symdefs.txt ABSOLUTE
    shell_buf                                0x20000fbc   Data           0  rom_zephyr_symdefs.txt ABSOLUTE
    p_bt_req_pool                            0x20000fc0   Data           0  rom_zephyr_symdefs.txt ABSOLUTE
    efuse_cmu_pmu_val                        0x20000fc4   Data           0  rom_zephyr_symdefs.txt ABSOLUTE
    set_xtal_32k_flag                        0x20000fc8   Data           0  rom_zephyr_symdefs.txt ABSOLUTE
    p_deep_sleep_entry                       0x20000fcc   Data           0  rom_zephyr_symdefs.txt ABSOLUTE
    p_sys_soc_suspend                        0x20000fd0   Data           0  rom_zephyr_symdefs.txt ABSOLUTE
    _sw_isr_table_in_ram                     0x20000fd4   Data           0  rom_zephyr_symdefs.txt ABSOLUTE
    hcl_32k_is_running                       0x20000fdc   Data           0  rom_zephyr_symdefs.txt ABSOLUTE
    p_application_any_busy_check             0x20000fe0   Data           0  rom_zephyr_symdefs.txt ABSOLUTE
    Image$$ER_IROM$$Base                     0x20001000   Number         0  anon$$obj.o ABSOLUTE
    systemVectors                            0x20001000   Data           4  startup.o(RESET)
    __main                                   0x200010e1   Thumb Code     0  entry.o(.ARM.Collect$$$$00000000)
    _main_stk                                0x200010e1   Thumb Code     0  entry2.o(.ARM.Collect$$$$00000001)
    _main_scatterload                        0x200010e5   Thumb Code     0  entry5.o(.ARM.Collect$$$$00000004)
    __main_after_scatterload                 0x200010e9   Thumb Code     0  entry5.o(.ARM.Collect$$$$00000004)
    _main_clock                              0x200010e9   Thumb Code     0  entry7b.o(.ARM.Collect$$$$00000008)
    _main_cpp_init                           0x200010e9   Thumb Code     0  entry8b.o(.ARM.Collect$$$$0000000A)
    _main_init                               0x200010e9   Thumb Code     0  entry9a.o(.ARM.Collect$$$$0000000B)
    __rt_final_cpp                           0x200010f1   Thumb Code     0  entry10a.o(.ARM.Collect$$$$0000000D)
    __rt_final_exit                          0x200010f1   Thumb Code     0  entry11a.o(.ARM.Collect$$$$0000000F)
    patch_hw_func                            0x200010f5   Thumb Code    94  soc_patch.o(.init.once.text."..\\..\\..\\..\\arch\\soc\\atb110x\\soc_patch.c".0)
    patch_hw_code                            0x20001181   Thumb Code    86  soc_patch.o(.init.once.text."..\\..\\..\\..\\arch\\soc\\atb110x\\soc_patch.c".1)
    patch_sw                                 0x20001205   Thumb Code     8  soc_patch.o(.init.once.text."..\\..\\..\\..\\arch\\soc\\atb110x\\soc_patch.c".2)
    set_ic_feature                           0x2000120d   Thumb Code    36  board.o(.init.once.text."..\\..\\..\\..\\boards\\board.c".1)
    board_early_init                         0x20001235   Thumb Code   116  board.o(.init.once.text."..\\..\\..\\..\\boards\\board.c".2)
    SystemInit                               0x200012f1   Thumb Code    16  system.o(.init.once.text."..\\..\\..\\..\\ext\\lib\\actions\\startup\\system.c".0)
    kernel_config_init                       0x20001305   Thumb Code   124  kernel_config_init.o(.init.once.text."..\\..\\..\\..\\kernel\\kernel_config_init.c".4)
    Reset_Handler                            0x200013b9   Thumb Code    36  startup.o(.text)
    _arch_irq_lock_s                         0x200013dd   Thumb Code     8  startup.o(.text)
    _arch_irq_unlock_s                       0x200013e5   Thumb Code     8  startup.o(.text)
    _timer_int_handler                       0x200013f5   Thumb Code     2  startup.o(.text)
    __aeabi_memset                           0x20001411   Thumb Code    14  memseta.o(.text)
    __aeabi_memset4                          0x20001411   Thumb Code     0  memseta.o(.text)
    __aeabi_memset8                          0x20001411   Thumb Code     0  memseta.o(.text)
    __aeabi_memclr                           0x2000141f   Thumb Code     4  memseta.o(.text)
    __aeabi_memclr4                          0x2000141f   Thumb Code     0  memseta.o(.text)
    __aeabi_memclr8                          0x2000141f   Thumb Code     0  memseta.o(.text)
    _memset$wrapper                          0x20001423   Thumb Code    18  memseta.o(.text)
    __aeabi_fmul                             0x20001435   Thumb Code   122  fmul.o(.text)
    __aeabi_fdiv                             0x200014af   Thumb Code   124  fdiv.o(.text)
    __aeabi_ui2f                             0x2000152b   Thumb Code    14  ffltui.o(.text)
    __aeabi_f2uiz                            0x20001539   Thumb Code    40  ffixui.o(.text)
    __I$use$fp                               0x20001561   Thumb Code     0  iusefp.o(.text)
    _float_round                             0x20001561   Thumb Code    16  fepilogue.o(.text)
    _float_epilogue                          0x20001571   Thumb Code   114  fepilogue.o(.text)
    __scatterload                            0x200015e5   Thumb Code    28  init.o(.text)
    __scatterload_rt2                        0x200015e5   Thumb Code     0  init.o(.text)
    Long Thumb to Thumb Veneer to printk     0x20001609   Thumb Code    12  anon$$obj.o(Veneer$$Code)
    Long Thumb to Thumb Veneer to acts_efuse_read 0x20001615   Thumb Code    12  anon$$obj.o(Veneer$$Code)
    Long Thumb to Thumb Veneer to acts_set_vdd 0x20001621   Thumb Code    12  anon$$obj.o(Veneer$$Code)
    Long Thumb to Thumb Veneer to acts_delay_us 0x2000162d   Thumb Code    12  anon$$obj.o(Veneer$$Code)
    Long Thumb to Thumb Veneer to acts_request_vd12_pd 0x20001639   Thumb Code    12  anon$$obj.o(Veneer$$Code)
    Long Thumb to Thumb Veneer to acts_request_vd12_largebias 0x20001645   Thumb Code    12  anon$$obj.o(Veneer$$Code)
    Long Thumb to Thumb Veneer to acts_request_rc_3M 0x20001651   Thumb Code    12  anon$$obj.o(Veneer$$Code)
    Long Thumb to Thumb Veneer to acts_pinmux_setup_pins 0x2000165d   Thumb Code    12  anon$$obj.o(Veneer$$Code)
    Long Thumb to Thumb Veneer to _irq_priority_set 0x20001669   Thumb Code    12  anon$$obj.o(Veneer$$Code)
    Long Thumb to Thumb Veneer to _arch_irq_enable 0x20001675   Thumb Code    12  anon$$obj.o(Veneer$$Code)
    Long Thumb to Thumb Veneer to main_thread_init 0x20001681   Thumb Code    12  anon$$obj.o(Veneer$$Code)
    Long Thumb to Thumb Veneer to idle_thread_init 0x2000168d   Thumb Code    12  anon$$obj.o(Veneer$$Code)
    Long Thumb to Thumb Veneer to interrupt_stack_init 0x20001699   Thumb Code    12  anon$$obj.o(Veneer$$Code)
    Long Thumb to Thumb Veneer to sys_work_queue_init 0x200016a5   Thumb Code    12  anon$$obj.o(Veneer$$Code)
    Long Thumb to Thumb Veneer to __aeabi_uidivmod 0x200016b1   Thumb Code    12  anon$$obj.o(Veneer$$Code)
    Long Thumb to Thumb Veneer to _arch_irq_disable 0x200016bd   Thumb Code    12  anon$$obj.o(Veneer$$Code)
    Long Thumb to Thumb Veneer to app_get_wake_lock 0x200016c9   Thumb Code    12  anon$$obj.o(Veneer$$Code)
    Long Thumb to Thumb Veneer to k_sleep    0x200016d5   Thumb Code    12  anon$$obj.o(Veneer$$Code)
    Long Thumb to Thumb Veneer to app_release_wake_lock 0x200016e1   Thumb Code    12  anon$$obj.o(Veneer$$Code)
    Long Thumb to Thumb Veneer to k_timer_init 0x200016ed   Thumb Code    12  anon$$obj.o(Veneer$$Code)
    Long Thumb to Thumb Veneer to k_timer_start 0x200016f9   Thumb Code    12  anon$$obj.o(Veneer$$Code)
    Long Thumb to Thumb Veneer to _timer_deepsleep_enter 0x20001705   Thumb Code    12  anon$$obj.o(Veneer$$Code)
    Long Thumb to Thumb Veneer to _timer_deepsleep_exit 0x20001711   Thumb Code    12  anon$$obj.o(Veneer$$Code)
    Long Thumb to Thumb Veneer to atomic_get 0x2000171d   Thumb Code    12  anon$$obj.o(Veneer$$Code)
    Long Thumb to Thumb Veneer to __aeabi_idivmod 0x20001729   Thumb Code    12  anon$$obj.o(Veneer$$Code)
    Long Thumb to Thumb Veneer to atomic_and 0x20001735   Thumb Code    12  anon$$obj.o(Veneer$$Code)
    Long Thumb to Thumb Veneer to atomic_or  0x20001741   Thumb Code    12  anon$$obj.o(Veneer$$Code)
    Long Thumb to Thumb Veneer to strcmp     0x2000174d   Thumb Code    12  anon$$obj.o(Veneer$$Code)
    Long Thumb to Thumb Veneer to _PrepC     0x20001759   Thumb Code    12  anon$$obj.o(Veneer$$Code)
    Long Thumb to Thumb Veneer to acts_clock_peripheral_enable 0x20001765   Thumb Code    12  anon$$obj.o(Veneer$$Code)
    Long Thumb to Thumb Veneer to acts_reset_peripheral 0x20001771   Thumb Code    12  anon$$obj.o(Veneer$$Code)
    Long Thumb to Thumb Veneer to acts_clock_peripheral_disable 0x2000177d   Thumb Code    12  anon$$obj.o(Veneer$$Code)
    Long Thumb to Thumb Veneer to uart_console_init 0x20001789   Thumb Code    12  anon$$obj.o(Veneer$$Code)
    __scatterload_copy                       0x20001795   Thumb Code    14  handlers.o(i.__scatterload_copy)
    __scatterload_null                       0x200017a3   Thumb Code     2  handlers.o(i.__scatterload_null)
    __scatterload_zeroinit                   0x200017a5   Thumb Code    14  handlers.o(i.__scatterload_zeroinit)
    _ms_to_cycle                             0x20001829   Thumb Code    64  timer_acts.o(i._ms_to_cycle)
    _sys_device_do_config_level              0x2000186d   Thumb Code    36  device.o(i._sys_device_do_config_level)
    _sys_soc_suspend_new                     0x200018f9   Thumb Code    74  soc_pm.o(i._sys_soc_suspend_new)
    adc_acts_read_new                        0x20001949   Thumb Code   170  adc_acts.o(i.adc_acts_read_new)
    adc_batt_val_read                        0x200019f5   Thumb Code     6  app_batt.o(i.adc_batt_val_read)
    adckey_acts_disable_new                  0x20001a01   Thumb Code    30  adckey_acts.o(i.adckey_acts_disable_new)
    adckey_acts_enable_new                   0x20001a1f   Thumb Code    42  adckey_acts.o(i.adckey_acts_enable_new)
    adckey_acts_get_keycode_new              0x20001a49   Thumb Code    88  adckey_acts.o(i.adckey_acts_get_keycode_new)
    adckey_acts_init_new                     0x20001aa9   Thumb Code   228  adckey_acts.o(i.adckey_acts_init_new)
    adckey_acts_irq_config                   0x20001bb9   Thumb Code    40  adckey_acts.o(i.adckey_acts_irq_config)
    adckey_acts_poll_new                     0x20001c05   Thumb Code   224  adckey_acts.o(i.adckey_acts_poll_new)
    adckey_acts_register_notify_new          0x20001ce9   Thumb Code     6  adckey_acts.o(i.adckey_acts_register_notify_new)
    adckey_acts_report_key_new               0x20001cef   Thumb Code    34  adckey_acts.o(i.adckey_acts_report_key_new)
    adckey_acts_resume_device_from_suspend   0x20001d11   Thumb Code    16  adckey_acts.o(i.adckey_acts_resume_device_from_suspend)
    adckey_acts_suspend_device               0x20001d25   Thumb Code    24  adckey_acts.o(i.adckey_acts_suspend_device)
    adckey_acts_unregister_notify_new        0x20001d41   Thumb Code    10  adckey_acts.o(i.adckey_acts_unregister_notify_new)
    adckey_acts_wakeup_isr                   0x20001d4d   Thumb Code    64  adckey_acts.o(i.adckey_acts_wakeup_isr)
    adckey_input_notify                      0x20001dc1   Thumb Code    18  main.o(i.adckey_input_notify)
    adckey_timer_start                       0x20001df9   Thumb Code    44  adckey_acts.o(i.adckey_timer_start)
    adckey_timer_stop                        0x20001e39   Thumb Code    38  adckey_acts.o(i.adckey_timer_stop)
    app_main                                 0x20001ecd   Thumb Code    68  main.o(i.app_main)
    batt_manager_init                        0x20001f49   Thumb Code    28  app_batt.o(i.batt_manager_init)
    batt_timer_handler                       0x20001f71   Thumb Code    10  app_batt.o(i.batt_timer_handler)
    debug_uart_init                          0x20001fb9   Thumb Code   150  system.o(i.debug_uart_init)
    debug_uart_put_char                      0x20002061   Thumb Code    50  system.o(i.debug_uart_put_char)
    deep_sleep_entry                         0x20002099   Thumb Code    42  soc_pm.o(i.deep_sleep_entry)
    device_any_busy_check                    0x2000211d   Thumb Code    54  device.o(i.device_any_busy_check)
    device_busy_clear_new                    0x20002159   Thumb Code    44  device.o(i.device_busy_clear_new)
    device_busy_set_new                      0x2000218d   Thumb Code    44  device.o(i.device_busy_set_new)
    device_get_binding                       0x200021c1   Thumb Code    44  device.o(i.device_get_binding)
    get_key_handle                           0x200021f9   Thumb Code    32  main.o(i.get_key_handle)
    key_device_open                          0x2000221d   Thumb Code    74  main.o(i.key_device_open)
    low_power_led_indication                 0x20002267   Thumb Code     2  app_batt.o(i.low_power_led_indication)
    main                                     0x20002279   Thumb Code    28  entry.o(i.main)
    new_k_delayed_work_cancel                0x200022a9   Thumb Code   152  system_work_q.o(i.new_k_delayed_work_cancel)
    patch_sys_soc_suspend                    0x20002341   Thumb Code     8  soc_pm.o(i.patch_sys_soc_suspend)
    resume_devices                           0x20002405   Thumb Code    18  soc_pm.o(i.resume_devices)
    set_devices_state                        0x20002471   Thumb Code    44  device.o(i.set_devices_state)
    suspend_devices                          0x200024a9   Thumb Code    18  soc_pm.o(i.suspend_devices)
    timer_acts_callback_set                  0x20002577   Thumb Code     6  timer_acts.o(i.timer_acts_callback_set)
    timer_acts_config_irq                    0x2000257d   Thumb Code    48  timer_acts.o(i.timer_acts_config_irq)
    timer_acts_init                          0x200025b9   Thumb Code    48  timer_acts.o(i.timer_acts_init)
    timer_acts_isr                           0x200025e9   Thumb Code    80  timer_acts.o(i.timer_acts_isr)
    timer_acts_start                         0x20002639   Thumb Code    58  timer_acts.o(i.timer_acts_start)
    timer_acts_stop                          0x20002673   Thumb Code    38  timer_acts.o(i.timer_acts_stop)
    timer_acts_user_data_get                 0x20002699   Thumb Code     8  timer_acts.o(i.timer_acts_user_data_get)
    timer_acts_user_data_set                 0x200026a1   Thumb Code     6  timer_acts.o(i.timer_acts_user_data_set)
    uart_acts_resume_device_from_suspend     0x200026d5   Thumb Code    50  uart_acts.o(i.uart_acts_resume_device_from_suspend)
    uart_acts_suspend_device                 0x20002707   Thumb Code    40  uart_acts.o(i.uart_acts_suspend_device)
    uart_console_init_new                    0x20002731   Thumb Code    18  uart_console.o(i.uart_console_init_new)
    update_adckey_map                        0x2000277d   Thumb Code    48  adckey_acts.o(i.update_adckey_map)
    update_battry_value                      0x200027ad   Thumb Code   230  app_batt.o(i.update_battry_value)
    very_low_power_handler                   0x20002905   Thumb Code     2  app_batt.o(i.very_low_power_handler)
    timer_acts_drv_api                       0x20002940   Data          20  timer_acts.o(.constdata)
    adc_acts_cdata                           0x20002954   Data           8  adc_acts.o(.constdata)
    adc_acts_driver_api_new                  0x2000295c   Data          12  adc_acts.o(.constdata)
    adckey_acts_driver_api_new               0x20002968   Data          16  adckey_acts.o(.constdata)
    Region$$Table$$Base                      0x20002a10   Number         0  anon$$obj.o(Region$$Table)
    Image$$ER_IROM$$Limit                    0x20002a20   Number         0  anon$$obj.o ABSOLUTE
    Image$$RAM_RETENTION$$Base               0x20002a20   Number         0  anon$$obj.o ABSOLUTE
    Region$$Table$$Limit                     0x20002a20   Number         0  anon$$obj.o(Region$$Table)
    _sys_lower_wfi                           0x20002a89   Thumb Code   300  soc_pm.o(.ram_retention_code)
    deepsleep_disable_vd12                   0x20002bd9   Data           1  soc_pm.o(.ram_retention_data)
    _idle_stack                              0x20002bda   Data         256  kernel_config_init.o(.ram_retention_data)
    Image$$RAM_RETENTION$$Limit              0x20002cdc   Number         0  anon$$obj.o ABSOLUTE
    Image$$RW_IRAM_DEVICE_PRE_KERNEL_1$$Base 0x20002cdc   Number         0  anon$$obj.o ABSOLUTE
    Image$$RW_IRAM_DEVICE_PRE_KERNEL_2$$Base 0x20002d00   Number         0  anon$$obj.o ABSOLUTE
    Image$$RW_IRAM_DEVICE_POST_KERNEL$$Base  0x20002d18   Number         0  anon$$obj.o ABSOLUTE
    Image$$RW_IRAM_DEVICE_APPLICATION$$Base  0x20002d48   Number         0  anon$$obj.o ABSOLUTE
    Image$$RW_IRAM_DEVICE_APPLICATION$$Limit 0x20002d48   Number         0  anon$$obj.o ABSOLUTE
    device_busy                              0x20002d48   Data           8  device.o(.device_BUSY)
    Image$$RW_IRAM_PATCH_HW_FUNC$$Base       0x20002d50   Number         0  anon$$obj.o ABSOLUTE
    Image$$RW_IRAM_SHELL_CMD_START$$Base     0x20002d50   Number         0  anon$$obj.o ABSOLUTE
    Image$$RW_IRAM__mem_pool_area$$Base      0x20002d50   Number         0  anon$$obj.o ABSOLUTE
    Image$$RW_IRAM__net_buf_pool_area$$Base  0x20002d50   Number         0  anon$$obj.o ABSOLUTE
    Image$$RW_IRAM_PATCH_HW_CODE$$Base       0x20002d68   Number         0  anon$$obj.o ABSOLUTE
    Image$$RW_IRAM_PATCH_HW_FUNC$$Limit      0x20002d68   Number         0  anon$$obj.o ABSOLUTE
    Image$$RW_IRAM_PATCH_HW_CODE$$Limit      0x20002d70   Number         0  anon$$obj.o ABSOLUTE
    async_msg_free                           0x20002d70   Data          20  kernel_config_init.o(._k_stack.static.async_msg_free)
    normal_vdd_val                           0x20002d8c   Data           1  board.o(.data)
    dp_vdd_val                               0x20002d8d   Data           1  board.o(.data)
    acts_timer_config_info1                  0x20002da8   Data          36  timer_acts.o(.data)
    acts_timer_data0                         0x20002dcc   Data           8  timer_acts.o(.data)
    adc_acts_ddata                           0x20002dd4   Data           4  adc_acts.o(.data)
    adckey_timer                             0x20002dd8   Data           4  adckey_acts.o(.data)
    adckey_timer_start_flag                  0x20002ddc   Data           1  adckey_acts.o(.data)
    adckey_int_suspend_cnt                   0x20002dde   Data           2  adckey_acts.o(.data)
    adckey_int_resume_cnt                    0x20002de0   Data           2  adckey_acts.o(.data)
    adc_init                                 0x20002de2   Data           1  adckey_acts.o(.data)
    _main_stack                              0x20002ed0   Data        1024  kernel_config_init.o(.noinit."..\\..\\..\\..\\kernel\\kernel_config_init.c".0)
    sys_work_q_stack                         0x200032d0   Data        1024  kernel_config_init.o(.noinit."..\\..\\..\\..\\kernel\\kernel_config_init.c".1)
    _k_stack_buf_async_msg_free              0x20003a18   Data          40  kernel_config_init.o(.noinit."..\\..\\..\\..\\kernel\\kernel_config_init.c".3)
    Image$$RW_IRAM3$$Base                    0x20003a40   Number         0  anon$$obj.o ABSOLUTE
    _sw_isr_table                            0x20003a40   Data         256  entry.o(.bss)
    key_handle_entity                        0x20003b40   Data          32  main.o(.bss)
    adckey_devs                              0x20003b94   Data          40  adckey_acts.o(.bss)
    _interrupt_stack                         0x20003c80   Data         640  startup.o(STACK)
    __initial_sp                             0x20003f00   Data           0  startup.o(STACK)



==============================================================================

Memory Map of the image

  Image Entry point : 0x200010e1

  Load Region LR_IROM (Base: 0x20001000, Size: 0x00002a40, Max: 0x0000a000, ABSOLUTE)

    Execution Region ER_IROM (Base: 0x20001000, Size: 0x00001a20, Max: 0xffffffff, ABSOLUTE)

    Base Addr    Size         Type   Attr      Idx    E Section Name        Object

    0x20001000   0x000000e0   Data   RO            3    RESET               startup.o
    0x200010e0   0x00000000   Code   RO         1070  * .ARM.Collect$$$$00000000  mc_p.l(entry.o)
    0x200010e0   0x00000004   Code   RO         1081    .ARM.Collect$$$$00000001  mc_p.l(entry2.o)
    0x200010e4   0x00000004   Code   RO         1084    .ARM.Collect$$$$00000004  mc_p.l(entry5.o)
    0x200010e8   0x00000000   Code   RO         1086    .ARM.Collect$$$$00000008  mc_p.l(entry7b.o)
    0x200010e8   0x00000000   Code   RO         1088    .ARM.Collect$$$$0000000A  mc_p.l(entry8b.o)
    0x200010e8   0x00000008   Code   RO         1089    .ARM.Collect$$$$0000000B  mc_p.l(entry9a.o)
    0x200010f0   0x00000000   Code   RO         1091    .ARM.Collect$$$$0000000D  mc_p.l(entry10a.o)
    0x200010f0   0x00000000   Code   RO         1093    .ARM.Collect$$$$0000000F  mc_p.l(entry11a.o)
    0x200010f0   0x00000004   Code   RO         1082    .ARM.Collect$$$$00002712  mc_p.l(entry2.o)
    0x200010f4   0x0000008c   Code   RO          240    .init.once.text."..\\..\\..\\..\\arch\\soc\\atb110x\\soc_patch.c".0  soc_patch.o
    0x20001180   0x00000084   Code   RO          241    .init.once.text."..\\..\\..\\..\\arch\\soc\\atb110x\\soc_patch.c".1  soc_patch.o
    0x20001204   0x00000008   Code   RO          242    .init.once.text."..\\..\\..\\..\\arch\\soc\\atb110x\\soc_patch.c".2  soc_patch.o
    0x2000120c   0x00000028   Code   RO          523    .init.once.text."..\\..\\..\\..\\boards\\board.c".1  board.o
    0x20001234   0x0000008c   Code   RO          524    .init.once.text."..\\..\\..\\..\\boards\\board.c".2  board.o
    0x200012c0   0x00000030   Code   RO          592    .init.once.text."..\\..\\..\\..\\drivers\\uart\\uart_acts.c".0  uart_acts.o
    0x200012f0   0x00000014   Code   RO           14    .init.once.text."..\\..\\..\\..\\ext\\lib\\actions\\startup\\system.c".0  system.o
    0x20001304   0x000000b4   Code   RO          962    .init.once.text."..\\..\\..\\..\\kernel\\kernel_config_init.c".4  kernel_config_init.o
    0x200013b8   0x00000058   Code   RO            5    .text               startup.o
    0x20001410   0x00000024   Code   RO         1071    .text               mc_p.l(memseta.o)
    0x20001434   0x0000007a   Code   RO         1073    .text               mf_p.l(fmul.o)
    0x200014ae   0x0000007c   Code   RO         1075    .text               mf_p.l(fdiv.o)
    0x2000152a   0x0000000e   Code   RO         1077    .text               mf_p.l(ffltui.o)
    0x20001538   0x00000028   Code   RO         1079    .text               mf_p.l(ffixui.o)
    0x20001560   0x00000000   Code   RO         1095    .text               mc_p.l(iusefp.o)
    0x20001560   0x00000082   Code   RO         1096    .text               mf_p.l(fepilogue.o)
    0x200015e2   0x00000002   PAD
    0x200015e4   0x00000024   Code   RO         1098    .text               mc_p.l(init.o)
    0x20001608   0x0000000c   Ven    RO         1108    Veneer$$Code        anon$$obj.o
    0x20001614   0x0000000c   Ven    RO         1109    Veneer$$Code        anon$$obj.o
    0x20001620   0x0000000c   Ven    RO         1110    Veneer$$Code        anon$$obj.o
    0x2000162c   0x0000000c   Ven    RO         1111    Veneer$$Code        anon$$obj.o
    0x20001638   0x0000000c   Ven    RO         1112    Veneer$$Code        anon$$obj.o
    0x20001644   0x0000000c   Ven    RO         1113    Veneer$$Code        anon$$obj.o
    0x20001650   0x0000000c   Ven    RO         1114    Veneer$$Code        anon$$obj.o
    0x2000165c   0x0000000c   Ven    RO         1115    Veneer$$Code        anon$$obj.o
    0x20001668   0x0000000c   Ven    RO         1116    Veneer$$Code        anon$$obj.o
    0x20001674   0x0000000c   Ven    RO         1117    Veneer$$Code        anon$$obj.o
    0x20001680   0x0000000c   Ven    RO         1118    Veneer$$Code        anon$$obj.o
    0x2000168c   0x0000000c   Ven    RO         1119    Veneer$$Code        anon$$obj.o
    0x20001698   0x0000000c   Ven    RO         1120    Veneer$$Code        anon$$obj.o
    0x200016a4   0x0000000c   Ven    RO         1121    Veneer$$Code        anon$$obj.o
    0x200016b0   0x0000000c   Ven    RO         1122    Veneer$$Code        anon$$obj.o
    0x200016bc   0x0000000c   Ven    RO         1123    Veneer$$Code        anon$$obj.o
    0x200016c8   0x0000000c   Ven    RO         1124    Veneer$$Code        anon$$obj.o
    0x200016d4   0x0000000c   Ven    RO         1125    Veneer$$Code        anon$$obj.o
    0x200016e0   0x0000000c   Ven    RO         1126    Veneer$$Code        anon$$obj.o
    0x200016ec   0x0000000c   Ven    RO         1127    Veneer$$Code        anon$$obj.o
    0x200016f8   0x0000000c   Ven    RO         1128    Veneer$$Code        anon$$obj.o
    0x20001704   0x0000000c   Ven    RO         1129    Veneer$$Code        anon$$obj.o
    0x20001710   0x0000000c   Ven    RO         1130    Veneer$$Code        anon$$obj.o
    0x2000171c   0x0000000c   Ven    RO         1131    Veneer$$Code        anon$$obj.o
    0x20001728   0x0000000c   Ven    RO         1132    Veneer$$Code        anon$$obj.o
    0x20001734   0x0000000c   Ven    RO         1133    Veneer$$Code        anon$$obj.o
    0x20001740   0x0000000c   Ven    RO         1134    Veneer$$Code        anon$$obj.o
    0x2000174c   0x0000000c   Ven    RO         1135    Veneer$$Code        anon$$obj.o
    0x20001758   0x0000000c   Ven    RO         1136    Veneer$$Code        anon$$obj.o
    0x20001764   0x0000000c   Ven    RO         1137    Veneer$$Code        anon$$obj.o
    0x20001770   0x0000000c   Ven    RO         1138    Veneer$$Code        anon$$obj.o
    0x2000177c   0x0000000c   Ven    RO         1139    Veneer$$Code        anon$$obj.o
    0x20001788   0x0000000c   Ven    RO         1140    Veneer$$Code        anon$$obj.o
    0x20001794   0x0000000e   Code   RO         1102    i.__scatterload_copy  mc_p.l(handlers.o)
    0x200017a2   0x00000002   Code   RO         1103    i.__scatterload_null  mc_p.l(handlers.o)
    0x200017a4   0x0000000e   Code   RO         1104    i.__scatterload_zeroinit  mc_p.l(handlers.o)
    0x200017b2   0x00000006   Code   RO          288    i.__set_primask     soc_pm.o
    0x200017b8   0x00000070   Code   RO         1010    i._abort_timeout    system_work_q.o
    0x20001828   0x00000044   Code   RO          640    i._ms_to_cycle      timer_acts.o
    0x2000186c   0x00000028   Code   RO          904    i._sys_device_do_config_level  device.o
    0x20001894   0x00000064   Code   RO          289    i._sys_soc_set_power_state  soc_pm.o
    0x200018f8   0x00000050   Code   RO          290    i._sys_soc_suspend_new  soc_pm.o
    0x20001948   0x000000aa   Code   RO          723    i.adc_acts_read_new  adc_acts.o
    0x200019f2   0x00000002   PAD
    0x200019f4   0x0000000c   Code   RO          470    i.adc_batt_val_read  app_batt.o
    0x20001a00   0x0000001e   Code   RO          755    i.adckey_acts_disable_new  adckey_acts.o
    0x20001a1e   0x0000002a   Code   RO          756    i.adckey_acts_enable_new  adckey_acts.o
    0x20001a48   0x00000060   Code   RO          757    i.adckey_acts_get_keycode_new  adckey_acts.o
    0x20001aa8   0x00000110   Code   RO          758    i.adckey_acts_init_new  adckey_acts.o
    0x20001bb8   0x0000004c   Code   RO          759    i.adckey_acts_irq_config  adckey_acts.o
    0x20001c04   0x000000e4   Code   RO          760    i.adckey_acts_poll_new  adckey_acts.o
    0x20001ce8   0x00000006   Code   RO          761    i.adckey_acts_register_notify_new  adckey_acts.o
    0x20001cee   0x00000022   Code   RO          762    i.adckey_acts_report_key_new  adckey_acts.o
    0x20001d10   0x00000014   Code   RO          763    i.adckey_acts_resume_device_from_suspend  adckey_acts.o
    0x20001d24   0x0000001c   Code   RO          764    i.adckey_acts_suspend_device  adckey_acts.o
    0x20001d40   0x0000000a   Code   RO          765    i.adckey_acts_unregister_notify_new  adckey_acts.o
    0x20001d4a   0x00000002   PAD
    0x20001d4c   0x00000048   Code   RO          766    i.adckey_acts_wakeup_isr  adckey_acts.o
    0x20001d94   0x0000002c   Code   RO          767    i.adckey_device_ctrl  adckey_acts.o
    0x20001dc0   0x00000038   Code   RO          412    i.adckey_input_notify  main.o
    0x20001df8   0x00000040   Code   RO          768    i.adckey_timer_start  adckey_acts.o
    0x20001e38   0x00000038   Code   RO          769    i.adckey_timer_stop  adckey_acts.o
    0x20001e70   0x0000005c   Code   RO          770    i.add_adckey        adckey_acts.o
    0x20001ecc   0x0000007c   Code   RO          413    i.app_main          main.o
    0x20001f48   0x00000028   Code   RO          471    i.batt_manager_init  app_batt.o
    0x20001f70   0x0000000a   Code   RO          472    i.batt_timer_handler  app_batt.o
    0x20001f7a   0x00000002   PAD
    0x20001f7c   0x0000003c   Code   RO          291    i.check_pm_policy   soc_pm.o
    0x20001fb8   0x000000a8   Code   RO           15    i.debug_uart_init   system.o
    0x20002060   0x00000038   Code   RO           16    i.debug_uart_put_char  system.o
    0x20002098   0x0000002a   Code   RO          292    i.deep_sleep_entry  soc_pm.o
    0x200020c2   0x00000002   PAD
    0x200020c4   0x00000058   Code   RO          293    i.deep_sleep_exit   soc_pm.o
    0x2000211c   0x0000003c   Code   RO          905    i.device_any_busy_check  device.o
    0x20002158   0x00000034   Code   RO          906    i.device_busy_clear_new  device.o
    0x2000218c   0x00000034   Code   RO          907    i.device_busy_set_new  device.o
    0x200021c0   0x00000034   Code   RO          908    i.device_get_binding  device.o
    0x200021f4   0x00000002   Code   RO          294    i.enable_wake_event  soc_pm.o
    0x200021f6   0x00000002   PAD
    0x200021f8   0x00000024   Code   RO          414    i.get_key_handle    main.o
    0x2000221c   0x0000004a   Code   RO          416    i.key_device_open   main.o
    0x20002266   0x00000002   Code   RO          473    i.low_power_led_indication  app_batt.o
    0x20002268   0x0000000e   Code   RO          295    i.low_power_state_entry  soc_pm.o
    0x20002276   0x00000002   PAD
    0x20002278   0x00000030   Code   RO          212    i.main              entry.o
    0x200022a8   0x00000098   Code   RO         1011    i.new_k_delayed_work_cancel  system_work_q.o
    0x20002340   0x00000010   Code   RO          296    i.patch_sys_soc_suspend  soc_pm.o
    0x20002350   0x0000002c   Code   RO          771    i.remove_adckey     adckey_acts.o
    0x2000237c   0x0000004c   Code   RO          297    i.request_32M_XTAL  soc_pm.o
    0x200023c8   0x00000002   Code   RO          298    i.request_vd12      soc_pm.o
    0x200023ca   0x00000002   PAD
    0x200023cc   0x00000038   Code   RO          299    i.request_vd12_largebias  soc_pm.o
    0x20002404   0x00000018   Code   RO          300    i.resume_devices    soc_pm.o
    0x2000241c   0x00000054   Code   RO          301    i.set_deep_sleep_clock  soc_pm.o
    0x20002470   0x00000038   Code   RO          909    i.set_devices_state  device.o
    0x200024a8   0x00000018   Code   RO          302    i.suspend_devices   soc_pm.o
    0x200024c0   0x00000030   Code   RO          303    i.switch_cpu_clock_3M  soc_pm.o
    0x200024f0   0x00000006   Code   RO           17    i.sys_read32        system.o
    0x200024f6   0x00000006   Code   RO          305    i.sys_read32        soc_pm.o
    0x200024fc   0x00000006   Code   RO          772    i.sys_read32        adckey_acts.o
    0x20002502   0x0000005c   Code   RO         1012    i.sys_slist_find_and_remove  system_work_q.o
    0x2000255e   0x00000004   Code   RO           18    i.sys_write32       system.o
    0x20002562   0x00000004   Code   RO          306    i.sys_write32       soc_pm.o
    0x20002566   0x00000004   Code   RO          525    i.sys_write32       board.o
    0x2000256a   0x00000004   Code   RO          593    i.sys_write32       uart_acts.o
    0x2000256e   0x00000004   Code   RO          641    i.sys_write32       timer_acts.o
    0x20002572   0x00000004   Code   RO          773    i.sys_write32       adckey_acts.o
    0x20002576   0x00000006   Code   RO          642    i.timer_acts_callback_set  timer_acts.o
    0x2000257c   0x0000003c   Code   RO          643    i.timer_acts_config_irq  timer_acts.o
    0x200025b8   0x00000030   Code   RO          644    i.timer_acts_init   timer_acts.o
    0x200025e8   0x00000050   Code   RO          645    i.timer_acts_isr    timer_acts.o
    0x20002638   0x0000003a   Code   RO          646    i.timer_acts_start  timer_acts.o
    0x20002672   0x00000026   Code   RO          647    i.timer_acts_stop   timer_acts.o
    0x20002698   0x00000008   Code   RO          648    i.timer_acts_user_data_get  timer_acts.o
    0x200026a0   0x00000006   Code   RO          649    i.timer_acts_user_data_set  timer_acts.o
    0x200026a6   0x0000002e   Code   RO          650    i.timer_reload      timer_acts.o
    0x200026d4   0x00000032   Code   RO          594    i.uart_acts_resume_device_from_suspend  uart_acts.o
    0x20002706   0x00000028   Code   RO          595    i.uart_acts_suspend_device  uart_acts.o
    0x2000272e   0x00000002   PAD
    0x20002730   0x00000020   Code   RO          561    i.uart_console_init_new  uart_console.o
    0x20002750   0x0000002c   Code   RO          596    i.uart_device_ctrl  uart_acts.o
    0x2000277c   0x00000030   Code   RO          774    i.update_adckey_map  adckey_acts.o
    0x200027ac   0x00000158   Code   RO          474    i.update_battry_value  app_batt.o
    0x20002904   0x00000002   Code   RO          475    i.very_low_power_handler  app_batt.o
    0x20002906   0x00000002   PAD
    0x20002908   0x0000002c   Data   RO          307    .constdata          soc_pm.o
    0x20002934   0x0000000c   Data   RO          597    .constdata          uart_acts.o
    0x20002940   0x00000014   Data   RO          651    .constdata          timer_acts.o
    0x20002954   0x00000014   Data   RO          724    .constdata          adc_acts.o
    0x20002968   0x00000038   Data   RO          776    .constdata          adckey_acts.o
    0x200029a0   0x00000006   Data   RO          777    .conststring        adckey_acts.o
    0x200029a6   0x00000002   PAD
    0x200029a8   0x00000001   Data   RO          526    .conststrlit        board.o
    0x200029a9   0x00000003   PAD
    0x200029ac   0x00000001   Data   RO          562    .conststrlit        uart_console.o
    0x200029ad   0x00000003   PAD
    0x200029b0   0x0000000a   Data   RO          578    .conststrlit        sys_clock_init.o
    0x200029ba   0x00000002   PAD
    0x200029bc   0x00000007   Data   RO          598    .conststrlit        uart_acts.o
    0x200029c3   0x00000001   PAD
    0x200029c4   0x00000008   Data   RO          652    .conststrlit        timer_acts.o
    0x200029cc   0x00000006   Data   RO          725    .conststrlit        adc_acts.o
    0x200029d2   0x00000002   PAD
    0x200029d4   0x00000015   Data   RO          778    .conststrlit        adckey_acts.o
    0x200029e9   0x00000003   PAD
    0x200029ec   0x00000001   Data   RO         1013    .conststrlit        system_work_q.o
    0x200029ed   0x00000003   PAD
    0x200029f0   0x00000020   Data   RO          529    .init.once.data."..\\..\\..\\..\\boards\\board.c".0  board.o
    0x20002a10   0x00000010   Data   RO         1100    Region$$Table       anon$$obj.o


    Execution Region RAM_RETENTION (Base: 0x20002a20, Size: 0x000002bc, Max: 0xffffffff, ABSOLUTE)

    Base Addr    Size         Type   Attr      Idx    E Section Name        Object

    0x20002a20   0x000001b8   Code   RO          287    .ram_retention_code  soc_pm.o
    0x20002bd8   0x00000002   Data   RW          310    .ram_retention_data  soc_pm.o
    0x20002bda   0x00000100   Data   RW          968    .ram_retention_data  kernel_config_init.o


    Execution Region RW_IRAM_DEVICE_PRE_KERNEL_1 (Base: 0x20002cdc, Size: 0x00000024, Max: 0xffffffff, ABSOLUTE)

    Base Addr    Size         Type   Attr      Idx    E Section Name        Object

    0x20002cdc   0x0000000c   Data   RW          530    .init_PRE_KERNEL_10  board.o
    0x20002ce8   0x0000000c   Data   RW          601    .init_PRE_KERNEL_150  uart_acts.o
    0x20002cf4   0x0000000c   Data   RW          564    .init_PRE_KERNEL_160  uart_console.o


    Execution Region RW_IRAM_DEVICE_PRE_KERNEL_2 (Base: 0x20002d00, Size: 0x00000018, Max: 0xffffffff, ABSOLUTE)

    Base Addr    Size         Type   Attr      Idx    E Section Name        Object

    0x20002d00   0x0000000c   Data   RW          580    .init_PRE_KERNEL_20  sys_clock_init.o
    0x20002d0c   0x0000000c   Data   RW          728    .init_PRE_KERNEL_280  adc_acts.o


    Execution Region RW_IRAM_DEVICE_POST_KERNEL (Base: 0x20002d18, Size: 0x00000030, Max: 0xffffffff, ABSOLUTE)

    Base Addr    Size         Type   Attr      Idx    E Section Name        Object

    0x20002d18   0x0000000c   Data   RW          655    .init_POST_KERNEL20  timer_acts.o
    0x20002d24   0x0000000c   Data   RW         1015    .init_POST_KERNEL40  system_work_q.o
    0x20002d30   0x00000018   Data   RW          781    .init_POST_KERNEL50  adckey_acts.o


    Execution Region RW_IRAM_DEVICE_APPLICATION (Base: 0x20002d48, Size: 0x00000000, Max: 0xffffffff, ABSOLUTE)

    **** No section assigned to this execution region ****


    Execution Region RW_IRAM_DEVICE_BUSY (Base: 0x20002d48, Size: 0x00000008, Max: 0xffffffff, ABSOLUTE)

    Base Addr    Size         Type   Attr      Idx    E Section Name        Object

    0x20002d48   0x00000008   Data   RW          911    .device_BUSY        device.o


    Execution Region RW_IRAM__net_buf_pool_area (Base: 0x20002d50, Size: 0x00000000, Max: 0xffffffff, ABSOLUTE)

    **** No section assigned to this execution region ****


    Execution Region RW_IRAM__mem_pool_area (Base: 0x20002d50, Size: 0x00000000, Max: 0xffffffff, ABSOLUTE)

    **** No section assigned to this execution region ****


    Execution Region RW_IRAM_SHELL_CMD_START (Base: 0x20002d50, Size: 0x00000000, Max: 0xffffffff, ABSOLUTE)

    **** No section assigned to this execution region ****


    Execution Region RW_IRAM_PATCH_HW_FUNC (Base: 0x20002d50, Size: 0x00000018, Max: 0x00000060, ABSOLUTE)

    Base Addr    Size         Type   Attr      Idx    E Section Name        Object

    0x20002d50   0x00000010   Data   RW          912    .patch_hw_func      device.o
    0x20002d60   0x00000008   Data   RW         1016    .patch_hw_func      system_work_q.o


    Execution Region RW_IRAM_PATCH_HW_CODE (Base: 0x20002d68, Size: 0x00000008, Max: 0x00000060, ABSOLUTE)

    Base Addr    Size         Type   Attr      Idx    E Section Name        Object

    0x20002d68   0x00000008   Data   RW          309    .patch_hw_code      soc_pm.o


    Execution Region RW_IRAM2 (Base: 0x20002d70, Size: 0x00000cd0, Max: 0xffffffff, ABSOLUTE)

    Base Addr    Size         Type   Attr      Idx    E Section Name        Object

    0x20002d70   0x00000014   Data   RW          963    ._k_stack.static.async_msg_free  kernel_config_init.o
    0x20002d84   0x00000004   Data   RW          308    .data               soc_pm.o
    0x20002d88   0x00000004   Data   RW          477    .data               app_batt.o
    0x20002d8c   0x00000002   Data   RW          527    .data               board.o
    0x20002d8e   0x00000002   PAD
    0x20002d90   0x00000018   Data   RW          599    .data               uart_acts.o
    0x20002da8   0x0000002c   Data   RW          653    .data               timer_acts.o
    0x20002dd4   0x00000004   Data   RW          726    .data               adc_acts.o
    0x20002dd8   0x00000054   Data   RW          779    .data               adckey_acts.o
    0x20002e2c   0x00000014   Data   RW          910    .data               device.o
    0x20002e40   0x00000010   Data   RW          528    .devconfig.init     board.o
    0x20002e50   0x00000010   Data   RW          563    .devconfig.init     uart_console.o
    0x20002e60   0x00000010   Data   RW          579    .devconfig.init     sys_clock_init.o
    0x20002e70   0x00000010   Data   RW          600    .devconfig.init     uart_acts.o
    0x20002e80   0x00000010   Data   RW          654    .devconfig.init     timer_acts.o
    0x20002e90   0x00000010   Data   RW          727    .devconfig.init     adc_acts.o
    0x20002ea0   0x00000020   Data   RW          780    .devconfig.init     adckey_acts.o
    0x20002ec0   0x00000010   Data   RW         1014    .devconfig.init     system_work_q.o
    0x20002ed0   0x00000400   Data   RW          964    .noinit."..\\..\\..\\..\\kernel\\kernel_config_init.c".0  kernel_config_init.o
    0x200032d0   0x00000400   Data   RW          965    .noinit."..\\..\\..\\..\\kernel\\kernel_config_init.c".1  kernel_config_init.o
    0x200036d0   0x00000348   Data   RW          966    .noinit."..\\..\\..\\..\\kernel\\kernel_config_init.c".2  kernel_config_init.o
    0x20003a18   0x00000028   Data   RW          967    .noinit."..\\..\\..\\..\\kernel\\kernel_config_init.c".3  kernel_config_init.o


    Execution Region RW_IRAM3 (Base: 0x20003a40, Size: 0x0000023c, Max: 0xffffffff, ABSOLUTE)

    Base Addr    Size         Type   Attr      Idx    E Section Name        Object

    0x20003a40   0x00000100   Zero   RW          213    .bss                entry.o
    0x20003b40   0x00000020   Zero   RW          417    .bss                main.o
    0x20003b60   0x00000034   Zero   RW          476    .bss                app_batt.o
    0x20003b94   0x000000e8   Zero   RW          775    .bss                adckey_acts.o


    Execution Region RW_STACK (Base: 0x20003c7c, Size: 0x00000284, Max: 0xffffffff, ABSOLUTE, UNINIT)

    Base Addr    Size         Type   Attr      Idx    E Section Name        Object

    0x20003c7c   0x00000004   PAD
    0x20003c80   0x00000280   Zero   RW            1    STACK               startup.o


==============================================================================

Image component sizes


      Code (inc. data)   RO Data    RW Data    ZI Data      Debug   Object Name

       170          0         26         32          0       6338   adc_acts.o
      1272        160         83        140        232      32704   adckey_acts.o
       410        132          0          4         52       4307   app_batt.o
       184         28         33         30          0       4193   board.o
       312         46          0         44          0       9054   device.o
        48         20          0          0        256       4886   entry.o
       180         56          0       3204          0       2051   kernel_config_init.o
       290         98          0          0         32      15488   main.o
       280         92          0          0          0       3071   soc_patch.o
      1172        140         44         14          0      11963   soc_pm.o
        88         24        224          0        640        796   startup.o
         0          0         10         28          0        328   sys_clock_init.o
       254         28          0          0          0      36796   system.o
       356          6          1         36          0      30131   system_work_q.o
       422         16         28         72          0      11237   timer_acts.o
       186         12         19         52          0       7590   uart_acts.o
        32         14          1         28          0        924   uart_console.o

    ----------------------------------------------------------------------
      6070       1004        504       3688       1216     181857   Object Totals
       396        132         16          0          0          0   (incl. Generated)
        18          0         19          4          4          0   (incl. Padding)

    ----------------------------------------------------------------------

      Code (inc. data)   RO Data    RW Data    ZI Data      Debug   Library Member Name

         0          0          0          0          0          0   entry.o
         0          0          0          0          0          0   entry10a.o
         0          0          0          0          0          0   entry11a.o
         8          4          0          0          0          0   entry2.o
         4          0          0          0          0          0   entry5.o
         0          0          0          0          0          0   entry7b.o
         0          0          0          0          0          0   entry8b.o
         8          4          0          0          0          0   entry9a.o
        30          0          0          0          0          0   handlers.o
        36          8          0          0          0         68   init.o
         0          0          0          0          0          0   iusefp.o
        36          0          0          0          0        100   memseta.o
       124          0          0          0          0         72   fdiv.o
       130          0          0          0          0        144   fepilogue.o
        40          0          0          0          0         60   ffixui.o
        14          0          0          0          0         68   ffltui.o
       122          0          0          0          0         72   fmul.o

    ----------------------------------------------------------------------
       554         16          0          0          0        584   Library Totals
         2          0          0          0          0          0   (incl. Padding)

    ----------------------------------------------------------------------

      Code (inc. data)   RO Data    RW Data    ZI Data      Debug   Library Name

       122         16          0          0          0        168   mc_p.l
       430          0          0          0          0        416   mf_p.l

    ----------------------------------------------------------------------
       554         16          0          0          0        584   Library Totals

    ----------------------------------------------------------------------

==============================================================================


      Code (inc. data)   RO Data    RW Data    ZI Data      Debug   

      6624       1020        504       3688       1216     178721   Grand Totals
      6624       1020        504       3688       1216     178721   ELF Image Totals
      6624       1020        504       3688          0          0   ROM Totals

==============================================================================

    Total RO  Size (Code + RO Data)                 7128 (   6.96kB)
    Total RW  Size (RW Data + ZI Data)              4904 (   4.79kB)
    Total ROM Size (Code + RO Data + RW Data)      10816 (  10.56kB)

==============================================================================

