<!doctype html public "-//w3c//dtd html 4.0 transitional//en">
<html><head>
<title>Static Call Graph - [.\Objects\adckey.axf]</title></head>
<body><HR>
<H1>Static Call Graph for image .\Objects\adckey.axf</H1><HR>
<BR><P>#&#060CALLGRAPH&#062# ARM Linker, 5060300: Last Updated: Wed Apr 17 11:44:40 2019
<BR><P>
<H3>Maximum Stack Usage =        120 bytes + Unknown(Cycles, Untraceable Function Pointers)</H3><H3>
Call chain for Maximum Stack Depth:</H3>
_sys_soc_suspend_new &rArr; deep_sleep_entry &rArr; _sys_soc_set_power_state &rArr; _sys_lower_wfi &rArr; switch_cpu_clock_3M &rArr; request_rc_3M
<P>
<H3>
Mutually Recursive functions
</H3> <LI><a href="#[5]">_timer_int_handler</a>&nbsp;&nbsp;&nbsp;&rArr;&nbsp;&nbsp;&nbsp;<a href="#[5]">_timer_int_handler</a><BR>
</UL>
<P>
<H3>
Function Pointers
</H3><UL>
 <LI><a href="#[0]">Reset_Handler</a> from startup.o(.text) referenced 2 times from startup.o(RESET)
 <LI><a href="#[a]">SystemInit</a> from system.o(.init.once.text."..\\..\\..\\..\\ext\\lib\\actions\\startup\\system.c".0) referenced from startup.o(.text)
 <LI><a href="#[2]">__hard_fault</a> from rom_zephyr_symdefs.txt(ABSOLUTE) referenced 10 times from startup.o(RESET)
 <LI><a href="#[b]">__main</a> from entry.o(.ARM.Collect$$$$00000000) referenced from startup.o(.text)
 <LI><a href="#[1]">__nmi</a> from rom_zephyr_symdefs.txt(ABSOLUTE) referenced from startup.o(RESET)
 <LI><a href="#[4]">__pendsv</a> from rom_zephyr_symdefs.txt(ABSOLUTE) referenced from startup.o(RESET)
 <LI><a href="#[3]">__svc</a> from rom_zephyr_symdefs.txt(ABSOLUTE) referenced from startup.o(RESET)
 <LI><a href="#[6]">_isr_wrapper</a> from rom_zephyr_symdefs.txt(ABSOLUTE) referenced 32 times from startup.o(RESET)
 <LI><a href="#[2e]">_sys_clock_driver_init</a> from rom_zephyr_symdefs.txt(ABSOLUTE) referenced from sys_clock_init.o(.devconfig.init)
 <LI><a href="#[12]">_sys_device_do_config_level</a> from device.o(i._sys_device_do_config_level) referenced from entry.o(i.main)
 <LI><a href="#[14]">_sys_soc_suspend_new</a> from soc_pm.o(i._sys_soc_suspend_new) referenced from soc_pm.o(i.patch_sys_soc_suspend)
 <LI><a href="#[5]">_timer_int_handler</a> from startup.o(.text) referenced from startup.o(RESET)
 <LI><a href="#[1e]">adc_acts_disable</a> from rom_zephyr_symdefs.txt(ABSOLUTE) referenced from adc_acts.o(.constdata)
 <LI><a href="#[1d]">adc_acts_enable</a> from rom_zephyr_symdefs.txt(ABSOLUTE) referenced from adc_acts.o(.constdata)
 <LI><a href="#[32]">adc_acts_init</a> from rom_zephyr_symdefs.txt(ABSOLUTE) referenced from adc_acts.o(.devconfig.init)
 <LI><a href="#[1f]">adc_acts_read_new</a> from adc_acts.o(i.adc_acts_read_new) referenced from adc_acts.o(.constdata)
 <LI><a href="#[21]">adckey_acts_disable_new</a> from adckey_acts.o(i.adckey_acts_disable_new) referenced from adckey_acts.o(.constdata)
 <LI><a href="#[20]">adckey_acts_enable_new</a> from adckey_acts.o(i.adckey_acts_enable_new) referenced from adckey_acts.o(.constdata)
 <LI><a href="#[33]">adckey_acts_init_new</a> from adckey_acts.o(i.adckey_acts_init_new) referenced 2 times from adckey_acts.o(.devconfig.init)
 <LI><a href="#[24]">adckey_acts_irq_config</a> from adckey_acts.o(i.adckey_acts_irq_config) referenced from adckey_acts.o(.constdata)
 <LI><a href="#[c]">adckey_acts_poll_new</a> from adckey_acts.o(i.adckey_acts_poll_new) referenced from adckey_acts.o(i.adckey_acts_init_new)
 <LI><a href="#[22]">adckey_acts_register_notify_new</a> from adckey_acts.o(i.adckey_acts_register_notify_new) referenced from adckey_acts.o(.constdata)
 <LI><a href="#[23]">adckey_acts_unregister_notify_new</a> from adckey_acts.o(i.adckey_acts_unregister_notify_new) referenced from adckey_acts.o(.constdata)
 <LI><a href="#[d]">adckey_acts_wakeup_isr</a> from adckey_acts.o(i.adckey_acts_wakeup_isr) referenced from adckey_acts.o(i.adckey_acts_irq_config)
 <LI><a href="#[34]">adckey_device_ctrl</a> from adckey_acts.o(i.adckey_device_ctrl) referenced 2 times from adckey_acts.o(.devconfig.init)
 <LI><a href="#[e]">adckey_input_notify</a> from main.o(i.adckey_input_notify) referenced from main.o(i.app_main)
 <LI><a href="#[13]">app_main</a> from main.o(i.app_main) referenced from entry.o(i.main)
 <LI><a href="#[f]">batt_timer_handler</a> from app_batt.o(i.batt_timer_handler) referenced from app_batt.o(i.batt_manager_init)
 <LI><a href="#[2c]">board_early_init</a> from board.o(.init.once.text."..\\..\\..\\..\\boards\\board.c".2) referenced from board.o(.devconfig.init)
 <LI><a href="#[28]">device_busy_clear</a> from rom_zephyr_symdefs.txt(ABSOLUTE) referenced from device.o(.patch_hw_func)
 <LI><a href="#[27]">device_busy_clear_new</a> from device.o(i.device_busy_clear_new) referenced from device.o(.patch_hw_func)
 <LI><a href="#[26]">device_busy_set</a> from rom_zephyr_symdefs.txt(ABSOLUTE) referenced from device.o(.patch_hw_func)
 <LI><a href="#[25]">device_busy_set_new</a> from device.o(i.device_busy_set_new) referenced from device.o(.patch_hw_func)
 <LI><a href="#[11]">device_get_binding</a> from device.o(i.device_get_binding) referenced from entry.o(i.main)
 <LI><a href="#[15]">device_pm_control_nop</a> from rom_zephyr_symdefs.txt(ABSOLUTE) referenced 6 times from board.o(.devconfig.init)
 <LI><a href="#[15]">device_pm_control_nop</a> from rom_zephyr_symdefs.txt(ABSOLUTE) referenced from device.o(i.set_devices_state)
 <LI><a href="#[2a]">k_delayed_work_cancel</a> from rom_zephyr_symdefs.txt(ABSOLUTE) referenced from system_work_q.o(.patch_hw_func)
 <LI><a href="#[35]">k_sys_work_q_init</a> from rom_zephyr_symdefs.txt(ABSOLUTE) referenced from system_work_q.o(.devconfig.init)
 <LI><a href="#[10]">kernel_config_init</a> from kernel_config_init.o(.init.once.text."..\\..\\..\\..\\kernel\\kernel_config_init.c".4) referenced from entry.o(i.main)
 <LI><a href="#[7]">main</a> from entry.o(i.main) referenced from entry9a.o(.ARM.Collect$$$$0000000B)
 <LI><a href="#[29]">new_k_delayed_work_cancel</a> from system_work_q.o(i.new_k_delayed_work_cancel) referenced from system_work_q.o(.patch_hw_func)
 <LI><a href="#[1a]">timer_acts_callback_set</a> from timer_acts.o(i.timer_acts_callback_set) referenced from timer_acts.o(.constdata)
 <LI><a href="#[2b]">timer_acts_config_irq</a> from timer_acts.o(i.timer_acts_config_irq) referenced from timer_acts.o(.data)
 <LI><a href="#[31]">timer_acts_init</a> from timer_acts.o(i.timer_acts_init) referenced from timer_acts.o(.devconfig.init)
 <LI><a href="#[16]">timer_acts_isr</a> from timer_acts.o(i.timer_acts_isr) referenced from timer_acts.o(i.timer_acts_config_irq)
 <LI><a href="#[18]">timer_acts_start</a> from timer_acts.o(i.timer_acts_start) referenced from timer_acts.o(.constdata)
 <LI><a href="#[19]">timer_acts_stop</a> from timer_acts.o(i.timer_acts_stop) referenced from timer_acts.o(.constdata)
 <LI><a href="#[1c]">timer_acts_user_data_get</a> from timer_acts.o(i.timer_acts_user_data_get) referenced from timer_acts.o(.constdata)
 <LI><a href="#[1b]">timer_acts_user_data_set</a> from timer_acts.o(i.timer_acts_user_data_set) referenced from timer_acts.o(.constdata)
 <LI><a href="#[8]">timer_irq_handler</a> from rom_zephyr_symdefs.txt(ABSOLUTE) referenced from board.o(.init.once.text."..\\..\\..\\..\\boards\\board.c".2)
 <LI><a href="#[2f]">uart_acts_init</a> from rom_zephyr_symdefs.txt(ABSOLUTE) referenced from uart_acts.o(.devconfig.init)
 <LI><a href="#[17]">uart_acts_irq_config_0</a> from uart_acts.o(.init.once.text."..\\..\\..\\..\\drivers\\uart\\uart_acts.c".0) referenced from uart_acts.o(.constdata)
 <LI><a href="#[9]">uart_acts_isr</a> from rom_zephyr_symdefs.txt(ABSOLUTE) referenced from uart_acts.o(.init.once.text."..\\..\\..\\..\\drivers\\uart\\uart_acts.c".0)
 <LI><a href="#[2d]">uart_console_init_new</a> from uart_console.o(i.uart_console_init_new) referenced from uart_console.o(.devconfig.init)
 <LI><a href="#[30]">uart_device_ctrl</a> from uart_acts.o(i.uart_device_ctrl) referenced from uart_acts.o(.devconfig.init)
</UL>
<P>
<H3>
Global Symbols
</H3>
<P><STRONG><a name="[5a]"></a>__aeabi_uidivmod</STRONG> (Thumb, 0 bytes, Stack size 0 bytes, rom_zephyr_symdefs.txt(ABSOLUTE))
<BR><BR>[Called By]<UL><LI><a href="#[59]">&gt;&gt;</a>&nbsp;&nbsp;&nbsp;_ms_to_cycle (via Veneer)
</UL>

<P><STRONG><a name="[89]"></a>__aeabi_idivmod</STRONG> (Thumb, 0 bytes, Stack size 0 bytes, rom_zephyr_symdefs.txt(ABSOLUTE))
<BR><BR>[Called By]<UL><LI><a href="#[7a]">&gt;&gt;</a>&nbsp;&nbsp;&nbsp;update_battry_value (via Veneer)
<LI><a href="#[25]">&gt;&gt;</a>&nbsp;&nbsp;&nbsp;device_busy_set_new (via Veneer)
<LI><a href="#[27]">&gt;&gt;</a>&nbsp;&nbsp;&nbsp;device_busy_clear_new (via Veneer)
<LI><a href="#[6a]">&gt;&gt;</a>&nbsp;&nbsp;&nbsp;update_adckey_map (via Veneer)
</UL>

<P><STRONG><a name="[8c]"></a>strcmp</STRONG> (Thumb, 0 bytes, Stack size 0 bytes, rom_zephyr_symdefs.txt(ABSOLUTE))
<BR><BR>[Called By]<UL><LI><a href="#[11]">&gt;&gt;</a>&nbsp;&nbsp;&nbsp;device_get_binding (via Veneer)
</UL>

<P><STRONG><a name="[4d]"></a>main_thread_init</STRONG> (Thumb, 0 bytes, Stack size 0 bytes, rom_zephyr_symdefs.txt(ABSOLUTE))
<BR><BR>[Called By]<UL><LI><a href="#[10]">&gt;&gt;</a>&nbsp;&nbsp;&nbsp;kernel_config_init (via Veneer)
</UL>

<P><STRONG><a name="[4e]"></a>idle_thread_init</STRONG> (Thumb, 0 bytes, Stack size 0 bytes, rom_zephyr_symdefs.txt(ABSOLUTE))
<BR><BR>[Called By]<UL><LI><a href="#[10]">&gt;&gt;</a>&nbsp;&nbsp;&nbsp;kernel_config_init (via Veneer)
</UL>

<P><STRONG><a name="[4f]"></a>interrupt_stack_init</STRONG> (Thumb, 0 bytes, Stack size 0 bytes, rom_zephyr_symdefs.txt(ABSOLUTE))
<BR><BR>[Called By]<UL><LI><a href="#[10]">&gt;&gt;</a>&nbsp;&nbsp;&nbsp;kernel_config_init (via Veneer)
</UL>

<P><STRONG><a name="[15]"></a>device_pm_control_nop</STRONG> (Thumb, 0 bytes, Stack size 0 bytes, rom_zephyr_symdefs.txt(ABSOLUTE), UNUSED)
<BR>[Address Reference Count : 7]<UL><LI> system_work_q.o(.devconfig.init)
<LI> timer_acts.o(.devconfig.init)
<LI> sys_clock_init.o(.devconfig.init)
<LI> board.o(.devconfig.init)
<LI> uart_console.o(.devconfig.init)
<LI> adc_acts.o(.devconfig.init)
<LI> device.o(i.set_devices_state)
</UL>
<P><STRONG><a name="[26]"></a>device_busy_set</STRONG> (Thumb, 0 bytes, Stack size 0 bytes, rom_zephyr_symdefs.txt(ABSOLUTE), UNUSED)
<BR>[Address Reference Count : 1]<UL><LI> device.o(.patch_hw_func)
</UL>
<P><STRONG><a name="[28]"></a>device_busy_clear</STRONG> (Thumb, 0 bytes, Stack size 0 bytes, rom_zephyr_symdefs.txt(ABSOLUTE), UNUSED)
<BR>[Address Reference Count : 1]<UL><LI> device.o(.patch_hw_func)
</UL>
<P><STRONG><a name="[76]"></a>k_sleep</STRONG> (Thumb, 0 bytes, Stack size 0 bytes, rom_zephyr_symdefs.txt(ABSOLUTE))
<BR><BR>[Called By]<UL><LI><a href="#[13]">&gt;&gt;</a>&nbsp;&nbsp;&nbsp;app_main (via Veneer)
</UL>

<P><STRONG><a name="[2a]"></a>k_delayed_work_cancel</STRONG> (Thumb, 0 bytes, Stack size 0 bytes, rom_zephyr_symdefs.txt(ABSOLUTE), UNUSED)
<BR>[Address Reference Count : 1]<UL><LI> system_work_q.o(.patch_hw_func)
</UL>
<P><STRONG><a name="[50]"></a>sys_work_queue_init</STRONG> (Thumb, 0 bytes, Stack size 0 bytes, rom_zephyr_symdefs.txt(ABSOLUTE))
<BR><BR>[Called By]<UL><LI><a href="#[10]">&gt;&gt;</a>&nbsp;&nbsp;&nbsp;kernel_config_init (via Veneer)
</UL>

<P><STRONG><a name="[35]"></a>k_sys_work_q_init</STRONG> (Thumb, 0 bytes, Stack size 0 bytes, rom_zephyr_symdefs.txt(ABSOLUTE), UNUSED)
<BR>[Address Reference Count : 1]<UL><LI> system_work_q.o(.devconfig.init)
</UL>
<P><STRONG><a name="[9a]"></a>uart_console_init</STRONG> (Thumb, 0 bytes, Stack size 0 bytes, rom_zephyr_symdefs.txt(ABSOLUTE))
<BR><BR>[Called By]<UL><LI><a href="#[2d]">&gt;&gt;</a>&nbsp;&nbsp;&nbsp;uart_console_init_new (via Veneer)
</UL>

<P><STRONG><a name="[2f]"></a>uart_acts_init</STRONG> (Thumb, 0 bytes, Stack size 0 bytes, rom_zephyr_symdefs.txt(ABSOLUTE), UNUSED)
<BR>[Address Reference Count : 1]<UL><LI> uart_acts.o(.devconfig.init)
</UL>
<P><STRONG><a name="[9]"></a>uart_acts_isr</STRONG> (Thumb, 0 bytes, Stack size 0 bytes, rom_zephyr_symdefs.txt(ABSOLUTE), UNUSED)
<BR>[Address Reference Count : 1]<UL><LI> uart_acts.o(.init.once.text."..\\..\\..\\..\\drivers\\uart\\uart_acts.c".0)
</UL>
<P><STRONG><a name="[8]"></a>timer_irq_handler</STRONG> (Thumb, 0 bytes, Stack size 0 bytes, rom_zephyr_symdefs.txt(ABSOLUTE), UNUSED)
<BR>[Address Reference Count : 1]<UL><LI> board.o(.init.once.text."..\\..\\..\\..\\boards\\board.c".2)
</UL>
<P><STRONG><a name="[82]"></a>_timer_deepsleep_enter</STRONG> (Thumb, 0 bytes, Stack size 0 bytes, rom_zephyr_symdefs.txt(ABSOLUTE))
<BR><BR>[Called By]<UL><LI><a href="#[63]">&gt;&gt;</a>&nbsp;&nbsp;&nbsp;deep_sleep_entry (via Veneer)
</UL>

<P><STRONG><a name="[84]"></a>_timer_deepsleep_exit</STRONG> (Thumb, 0 bytes, Stack size 0 bytes, rom_zephyr_symdefs.txt(ABSOLUTE))
<BR><BR>[Called By]<UL><LI><a href="#[63]">&gt;&gt;</a>&nbsp;&nbsp;&nbsp;deep_sleep_entry (via Veneer)
</UL>

<P><STRONG><a name="[2e]"></a>_sys_clock_driver_init</STRONG> (Thumb, 0 bytes, Stack size 0 bytes, rom_zephyr_symdefs.txt(ABSOLUTE), UNUSED)
<BR>[Address Reference Count : 1]<UL><LI> sys_clock_init.o(.devconfig.init)
</UL>
<P><STRONG><a name="[1d]"></a>adc_acts_enable</STRONG> (Thumb, 0 bytes, Stack size 0 bytes, rom_zephyr_symdefs.txt(ABSOLUTE), UNUSED)
<BR>[Address Reference Count : 1]<UL><LI> adc_acts.o(.constdata)
</UL>
<P><STRONG><a name="[1e]"></a>adc_acts_disable</STRONG> (Thumb, 0 bytes, Stack size 0 bytes, rom_zephyr_symdefs.txt(ABSOLUTE), UNUSED)
<BR>[Address Reference Count : 1]<UL><LI> adc_acts.o(.constdata)
</UL>
<P><STRONG><a name="[32]"></a>adc_acts_init</STRONG> (Thumb, 0 bytes, Stack size 0 bytes, rom_zephyr_symdefs.txt(ABSOLUTE), UNUSED)
<BR>[Address Reference Count : 1]<UL><LI> adc_acts.o(.devconfig.init)
</UL>
<P><STRONG><a name="[3c]"></a>printk</STRONG> (Thumb, 0 bytes, Stack size 0 bytes, rom_zephyr_symdefs.txt(ABSOLUTE))
<BR><BR>[Called By]<UL><LI><a href="#[7a]">&gt;&gt;</a>&nbsp;&nbsp;&nbsp;update_battry_value (via Veneer)
<LI><a href="#[e]">&gt;&gt;</a>&nbsp;&nbsp;&nbsp;adckey_input_notify (via Veneer)
<LI><a href="#[3d]">&gt;&gt;</a>&nbsp;&nbsp;&nbsp;patch_hw_code (via Veneer)
<LI><a href="#[3b]">&gt;&gt;</a>&nbsp;&nbsp;&nbsp;patch_hw_func (via Veneer)
<LI><a href="#[13]">&gt;&gt;</a>&nbsp;&nbsp;&nbsp;app_main (via Veneer)
<LI><a href="#[6f]">&gt;&gt;</a>&nbsp;&nbsp;&nbsp;adckey_timer_stop (via Veneer)
<LI><a href="#[73]">&gt;&gt;</a>&nbsp;&nbsp;&nbsp;adckey_timer_start (via Veneer)
<LI><a href="#[24]">&gt;&gt;</a>&nbsp;&nbsp;&nbsp;adckey_acts_irq_config (via Veneer)
<LI><a href="#[33]">&gt;&gt;</a>&nbsp;&nbsp;&nbsp;adckey_acts_init_new (via Veneer)
</UL>

<P><STRONG><a name="[43]"></a>acts_delay_us</STRONG> (Thumb, 0 bytes, Stack size 0 bytes, rom_zephyr_symdefs.txt(ABSOLUTE))
<BR><BR>[Called By]<UL><LI><a href="#[2c]">&gt;&gt;</a>&nbsp;&nbsp;&nbsp;board_early_init (via Veneer)
<LI><a href="#[60]">&gt;&gt;</a>&nbsp;&nbsp;&nbsp;request_32M_XTAL (via Veneer)
<LI><a href="#[5b]">&gt;&gt;</a>&nbsp;&nbsp;&nbsp;_sys_soc_set_power_state (via Veneer)
</UL>

<P><STRONG><a name="[96]"></a>acts_reset_peripheral</STRONG> (Thumb, 0 bytes, Stack size 0 bytes, rom_zephyr_symdefs.txt(ABSOLUTE))
<BR><BR>[Called By]<UL><LI><a href="#[95]">&gt;&gt;</a>&nbsp;&nbsp;&nbsp;uart_acts_resume_device_from_suspend (via Veneer)
</UL>

<P><STRONG><a name="[48]"></a>acts_pinmux_setup_pins</STRONG> (Thumb, 0 bytes, Stack size 0 bytes, rom_zephyr_symdefs.txt(ABSOLUTE))
<BR><BR>[Called By]<UL><LI><a href="#[2c]">&gt;&gt;</a>&nbsp;&nbsp;&nbsp;board_early_init (via Veneer)
</UL>

<P><STRONG><a name="[75]"></a>app_get_wake_lock</STRONG> (Thumb, 0 bytes, Stack size 0 bytes, rom_zephyr_symdefs.txt(ABSOLUTE))
<BR><BR>[Called By]<UL><LI><a href="#[13]">&gt;&gt;</a>&nbsp;&nbsp;&nbsp;app_main (via Veneer)
</UL>

<P><STRONG><a name="[77]"></a>app_release_wake_lock</STRONG> (Thumb, 0 bytes, Stack size 0 bytes, rom_zephyr_symdefs.txt(ABSOLUTE))
<BR><BR>[Called By]<UL><LI><a href="#[13]">&gt;&gt;</a>&nbsp;&nbsp;&nbsp;app_main (via Veneer)
</UL>

<P><STRONG><a name="[44]"></a>acts_request_vd12_pd</STRONG> (Thumb, 0 bytes, Stack size 0 bytes, rom_zephyr_symdefs.txt(ABSOLUTE))
<BR><BR>[Called By]<UL><LI><a href="#[2c]">&gt;&gt;</a>&nbsp;&nbsp;&nbsp;board_early_init (via Veneer)
</UL>

<P><STRONG><a name="[45]"></a>acts_request_vd12_largebias</STRONG> (Thumb, 0 bytes, Stack size 0 bytes, rom_zephyr_symdefs.txt(ABSOLUTE))
<BR><BR>[Called By]<UL><LI><a href="#[2c]">&gt;&gt;</a>&nbsp;&nbsp;&nbsp;board_early_init (via Veneer)
</UL>

<P><STRONG><a name="[42]"></a>acts_set_vdd</STRONG> (Thumb, 0 bytes, Stack size 0 bytes, rom_zephyr_symdefs.txt(ABSOLUTE))
<BR><BR>[Called By]<UL><LI><a href="#[2c]">&gt;&gt;</a>&nbsp;&nbsp;&nbsp;board_early_init (via Veneer)
<LI><a href="#[5b]">&gt;&gt;</a>&nbsp;&nbsp;&nbsp;_sys_soc_set_power_state (via Veneer)
</UL>

<P><STRONG><a name="[92]"></a>acts_clock_peripheral_enable</STRONG> (Thumb, 0 bytes, Stack size 0 bytes, rom_zephyr_symdefs.txt(ABSOLUTE))
<BR><BR>[Called By]<UL><LI><a href="#[31]">&gt;&gt;</a>&nbsp;&nbsp;&nbsp;timer_acts_init (via Veneer)
<LI><a href="#[95]">&gt;&gt;</a>&nbsp;&nbsp;&nbsp;uart_acts_resume_device_from_suspend (via Veneer)
</UL>

<P><STRONG><a name="[99]"></a>acts_clock_peripheral_disable</STRONG> (Thumb, 0 bytes, Stack size 0 bytes, rom_zephyr_symdefs.txt(ABSOLUTE))
<BR><BR>[Called By]<UL><LI><a href="#[98]">&gt;&gt;</a>&nbsp;&nbsp;&nbsp;uart_acts_suspend_device (via Veneer)
</UL>

<P><STRONG><a name="[46]"></a>acts_request_rc_3M</STRONG> (Thumb, 0 bytes, Stack size 0 bytes, rom_zephyr_symdefs.txt(ABSOLUTE))
<BR><BR>[Called By]<UL><LI><a href="#[2c]">&gt;&gt;</a>&nbsp;&nbsp;&nbsp;board_early_init (via Veneer)
</UL>

<P><STRONG><a name="[41]"></a>acts_efuse_read</STRONG> (Thumb, 0 bytes, Stack size 0 bytes, rom_zephyr_symdefs.txt(ABSOLUTE))
<BR><BR>[Called By]<UL><LI><a href="#[40]">&gt;&gt;</a>&nbsp;&nbsp;&nbsp;set_ic_feature (via Veneer)
</UL>

<P><STRONG><a name="[4]"></a>__pendsv</STRONG> (Thumb, 0 bytes, Stack size 0 bytes, rom_zephyr_symdefs.txt(ABSOLUTE), UNUSED)
<BR>[Address Reference Count : 1]<UL><LI> startup.o(RESET)
</UL>
<P><STRONG><a name="[3]"></a>__svc</STRONG> (Thumb, 0 bytes, Stack size 0 bytes, rom_zephyr_symdefs.txt(ABSOLUTE), UNUSED)
<BR>[Address Reference Count : 1]<UL><LI> startup.o(RESET)
</UL>
<P><STRONG><a name="[4a]"></a>_arch_irq_enable</STRONG> (Thumb, 0 bytes, Stack size 0 bytes, rom_zephyr_symdefs.txt(ABSOLUTE))
<BR><BR>[Called By]<UL><LI><a href="#[2b]">&gt;&gt;</a>&nbsp;&nbsp;&nbsp;timer_acts_config_irq (via Veneer)
<LI><a href="#[17]">&gt;&gt;</a>&nbsp;&nbsp;&nbsp;uart_acts_irq_config_0 (via Veneer)
<LI><a href="#[71]">&gt;&gt;</a>&nbsp;&nbsp;&nbsp;adckey_acts_suspend_device (via Veneer)
<LI><a href="#[24]">&gt;&gt;</a>&nbsp;&nbsp;&nbsp;adckey_acts_irq_config (via Veneer)
</UL>

<P><STRONG><a name="[72]"></a>_arch_irq_disable</STRONG> (Thumb, 0 bytes, Stack size 0 bytes, rom_zephyr_symdefs.txt(ABSOLUTE))
<BR><BR>[Called By]<UL><LI><a href="#[d]">&gt;&gt;</a>&nbsp;&nbsp;&nbsp;adckey_acts_wakeup_isr (via Veneer)
</UL>

<P><STRONG><a name="[49]"></a>_irq_priority_set</STRONG> (Thumb, 0 bytes, Stack size 0 bytes, rom_zephyr_symdefs.txt(ABSOLUTE))
<BR><BR>[Called By]<UL><LI><a href="#[2b]">&gt;&gt;</a>&nbsp;&nbsp;&nbsp;timer_acts_config_irq (via Veneer)
<LI><a href="#[17]">&gt;&gt;</a>&nbsp;&nbsp;&nbsp;uart_acts_irq_config_0 (via Veneer)
<LI><a href="#[2c]">&gt;&gt;</a>&nbsp;&nbsp;&nbsp;board_early_init (via Veneer)
<LI><a href="#[24]">&gt;&gt;</a>&nbsp;&nbsp;&nbsp;adckey_acts_irq_config (via Veneer)
</UL>

<P><STRONG><a name="[2]"></a>__hard_fault</STRONG> (Thumb, 0 bytes, Stack size 0 bytes, rom_zephyr_symdefs.txt(ABSOLUTE), UNUSED)
<BR>[Address Reference Count : 1]<UL><LI> startup.o(RESET)
</UL>
<P><STRONG><a name="[6]"></a>_isr_wrapper</STRONG> (Thumb, 0 bytes, Stack size 0 bytes, rom_zephyr_symdefs.txt(ABSOLUTE), UNUSED)
<BR>[Address Reference Count : 1]<UL><LI> startup.o(RESET)
</UL>
<P><STRONG><a name="[8e]"></a>_PrepC</STRONG> (Thumb, 0 bytes, Stack size 0 bytes, rom_zephyr_symdefs.txt(ABSOLUTE))
<BR><BR>[Called By]<UL><LI><a href="#[7]">&gt;&gt;</a>&nbsp;&nbsp;&nbsp;main (via Veneer)
</UL>

<P><STRONG><a name="[1]"></a>__nmi</STRONG> (Thumb, 0 bytes, Stack size 0 bytes, rom_zephyr_symdefs.txt(ABSOLUTE), UNUSED)
<BR>[Address Reference Count : 1]<UL><LI> startup.o(RESET)
</UL>
<P><STRONG><a name="[88]"></a>atomic_get</STRONG> (Thumb, 0 bytes, Stack size 0 bytes, rom_zephyr_symdefs.txt(ABSOLUTE))
<BR><BR>[Called By]<UL><LI><a href="#[7d]">&gt;&gt;</a>&nbsp;&nbsp;&nbsp;device_any_busy_check (via Veneer)
<LI><a href="#[29]">&gt;&gt;</a>&nbsp;&nbsp;&nbsp;new_k_delayed_work_cancel (via Veneer)
</UL>

<P><STRONG><a name="[8b]"></a>atomic_or</STRONG> (Thumb, 0 bytes, Stack size 0 bytes, rom_zephyr_symdefs.txt(ABSOLUTE))
<BR><BR>[Called By]<UL><LI><a href="#[25]">&gt;&gt;</a>&nbsp;&nbsp;&nbsp;device_busy_set_new (via Veneer)
</UL>

<P><STRONG><a name="[8a]"></a>atomic_and</STRONG> (Thumb, 0 bytes, Stack size 0 bytes, rom_zephyr_symdefs.txt(ABSOLUTE))
<BR><BR>[Called By]<UL><LI><a href="#[29]">&gt;&gt;</a>&nbsp;&nbsp;&nbsp;new_k_delayed_work_cancel (via Veneer)
<LI><a href="#[27]">&gt;&gt;</a>&nbsp;&nbsp;&nbsp;device_busy_clear_new (via Veneer)
</UL>

<P><STRONG><a name="[7b]"></a>k_timer_init</STRONG> (Thumb, 0 bytes, Stack size 0 bytes, rom_zephyr_symdefs.txt(ABSOLUTE))
<BR><BR>[Called By]<UL><LI><a href="#[79]">&gt;&gt;</a>&nbsp;&nbsp;&nbsp;batt_manager_init (via Veneer)
</UL>

<P><STRONG><a name="[7c]"></a>k_timer_start</STRONG> (Thumb, 0 bytes, Stack size 0 bytes, rom_zephyr_symdefs.txt(ABSOLUTE))
<BR><BR>[Called By]<UL><LI><a href="#[79]">&gt;&gt;</a>&nbsp;&nbsp;&nbsp;batt_manager_init (via Veneer)
</UL>

<P><STRONG><a name="[b]"></a>__main</STRONG> (Thumb, 0 bytes, Stack size unknown bytes, entry.o(.ARM.Collect$$$$00000000))
<BR>[Address Reference Count : 1]<UL><LI> startup.o(.text)
</UL>
<P><STRONG><a name="[9e]"></a>_main_stk</STRONG> (Thumb, 0 bytes, Stack size unknown bytes, entry2.o(.ARM.Collect$$$$00000001))

<P><STRONG><a name="[39]"></a>_main_scatterload</STRONG> (Thumb, 0 bytes, Stack size unknown bytes, entry5.o(.ARM.Collect$$$$00000004))
<BR><BR>[Calls]<UL><LI><a href="#[3a]">&gt;&gt;</a>&nbsp;&nbsp;&nbsp;__scatterload
</UL>

<P><STRONG><a name="[58]"></a>__main_after_scatterload</STRONG> (Thumb, 0 bytes, Stack size unknown bytes, entry5.o(.ARM.Collect$$$$00000004))
<BR><BR>[Called By]<UL><LI><a href="#[3a]">&gt;&gt;</a>&nbsp;&nbsp;&nbsp;__scatterload
</UL>

<P><STRONG><a name="[9f]"></a>_main_clock</STRONG> (Thumb, 0 bytes, Stack size unknown bytes, entry7b.o(.ARM.Collect$$$$00000008))

<P><STRONG><a name="[a0]"></a>_main_cpp_init</STRONG> (Thumb, 0 bytes, Stack size unknown bytes, entry8b.o(.ARM.Collect$$$$0000000A))

<P><STRONG><a name="[a1]"></a>_main_init</STRONG> (Thumb, 0 bytes, Stack size unknown bytes, entry9a.o(.ARM.Collect$$$$0000000B))

<P><STRONG><a name="[a2]"></a>__rt_final_cpp</STRONG> (Thumb, 0 bytes, Stack size unknown bytes, entry10a.o(.ARM.Collect$$$$0000000D))

<P><STRONG><a name="[a3]"></a>__rt_final_exit</STRONG> (Thumb, 0 bytes, Stack size unknown bytes, entry11a.o(.ARM.Collect$$$$0000000F))

<P><STRONG><a name="[3b]"></a>patch_hw_func</STRONG> (Thumb, 94 bytes, Stack size 32 bytes, soc_patch.o(.init.once.text."..\\..\\..\\..\\arch\\soc\\atb110x\\soc_patch.c".0))
<BR><BR>[Stack]<UL><LI>Max Depth = 32<LI>Call Chain = patch_hw_func
</UL>
<BR>[Calls]<UL><LI><a href="#[3c]">&gt;&gt;</a>&nbsp;&nbsp;&nbsp;printk (via Veneer)
</UL>
<BR>[Called By]<UL><LI><a href="#[2c]">&gt;&gt;</a>&nbsp;&nbsp;&nbsp;board_early_init
</UL>

<P><STRONG><a name="[3d]"></a>patch_hw_code</STRONG> (Thumb, 86 bytes, Stack size 32 bytes, soc_patch.o(.init.once.text."..\\..\\..\\..\\arch\\soc\\atb110x\\soc_patch.c".1))
<BR><BR>[Stack]<UL><LI>Max Depth = 32<LI>Call Chain = patch_hw_code
</UL>
<BR>[Calls]<UL><LI><a href="#[3c]">&gt;&gt;</a>&nbsp;&nbsp;&nbsp;printk (via Veneer)
</UL>
<BR>[Called By]<UL><LI><a href="#[2c]">&gt;&gt;</a>&nbsp;&nbsp;&nbsp;board_early_init
</UL>

<P><STRONG><a name="[3e]"></a>patch_sw</STRONG> (Thumb, 8 bytes, Stack size 8 bytes, soc_patch.o(.init.once.text."..\\..\\..\\..\\arch\\soc\\atb110x\\soc_patch.c".2))
<BR><BR>[Stack]<UL><LI>Max Depth = 8<LI>Call Chain = patch_sw
</UL>
<BR>[Calls]<UL><LI><a href="#[3f]">&gt;&gt;</a>&nbsp;&nbsp;&nbsp;patch_sys_soc_suspend
</UL>
<BR>[Called By]<UL><LI><a href="#[2c]">&gt;&gt;</a>&nbsp;&nbsp;&nbsp;board_early_init
</UL>

<P><STRONG><a name="[40]"></a>set_ic_feature</STRONG> (Thumb, 36 bytes, Stack size 8 bytes, board.o(.init.once.text."..\\..\\..\\..\\boards\\board.c".1))
<BR><BR>[Stack]<UL><LI>Max Depth = 8<LI>Call Chain = set_ic_feature
</UL>
<BR>[Calls]<UL><LI><a href="#[41]">&gt;&gt;</a>&nbsp;&nbsp;&nbsp;acts_efuse_read (via Veneer)
</UL>
<BR>[Called By]<UL><LI><a href="#[2c]">&gt;&gt;</a>&nbsp;&nbsp;&nbsp;board_early_init
</UL>

<P><STRONG><a name="[2c]"></a>board_early_init</STRONG> (Thumb, 116 bytes, Stack size 16 bytes, board.o(.init.once.text."..\\..\\..\\..\\boards\\board.c".2))
<BR><BR>[Stack]<UL><LI>Max Depth = 48<LI>Call Chain = board_early_init &rArr; patch_hw_code
</UL>
<BR>[Calls]<UL><LI><a href="#[44]">&gt;&gt;</a>&nbsp;&nbsp;&nbsp;acts_request_vd12_pd (via Veneer)
<LI><a href="#[45]">&gt;&gt;</a>&nbsp;&nbsp;&nbsp;acts_request_vd12_largebias (via Veneer)
<LI><a href="#[46]">&gt;&gt;</a>&nbsp;&nbsp;&nbsp;acts_request_rc_3M (via Veneer)
<LI><a href="#[48]">&gt;&gt;</a>&nbsp;&nbsp;&nbsp;acts_pinmux_setup_pins (via Veneer)
<LI><a href="#[49]">&gt;&gt;</a>&nbsp;&nbsp;&nbsp;_irq_priority_set (via Veneer)
<LI><a href="#[40]">&gt;&gt;</a>&nbsp;&nbsp;&nbsp;set_ic_feature
<LI><a href="#[47]">&gt;&gt;</a>&nbsp;&nbsp;&nbsp;sys_write32
<LI><a href="#[42]">&gt;&gt;</a>&nbsp;&nbsp;&nbsp;acts_set_vdd (via Veneer)
<LI><a href="#[43]">&gt;&gt;</a>&nbsp;&nbsp;&nbsp;acts_delay_us (via Veneer)
<LI><a href="#[3e]">&gt;&gt;</a>&nbsp;&nbsp;&nbsp;patch_sw
<LI><a href="#[3d]">&gt;&gt;</a>&nbsp;&nbsp;&nbsp;patch_hw_code
<LI><a href="#[3b]">&gt;&gt;</a>&nbsp;&nbsp;&nbsp;patch_hw_func
</UL>
<BR>[Address Reference Count : 1]<UL><LI> board.o(.devconfig.init)
</UL>
<P><STRONG><a name="[a]"></a>SystemInit</STRONG> (Thumb, 16 bytes, Stack size 8 bytes, system.o(.init.once.text."..\\..\\..\\..\\ext\\lib\\actions\\startup\\system.c".0))
<BR><BR>[Stack]<UL><LI>Max Depth = 16<LI>Call Chain = SystemInit &rArr; debug_uart_init
</UL>
<BR>[Calls]<UL><LI><a href="#[4c]">&gt;&gt;</a>&nbsp;&nbsp;&nbsp;debug_uart_init
<LI><a href="#[4b]">&gt;&gt;</a>&nbsp;&nbsp;&nbsp;sys_write32
</UL>
<BR>[Address Reference Count : 1]<UL><LI> startup.o(.text)
</UL>
<P><STRONG><a name="[10]"></a>kernel_config_init</STRONG> (Thumb, 124 bytes, Stack size 8 bytes, kernel_config_init.o(.init.once.text."..\\..\\..\\..\\kernel\\kernel_config_init.c".4))
<BR><BR>[Stack]<UL><LI>Max Depth = 8<LI>Call Chain = kernel_config_init
</UL>
<BR>[Calls]<UL><LI><a href="#[50]">&gt;&gt;</a>&nbsp;&nbsp;&nbsp;sys_work_queue_init (via Veneer)
<LI><a href="#[4d]">&gt;&gt;</a>&nbsp;&nbsp;&nbsp;main_thread_init (via Veneer)
<LI><a href="#[4f]">&gt;&gt;</a>&nbsp;&nbsp;&nbsp;interrupt_stack_init (via Veneer)
<LI><a href="#[4e]">&gt;&gt;</a>&nbsp;&nbsp;&nbsp;idle_thread_init (via Veneer)
</UL>
<BR>[Address Reference Count : 1]<UL><LI> entry.o(i.main)
</UL>
<P><STRONG><a name="[0]"></a>Reset_Handler</STRONG> (Thumb, 36 bytes, Stack size 0 bytes, startup.o(.text))
<BR><BR>[Calls]<UL><LI><a href="#[51]">&gt;&gt;</a>&nbsp;&nbsp;&nbsp;__aeabi_memset
</UL>
<BR>[Address Reference Count : 1]<UL><LI> startup.o(RESET)
</UL>
<P><STRONG><a name="[64]"></a>_arch_irq_lock_s</STRONG> (Thumb, 8 bytes, Stack size 0 bytes, startup.o(.text))
<BR><BR>[Called By]<UL><LI><a href="#[19]">&gt;&gt;</a>&nbsp;&nbsp;&nbsp;timer_acts_stop
<LI><a href="#[18]">&gt;&gt;</a>&nbsp;&nbsp;&nbsp;timer_acts_start
<LI><a href="#[29]">&gt;&gt;</a>&nbsp;&nbsp;&nbsp;new_k_delayed_work_cancel
<LI><a href="#[1f]">&gt;&gt;</a>&nbsp;&nbsp;&nbsp;adc_acts_read_new
</UL>

<P><STRONG><a name="[65]"></a>_arch_irq_unlock_s</STRONG> (Thumb, 8 bytes, Stack size 0 bytes, startup.o(.text))
<BR><BR>[Called By]<UL><LI><a href="#[19]">&gt;&gt;</a>&nbsp;&nbsp;&nbsp;timer_acts_stop
<LI><a href="#[18]">&gt;&gt;</a>&nbsp;&nbsp;&nbsp;timer_acts_start
<LI><a href="#[29]">&gt;&gt;</a>&nbsp;&nbsp;&nbsp;new_k_delayed_work_cancel
<LI><a href="#[1f]">&gt;&gt;</a>&nbsp;&nbsp;&nbsp;adc_acts_read_new
</UL>

<P><STRONG><a name="[5]"></a>_timer_int_handler</STRONG> (Thumb, 2 bytes, Stack size 0 bytes, startup.o(.text))
<BR><BR>[Calls]<UL><LI><a href="#[5]">&gt;&gt;</a>&nbsp;&nbsp;&nbsp;_timer_int_handler
</UL>
<BR>[Called By]<UL><LI><a href="#[5]">&gt;&gt;</a>&nbsp;&nbsp;&nbsp;_timer_int_handler
</UL>
<BR>[Address Reference Count : 1]<UL><LI> startup.o(RESET)
</UL>
<P><STRONG><a name="[51]"></a>__aeabi_memset</STRONG> (Thumb, 14 bytes, Stack size 0 bytes, memseta.o(.text))
<BR><BR>[Called By]<UL><LI><a href="#[0]">&gt;&gt;</a>&nbsp;&nbsp;&nbsp;Reset_Handler
<LI><a href="#[53]">&gt;&gt;</a>&nbsp;&nbsp;&nbsp;_memset$wrapper
<LI><a href="#[52]">&gt;&gt;</a>&nbsp;&nbsp;&nbsp;__aeabi_memclr
</UL>

<P><STRONG><a name="[a4]"></a>__aeabi_memset4</STRONG> (Thumb, 0 bytes, Stack size 0 bytes, memseta.o(.text), UNUSED)

<P><STRONG><a name="[a5]"></a>__aeabi_memset8</STRONG> (Thumb, 0 bytes, Stack size 0 bytes, memseta.o(.text), UNUSED)

<P><STRONG><a name="[52]"></a>__aeabi_memclr</STRONG> (Thumb, 4 bytes, Stack size 0 bytes, memseta.o(.text), UNUSED)
<BR><BR>[Calls]<UL><LI><a href="#[51]">&gt;&gt;</a>&nbsp;&nbsp;&nbsp;__aeabi_memset
</UL>

<P><STRONG><a name="[a6]"></a>__aeabi_memclr4</STRONG> (Thumb, 0 bytes, Stack size 0 bytes, memseta.o(.text), UNUSED)

<P><STRONG><a name="[a7]"></a>__aeabi_memclr8</STRONG> (Thumb, 0 bytes, Stack size 0 bytes, memseta.o(.text), UNUSED)

<P><STRONG><a name="[53]"></a>_memset$wrapper</STRONG> (Thumb, 18 bytes, Stack size 8 bytes, memseta.o(.text), UNUSED)
<BR><BR>[Calls]<UL><LI><a href="#[51]">&gt;&gt;</a>&nbsp;&nbsp;&nbsp;__aeabi_memset
</UL>

<P><STRONG><a name="[6b]"></a>__aeabi_fmul</STRONG> (Thumb, 122 bytes, Stack size 16 bytes, fmul.o(.text))
<BR><BR>[Stack]<UL><LI>Max Depth = 16<LI>Call Chain = __aeabi_fmul
</UL>
<BR>[Called By]<UL><LI><a href="#[68]">&gt;&gt;</a>&nbsp;&nbsp;&nbsp;adckey_acts_get_keycode_new
</UL>

<P><STRONG><a name="[54]"></a>__aeabi_fdiv</STRONG> (Thumb, 124 bytes, Stack size 16 bytes, fdiv.o(.text))
<BR><BR>[Stack]<UL><LI>Max Depth = 16<LI>Call Chain = __aeabi_fdiv
</UL>
<BR>[Calls]<UL><LI><a href="#[55]">&gt;&gt;</a>&nbsp;&nbsp;&nbsp;_float_round
</UL>
<BR>[Called By]<UL><LI><a href="#[68]">&gt;&gt;</a>&nbsp;&nbsp;&nbsp;adckey_acts_get_keycode_new
</UL>

<P><STRONG><a name="[56]"></a>__aeabi_ui2f</STRONG> (Thumb, 14 bytes, Stack size 8 bytes, ffltui.o(.text))
<BR><BR>[Stack]<UL><LI>Max Depth = 20<LI>Call Chain = __aeabi_ui2f &rArr; _float_epilogue
</UL>
<BR>[Calls]<UL><LI><a href="#[57]">&gt;&gt;</a>&nbsp;&nbsp;&nbsp;_float_epilogue
</UL>
<BR>[Called By]<UL><LI><a href="#[68]">&gt;&gt;</a>&nbsp;&nbsp;&nbsp;adckey_acts_get_keycode_new
</UL>

<P><STRONG><a name="[6c]"></a>__aeabi_f2uiz</STRONG> (Thumb, 40 bytes, Stack size 0 bytes, ffixui.o(.text))
<BR><BR>[Called By]<UL><LI><a href="#[68]">&gt;&gt;</a>&nbsp;&nbsp;&nbsp;adckey_acts_get_keycode_new
</UL>

<P><STRONG><a name="[a8]"></a>__I$use$fp</STRONG> (Thumb, 0 bytes, Stack size 0 bytes, iusefp.o(.text), UNUSED)

<P><STRONG><a name="[55]"></a>_float_round</STRONG> (Thumb, 16 bytes, Stack size 0 bytes, fepilogue.o(.text))
<BR><BR>[Called By]<UL><LI><a href="#[54]">&gt;&gt;</a>&nbsp;&nbsp;&nbsp;__aeabi_fdiv
</UL>

<P><STRONG><a name="[57]"></a>_float_epilogue</STRONG> (Thumb, 114 bytes, Stack size 12 bytes, fepilogue.o(.text))
<BR><BR>[Stack]<UL><LI>Max Depth = 12<LI>Call Chain = _float_epilogue
</UL>
<BR>[Called By]<UL><LI><a href="#[56]">&gt;&gt;</a>&nbsp;&nbsp;&nbsp;__aeabi_ui2f
</UL>

<P><STRONG><a name="[3a]"></a>__scatterload</STRONG> (Thumb, 28 bytes, Stack size 0 bytes, init.o(.text))
<BR><BR>[Calls]<UL><LI><a href="#[58]">&gt;&gt;</a>&nbsp;&nbsp;&nbsp;__main_after_scatterload
</UL>
<BR>[Called By]<UL><LI><a href="#[39]">&gt;&gt;</a>&nbsp;&nbsp;&nbsp;_main_scatterload
</UL>

<P><STRONG><a name="[a9]"></a>__scatterload_rt2</STRONG> (Thumb, 0 bytes, Stack size 0 bytes, init.o(.text), UNUSED)

<P><STRONG><a name="[aa]"></a>__scatterload_copy</STRONG> (Thumb, 14 bytes, Stack size unknown bytes, handlers.o(i.__scatterload_copy), UNUSED)

<P><STRONG><a name="[ab]"></a>__scatterload_null</STRONG> (Thumb, 2 bytes, Stack size unknown bytes, handlers.o(i.__scatterload_null), UNUSED)

<P><STRONG><a name="[ac]"></a>__scatterload_zeroinit</STRONG> (Thumb, 14 bytes, Stack size unknown bytes, handlers.o(i.__scatterload_zeroinit), UNUSED)

<P><STRONG><a name="[59]"></a>_ms_to_cycle</STRONG> (Thumb, 64 bytes, Stack size 24 bytes, timer_acts.o(i._ms_to_cycle))
<BR><BR>[Stack]<UL><LI>Max Depth = 24<LI>Call Chain = _ms_to_cycle
</UL>
<BR>[Calls]<UL><LI><a href="#[5a]">&gt;&gt;</a>&nbsp;&nbsp;&nbsp;__aeabi_uidivmod (via Veneer)
</UL>
<BR>[Called By]<UL><LI><a href="#[18]">&gt;&gt;</a>&nbsp;&nbsp;&nbsp;timer_acts_start
<LI><a href="#[16]">&gt;&gt;</a>&nbsp;&nbsp;&nbsp;timer_acts_isr
</UL>

<P><STRONG><a name="[12]"></a>_sys_device_do_config_level</STRONG> (Thumb, 36 bytes, Stack size 16 bytes, device.o(i._sys_device_do_config_level))
<BR><BR>[Stack]<UL><LI>Max Depth = 16<LI>Call Chain = _sys_device_do_config_level
</UL>
<BR>[Address Reference Count : 1]<UL><LI> entry.o(i.main)
</UL>
<P><STRONG><a name="[14]"></a>_sys_soc_suspend_new</STRONG> (Thumb, 74 bytes, Stack size 16 bytes, soc_pm.o(i._sys_soc_suspend_new))
<BR><BR>[Stack]<UL><LI>Max Depth = 120<LI>Call Chain = _sys_soc_suspend_new &rArr; deep_sleep_entry &rArr; _sys_soc_set_power_state &rArr; _sys_lower_wfi &rArr; switch_cpu_clock_3M &rArr; request_rc_3M
</UL>
<BR>[Calls]<UL><LI><a href="#[63]">&gt;&gt;</a>&nbsp;&nbsp;&nbsp;deep_sleep_entry
<LI><a href="#[62]">&gt;&gt;</a>&nbsp;&nbsp;&nbsp;low_power_state_entry
<LI><a href="#[61]">&gt;&gt;</a>&nbsp;&nbsp;&nbsp;check_pm_policy
</UL>
<BR>[Address Reference Count : 1]<UL><LI> soc_pm.o(i.patch_sys_soc_suspend)
</UL>
<P><STRONG><a name="[1f]"></a>adc_acts_read_new</STRONG> (Thumb, 170 bytes, Stack size 48 bytes, adc_acts.o(i.adc_acts_read_new))
<BR><BR>[Stack]<UL><LI>Max Depth = 48<LI>Call Chain = adc_acts_read_new
</UL>
<BR>[Calls]<UL><LI><a href="#[65]">&gt;&gt;</a>&nbsp;&nbsp;&nbsp;_arch_irq_unlock_s
<LI><a href="#[64]">&gt;&gt;</a>&nbsp;&nbsp;&nbsp;_arch_irq_lock_s
</UL>
<BR>[Address Reference Count : 1]<UL><LI> adc_acts.o(.constdata)
</UL>
<P><STRONG><a name="[69]"></a>adc_batt_val_read</STRONG> (Thumb, 6 bytes, Stack size 0 bytes, app_batt.o(i.adc_batt_val_read))
<BR><BR>[Called By]<UL><LI><a href="#[68]">&gt;&gt;</a>&nbsp;&nbsp;&nbsp;adckey_acts_get_keycode_new
</UL>

<P><STRONG><a name="[21]"></a>adckey_acts_disable_new</STRONG> (Thumb, 30 bytes, Stack size 24 bytes, adckey_acts.o(i.adckey_acts_disable_new))
<BR><BR>[Stack]<UL><LI>Max Depth = 32<LI>Call Chain = adckey_acts_disable_new &rArr; remove_adckey
</UL>
<BR>[Calls]<UL><LI><a href="#[66]">&gt;&gt;</a>&nbsp;&nbsp;&nbsp;remove_adckey
</UL>
<BR>[Address Reference Count : 1]<UL><LI> adckey_acts.o(.constdata)
</UL>
<P><STRONG><a name="[20]"></a>adckey_acts_enable_new</STRONG> (Thumb, 42 bytes, Stack size 24 bytes, adckey_acts.o(i.adckey_acts_enable_new))
<BR><BR>[Stack]<UL><LI>Max Depth = 64<LI>Call Chain = adckey_acts_enable_new &rArr; add_adckey
</UL>
<BR>[Calls]<UL><LI><a href="#[67]">&gt;&gt;</a>&nbsp;&nbsp;&nbsp;add_adckey
</UL>
<BR>[Address Reference Count : 1]<UL><LI> adckey_acts.o(.constdata)
</UL>
<P><STRONG><a name="[68]"></a>adckey_acts_get_keycode_new</STRONG> (Thumb, 88 bytes, Stack size 40 bytes, adckey_acts.o(i.adckey_acts_get_keycode_new))
<BR><BR>[Stack]<UL><LI>Max Depth = 64<LI>Call Chain = adckey_acts_get_keycode_new &rArr; update_adckey_map
</UL>
<BR>[Calls]<UL><LI><a href="#[69]">&gt;&gt;</a>&nbsp;&nbsp;&nbsp;adc_batt_val_read
<LI><a href="#[56]">&gt;&gt;</a>&nbsp;&nbsp;&nbsp;__aeabi_ui2f
<LI><a href="#[6b]">&gt;&gt;</a>&nbsp;&nbsp;&nbsp;__aeabi_fmul
<LI><a href="#[54]">&gt;&gt;</a>&nbsp;&nbsp;&nbsp;__aeabi_fdiv
<LI><a href="#[6c]">&gt;&gt;</a>&nbsp;&nbsp;&nbsp;__aeabi_f2uiz
<LI><a href="#[6a]">&gt;&gt;</a>&nbsp;&nbsp;&nbsp;update_adckey_map
</UL>
<BR>[Called By]<UL><LI><a href="#[c]">&gt;&gt;</a>&nbsp;&nbsp;&nbsp;adckey_acts_poll_new
</UL>

<P><STRONG><a name="[33]"></a>adckey_acts_init_new</STRONG> (Thumb, 228 bytes, Stack size 32 bytes, adckey_acts.o(i.adckey_acts_init_new))
<BR><BR>[Stack]<UL><LI>Max Depth = 48<LI>Call Chain = adckey_acts_init_new &rArr; device_get_binding
</UL>
<BR>[Calls]<UL><LI><a href="#[3c]">&gt;&gt;</a>&nbsp;&nbsp;&nbsp;printk (via Veneer)
<LI><a href="#[11]">&gt;&gt;</a>&nbsp;&nbsp;&nbsp;device_get_binding
<LI><a href="#[6d]">&gt;&gt;</a>&nbsp;&nbsp;&nbsp;sys_write32
<LI><a href="#[6e]">&gt;&gt;</a>&nbsp;&nbsp;&nbsp;sys_read32
</UL>
<BR>[Address Reference Count : 1]<UL><LI> adckey_acts.o(.devconfig.init)
</UL>
<P><STRONG><a name="[24]"></a>adckey_acts_irq_config</STRONG> (Thumb, 40 bytes, Stack size 8 bytes, adckey_acts.o(i.adckey_acts_irq_config))
<BR><BR>[Stack]<UL><LI>Max Depth = 8<LI>Call Chain = adckey_acts_irq_config
</UL>
<BR>[Calls]<UL><LI><a href="#[4a]">&gt;&gt;</a>&nbsp;&nbsp;&nbsp;_arch_irq_enable (via Veneer)
<LI><a href="#[49]">&gt;&gt;</a>&nbsp;&nbsp;&nbsp;_irq_priority_set (via Veneer)
<LI><a href="#[3c]">&gt;&gt;</a>&nbsp;&nbsp;&nbsp;printk (via Veneer)
</UL>
<BR>[Address Reference Count : 1]<UL><LI> adckey_acts.o(.constdata)
</UL>
<P><STRONG><a name="[c]"></a>adckey_acts_poll_new</STRONG> (Thumb, 224 bytes, Stack size 48 bytes, adckey_acts.o(i.adckey_acts_poll_new))
<BR><BR>[Stack]<UL><LI>Max Depth = 112<LI>Call Chain = adckey_acts_poll_new &rArr; adckey_acts_get_keycode_new &rArr; update_adckey_map
</UL>
<BR>[Calls]<UL><LI><a href="#[6f]">&gt;&gt;</a>&nbsp;&nbsp;&nbsp;adckey_timer_stop
<LI><a href="#[70]">&gt;&gt;</a>&nbsp;&nbsp;&nbsp;adckey_acts_report_key_new
<LI><a href="#[68]">&gt;&gt;</a>&nbsp;&nbsp;&nbsp;adckey_acts_get_keycode_new
</UL>
<BR>[Address Reference Count : 1]<UL><LI> adckey_acts.o(i.adckey_acts_init_new)
</UL>
<P><STRONG><a name="[22]"></a>adckey_acts_register_notify_new</STRONG> (Thumb, 6 bytes, Stack size 0 bytes, adckey_acts.o(i.adckey_acts_register_notify_new))
<BR>[Address Reference Count : 1]<UL><LI> adckey_acts.o(.constdata)
</UL>
<P><STRONG><a name="[70]"></a>adckey_acts_report_key_new</STRONG> (Thumb, 34 bytes, Stack size 24 bytes, adckey_acts.o(i.adckey_acts_report_key_new))
<BR><BR>[Stack]<UL><LI>Max Depth = 24<LI>Call Chain = adckey_acts_report_key_new
</UL>
<BR>[Called By]<UL><LI><a href="#[c]">&gt;&gt;</a>&nbsp;&nbsp;&nbsp;adckey_acts_poll_new
</UL>

<P><STRONG><a name="[74]"></a>adckey_acts_resume_device_from_suspend</STRONG> (Thumb, 16 bytes, Stack size 0 bytes, adckey_acts.o(i.adckey_acts_resume_device_from_suspend))
<BR><BR>[Called By]<UL><LI><a href="#[34]">&gt;&gt;</a>&nbsp;&nbsp;&nbsp;adckey_device_ctrl
</UL>

<P><STRONG><a name="[71]"></a>adckey_acts_suspend_device</STRONG> (Thumb, 24 bytes, Stack size 8 bytes, adckey_acts.o(i.adckey_acts_suspend_device))
<BR><BR>[Stack]<UL><LI>Max Depth = 8<LI>Call Chain = adckey_acts_suspend_device
</UL>
<BR>[Calls]<UL><LI><a href="#[4a]">&gt;&gt;</a>&nbsp;&nbsp;&nbsp;_arch_irq_enable (via Veneer)
</UL>
<BR>[Called By]<UL><LI><a href="#[34]">&gt;&gt;</a>&nbsp;&nbsp;&nbsp;adckey_device_ctrl
</UL>

<P><STRONG><a name="[23]"></a>adckey_acts_unregister_notify_new</STRONG> (Thumb, 10 bytes, Stack size 0 bytes, adckey_acts.o(i.adckey_acts_unregister_notify_new))
<BR>[Address Reference Count : 1]<UL><LI> adckey_acts.o(.constdata)
</UL>
<P><STRONG><a name="[d]"></a>adckey_acts_wakeup_isr</STRONG> (Thumb, 64 bytes, Stack size 16 bytes, adckey_acts.o(i.adckey_acts_wakeup_isr))
<BR><BR>[Stack]<UL><LI>Max Depth = 40<LI>Call Chain = adckey_acts_wakeup_isr &rArr; adckey_timer_start
</UL>
<BR>[Calls]<UL><LI><a href="#[72]">&gt;&gt;</a>&nbsp;&nbsp;&nbsp;_arch_irq_disable (via Veneer)
<LI><a href="#[73]">&gt;&gt;</a>&nbsp;&nbsp;&nbsp;adckey_timer_start
<LI><a href="#[6d]">&gt;&gt;</a>&nbsp;&nbsp;&nbsp;sys_write32
<LI><a href="#[6e]">&gt;&gt;</a>&nbsp;&nbsp;&nbsp;sys_read32
</UL>
<BR>[Address Reference Count : 1]<UL><LI> adckey_acts.o(i.adckey_acts_irq_config)
</UL>
<P><STRONG><a name="[e]"></a>adckey_input_notify</STRONG> (Thumb, 18 bytes, Stack size 16 bytes, main.o(i.adckey_input_notify))
<BR><BR>[Stack]<UL><LI>Max Depth = 16<LI>Call Chain = adckey_input_notify
</UL>
<BR>[Calls]<UL><LI><a href="#[3c]">&gt;&gt;</a>&nbsp;&nbsp;&nbsp;printk (via Veneer)
</UL>
<BR>[Address Reference Count : 1]<UL><LI> main.o(i.app_main)
</UL>
<P><STRONG><a name="[73]"></a>adckey_timer_start</STRONG> (Thumb, 44 bytes, Stack size 24 bytes, adckey_acts.o(i.adckey_timer_start))
<BR><BR>[Stack]<UL><LI>Max Depth = 24<LI>Call Chain = adckey_timer_start
</UL>
<BR>[Calls]<UL><LI><a href="#[3c]">&gt;&gt;</a>&nbsp;&nbsp;&nbsp;printk (via Veneer)
</UL>
<BR>[Called By]<UL><LI><a href="#[d]">&gt;&gt;</a>&nbsp;&nbsp;&nbsp;adckey_acts_wakeup_isr
</UL>

<P><STRONG><a name="[6f]"></a>adckey_timer_stop</STRONG> (Thumb, 38 bytes, Stack size 16 bytes, adckey_acts.o(i.adckey_timer_stop))
<BR><BR>[Stack]<UL><LI>Max Depth = 16<LI>Call Chain = adckey_timer_stop
</UL>
<BR>[Calls]<UL><LI><a href="#[3c]">&gt;&gt;</a>&nbsp;&nbsp;&nbsp;printk (via Veneer)
</UL>
<BR>[Called By]<UL><LI><a href="#[c]">&gt;&gt;</a>&nbsp;&nbsp;&nbsp;adckey_acts_poll_new
</UL>

<P><STRONG><a name="[13]"></a>app_main</STRONG> (Thumb, 68 bytes, Stack size 8 bytes, main.o(i.app_main))
<BR><BR>[Stack]<UL><LI>Max Depth = 80<LI>Call Chain = app_main &rArr; batt_manager_init &rArr; update_battry_value &rArr; device_get_binding
</UL>
<BR>[Calls]<UL><LI><a href="#[76]">&gt;&gt;</a>&nbsp;&nbsp;&nbsp;k_sleep (via Veneer)
<LI><a href="#[79]">&gt;&gt;</a>&nbsp;&nbsp;&nbsp;batt_manager_init
<LI><a href="#[77]">&gt;&gt;</a>&nbsp;&nbsp;&nbsp;app_release_wake_lock (via Veneer)
<LI><a href="#[75]">&gt;&gt;</a>&nbsp;&nbsp;&nbsp;app_get_wake_lock (via Veneer)
<LI><a href="#[78]">&gt;&gt;</a>&nbsp;&nbsp;&nbsp;key_device_open
<LI><a href="#[3c]">&gt;&gt;</a>&nbsp;&nbsp;&nbsp;printk (via Veneer)
</UL>
<BR>[Address Reference Count : 1]<UL><LI> entry.o(i.main)
</UL>
<P><STRONG><a name="[79]"></a>batt_manager_init</STRONG> (Thumb, 28 bytes, Stack size 8 bytes, app_batt.o(i.batt_manager_init))
<BR><BR>[Stack]<UL><LI>Max Depth = 72<LI>Call Chain = batt_manager_init &rArr; update_battry_value &rArr; device_get_binding
</UL>
<BR>[Calls]<UL><LI><a href="#[7c]">&gt;&gt;</a>&nbsp;&nbsp;&nbsp;k_timer_start (via Veneer)
<LI><a href="#[7b]">&gt;&gt;</a>&nbsp;&nbsp;&nbsp;k_timer_init (via Veneer)
<LI><a href="#[7a]">&gt;&gt;</a>&nbsp;&nbsp;&nbsp;update_battry_value
</UL>
<BR>[Called By]<UL><LI><a href="#[13]">&gt;&gt;</a>&nbsp;&nbsp;&nbsp;app_main
</UL>

<P><STRONG><a name="[f]"></a>batt_timer_handler</STRONG> (Thumb, 10 bytes, Stack size 8 bytes, app_batt.o(i.batt_timer_handler))
<BR><BR>[Stack]<UL><LI>Max Depth = 72<LI>Call Chain = batt_timer_handler &rArr; update_battry_value &rArr; device_get_binding
</UL>
<BR>[Calls]<UL><LI><a href="#[7a]">&gt;&gt;</a>&nbsp;&nbsp;&nbsp;update_battry_value
</UL>
<BR>[Address Reference Count : 1]<UL><LI> app_batt.o(i.batt_manager_init)
</UL>
<P><STRONG><a name="[4c]"></a>debug_uart_init</STRONG> (Thumb, 150 bytes, Stack size 8 bytes, system.o(i.debug_uart_init))
<BR><BR>[Stack]<UL><LI>Max Depth = 8<LI>Call Chain = debug_uart_init
</UL>
<BR>[Calls]<UL><LI><a href="#[4b]">&gt;&gt;</a>&nbsp;&nbsp;&nbsp;sys_write32
<LI><a href="#[7e]">&gt;&gt;</a>&nbsp;&nbsp;&nbsp;sys_read32
</UL>
<BR>[Called By]<UL><LI><a href="#[a]">&gt;&gt;</a>&nbsp;&nbsp;&nbsp;SystemInit
</UL>

<P><STRONG><a name="[7f]"></a>debug_uart_put_char</STRONG> (Thumb, 50 bytes, Stack size 8 bytes, system.o(i.debug_uart_put_char))
<BR><BR>[Stack]<UL><LI>Max Depth = 8<LI>Call Chain = debug_uart_put_char
</UL>
<BR>[Calls]<UL><LI><a href="#[4b]">&gt;&gt;</a>&nbsp;&nbsp;&nbsp;sys_write32
<LI><a href="#[7e]">&gt;&gt;</a>&nbsp;&nbsp;&nbsp;sys_read32
</UL>
<BR>[Called By]<UL><LI><a href="#[7]">&gt;&gt;</a>&nbsp;&nbsp;&nbsp;main
</UL>

<P><STRONG><a name="[63]"></a>deep_sleep_entry</STRONG> (Thumb, 42 bytes, Stack size 8 bytes, soc_pm.o(i.deep_sleep_entry))
<BR><BR>[Stack]<UL><LI>Max Depth = 104<LI>Call Chain = deep_sleep_entry &rArr; _sys_soc_set_power_state &rArr; _sys_lower_wfi &rArr; switch_cpu_clock_3M &rArr; request_rc_3M
</UL>
<BR>[Calls]<UL><LI><a href="#[84]">&gt;&gt;</a>&nbsp;&nbsp;&nbsp;_timer_deepsleep_exit (via Veneer)
<LI><a href="#[82]">&gt;&gt;</a>&nbsp;&nbsp;&nbsp;_timer_deepsleep_enter (via Veneer)
<LI><a href="#[80]">&gt;&gt;</a>&nbsp;&nbsp;&nbsp;suspend_devices
<LI><a href="#[81]">&gt;&gt;</a>&nbsp;&nbsp;&nbsp;enable_wake_event
<LI><a href="#[83]">&gt;&gt;</a>&nbsp;&nbsp;&nbsp;deep_sleep_exit
<LI><a href="#[5b]">&gt;&gt;</a>&nbsp;&nbsp;&nbsp;_sys_soc_set_power_state
<LI><a href="#[85]">&gt;&gt;</a>&nbsp;&nbsp;&nbsp;__set_primask
</UL>
<BR>[Called By]<UL><LI><a href="#[14]">&gt;&gt;</a>&nbsp;&nbsp;&nbsp;_sys_soc_suspend_new
</UL>

<P><STRONG><a name="[7d]"></a>device_any_busy_check</STRONG> (Thumb, 54 bytes, Stack size 16 bytes, device.o(i.device_any_busy_check))
<BR><BR>[Stack]<UL><LI>Max Depth = 16<LI>Call Chain = device_any_busy_check
</UL>
<BR>[Calls]<UL><LI><a href="#[88]">&gt;&gt;</a>&nbsp;&nbsp;&nbsp;atomic_get (via Veneer)
</UL>
<BR>[Called By]<UL><LI><a href="#[61]">&gt;&gt;</a>&nbsp;&nbsp;&nbsp;check_pm_policy
</UL>

<P><STRONG><a name="[27]"></a>device_busy_clear_new</STRONG> (Thumb, 44 bytes, Stack size 24 bytes, device.o(i.device_busy_clear_new))
<BR><BR>[Stack]<UL><LI>Max Depth = 24<LI>Call Chain = device_busy_clear_new
</UL>
<BR>[Calls]<UL><LI><a href="#[89]">&gt;&gt;</a>&nbsp;&nbsp;&nbsp;__aeabi_idivmod (via Veneer)
<LI><a href="#[8a]">&gt;&gt;</a>&nbsp;&nbsp;&nbsp;atomic_and (via Veneer)
</UL>
<BR>[Address Reference Count : 1]<UL><LI> device.o(.patch_hw_func)
</UL>
<P><STRONG><a name="[25]"></a>device_busy_set_new</STRONG> (Thumb, 44 bytes, Stack size 24 bytes, device.o(i.device_busy_set_new))
<BR><BR>[Stack]<UL><LI>Max Depth = 24<LI>Call Chain = device_busy_set_new
</UL>
<BR>[Calls]<UL><LI><a href="#[89]">&gt;&gt;</a>&nbsp;&nbsp;&nbsp;__aeabi_idivmod (via Veneer)
<LI><a href="#[8b]">&gt;&gt;</a>&nbsp;&nbsp;&nbsp;atomic_or (via Veneer)
</UL>
<BR>[Address Reference Count : 1]<UL><LI> device.o(.patch_hw_func)
</UL>
<P><STRONG><a name="[11]"></a>device_get_binding</STRONG> (Thumb, 44 bytes, Stack size 16 bytes, device.o(i.device_get_binding))
<BR><BR>[Stack]<UL><LI>Max Depth = 16<LI>Call Chain = device_get_binding
</UL>
<BR>[Calls]<UL><LI><a href="#[8c]">&gt;&gt;</a>&nbsp;&nbsp;&nbsp;strcmp (via Veneer)
</UL>
<BR>[Called By]<UL><LI><a href="#[7a]">&gt;&gt;</a>&nbsp;&nbsp;&nbsp;update_battry_value
<LI><a href="#[78]">&gt;&gt;</a>&nbsp;&nbsp;&nbsp;key_device_open
<LI><a href="#[33]">&gt;&gt;</a>&nbsp;&nbsp;&nbsp;adckey_acts_init_new
</UL>
<BR>[Address Reference Count : 1]<UL><LI> entry.o(i.main)
</UL>
<P><STRONG><a name="[8d]"></a>get_key_handle</STRONG> (Thumb, 32 bytes, Stack size 0 bytes, main.o(i.get_key_handle))
<BR><BR>[Called By]<UL><LI><a href="#[78]">&gt;&gt;</a>&nbsp;&nbsp;&nbsp;key_device_open
</UL>

<P><STRONG><a name="[78]"></a>key_device_open</STRONG> (Thumb, 74 bytes, Stack size 24 bytes, main.o(i.key_device_open))
<BR><BR>[Stack]<UL><LI>Max Depth = 40<LI>Call Chain = key_device_open &rArr; device_get_binding
</UL>
<BR>[Calls]<UL><LI><a href="#[8d]">&gt;&gt;</a>&nbsp;&nbsp;&nbsp;get_key_handle
<LI><a href="#[11]">&gt;&gt;</a>&nbsp;&nbsp;&nbsp;device_get_binding
</UL>
<BR>[Called By]<UL><LI><a href="#[13]">&gt;&gt;</a>&nbsp;&nbsp;&nbsp;app_main
</UL>

<P><STRONG><a name="[9b]"></a>low_power_led_indication</STRONG> (Thumb, 2 bytes, Stack size 0 bytes, app_batt.o(i.low_power_led_indication))
<BR><BR>[Called By]<UL><LI><a href="#[7a]">&gt;&gt;</a>&nbsp;&nbsp;&nbsp;update_battry_value
</UL>

<P><STRONG><a name="[7]"></a>main</STRONG> (Thumb, 28 bytes, Stack size 8 bytes, entry.o(i.main))
<BR><BR>[Stack]<UL><LI>Max Depth = 16<LI>Call Chain = main &rArr; debug_uart_put_char
</UL>
<BR>[Calls]<UL><LI><a href="#[8e]">&gt;&gt;</a>&nbsp;&nbsp;&nbsp;_PrepC (via Veneer)
<LI><a href="#[7f]">&gt;&gt;</a>&nbsp;&nbsp;&nbsp;debug_uart_put_char
</UL>
<BR>[Address Reference Count : 1]<UL><LI> entry9a.o(.ARM.Collect$$$$0000000B)
</UL>
<P><STRONG><a name="[29]"></a>new_k_delayed_work_cancel</STRONG> (Thumb, 152 bytes, Stack size 24 bytes, system_work_q.o(i.new_k_delayed_work_cancel))
<BR><BR>[Stack]<UL><LI>Max Depth = 40<LI>Call Chain = new_k_delayed_work_cancel &rArr; sys_slist_find_and_remove
</UL>
<BR>[Calls]<UL><LI><a href="#[65]">&gt;&gt;</a>&nbsp;&nbsp;&nbsp;_arch_irq_unlock_s
<LI><a href="#[64]">&gt;&gt;</a>&nbsp;&nbsp;&nbsp;_arch_irq_lock_s
<LI><a href="#[8f]">&gt;&gt;</a>&nbsp;&nbsp;&nbsp;sys_slist_find_and_remove
<LI><a href="#[90]">&gt;&gt;</a>&nbsp;&nbsp;&nbsp;_abort_timeout
<LI><a href="#[88]">&gt;&gt;</a>&nbsp;&nbsp;&nbsp;atomic_get (via Veneer)
<LI><a href="#[8a]">&gt;&gt;</a>&nbsp;&nbsp;&nbsp;atomic_and (via Veneer)
</UL>
<BR>[Address Reference Count : 1]<UL><LI> system_work_q.o(.patch_hw_func)
</UL>
<P><STRONG><a name="[3f]"></a>patch_sys_soc_suspend</STRONG> (Thumb, 8 bytes, Stack size 0 bytes, soc_pm.o(i.patch_sys_soc_suspend))
<BR><BR>[Called By]<UL><LI><a href="#[3e]">&gt;&gt;</a>&nbsp;&nbsp;&nbsp;patch_sw
</UL>

<P><STRONG><a name="[87]"></a>resume_devices</STRONG> (Thumb, 18 bytes, Stack size 8 bytes, soc_pm.o(i.resume_devices))
<BR><BR>[Stack]<UL><LI>Max Depth = 24<LI>Call Chain = resume_devices &rArr; set_devices_state
</UL>
<BR>[Calls]<UL><LI><a href="#[91]">&gt;&gt;</a>&nbsp;&nbsp;&nbsp;set_devices_state
<LI><a href="#[5d]">&gt;&gt;</a>&nbsp;&nbsp;&nbsp;sys_write32
</UL>
<BR>[Called By]<UL><LI><a href="#[83]">&gt;&gt;</a>&nbsp;&nbsp;&nbsp;deep_sleep_exit
</UL>

<P><STRONG><a name="[91]"></a>set_devices_state</STRONG> (Thumb, 44 bytes, Stack size 16 bytes, device.o(i.set_devices_state))
<BR><BR>[Stack]<UL><LI>Max Depth = 16<LI>Call Chain = set_devices_state
</UL>
<BR>[Called By]<UL><LI><a href="#[80]">&gt;&gt;</a>&nbsp;&nbsp;&nbsp;suspend_devices
<LI><a href="#[87]">&gt;&gt;</a>&nbsp;&nbsp;&nbsp;resume_devices
</UL>

<P><STRONG><a name="[80]"></a>suspend_devices</STRONG> (Thumb, 18 bytes, Stack size 8 bytes, soc_pm.o(i.suspend_devices))
<BR><BR>[Stack]<UL><LI>Max Depth = 24<LI>Call Chain = suspend_devices &rArr; set_devices_state
</UL>
<BR>[Calls]<UL><LI><a href="#[91]">&gt;&gt;</a>&nbsp;&nbsp;&nbsp;set_devices_state
<LI><a href="#[5d]">&gt;&gt;</a>&nbsp;&nbsp;&nbsp;sys_write32
</UL>
<BR>[Called By]<UL><LI><a href="#[63]">&gt;&gt;</a>&nbsp;&nbsp;&nbsp;deep_sleep_entry
</UL>

<P><STRONG><a name="[1a]"></a>timer_acts_callback_set</STRONG> (Thumb, 6 bytes, Stack size 0 bytes, timer_acts.o(i.timer_acts_callback_set))
<BR>[Address Reference Count : 1]<UL><LI> timer_acts.o(.constdata)
</UL>
<P><STRONG><a name="[2b]"></a>timer_acts_config_irq</STRONG> (Thumb, 48 bytes, Stack size 16 bytes, timer_acts.o(i.timer_acts_config_irq))
<BR><BR>[Stack]<UL><LI>Max Depth = 16<LI>Call Chain = timer_acts_config_irq
</UL>
<BR>[Calls]<UL><LI><a href="#[4a]">&gt;&gt;</a>&nbsp;&nbsp;&nbsp;_arch_irq_enable (via Veneer)
<LI><a href="#[49]">&gt;&gt;</a>&nbsp;&nbsp;&nbsp;_irq_priority_set (via Veneer)
</UL>
<BR>[Address Reference Count : 1]<UL><LI> timer_acts.o(.data)
</UL>
<P><STRONG><a name="[31]"></a>timer_acts_init</STRONG> (Thumb, 48 bytes, Stack size 16 bytes, timer_acts.o(i.timer_acts_init))
<BR><BR>[Stack]<UL><LI>Max Depth = 16<LI>Call Chain = timer_acts_init
</UL>
<BR>[Calls]<UL><LI><a href="#[93]">&gt;&gt;</a>&nbsp;&nbsp;&nbsp;sys_write32
<LI><a href="#[92]">&gt;&gt;</a>&nbsp;&nbsp;&nbsp;acts_clock_peripheral_enable (via Veneer)
</UL>
<BR>[Address Reference Count : 1]<UL><LI> timer_acts.o(.devconfig.init)
</UL>
<P><STRONG><a name="[16]"></a>timer_acts_isr</STRONG> (Thumb, 80 bytes, Stack size 32 bytes, timer_acts.o(i.timer_acts_isr))
<BR><BR>[Stack]<UL><LI>Max Depth = 56<LI>Call Chain = timer_acts_isr &rArr; _ms_to_cycle
</UL>
<BR>[Calls]<UL><LI><a href="#[59]">&gt;&gt;</a>&nbsp;&nbsp;&nbsp;_ms_to_cycle
<LI><a href="#[94]">&gt;&gt;</a>&nbsp;&nbsp;&nbsp;timer_reload
<LI><a href="#[93]">&gt;&gt;</a>&nbsp;&nbsp;&nbsp;sys_write32
</UL>
<BR>[Address Reference Count : 1]<UL><LI> timer_acts.o(i.timer_acts_config_irq)
</UL>
<P><STRONG><a name="[18]"></a>timer_acts_start</STRONG> (Thumb, 58 bytes, Stack size 32 bytes, timer_acts.o(i.timer_acts_start))
<BR><BR>[Stack]<UL><LI>Max Depth = 56<LI>Call Chain = timer_acts_start &rArr; _ms_to_cycle
</UL>
<BR>[Calls]<UL><LI><a href="#[59]">&gt;&gt;</a>&nbsp;&nbsp;&nbsp;_ms_to_cycle
<LI><a href="#[94]">&gt;&gt;</a>&nbsp;&nbsp;&nbsp;timer_reload
<LI><a href="#[65]">&gt;&gt;</a>&nbsp;&nbsp;&nbsp;_arch_irq_unlock_s
<LI><a href="#[64]">&gt;&gt;</a>&nbsp;&nbsp;&nbsp;_arch_irq_lock_s
</UL>
<BR>[Address Reference Count : 1]<UL><LI> timer_acts.o(.constdata)
</UL>
<P><STRONG><a name="[19]"></a>timer_acts_stop</STRONG> (Thumb, 38 bytes, Stack size 24 bytes, timer_acts.o(i.timer_acts_stop))
<BR><BR>[Stack]<UL><LI>Max Depth = 24<LI>Call Chain = timer_acts_stop
</UL>
<BR>[Calls]<UL><LI><a href="#[93]">&gt;&gt;</a>&nbsp;&nbsp;&nbsp;sys_write32
<LI><a href="#[65]">&gt;&gt;</a>&nbsp;&nbsp;&nbsp;_arch_irq_unlock_s
<LI><a href="#[64]">&gt;&gt;</a>&nbsp;&nbsp;&nbsp;_arch_irq_lock_s
</UL>
<BR>[Address Reference Count : 1]<UL><LI> timer_acts.o(.constdata)
</UL>
<P><STRONG><a name="[1c]"></a>timer_acts_user_data_get</STRONG> (Thumb, 8 bytes, Stack size 0 bytes, timer_acts.o(i.timer_acts_user_data_get))
<BR>[Address Reference Count : 1]<UL><LI> timer_acts.o(.constdata)
</UL>
<P><STRONG><a name="[1b]"></a>timer_acts_user_data_set</STRONG> (Thumb, 6 bytes, Stack size 0 bytes, timer_acts.o(i.timer_acts_user_data_set))
<BR>[Address Reference Count : 1]<UL><LI> timer_acts.o(.constdata)
</UL>
<P><STRONG><a name="[95]"></a>uart_acts_resume_device_from_suspend</STRONG> (Thumb, 50 bytes, Stack size 16 bytes, uart_acts.o(i.uart_acts_resume_device_from_suspend))
<BR><BR>[Stack]<UL><LI>Max Depth = 16<LI>Call Chain = uart_acts_resume_device_from_suspend
</UL>
<BR>[Calls]<UL><LI><a href="#[96]">&gt;&gt;</a>&nbsp;&nbsp;&nbsp;acts_reset_peripheral (via Veneer)
<LI><a href="#[92]">&gt;&gt;</a>&nbsp;&nbsp;&nbsp;acts_clock_peripheral_enable (via Veneer)
<LI><a href="#[97]">&gt;&gt;</a>&nbsp;&nbsp;&nbsp;sys_write32
</UL>
<BR>[Called By]<UL><LI><a href="#[30]">&gt;&gt;</a>&nbsp;&nbsp;&nbsp;uart_device_ctrl
</UL>

<P><STRONG><a name="[98]"></a>uart_acts_suspend_device</STRONG> (Thumb, 40 bytes, Stack size 16 bytes, uart_acts.o(i.uart_acts_suspend_device))
<BR><BR>[Stack]<UL><LI>Max Depth = 16<LI>Call Chain = uart_acts_suspend_device
</UL>
<BR>[Calls]<UL><LI><a href="#[99]">&gt;&gt;</a>&nbsp;&nbsp;&nbsp;acts_clock_peripheral_disable (via Veneer)
</UL>
<BR>[Called By]<UL><LI><a href="#[30]">&gt;&gt;</a>&nbsp;&nbsp;&nbsp;uart_device_ctrl
</UL>

<P><STRONG><a name="[2d]"></a>uart_console_init_new</STRONG> (Thumb, 18 bytes, Stack size 8 bytes, uart_console.o(i.uart_console_init_new))
<BR><BR>[Stack]<UL><LI>Max Depth = 8<LI>Call Chain = uart_console_init_new
</UL>
<BR>[Calls]<UL><LI><a href="#[9a]">&gt;&gt;</a>&nbsp;&nbsp;&nbsp;uart_console_init (via Veneer)
</UL>
<BR>[Address Reference Count : 1]<UL><LI> uart_console.o(.devconfig.init)
</UL>
<P><STRONG><a name="[6a]"></a>update_adckey_map</STRONG> (Thumb, 48 bytes, Stack size 24 bytes, adckey_acts.o(i.update_adckey_map))
<BR><BR>[Stack]<UL><LI>Max Depth = 24<LI>Call Chain = update_adckey_map
</UL>
<BR>[Calls]<UL><LI><a href="#[89]">&gt;&gt;</a>&nbsp;&nbsp;&nbsp;__aeabi_idivmod (via Veneer)
</UL>
<BR>[Called By]<UL><LI><a href="#[68]">&gt;&gt;</a>&nbsp;&nbsp;&nbsp;adckey_acts_get_keycode_new
</UL>

<P><STRONG><a name="[7a]"></a>update_battry_value</STRONG> (Thumb, 230 bytes, Stack size 48 bytes, app_batt.o(i.update_battry_value))
<BR><BR>[Stack]<UL><LI>Max Depth = 64<LI>Call Chain = update_battry_value &rArr; device_get_binding
</UL>
<BR>[Calls]<UL><LI><a href="#[89]">&gt;&gt;</a>&nbsp;&nbsp;&nbsp;__aeabi_idivmod (via Veneer)
<LI><a href="#[9c]">&gt;&gt;</a>&nbsp;&nbsp;&nbsp;very_low_power_handler
<LI><a href="#[9b]">&gt;&gt;</a>&nbsp;&nbsp;&nbsp;low_power_led_indication
<LI><a href="#[3c]">&gt;&gt;</a>&nbsp;&nbsp;&nbsp;printk (via Veneer)
<LI><a href="#[11]">&gt;&gt;</a>&nbsp;&nbsp;&nbsp;device_get_binding
</UL>
<BR>[Called By]<UL><LI><a href="#[f]">&gt;&gt;</a>&nbsp;&nbsp;&nbsp;batt_timer_handler
<LI><a href="#[79]">&gt;&gt;</a>&nbsp;&nbsp;&nbsp;batt_manager_init
</UL>

<P><STRONG><a name="[9c]"></a>very_low_power_handler</STRONG> (Thumb, 2 bytes, Stack size 0 bytes, app_batt.o(i.very_low_power_handler))
<BR><BR>[Called By]<UL><LI><a href="#[7a]">&gt;&gt;</a>&nbsp;&nbsp;&nbsp;update_battry_value
</UL>

<P><STRONG><a name="[38]"></a>_sys_lower_wfi</STRONG> (Thumb, 300 bytes, Stack size 56 bytes, soc_pm.o(.ram_retention_code))
<BR><BR>[Stack]<UL><LI>Max Depth = 80<LI>Call Chain = _sys_lower_wfi &rArr; switch_cpu_clock_3M &rArr; request_rc_3M
</UL>
<BR>[Calls]<UL><LI><a href="#[5d]">&gt;&gt;</a>&nbsp;&nbsp;&nbsp;sys_write32
<LI><a href="#[5c]">&gt;&gt;</a>&nbsp;&nbsp;&nbsp;sys_read32
<LI><a href="#[5f]">&gt;&gt;</a>&nbsp;&nbsp;&nbsp;switch_cpu_clock_3M
<LI><a href="#[37]">&gt;&gt;</a>&nbsp;&nbsp;&nbsp;delay_cpu_cycle
<LI><a href="#[36]">&gt;&gt;</a>&nbsp;&nbsp;&nbsp;request_rc_3M
</UL>
<BR>[Called By]<UL><LI><a href="#[5b]">&gt;&gt;</a>&nbsp;&nbsp;&nbsp;_sys_soc_set_power_state
</UL>
<P>
<H3>
Local Symbols
</H3>
<P><STRONG><a name="[7e]"></a>sys_read32</STRONG> (Thumb, 6 bytes, Stack size 0 bytes, system.o(i.sys_read32))
<BR><BR>[Called By]<UL><LI><a href="#[7f]">&gt;&gt;</a>&nbsp;&nbsp;&nbsp;debug_uart_put_char
<LI><a href="#[4c]">&gt;&gt;</a>&nbsp;&nbsp;&nbsp;debug_uart_init
</UL>

<P><STRONG><a name="[4b]"></a>sys_write32</STRONG> (Thumb, 4 bytes, Stack size 0 bytes, system.o(i.sys_write32))
<BR><BR>[Called By]<UL><LI><a href="#[7f]">&gt;&gt;</a>&nbsp;&nbsp;&nbsp;debug_uart_put_char
<LI><a href="#[4c]">&gt;&gt;</a>&nbsp;&nbsp;&nbsp;debug_uart_init
<LI><a href="#[a]">&gt;&gt;</a>&nbsp;&nbsp;&nbsp;SystemInit
</UL>

<P><STRONG><a name="[36]"></a>request_rc_3M</STRONG> (Thumb, 76 bytes, Stack size 16 bytes, soc_pm.o(.ram_retention_code))
<BR><BR>[Stack]<UL><LI>Max Depth = 16<LI>Call Chain = request_rc_3M
</UL>
<BR>[Calls]<UL><LI><a href="#[5d]">&gt;&gt;</a>&nbsp;&nbsp;&nbsp;sys_write32
<LI><a href="#[5c]">&gt;&gt;</a>&nbsp;&nbsp;&nbsp;sys_read32
<LI><a href="#[9d]">&gt;&gt;</a>&nbsp;&nbsp;&nbsp;request_vd12
</UL>
<BR>[Called By]<UL><LI><a href="#[38]">&gt;&gt;</a>&nbsp;&nbsp;&nbsp;_sys_lower_wfi
<LI><a href="#[5f]">&gt;&gt;</a>&nbsp;&nbsp;&nbsp;switch_cpu_clock_3M
<LI><a href="#[83]">&gt;&gt;</a>&nbsp;&nbsp;&nbsp;deep_sleep_exit
</UL>

<P><STRONG><a name="[37]"></a>delay_cpu_cycle</STRONG> (Thumb, 28 bytes, Stack size 8 bytes, soc_pm.o(.ram_retention_code))
<BR><BR>[Stack]<UL><LI>Max Depth = 8<LI>Call Chain = delay_cpu_cycle
</UL>
<BR>[Called By]<UL><LI><a href="#[38]">&gt;&gt;</a>&nbsp;&nbsp;&nbsp;_sys_lower_wfi
</UL>

<P><STRONG><a name="[85]"></a>__set_primask</STRONG> (Thumb, 6 bytes, Stack size 0 bytes, soc_pm.o(i.__set_primask))
<BR><BR>[Called By]<UL><LI><a href="#[63]">&gt;&gt;</a>&nbsp;&nbsp;&nbsp;deep_sleep_entry
</UL>

<P><STRONG><a name="[5b]"></a>_sys_soc_set_power_state</STRONG> (Thumb, 88 bytes, Stack size 16 bytes, soc_pm.o(i._sys_soc_set_power_state))
<BR><BR>[Stack]<UL><LI>Max Depth = 96<LI>Call Chain = _sys_soc_set_power_state &rArr; _sys_lower_wfi &rArr; switch_cpu_clock_3M &rArr; request_rc_3M
</UL>
<BR>[Calls]<UL><LI><a href="#[42]">&gt;&gt;</a>&nbsp;&nbsp;&nbsp;acts_set_vdd (via Veneer)
<LI><a href="#[43]">&gt;&gt;</a>&nbsp;&nbsp;&nbsp;acts_delay_us (via Veneer)
<LI><a href="#[38]">&gt;&gt;</a>&nbsp;&nbsp;&nbsp;_sys_lower_wfi
<LI><a href="#[5d]">&gt;&gt;</a>&nbsp;&nbsp;&nbsp;sys_write32
<LI><a href="#[5c]">&gt;&gt;</a>&nbsp;&nbsp;&nbsp;sys_read32
<LI><a href="#[5f]">&gt;&gt;</a>&nbsp;&nbsp;&nbsp;switch_cpu_clock_3M
<LI><a href="#[5e]">&gt;&gt;</a>&nbsp;&nbsp;&nbsp;set_deep_sleep_clock
<LI><a href="#[60]">&gt;&gt;</a>&nbsp;&nbsp;&nbsp;request_32M_XTAL
</UL>
<BR>[Called By]<UL><LI><a href="#[63]">&gt;&gt;</a>&nbsp;&nbsp;&nbsp;deep_sleep_entry
<LI><a href="#[62]">&gt;&gt;</a>&nbsp;&nbsp;&nbsp;low_power_state_entry
</UL>

<P><STRONG><a name="[61]"></a>check_pm_policy</STRONG> (Thumb, 50 bytes, Stack size 24 bytes, soc_pm.o(i.check_pm_policy))
<BR><BR>[Stack]<UL><LI>Max Depth = 40<LI>Call Chain = check_pm_policy &rArr; device_any_busy_check
</UL>
<BR>[Calls]<UL><LI><a href="#[7d]">&gt;&gt;</a>&nbsp;&nbsp;&nbsp;device_any_busy_check
</UL>
<BR>[Called By]<UL><LI><a href="#[14]">&gt;&gt;</a>&nbsp;&nbsp;&nbsp;_sys_soc_suspend_new
</UL>

<P><STRONG><a name="[83]"></a>deep_sleep_exit</STRONG> (Thumb, 70 bytes, Stack size 8 bytes, soc_pm.o(i.deep_sleep_exit))
<BR><BR>[Stack]<UL><LI>Max Depth = 32<LI>Call Chain = deep_sleep_exit &rArr; resume_devices &rArr; set_devices_state
</UL>
<BR>[Calls]<UL><LI><a href="#[87]">&gt;&gt;</a>&nbsp;&nbsp;&nbsp;resume_devices
<LI><a href="#[5d]">&gt;&gt;</a>&nbsp;&nbsp;&nbsp;sys_write32
<LI><a href="#[5c]">&gt;&gt;</a>&nbsp;&nbsp;&nbsp;sys_read32
<LI><a href="#[86]">&gt;&gt;</a>&nbsp;&nbsp;&nbsp;request_vd12_largebias
<LI><a href="#[60]">&gt;&gt;</a>&nbsp;&nbsp;&nbsp;request_32M_XTAL
<LI><a href="#[36]">&gt;&gt;</a>&nbsp;&nbsp;&nbsp;request_rc_3M
</UL>
<BR>[Called By]<UL><LI><a href="#[63]">&gt;&gt;</a>&nbsp;&nbsp;&nbsp;deep_sleep_entry
</UL>

<P><STRONG><a name="[81]"></a>enable_wake_event</STRONG> (Thumb, 2 bytes, Stack size 0 bytes, soc_pm.o(i.enable_wake_event))
<BR><BR>[Called By]<UL><LI><a href="#[63]">&gt;&gt;</a>&nbsp;&nbsp;&nbsp;deep_sleep_entry
</UL>

<P><STRONG><a name="[62]"></a>low_power_state_entry</STRONG> (Thumb, 14 bytes, Stack size 8 bytes, soc_pm.o(i.low_power_state_entry))
<BR><BR>[Stack]<UL><LI>Max Depth = 104<LI>Call Chain = low_power_state_entry &rArr; _sys_soc_set_power_state &rArr; _sys_lower_wfi &rArr; switch_cpu_clock_3M &rArr; request_rc_3M
</UL>
<BR>[Calls]<UL><LI><a href="#[5b]">&gt;&gt;</a>&nbsp;&nbsp;&nbsp;_sys_soc_set_power_state
</UL>
<BR>[Called By]<UL><LI><a href="#[14]">&gt;&gt;</a>&nbsp;&nbsp;&nbsp;_sys_soc_suspend_new
</UL>

<P><STRONG><a name="[60]"></a>request_32M_XTAL</STRONG> (Thumb, 70 bytes, Stack size 16 bytes, soc_pm.o(i.request_32M_XTAL))
<BR><BR>[Stack]<UL><LI>Max Depth = 16<LI>Call Chain = request_32M_XTAL
</UL>
<BR>[Calls]<UL><LI><a href="#[43]">&gt;&gt;</a>&nbsp;&nbsp;&nbsp;acts_delay_us (via Veneer)
<LI><a href="#[5d]">&gt;&gt;</a>&nbsp;&nbsp;&nbsp;sys_write32
<LI><a href="#[5c]">&gt;&gt;</a>&nbsp;&nbsp;&nbsp;sys_read32
</UL>
<BR>[Called By]<UL><LI><a href="#[83]">&gt;&gt;</a>&nbsp;&nbsp;&nbsp;deep_sleep_exit
<LI><a href="#[5b]">&gt;&gt;</a>&nbsp;&nbsp;&nbsp;_sys_soc_set_power_state
</UL>

<P><STRONG><a name="[9d]"></a>request_vd12</STRONG> (Thumb, 2 bytes, Stack size 0 bytes, soc_pm.o(i.request_vd12))
<BR><BR>[Called By]<UL><LI><a href="#[36]">&gt;&gt;</a>&nbsp;&nbsp;&nbsp;request_rc_3M
</UL>

<P><STRONG><a name="[86]"></a>request_vd12_largebias</STRONG> (Thumb, 52 bytes, Stack size 16 bytes, soc_pm.o(i.request_vd12_largebias))
<BR><BR>[Stack]<UL><LI>Max Depth = 16<LI>Call Chain = request_vd12_largebias
</UL>
<BR>[Calls]<UL><LI><a href="#[5d]">&gt;&gt;</a>&nbsp;&nbsp;&nbsp;sys_write32
<LI><a href="#[5c]">&gt;&gt;</a>&nbsp;&nbsp;&nbsp;sys_read32
</UL>
<BR>[Called By]<UL><LI><a href="#[83]">&gt;&gt;</a>&nbsp;&nbsp;&nbsp;deep_sleep_exit
</UL>

<P><STRONG><a name="[5e]"></a>set_deep_sleep_clock</STRONG> (Thumb, 70 bytes, Stack size 8 bytes, soc_pm.o(i.set_deep_sleep_clock))
<BR><BR>[Stack]<UL><LI>Max Depth = 8<LI>Call Chain = set_deep_sleep_clock
</UL>
<BR>[Calls]<UL><LI><a href="#[5d]">&gt;&gt;</a>&nbsp;&nbsp;&nbsp;sys_write32
<LI><a href="#[5c]">&gt;&gt;</a>&nbsp;&nbsp;&nbsp;sys_read32
</UL>
<BR>[Called By]<UL><LI><a href="#[5b]">&gt;&gt;</a>&nbsp;&nbsp;&nbsp;_sys_soc_set_power_state
</UL>

<P><STRONG><a name="[5f]"></a>switch_cpu_clock_3M</STRONG> (Thumb, 34 bytes, Stack size 8 bytes, soc_pm.o(i.switch_cpu_clock_3M))
<BR><BR>[Stack]<UL><LI>Max Depth = 24<LI>Call Chain = switch_cpu_clock_3M &rArr; request_rc_3M
</UL>
<BR>[Calls]<UL><LI><a href="#[5d]">&gt;&gt;</a>&nbsp;&nbsp;&nbsp;sys_write32
<LI><a href="#[5c]">&gt;&gt;</a>&nbsp;&nbsp;&nbsp;sys_read32
<LI><a href="#[36]">&gt;&gt;</a>&nbsp;&nbsp;&nbsp;request_rc_3M
</UL>
<BR>[Called By]<UL><LI><a href="#[38]">&gt;&gt;</a>&nbsp;&nbsp;&nbsp;_sys_lower_wfi
<LI><a href="#[5b]">&gt;&gt;</a>&nbsp;&nbsp;&nbsp;_sys_soc_set_power_state
</UL>

<P><STRONG><a name="[5c]"></a>sys_read32</STRONG> (Thumb, 6 bytes, Stack size 0 bytes, soc_pm.o(i.sys_read32))
<BR><BR>[Called By]<UL><LI><a href="#[38]">&gt;&gt;</a>&nbsp;&nbsp;&nbsp;_sys_lower_wfi
<LI><a href="#[5f]">&gt;&gt;</a>&nbsp;&nbsp;&nbsp;switch_cpu_clock_3M
<LI><a href="#[5e]">&gt;&gt;</a>&nbsp;&nbsp;&nbsp;set_deep_sleep_clock
<LI><a href="#[86]">&gt;&gt;</a>&nbsp;&nbsp;&nbsp;request_vd12_largebias
<LI><a href="#[60]">&gt;&gt;</a>&nbsp;&nbsp;&nbsp;request_32M_XTAL
<LI><a href="#[83]">&gt;&gt;</a>&nbsp;&nbsp;&nbsp;deep_sleep_exit
<LI><a href="#[5b]">&gt;&gt;</a>&nbsp;&nbsp;&nbsp;_sys_soc_set_power_state
<LI><a href="#[36]">&gt;&gt;</a>&nbsp;&nbsp;&nbsp;request_rc_3M
</UL>

<P><STRONG><a name="[5d]"></a>sys_write32</STRONG> (Thumb, 4 bytes, Stack size 0 bytes, soc_pm.o(i.sys_write32))
<BR><BR>[Called By]<UL><LI><a href="#[80]">&gt;&gt;</a>&nbsp;&nbsp;&nbsp;suspend_devices
<LI><a href="#[87]">&gt;&gt;</a>&nbsp;&nbsp;&nbsp;resume_devices
<LI><a href="#[38]">&gt;&gt;</a>&nbsp;&nbsp;&nbsp;_sys_lower_wfi
<LI><a href="#[5f]">&gt;&gt;</a>&nbsp;&nbsp;&nbsp;switch_cpu_clock_3M
<LI><a href="#[5e]">&gt;&gt;</a>&nbsp;&nbsp;&nbsp;set_deep_sleep_clock
<LI><a href="#[86]">&gt;&gt;</a>&nbsp;&nbsp;&nbsp;request_vd12_largebias
<LI><a href="#[60]">&gt;&gt;</a>&nbsp;&nbsp;&nbsp;request_32M_XTAL
<LI><a href="#[83]">&gt;&gt;</a>&nbsp;&nbsp;&nbsp;deep_sleep_exit
<LI><a href="#[5b]">&gt;&gt;</a>&nbsp;&nbsp;&nbsp;_sys_soc_set_power_state
<LI><a href="#[36]">&gt;&gt;</a>&nbsp;&nbsp;&nbsp;request_rc_3M
</UL>

<P><STRONG><a name="[47]"></a>sys_write32</STRONG> (Thumb, 4 bytes, Stack size 0 bytes, board.o(i.sys_write32))
<BR><BR>[Called By]<UL><LI><a href="#[2c]">&gt;&gt;</a>&nbsp;&nbsp;&nbsp;board_early_init
</UL>

<P><STRONG><a name="[17]"></a>uart_acts_irq_config_0</STRONG> (Thumb, 36 bytes, Stack size 16 bytes, uart_acts.o(.init.once.text."..\\..\\..\\..\\drivers\\uart\\uart_acts.c".0))
<BR><BR>[Stack]<UL><LI>Max Depth = 16<LI>Call Chain = uart_acts_irq_config_0
</UL>
<BR>[Calls]<UL><LI><a href="#[4a]">&gt;&gt;</a>&nbsp;&nbsp;&nbsp;_arch_irq_enable (via Veneer)
<LI><a href="#[49]">&gt;&gt;</a>&nbsp;&nbsp;&nbsp;_irq_priority_set (via Veneer)
</UL>
<BR>[Address Reference Count : 1]<UL><LI> uart_acts.o(.constdata)
</UL>
<P><STRONG><a name="[97]"></a>sys_write32</STRONG> (Thumb, 4 bytes, Stack size 0 bytes, uart_acts.o(i.sys_write32))
<BR><BR>[Called By]<UL><LI><a href="#[95]">&gt;&gt;</a>&nbsp;&nbsp;&nbsp;uart_acts_resume_device_from_suspend
</UL>

<P><STRONG><a name="[30]"></a>uart_device_ctrl</STRONG> (Thumb, 44 bytes, Stack size 16 bytes, uart_acts.o(i.uart_device_ctrl))
<BR><BR>[Stack]<UL><LI>Max Depth = 32<LI>Call Chain = uart_device_ctrl &rArr; uart_acts_suspend_device
</UL>
<BR>[Calls]<UL><LI><a href="#[98]">&gt;&gt;</a>&nbsp;&nbsp;&nbsp;uart_acts_suspend_device
<LI><a href="#[95]">&gt;&gt;</a>&nbsp;&nbsp;&nbsp;uart_acts_resume_device_from_suspend
</UL>
<BR>[Address Reference Count : 1]<UL><LI> uart_acts.o(.devconfig.init)
</UL>
<P><STRONG><a name="[93]"></a>sys_write32</STRONG> (Thumb, 4 bytes, Stack size 0 bytes, timer_acts.o(i.sys_write32))
<BR><BR>[Called By]<UL><LI><a href="#[19]">&gt;&gt;</a>&nbsp;&nbsp;&nbsp;timer_acts_stop
<LI><a href="#[16]">&gt;&gt;</a>&nbsp;&nbsp;&nbsp;timer_acts_isr
<LI><a href="#[31]">&gt;&gt;</a>&nbsp;&nbsp;&nbsp;timer_acts_init
<LI><a href="#[94]">&gt;&gt;</a>&nbsp;&nbsp;&nbsp;timer_reload
</UL>

<P><STRONG><a name="[94]"></a>timer_reload</STRONG> (Thumb, 46 bytes, Stack size 24 bytes, timer_acts.o(i.timer_reload))
<BR><BR>[Stack]<UL><LI>Max Depth = 24<LI>Call Chain = timer_reload
</UL>
<BR>[Calls]<UL><LI><a href="#[93]">&gt;&gt;</a>&nbsp;&nbsp;&nbsp;sys_write32
</UL>
<BR>[Called By]<UL><LI><a href="#[18]">&gt;&gt;</a>&nbsp;&nbsp;&nbsp;timer_acts_start
<LI><a href="#[16]">&gt;&gt;</a>&nbsp;&nbsp;&nbsp;timer_acts_isr
</UL>

<P><STRONG><a name="[34]"></a>adckey_device_ctrl</STRONG> (Thumb, 44 bytes, Stack size 16 bytes, adckey_acts.o(i.adckey_device_ctrl))
<BR><BR>[Stack]<UL><LI>Max Depth = 24<LI>Call Chain = adckey_device_ctrl &rArr; adckey_acts_suspend_device
</UL>
<BR>[Calls]<UL><LI><a href="#[71]">&gt;&gt;</a>&nbsp;&nbsp;&nbsp;adckey_acts_suspend_device
<LI><a href="#[74]">&gt;&gt;</a>&nbsp;&nbsp;&nbsp;adckey_acts_resume_device_from_suspend
</UL>
<BR>[Address Reference Count : 1]<UL><LI> adckey_acts.o(.devconfig.init)
</UL>
<P><STRONG><a name="[67]"></a>add_adckey</STRONG> (Thumb, 82 bytes, Stack size 40 bytes, adckey_acts.o(i.add_adckey))
<BR><BR>[Stack]<UL><LI>Max Depth = 40<LI>Call Chain = add_adckey
</UL>
<BR>[Called By]<UL><LI><a href="#[20]">&gt;&gt;</a>&nbsp;&nbsp;&nbsp;adckey_acts_enable_new
</UL>

<P><STRONG><a name="[66]"></a>remove_adckey</STRONG> (Thumb, 40 bytes, Stack size 8 bytes, adckey_acts.o(i.remove_adckey))
<BR><BR>[Stack]<UL><LI>Max Depth = 8<LI>Call Chain = remove_adckey
</UL>
<BR>[Called By]<UL><LI><a href="#[21]">&gt;&gt;</a>&nbsp;&nbsp;&nbsp;adckey_acts_disable_new
</UL>

<P><STRONG><a name="[6e]"></a>sys_read32</STRONG> (Thumb, 6 bytes, Stack size 0 bytes, adckey_acts.o(i.sys_read32))
<BR><BR>[Called By]<UL><LI><a href="#[d]">&gt;&gt;</a>&nbsp;&nbsp;&nbsp;adckey_acts_wakeup_isr
<LI><a href="#[33]">&gt;&gt;</a>&nbsp;&nbsp;&nbsp;adckey_acts_init_new
</UL>

<P><STRONG><a name="[6d]"></a>sys_write32</STRONG> (Thumb, 4 bytes, Stack size 0 bytes, adckey_acts.o(i.sys_write32))
<BR><BR>[Called By]<UL><LI><a href="#[d]">&gt;&gt;</a>&nbsp;&nbsp;&nbsp;adckey_acts_wakeup_isr
<LI><a href="#[33]">&gt;&gt;</a>&nbsp;&nbsp;&nbsp;adckey_acts_init_new
</UL>

<P><STRONG><a name="[90]"></a>_abort_timeout</STRONG> (Thumb, 106 bytes, Stack size 16 bytes, system_work_q.o(i._abort_timeout))
<BR><BR>[Stack]<UL><LI>Max Depth = 16<LI>Call Chain = _abort_timeout
</UL>
<BR>[Called By]<UL><LI><a href="#[29]">&gt;&gt;</a>&nbsp;&nbsp;&nbsp;new_k_delayed_work_cancel
</UL>

<P><STRONG><a name="[8f]"></a>sys_slist_find_and_remove</STRONG> (Thumb, 92 bytes, Stack size 16 bytes, system_work_q.o(i.sys_slist_find_and_remove))
<BR><BR>[Stack]<UL><LI>Max Depth = 16<LI>Call Chain = sys_slist_find_and_remove
</UL>
<BR>[Called By]<UL><LI><a href="#[29]">&gt;&gt;</a>&nbsp;&nbsp;&nbsp;new_k_delayed_work_cancel
</UL>
<P>
<H3>
Undefined Global Symbols
</H3><HR></body></html>
