<!doctype html public "-//w3c//dtd html 4.0 transitional//en">
<html><head>
<title>Static Call Graph - [.\Objects\nvram.axf]</title></head>
<body><HR>
<H1>Static Call Graph for image .\Objects\nvram.axf</H1><HR>
<BR><P>#&#060CALLGRAPH&#062# ARM Linker, 5060300: Last Updated: Wed Apr 17 10:39:22 2019
<BR><P>
<H3>Maximum Stack Usage =         56 bytes + Unknown(Cycles, Untraceable Function Pointers)</H3><H3>
Call chain for Maximum Stack Depth:</H3>
timer_acts_isr &rArr; _ms_to_cycle
<P>
<H3>
Mutually Recursive functions
</H3> <LI><a href="#[5]">_timer_int_handler</a>&nbsp;&nbsp;&nbsp;&rArr;&nbsp;&nbsp;&nbsp;<a href="#[5]">_timer_int_handler</a><BR>
</UL>
<P>
<H3>
Function Pointers
</H3><UL>
 <LI><a href="#[0]">Reset_Handler</a> from startup.o(.text) referenced 2 times from startup.o(RESET)
 <LI><a href="#[a]">SystemInit</a> from system.o(.init.once.text."..\\..\\..\\..\\ext\\lib\\actions\\startup\\system.c".0) referenced from startup.o(.text)
 <LI><a href="#[2]">__hard_fault</a> from rom_zephyr_symdefs.txt(ABSOLUTE) referenced 10 times from startup.o(RESET)
 <LI><a href="#[b]">__main</a> from entry.o(.ARM.Collect$$$$00000000) referenced from startup.o(.text)
 <LI><a href="#[1]">__nmi</a> from rom_zephyr_symdefs.txt(ABSOLUTE) referenced from startup.o(RESET)
 <LI><a href="#[4]">__pendsv</a> from rom_zephyr_symdefs.txt(ABSOLUTE) referenced from startup.o(RESET)
 <LI><a href="#[3]">__svc</a> from rom_zephyr_symdefs.txt(ABSOLUTE) referenced from startup.o(RESET)
 <LI><a href="#[6]">_isr_wrapper</a> from rom_zephyr_symdefs.txt(ABSOLUTE) referenced 32 times from startup.o(RESET)
 <LI><a href="#[24]">_sys_clock_driver_init</a> from rom_zephyr_symdefs.txt(ABSOLUTE) referenced from sys_clock_init.o(.devconfig.init)
 <LI><a href="#[f]">_sys_device_do_config_level</a> from device.o(i._sys_device_do_config_level) referenced from entry.o(i.main)
 <LI><a href="#[5]">_timer_int_handler</a> from startup.o(.text) referenced from startup.o(RESET)
 <LI><a href="#[10]">app_main</a> from main.o(i.app_main) referenced from entry.o(i.main)
 <LI><a href="#[21]">board_early_init</a> from board.o(.init.once.text."..\\..\\..\\..\\boards\\board.c".2) referenced from board.o(.devconfig.init)
 <LI><a href="#[1d]">device_busy_clear</a> from rom_zephyr_symdefs.txt(ABSOLUTE) referenced from device.o(.patch_hw_func)
 <LI><a href="#[1c]">device_busy_clear_new</a> from device.o(i.device_busy_clear_new) referenced from device.o(.patch_hw_func)
 <LI><a href="#[1b]">device_busy_set</a> from rom_zephyr_symdefs.txt(ABSOLUTE) referenced from device.o(.patch_hw_func)
 <LI><a href="#[1a]">device_busy_set_new</a> from device.o(i.device_busy_set_new) referenced from device.o(.patch_hw_func)
 <LI><a href="#[e]">device_get_binding</a> from device.o(i.device_get_binding) referenced from entry.o(i.main)
 <LI><a href="#[22]">device_pm_control_nop</a> from rom_zephyr_symdefs.txt(ABSOLUTE) referenced 5 times from board.o(.devconfig.init)
 <LI><a href="#[19]">idle</a> from rom_zephyr_symdefs.txt(ABSOLUTE) referenced from soc_pm.o(.patch_hw_func)
 <LI><a href="#[18]">idle_new</a> from soc_pm.o(i.idle_new) referenced from soc_pm.o(.patch_hw_func)
 <LI><a href="#[1f]">k_delayed_work_cancel</a> from rom_zephyr_symdefs.txt(ABSOLUTE) referenced from system_work_q.o(.patch_hw_func)
 <LI><a href="#[28]">k_sys_work_q_init</a> from rom_zephyr_symdefs.txt(ABSOLUTE) referenced from system_work_q.o(.devconfig.init)
 <LI><a href="#[d]">kernel_config_init</a> from kernel_config_init.o(.init.once.text."..\\..\\..\\..\\kernel\\kernel_config_init.c".4) referenced from entry.o(i.main)
 <LI><a href="#[7]">main</a> from entry.o(i.main) referenced from entry9a.o(.ARM.Collect$$$$0000000B)
 <LI><a href="#[1e]">new_k_delayed_work_cancel</a> from system_work_q.o(i.new_k_delayed_work_cancel) referenced from system_work_q.o(.patch_hw_func)
 <LI><a href="#[15]">timer_acts_callback_set</a> from timer_acts.o(i.timer_acts_callback_set) referenced from timer_acts.o(.constdata)
 <LI><a href="#[20]">timer_acts_config_irq</a> from timer_acts.o(i.timer_acts_config_irq) referenced from timer_acts.o(.data)
 <LI><a href="#[27]">timer_acts_init</a> from timer_acts.o(i.timer_acts_init) referenced from timer_acts.o(.devconfig.init)
 <LI><a href="#[11]">timer_acts_isr</a> from timer_acts.o(i.timer_acts_isr) referenced from timer_acts.o(i.timer_acts_config_irq)
 <LI><a href="#[13]">timer_acts_start</a> from timer_acts.o(i.timer_acts_start) referenced from timer_acts.o(.constdata)
 <LI><a href="#[14]">timer_acts_stop</a> from timer_acts.o(i.timer_acts_stop) referenced from timer_acts.o(.constdata)
 <LI><a href="#[17]">timer_acts_user_data_get</a> from timer_acts.o(i.timer_acts_user_data_get) referenced from timer_acts.o(.constdata)
 <LI><a href="#[16]">timer_acts_user_data_set</a> from timer_acts.o(i.timer_acts_user_data_set) referenced from timer_acts.o(.constdata)
 <LI><a href="#[c]">timer_irq_callback</a> from main.o(i.timer_irq_callback) referenced from main.o(i.app_main)
 <LI><a href="#[8]">timer_irq_handler</a> from rom_zephyr_symdefs.txt(ABSOLUTE) referenced from board.o(.init.once.text."..\\..\\..\\..\\boards\\board.c".2)
 <LI><a href="#[25]">uart_acts_init</a> from rom_zephyr_symdefs.txt(ABSOLUTE) referenced from uart_acts.o(.devconfig.init)
 <LI><a href="#[12]">uart_acts_irq_config_0</a> from uart_acts.o(.init.once.text."..\\..\\..\\..\\drivers\\uart\\uart_acts.c".0) referenced from uart_acts.o(.constdata)
 <LI><a href="#[9]">uart_acts_isr</a> from rom_zephyr_symdefs.txt(ABSOLUTE) referenced from uart_acts.o(.init.once.text."..\\..\\..\\..\\drivers\\uart\\uart_acts.c".0)
 <LI><a href="#[23]">uart_console_init_new</a> from uart_console.o(i.uart_console_init_new) referenced from uart_console.o(.devconfig.init)
 <LI><a href="#[26]">uart_device_ctrl</a> from uart_acts.o(i.uart_device_ctrl) referenced from uart_acts.o(.devconfig.init)
</UL>
<P>
<H3>
Global Symbols
</H3>
<P><STRONG><a name="[45]"></a>__aeabi_uidivmod</STRONG> (Thumb, 0 bytes, Stack size 0 bytes, rom_zephyr_symdefs.txt(ABSOLUTE))
<BR><BR>[Called By]<UL><LI><a href="#[44]">&gt;&gt;</a>&nbsp;&nbsp;&nbsp;_ms_to_cycle (via Veneer)
</UL>

<P><STRONG><a name="[49]"></a>__aeabi_idivmod</STRONG> (Thumb, 0 bytes, Stack size 0 bytes, rom_zephyr_symdefs.txt(ABSOLUTE))
<BR><BR>[Called By]<UL><LI><a href="#[1a]">&gt;&gt;</a>&nbsp;&nbsp;&nbsp;device_busy_set_new (via Veneer)
<LI><a href="#[1c]">&gt;&gt;</a>&nbsp;&nbsp;&nbsp;device_busy_clear_new (via Veneer)
</UL>

<P><STRONG><a name="[4c]"></a>strcmp</STRONG> (Thumb, 0 bytes, Stack size 0 bytes, rom_zephyr_symdefs.txt(ABSOLUTE))
<BR><BR>[Called By]<UL><LI><a href="#[e]">&gt;&gt;</a>&nbsp;&nbsp;&nbsp;device_get_binding (via Veneer)
</UL>

<P><STRONG><a name="[3c]"></a>main_thread_init</STRONG> (Thumb, 0 bytes, Stack size 0 bytes, rom_zephyr_symdefs.txt(ABSOLUTE))
<BR><BR>[Called By]<UL><LI><a href="#[d]">&gt;&gt;</a>&nbsp;&nbsp;&nbsp;kernel_config_init (via Veneer)
</UL>

<P><STRONG><a name="[3d]"></a>idle_thread_init</STRONG> (Thumb, 0 bytes, Stack size 0 bytes, rom_zephyr_symdefs.txt(ABSOLUTE))
<BR><BR>[Called By]<UL><LI><a href="#[d]">&gt;&gt;</a>&nbsp;&nbsp;&nbsp;kernel_config_init (via Veneer)
</UL>

<P><STRONG><a name="[3e]"></a>interrupt_stack_init</STRONG> (Thumb, 0 bytes, Stack size 0 bytes, rom_zephyr_symdefs.txt(ABSOLUTE))
<BR><BR>[Called By]<UL><LI><a href="#[d]">&gt;&gt;</a>&nbsp;&nbsp;&nbsp;kernel_config_init (via Veneer)
</UL>

<P><STRONG><a name="[22]"></a>device_pm_control_nop</STRONG> (Thumb, 0 bytes, Stack size 0 bytes, rom_zephyr_symdefs.txt(ABSOLUTE), UNUSED)
<BR>[Address Reference Count : 5]<UL><LI> uart_console.o(.devconfig.init)
<LI> sys_clock_init.o(.devconfig.init)
<LI> timer_acts.o(.devconfig.init)
<LI> board.o(.devconfig.init)
<LI> system_work_q.o(.devconfig.init)
</UL>
<P><STRONG><a name="[1b]"></a>device_busy_set</STRONG> (Thumb, 0 bytes, Stack size 0 bytes, rom_zephyr_symdefs.txt(ABSOLUTE), UNUSED)
<BR>[Address Reference Count : 1]<UL><LI> device.o(.patch_hw_func)
</UL>
<P><STRONG><a name="[1d]"></a>device_busy_clear</STRONG> (Thumb, 0 bytes, Stack size 0 bytes, rom_zephyr_symdefs.txt(ABSOLUTE), UNUSED)
<BR>[Address Reference Count : 1]<UL><LI> device.o(.patch_hw_func)
</UL>
<P><STRONG><a name="[19]"></a>idle</STRONG> (Thumb, 0 bytes, Stack size 0 bytes, rom_zephyr_symdefs.txt(ABSOLUTE), UNUSED)
<BR>[Address Reference Count : 1]<UL><LI> soc_pm.o(.patch_hw_func)
</UL>
<P><STRONG><a name="[46]"></a>k_sleep</STRONG> (Thumb, 0 bytes, Stack size 0 bytes, rom_zephyr_symdefs.txt(ABSOLUTE))
<BR><BR>[Called By]<UL><LI><a href="#[10]">&gt;&gt;</a>&nbsp;&nbsp;&nbsp;app_main (via Veneer)
</UL>

<P><STRONG><a name="[1f]"></a>k_delayed_work_cancel</STRONG> (Thumb, 0 bytes, Stack size 0 bytes, rom_zephyr_symdefs.txt(ABSOLUTE), UNUSED)
<BR>[Address Reference Count : 1]<UL><LI> system_work_q.o(.patch_hw_func)
</UL>
<P><STRONG><a name="[3f]"></a>sys_work_queue_init</STRONG> (Thumb, 0 bytes, Stack size 0 bytes, rom_zephyr_symdefs.txt(ABSOLUTE))
<BR><BR>[Called By]<UL><LI><a href="#[d]">&gt;&gt;</a>&nbsp;&nbsp;&nbsp;kernel_config_init (via Veneer)
</UL>

<P><STRONG><a name="[28]"></a>k_sys_work_q_init</STRONG> (Thumb, 0 bytes, Stack size 0 bytes, rom_zephyr_symdefs.txt(ABSOLUTE), UNUSED)
<BR>[Address Reference Count : 1]<UL><LI> system_work_q.o(.devconfig.init)
</UL>
<P><STRONG><a name="[5b]"></a>uart_console_init</STRONG> (Thumb, 0 bytes, Stack size 0 bytes, rom_zephyr_symdefs.txt(ABSOLUTE))
<BR><BR>[Called By]<UL><LI><a href="#[23]">&gt;&gt;</a>&nbsp;&nbsp;&nbsp;uart_console_init_new (via Veneer)
</UL>

<P><STRONG><a name="[25]"></a>uart_acts_init</STRONG> (Thumb, 0 bytes, Stack size 0 bytes, rom_zephyr_symdefs.txt(ABSOLUTE), UNUSED)
<BR>[Address Reference Count : 1]<UL><LI> uart_acts.o(.devconfig.init)
</UL>
<P><STRONG><a name="[9]"></a>uart_acts_isr</STRONG> (Thumb, 0 bytes, Stack size 0 bytes, rom_zephyr_symdefs.txt(ABSOLUTE), UNUSED)
<BR>[Address Reference Count : 1]<UL><LI> uart_acts.o(.init.once.text."..\\..\\..\\..\\drivers\\uart\\uart_acts.c".0)
</UL>
<P><STRONG><a name="[8]"></a>timer_irq_handler</STRONG> (Thumb, 0 bytes, Stack size 0 bytes, rom_zephyr_symdefs.txt(ABSOLUTE), UNUSED)
<BR>[Address Reference Count : 1]<UL><LI> board.o(.init.once.text."..\\..\\..\\..\\boards\\board.c".2)
</UL>
<P><STRONG><a name="[24]"></a>_sys_clock_driver_init</STRONG> (Thumb, 0 bytes, Stack size 0 bytes, rom_zephyr_symdefs.txt(ABSOLUTE), UNUSED)
<BR>[Address Reference Count : 1]<UL><LI> sys_clock_init.o(.devconfig.init)
</UL>
<P><STRONG><a name="[2c]"></a>printk</STRONG> (Thumb, 0 bytes, Stack size 0 bytes, rom_zephyr_symdefs.txt(ABSOLUTE))
<BR><BR>[Called By]<UL><LI><a href="#[c]">&gt;&gt;</a>&nbsp;&nbsp;&nbsp;timer_irq_callback (via Veneer)
<LI><a href="#[2d]">&gt;&gt;</a>&nbsp;&nbsp;&nbsp;patch_hw_code (via Veneer)
<LI><a href="#[2b]">&gt;&gt;</a>&nbsp;&nbsp;&nbsp;patch_hw_func (via Veneer)
<LI><a href="#[10]">&gt;&gt;</a>&nbsp;&nbsp;&nbsp;app_main (via Veneer)
</UL>

<P><STRONG><a name="[31]"></a>acts_delay_us</STRONG> (Thumb, 0 bytes, Stack size 0 bytes, rom_zephyr_symdefs.txt(ABSOLUTE))
<BR><BR>[Called By]<UL><LI><a href="#[21]">&gt;&gt;</a>&nbsp;&nbsp;&nbsp;board_early_init (via Veneer)
</UL>

<P><STRONG><a name="[57]"></a>acts_reset_peripheral</STRONG> (Thumb, 0 bytes, Stack size 0 bytes, rom_zephyr_symdefs.txt(ABSOLUTE))
<BR><BR>[Called By]<UL><LI><a href="#[56]">&gt;&gt;</a>&nbsp;&nbsp;&nbsp;uart_acts_resume_device_from_suspend (via Veneer)
</UL>

<P><STRONG><a name="[36]"></a>acts_pinmux_setup_pins</STRONG> (Thumb, 0 bytes, Stack size 0 bytes, rom_zephyr_symdefs.txt(ABSOLUTE))
<BR><BR>[Called By]<UL><LI><a href="#[21]">&gt;&gt;</a>&nbsp;&nbsp;&nbsp;board_early_init (via Veneer)
</UL>

<P><STRONG><a name="[32]"></a>acts_request_vd12_pd</STRONG> (Thumb, 0 bytes, Stack size 0 bytes, rom_zephyr_symdefs.txt(ABSOLUTE))
<BR><BR>[Called By]<UL><LI><a href="#[21]">&gt;&gt;</a>&nbsp;&nbsp;&nbsp;board_early_init (via Veneer)
</UL>

<P><STRONG><a name="[33]"></a>acts_request_vd12_largebias</STRONG> (Thumb, 0 bytes, Stack size 0 bytes, rom_zephyr_symdefs.txt(ABSOLUTE))
<BR><BR>[Called By]<UL><LI><a href="#[21]">&gt;&gt;</a>&nbsp;&nbsp;&nbsp;board_early_init (via Veneer)
</UL>

<P><STRONG><a name="[30]"></a>acts_set_vdd</STRONG> (Thumb, 0 bytes, Stack size 0 bytes, rom_zephyr_symdefs.txt(ABSOLUTE))
<BR><BR>[Called By]<UL><LI><a href="#[21]">&gt;&gt;</a>&nbsp;&nbsp;&nbsp;board_early_init (via Veneer)
</UL>

<P><STRONG><a name="[53]"></a>acts_clock_peripheral_enable</STRONG> (Thumb, 0 bytes, Stack size 0 bytes, rom_zephyr_symdefs.txt(ABSOLUTE))
<BR><BR>[Called By]<UL><LI><a href="#[27]">&gt;&gt;</a>&nbsp;&nbsp;&nbsp;timer_acts_init (via Veneer)
<LI><a href="#[56]">&gt;&gt;</a>&nbsp;&nbsp;&nbsp;uart_acts_resume_device_from_suspend (via Veneer)
</UL>

<P><STRONG><a name="[5a]"></a>acts_clock_peripheral_disable</STRONG> (Thumb, 0 bytes, Stack size 0 bytes, rom_zephyr_symdefs.txt(ABSOLUTE))
<BR><BR>[Called By]<UL><LI><a href="#[59]">&gt;&gt;</a>&nbsp;&nbsp;&nbsp;uart_acts_suspend_device (via Veneer)
</UL>

<P><STRONG><a name="[34]"></a>acts_request_rc_3M</STRONG> (Thumb, 0 bytes, Stack size 0 bytes, rom_zephyr_symdefs.txt(ABSOLUTE))
<BR><BR>[Called By]<UL><LI><a href="#[21]">&gt;&gt;</a>&nbsp;&nbsp;&nbsp;board_early_init (via Veneer)
</UL>

<P><STRONG><a name="[2f]"></a>acts_efuse_read</STRONG> (Thumb, 0 bytes, Stack size 0 bytes, rom_zephyr_symdefs.txt(ABSOLUTE))
<BR><BR>[Called By]<UL><LI><a href="#[2e]">&gt;&gt;</a>&nbsp;&nbsp;&nbsp;set_ic_feature (via Veneer)
</UL>

<P><STRONG><a name="[4]"></a>__pendsv</STRONG> (Thumb, 0 bytes, Stack size 0 bytes, rom_zephyr_symdefs.txt(ABSOLUTE), UNUSED)
<BR>[Address Reference Count : 1]<UL><LI> startup.o(RESET)
</UL>
<P><STRONG><a name="[3]"></a>__svc</STRONG> (Thumb, 0 bytes, Stack size 0 bytes, rom_zephyr_symdefs.txt(ABSOLUTE), UNUSED)
<BR>[Address Reference Count : 1]<UL><LI> startup.o(RESET)
</UL>
<P><STRONG><a name="[39]"></a>_arch_irq_enable</STRONG> (Thumb, 0 bytes, Stack size 0 bytes, rom_zephyr_symdefs.txt(ABSOLUTE))
<BR><BR>[Called By]<UL><LI><a href="#[20]">&gt;&gt;</a>&nbsp;&nbsp;&nbsp;timer_acts_config_irq (via Veneer)
<LI><a href="#[12]">&gt;&gt;</a>&nbsp;&nbsp;&nbsp;uart_acts_irq_config_0 (via Veneer)
</UL>

<P><STRONG><a name="[38]"></a>_irq_priority_set</STRONG> (Thumb, 0 bytes, Stack size 0 bytes, rom_zephyr_symdefs.txt(ABSOLUTE))
<BR><BR>[Called By]<UL><LI><a href="#[20]">&gt;&gt;</a>&nbsp;&nbsp;&nbsp;timer_acts_config_irq (via Veneer)
<LI><a href="#[12]">&gt;&gt;</a>&nbsp;&nbsp;&nbsp;uart_acts_irq_config_0 (via Veneer)
<LI><a href="#[21]">&gt;&gt;</a>&nbsp;&nbsp;&nbsp;board_early_init (via Veneer)
</UL>

<P><STRONG><a name="[2]"></a>__hard_fault</STRONG> (Thumb, 0 bytes, Stack size 0 bytes, rom_zephyr_symdefs.txt(ABSOLUTE), UNUSED)
<BR>[Address Reference Count : 1]<UL><LI> startup.o(RESET)
</UL>
<P><STRONG><a name="[6]"></a>_isr_wrapper</STRONG> (Thumb, 0 bytes, Stack size 0 bytes, rom_zephyr_symdefs.txt(ABSOLUTE), UNUSED)
<BR>[Address Reference Count : 1]<UL><LI> startup.o(RESET)
</UL>
<P><STRONG><a name="[4d]"></a>_PrepC</STRONG> (Thumb, 0 bytes, Stack size 0 bytes, rom_zephyr_symdefs.txt(ABSOLUTE))
<BR><BR>[Called By]<UL><LI><a href="#[7]">&gt;&gt;</a>&nbsp;&nbsp;&nbsp;main (via Veneer)
</UL>

<P><STRONG><a name="[1]"></a>__nmi</STRONG> (Thumb, 0 bytes, Stack size 0 bytes, rom_zephyr_symdefs.txt(ABSOLUTE), UNUSED)
<BR>[Address Reference Count : 1]<UL><LI> startup.o(RESET)
</UL>
<P><STRONG><a name="[50]"></a>atomic_get</STRONG> (Thumb, 0 bytes, Stack size 0 bytes, rom_zephyr_symdefs.txt(ABSOLUTE))
<BR><BR>[Called By]<UL><LI><a href="#[1e]">&gt;&gt;</a>&nbsp;&nbsp;&nbsp;new_k_delayed_work_cancel (via Veneer)
</UL>

<P><STRONG><a name="[4b]"></a>atomic_or</STRONG> (Thumb, 0 bytes, Stack size 0 bytes, rom_zephyr_symdefs.txt(ABSOLUTE))
<BR><BR>[Called By]<UL><LI><a href="#[1a]">&gt;&gt;</a>&nbsp;&nbsp;&nbsp;device_busy_set_new (via Veneer)
</UL>

<P><STRONG><a name="[4a]"></a>atomic_and</STRONG> (Thumb, 0 bytes, Stack size 0 bytes, rom_zephyr_symdefs.txt(ABSOLUTE))
<BR><BR>[Called By]<UL><LI><a href="#[1c]">&gt;&gt;</a>&nbsp;&nbsp;&nbsp;device_busy_clear_new (via Veneer)
<LI><a href="#[1e]">&gt;&gt;</a>&nbsp;&nbsp;&nbsp;new_k_delayed_work_cancel (via Veneer)
</UL>

<P><STRONG><a name="[b]"></a>__main</STRONG> (Thumb, 0 bytes, Stack size unknown bytes, entry.o(.ARM.Collect$$$$00000000))
<BR>[Address Reference Count : 1]<UL><LI> startup.o(.text)
</UL>
<P><STRONG><a name="[5c]"></a>_main_stk</STRONG> (Thumb, 0 bytes, Stack size unknown bytes, entry2.o(.ARM.Collect$$$$00000001))

<P><STRONG><a name="[29]"></a>_main_scatterload</STRONG> (Thumb, 0 bytes, Stack size unknown bytes, entry5.o(.ARM.Collect$$$$00000004))
<BR><BR>[Calls]<UL><LI><a href="#[2a]">&gt;&gt;</a>&nbsp;&nbsp;&nbsp;__scatterload
</UL>

<P><STRONG><a name="[43]"></a>__main_after_scatterload</STRONG> (Thumb, 0 bytes, Stack size unknown bytes, entry5.o(.ARM.Collect$$$$00000004))
<BR><BR>[Called By]<UL><LI><a href="#[2a]">&gt;&gt;</a>&nbsp;&nbsp;&nbsp;__scatterload
</UL>

<P><STRONG><a name="[5d]"></a>_main_clock</STRONG> (Thumb, 0 bytes, Stack size unknown bytes, entry7b.o(.ARM.Collect$$$$00000008))

<P><STRONG><a name="[5e]"></a>_main_cpp_init</STRONG> (Thumb, 0 bytes, Stack size unknown bytes, entry8b.o(.ARM.Collect$$$$0000000A))

<P><STRONG><a name="[5f]"></a>_main_init</STRONG> (Thumb, 0 bytes, Stack size unknown bytes, entry9a.o(.ARM.Collect$$$$0000000B))

<P><STRONG><a name="[60]"></a>__rt_final_cpp</STRONG> (Thumb, 0 bytes, Stack size unknown bytes, entry10a.o(.ARM.Collect$$$$0000000D))

<P><STRONG><a name="[61]"></a>__rt_final_exit</STRONG> (Thumb, 0 bytes, Stack size unknown bytes, entry11a.o(.ARM.Collect$$$$0000000F))

<P><STRONG><a name="[2b]"></a>patch_hw_func</STRONG> (Thumb, 94 bytes, Stack size 32 bytes, soc_patch.o(.init.once.text."..\\..\\..\\..\\arch\\soc\\atb110x\\soc_patch.c".0))
<BR><BR>[Stack]<UL><LI>Max Depth = 32<LI>Call Chain = patch_hw_func
</UL>
<BR>[Calls]<UL><LI><a href="#[2c]">&gt;&gt;</a>&nbsp;&nbsp;&nbsp;printk (via Veneer)
</UL>
<BR>[Called By]<UL><LI><a href="#[21]">&gt;&gt;</a>&nbsp;&nbsp;&nbsp;board_early_init
</UL>

<P><STRONG><a name="[2d]"></a>patch_hw_code</STRONG> (Thumb, 86 bytes, Stack size 32 bytes, soc_patch.o(.init.once.text."..\\..\\..\\..\\arch\\soc\\atb110x\\soc_patch.c".1))
<BR><BR>[Stack]<UL><LI>Max Depth = 32<LI>Call Chain = patch_hw_code
</UL>
<BR>[Calls]<UL><LI><a href="#[2c]">&gt;&gt;</a>&nbsp;&nbsp;&nbsp;printk (via Veneer)
</UL>
<BR>[Called By]<UL><LI><a href="#[21]">&gt;&gt;</a>&nbsp;&nbsp;&nbsp;board_early_init
</UL>

<P><STRONG><a name="[37]"></a>patch_sw</STRONG> (Thumb, 2 bytes, Stack size 0 bytes, soc_patch.o(.init.once.text."..\\..\\..\\..\\arch\\soc\\atb110x\\soc_patch.c".2))
<BR><BR>[Called By]<UL><LI><a href="#[21]">&gt;&gt;</a>&nbsp;&nbsp;&nbsp;board_early_init
</UL>

<P><STRONG><a name="[2e]"></a>set_ic_feature</STRONG> (Thumb, 30 bytes, Stack size 8 bytes, board.o(.init.once.text."..\\..\\..\\..\\boards\\board.c".1))
<BR><BR>[Stack]<UL><LI>Max Depth = 8<LI>Call Chain = set_ic_feature
</UL>
<BR>[Calls]<UL><LI><a href="#[2f]">&gt;&gt;</a>&nbsp;&nbsp;&nbsp;acts_efuse_read (via Veneer)
</UL>
<BR>[Called By]<UL><LI><a href="#[21]">&gt;&gt;</a>&nbsp;&nbsp;&nbsp;board_early_init
</UL>

<P><STRONG><a name="[21]"></a>board_early_init</STRONG> (Thumb, 116 bytes, Stack size 16 bytes, board.o(.init.once.text."..\\..\\..\\..\\boards\\board.c".2))
<BR><BR>[Stack]<UL><LI>Max Depth = 48<LI>Call Chain = board_early_init &rArr; patch_hw_code
</UL>
<BR>[Calls]<UL><LI><a href="#[30]">&gt;&gt;</a>&nbsp;&nbsp;&nbsp;acts_set_vdd (via Veneer)
<LI><a href="#[32]">&gt;&gt;</a>&nbsp;&nbsp;&nbsp;acts_request_vd12_pd (via Veneer)
<LI><a href="#[33]">&gt;&gt;</a>&nbsp;&nbsp;&nbsp;acts_request_vd12_largebias (via Veneer)
<LI><a href="#[34]">&gt;&gt;</a>&nbsp;&nbsp;&nbsp;acts_request_rc_3M (via Veneer)
<LI><a href="#[36]">&gt;&gt;</a>&nbsp;&nbsp;&nbsp;acts_pinmux_setup_pins (via Veneer)
<LI><a href="#[31]">&gt;&gt;</a>&nbsp;&nbsp;&nbsp;acts_delay_us (via Veneer)
<LI><a href="#[38]">&gt;&gt;</a>&nbsp;&nbsp;&nbsp;_irq_priority_set (via Veneer)
<LI><a href="#[2e]">&gt;&gt;</a>&nbsp;&nbsp;&nbsp;set_ic_feature
<LI><a href="#[35]">&gt;&gt;</a>&nbsp;&nbsp;&nbsp;sys_write32
<LI><a href="#[37]">&gt;&gt;</a>&nbsp;&nbsp;&nbsp;patch_sw
<LI><a href="#[2d]">&gt;&gt;</a>&nbsp;&nbsp;&nbsp;patch_hw_code
<LI><a href="#[2b]">&gt;&gt;</a>&nbsp;&nbsp;&nbsp;patch_hw_func
</UL>
<BR>[Address Reference Count : 1]<UL><LI> board.o(.devconfig.init)
</UL>
<P><STRONG><a name="[a]"></a>SystemInit</STRONG> (Thumb, 16 bytes, Stack size 8 bytes, system.o(.init.once.text."..\\..\\..\\..\\ext\\lib\\actions\\startup\\system.c".0))
<BR><BR>[Stack]<UL><LI>Max Depth = 16<LI>Call Chain = SystemInit &rArr; debug_uart_init
</UL>
<BR>[Calls]<UL><LI><a href="#[3b]">&gt;&gt;</a>&nbsp;&nbsp;&nbsp;debug_uart_init
<LI><a href="#[3a]">&gt;&gt;</a>&nbsp;&nbsp;&nbsp;sys_write32
</UL>
<BR>[Address Reference Count : 1]<UL><LI> startup.o(.text)
</UL>
<P><STRONG><a name="[d]"></a>kernel_config_init</STRONG> (Thumb, 124 bytes, Stack size 8 bytes, kernel_config_init.o(.init.once.text."..\\..\\..\\..\\kernel\\kernel_config_init.c".4))
<BR><BR>[Stack]<UL><LI>Max Depth = 8<LI>Call Chain = kernel_config_init
</UL>
<BR>[Calls]<UL><LI><a href="#[3f]">&gt;&gt;</a>&nbsp;&nbsp;&nbsp;sys_work_queue_init (via Veneer)
<LI><a href="#[3c]">&gt;&gt;</a>&nbsp;&nbsp;&nbsp;main_thread_init (via Veneer)
<LI><a href="#[3e]">&gt;&gt;</a>&nbsp;&nbsp;&nbsp;interrupt_stack_init (via Veneer)
<LI><a href="#[3d]">&gt;&gt;</a>&nbsp;&nbsp;&nbsp;idle_thread_init (via Veneer)
</UL>
<BR>[Address Reference Count : 1]<UL><LI> entry.o(i.main)
</UL>
<P><STRONG><a name="[0]"></a>Reset_Handler</STRONG> (Thumb, 36 bytes, Stack size 0 bytes, startup.o(.text))
<BR><BR>[Calls]<UL><LI><a href="#[40]">&gt;&gt;</a>&nbsp;&nbsp;&nbsp;__aeabi_memset
</UL>
<BR>[Address Reference Count : 1]<UL><LI> startup.o(RESET)
</UL>
<P><STRONG><a name="[4e]"></a>_arch_irq_lock_s</STRONG> (Thumb, 8 bytes, Stack size 0 bytes, startup.o(.text))
<BR><BR>[Called By]<UL><LI><a href="#[14]">&gt;&gt;</a>&nbsp;&nbsp;&nbsp;timer_acts_stop
<LI><a href="#[13]">&gt;&gt;</a>&nbsp;&nbsp;&nbsp;timer_acts_start
<LI><a href="#[1e]">&gt;&gt;</a>&nbsp;&nbsp;&nbsp;new_k_delayed_work_cancel
</UL>

<P><STRONG><a name="[4f]"></a>_arch_irq_unlock_s</STRONG> (Thumb, 8 bytes, Stack size 0 bytes, startup.o(.text))
<BR><BR>[Called By]<UL><LI><a href="#[14]">&gt;&gt;</a>&nbsp;&nbsp;&nbsp;timer_acts_stop
<LI><a href="#[13]">&gt;&gt;</a>&nbsp;&nbsp;&nbsp;timer_acts_start
<LI><a href="#[1e]">&gt;&gt;</a>&nbsp;&nbsp;&nbsp;new_k_delayed_work_cancel
</UL>

<P><STRONG><a name="[5]"></a>_timer_int_handler</STRONG> (Thumb, 2 bytes, Stack size 0 bytes, startup.o(.text))
<BR><BR>[Calls]<UL><LI><a href="#[5]">&gt;&gt;</a>&nbsp;&nbsp;&nbsp;_timer_int_handler
</UL>
<BR>[Called By]<UL><LI><a href="#[5]">&gt;&gt;</a>&nbsp;&nbsp;&nbsp;_timer_int_handler
</UL>
<BR>[Address Reference Count : 1]<UL><LI> startup.o(RESET)
</UL>
<P><STRONG><a name="[40]"></a>__aeabi_memset</STRONG> (Thumb, 14 bytes, Stack size 0 bytes, memseta.o(.text))
<BR><BR>[Called By]<UL><LI><a href="#[0]">&gt;&gt;</a>&nbsp;&nbsp;&nbsp;Reset_Handler
<LI><a href="#[42]">&gt;&gt;</a>&nbsp;&nbsp;&nbsp;_memset$wrapper
<LI><a href="#[41]">&gt;&gt;</a>&nbsp;&nbsp;&nbsp;__aeabi_memclr
</UL>

<P><STRONG><a name="[62]"></a>__aeabi_memset4</STRONG> (Thumb, 0 bytes, Stack size 0 bytes, memseta.o(.text), UNUSED)

<P><STRONG><a name="[63]"></a>__aeabi_memset8</STRONG> (Thumb, 0 bytes, Stack size 0 bytes, memseta.o(.text), UNUSED)

<P><STRONG><a name="[41]"></a>__aeabi_memclr</STRONG> (Thumb, 4 bytes, Stack size 0 bytes, memseta.o(.text), UNUSED)
<BR><BR>[Calls]<UL><LI><a href="#[40]">&gt;&gt;</a>&nbsp;&nbsp;&nbsp;__aeabi_memset
</UL>

<P><STRONG><a name="[64]"></a>__aeabi_memclr4</STRONG> (Thumb, 0 bytes, Stack size 0 bytes, memseta.o(.text), UNUSED)

<P><STRONG><a name="[65]"></a>__aeabi_memclr8</STRONG> (Thumb, 0 bytes, Stack size 0 bytes, memseta.o(.text), UNUSED)

<P><STRONG><a name="[42]"></a>_memset$wrapper</STRONG> (Thumb, 18 bytes, Stack size 8 bytes, memseta.o(.text), UNUSED)
<BR><BR>[Calls]<UL><LI><a href="#[40]">&gt;&gt;</a>&nbsp;&nbsp;&nbsp;__aeabi_memset
</UL>

<P><STRONG><a name="[2a]"></a>__scatterload</STRONG> (Thumb, 28 bytes, Stack size 0 bytes, init.o(.text))
<BR><BR>[Calls]<UL><LI><a href="#[43]">&gt;&gt;</a>&nbsp;&nbsp;&nbsp;__main_after_scatterload
</UL>
<BR>[Called By]<UL><LI><a href="#[29]">&gt;&gt;</a>&nbsp;&nbsp;&nbsp;_main_scatterload
</UL>

<P><STRONG><a name="[66]"></a>__scatterload_rt2</STRONG> (Thumb, 0 bytes, Stack size 0 bytes, init.o(.text), UNUSED)

<P><STRONG><a name="[67]"></a>__scatterload_copy</STRONG> (Thumb, 14 bytes, Stack size unknown bytes, handlers.o(i.__scatterload_copy), UNUSED)

<P><STRONG><a name="[68]"></a>__scatterload_null</STRONG> (Thumb, 2 bytes, Stack size unknown bytes, handlers.o(i.__scatterload_null), UNUSED)

<P><STRONG><a name="[69]"></a>__scatterload_zeroinit</STRONG> (Thumb, 14 bytes, Stack size unknown bytes, handlers.o(i.__scatterload_zeroinit), UNUSED)

<P><STRONG><a name="[44]"></a>_ms_to_cycle</STRONG> (Thumb, 64 bytes, Stack size 24 bytes, timer_acts.o(i._ms_to_cycle))
<BR><BR>[Stack]<UL><LI>Max Depth = 24<LI>Call Chain = _ms_to_cycle
</UL>
<BR>[Calls]<UL><LI><a href="#[45]">&gt;&gt;</a>&nbsp;&nbsp;&nbsp;__aeabi_uidivmod (via Veneer)
</UL>
<BR>[Called By]<UL><LI><a href="#[13]">&gt;&gt;</a>&nbsp;&nbsp;&nbsp;timer_acts_start
<LI><a href="#[11]">&gt;&gt;</a>&nbsp;&nbsp;&nbsp;timer_acts_isr
</UL>

<P><STRONG><a name="[f]"></a>_sys_device_do_config_level</STRONG> (Thumb, 36 bytes, Stack size 16 bytes, device.o(i._sys_device_do_config_level))
<BR><BR>[Stack]<UL><LI>Max Depth = 16<LI>Call Chain = _sys_device_do_config_level
</UL>
<BR>[Address Reference Count : 1]<UL><LI> entry.o(i.main)
</UL>
<P><STRONG><a name="[10]"></a>app_main</STRONG> (Thumb, 82 bytes, Stack size 24 bytes, main.o(i.app_main))
<BR><BR>[Stack]<UL><LI>Max Depth = 40<LI>Call Chain = app_main &rArr; device_get_binding
</UL>
<BR>[Calls]<UL><LI><a href="#[46]">&gt;&gt;</a>&nbsp;&nbsp;&nbsp;k_sleep (via Veneer)
<LI><a href="#[2c]">&gt;&gt;</a>&nbsp;&nbsp;&nbsp;printk (via Veneer)
<LI><a href="#[e]">&gt;&gt;</a>&nbsp;&nbsp;&nbsp;device_get_binding
</UL>
<BR>[Address Reference Count : 1]<UL><LI> entry.o(i.main)
</UL>
<P><STRONG><a name="[3b]"></a>debug_uart_init</STRONG> (Thumb, 150 bytes, Stack size 8 bytes, system.o(i.debug_uart_init))
<BR><BR>[Stack]<UL><LI>Max Depth = 8<LI>Call Chain = debug_uart_init
</UL>
<BR>[Calls]<UL><LI><a href="#[3a]">&gt;&gt;</a>&nbsp;&nbsp;&nbsp;sys_write32
<LI><a href="#[47]">&gt;&gt;</a>&nbsp;&nbsp;&nbsp;sys_read32
</UL>
<BR>[Called By]<UL><LI><a href="#[a]">&gt;&gt;</a>&nbsp;&nbsp;&nbsp;SystemInit
</UL>

<P><STRONG><a name="[48]"></a>debug_uart_put_char</STRONG> (Thumb, 50 bytes, Stack size 8 bytes, system.o(i.debug_uart_put_char))
<BR><BR>[Stack]<UL><LI>Max Depth = 8<LI>Call Chain = debug_uart_put_char
</UL>
<BR>[Calls]<UL><LI><a href="#[3a]">&gt;&gt;</a>&nbsp;&nbsp;&nbsp;sys_write32
<LI><a href="#[47]">&gt;&gt;</a>&nbsp;&nbsp;&nbsp;sys_read32
</UL>
<BR>[Called By]<UL><LI><a href="#[7]">&gt;&gt;</a>&nbsp;&nbsp;&nbsp;main
</UL>

<P><STRONG><a name="[1c]"></a>device_busy_clear_new</STRONG> (Thumb, 44 bytes, Stack size 24 bytes, device.o(i.device_busy_clear_new))
<BR><BR>[Stack]<UL><LI>Max Depth = 24<LI>Call Chain = device_busy_clear_new
</UL>
<BR>[Calls]<UL><LI><a href="#[4a]">&gt;&gt;</a>&nbsp;&nbsp;&nbsp;atomic_and (via Veneer)
<LI><a href="#[49]">&gt;&gt;</a>&nbsp;&nbsp;&nbsp;__aeabi_idivmod (via Veneer)
</UL>
<BR>[Address Reference Count : 1]<UL><LI> device.o(.patch_hw_func)
</UL>
<P><STRONG><a name="[1a]"></a>device_busy_set_new</STRONG> (Thumb, 44 bytes, Stack size 24 bytes, device.o(i.device_busy_set_new))
<BR><BR>[Stack]<UL><LI>Max Depth = 24<LI>Call Chain = device_busy_set_new
</UL>
<BR>[Calls]<UL><LI><a href="#[4b]">&gt;&gt;</a>&nbsp;&nbsp;&nbsp;atomic_or (via Veneer)
<LI><a href="#[49]">&gt;&gt;</a>&nbsp;&nbsp;&nbsp;__aeabi_idivmod (via Veneer)
</UL>
<BR>[Address Reference Count : 1]<UL><LI> device.o(.patch_hw_func)
</UL>
<P><STRONG><a name="[e]"></a>device_get_binding</STRONG> (Thumb, 44 bytes, Stack size 16 bytes, device.o(i.device_get_binding))
<BR><BR>[Stack]<UL><LI>Max Depth = 16<LI>Call Chain = device_get_binding
</UL>
<BR>[Calls]<UL><LI><a href="#[4c]">&gt;&gt;</a>&nbsp;&nbsp;&nbsp;strcmp (via Veneer)
</UL>
<BR>[Called By]<UL><LI><a href="#[10]">&gt;&gt;</a>&nbsp;&nbsp;&nbsp;app_main
</UL>
<BR>[Address Reference Count : 1]<UL><LI> entry.o(i.main)
</UL>
<P><STRONG><a name="[18]"></a>idle_new</STRONG> (Thumb, 4 bytes, Stack size 0 bytes, soc_pm.o(i.idle_new))
<BR>[Address Reference Count : 1]<UL><LI> soc_pm.o(.patch_hw_func)
</UL>
<P><STRONG><a name="[7]"></a>main</STRONG> (Thumb, 28 bytes, Stack size 8 bytes, entry.o(i.main))
<BR><BR>[Stack]<UL><LI>Max Depth = 16<LI>Call Chain = main &rArr; debug_uart_put_char
</UL>
<BR>[Calls]<UL><LI><a href="#[4d]">&gt;&gt;</a>&nbsp;&nbsp;&nbsp;_PrepC (via Veneer)
<LI><a href="#[48]">&gt;&gt;</a>&nbsp;&nbsp;&nbsp;debug_uart_put_char
</UL>
<BR>[Address Reference Count : 1]<UL><LI> entry9a.o(.ARM.Collect$$$$0000000B)
</UL>
<P><STRONG><a name="[1e]"></a>new_k_delayed_work_cancel</STRONG> (Thumb, 152 bytes, Stack size 24 bytes, system_work_q.o(i.new_k_delayed_work_cancel))
<BR><BR>[Stack]<UL><LI>Max Depth = 40<LI>Call Chain = new_k_delayed_work_cancel &rArr; sys_slist_find_and_remove
</UL>
<BR>[Calls]<UL><LI><a href="#[51]">&gt;&gt;</a>&nbsp;&nbsp;&nbsp;sys_slist_find_and_remove
<LI><a href="#[52]">&gt;&gt;</a>&nbsp;&nbsp;&nbsp;_abort_timeout
<LI><a href="#[50]">&gt;&gt;</a>&nbsp;&nbsp;&nbsp;atomic_get (via Veneer)
<LI><a href="#[4a]">&gt;&gt;</a>&nbsp;&nbsp;&nbsp;atomic_and (via Veneer)
<LI><a href="#[4f]">&gt;&gt;</a>&nbsp;&nbsp;&nbsp;_arch_irq_unlock_s
<LI><a href="#[4e]">&gt;&gt;</a>&nbsp;&nbsp;&nbsp;_arch_irq_lock_s
</UL>
<BR>[Address Reference Count : 1]<UL><LI> system_work_q.o(.patch_hw_func)
</UL>
<P><STRONG><a name="[15]"></a>timer_acts_callback_set</STRONG> (Thumb, 6 bytes, Stack size 0 bytes, timer_acts.o(i.timer_acts_callback_set))
<BR>[Address Reference Count : 1]<UL><LI> timer_acts.o(.constdata)
</UL>
<P><STRONG><a name="[20]"></a>timer_acts_config_irq</STRONG> (Thumb, 48 bytes, Stack size 16 bytes, timer_acts.o(i.timer_acts_config_irq))
<BR><BR>[Stack]<UL><LI>Max Depth = 16<LI>Call Chain = timer_acts_config_irq
</UL>
<BR>[Calls]<UL><LI><a href="#[39]">&gt;&gt;</a>&nbsp;&nbsp;&nbsp;_arch_irq_enable (via Veneer)
<LI><a href="#[38]">&gt;&gt;</a>&nbsp;&nbsp;&nbsp;_irq_priority_set (via Veneer)
</UL>
<BR>[Address Reference Count : 1]<UL><LI> timer_acts.o(.data)
</UL>
<P><STRONG><a name="[27]"></a>timer_acts_init</STRONG> (Thumb, 48 bytes, Stack size 16 bytes, timer_acts.o(i.timer_acts_init))
<BR><BR>[Stack]<UL><LI>Max Depth = 16<LI>Call Chain = timer_acts_init
</UL>
<BR>[Calls]<UL><LI><a href="#[54]">&gt;&gt;</a>&nbsp;&nbsp;&nbsp;sys_write32
<LI><a href="#[53]">&gt;&gt;</a>&nbsp;&nbsp;&nbsp;acts_clock_peripheral_enable (via Veneer)
</UL>
<BR>[Address Reference Count : 1]<UL><LI> timer_acts.o(.devconfig.init)
</UL>
<P><STRONG><a name="[11]"></a>timer_acts_isr</STRONG> (Thumb, 80 bytes, Stack size 32 bytes, timer_acts.o(i.timer_acts_isr))
<BR><BR>[Stack]<UL><LI>Max Depth = 56<LI>Call Chain = timer_acts_isr &rArr; _ms_to_cycle
</UL>
<BR>[Calls]<UL><LI><a href="#[44]">&gt;&gt;</a>&nbsp;&nbsp;&nbsp;_ms_to_cycle
<LI><a href="#[55]">&gt;&gt;</a>&nbsp;&nbsp;&nbsp;timer_reload
<LI><a href="#[54]">&gt;&gt;</a>&nbsp;&nbsp;&nbsp;sys_write32
</UL>
<BR>[Address Reference Count : 1]<UL><LI> timer_acts.o(i.timer_acts_config_irq)
</UL>
<P><STRONG><a name="[13]"></a>timer_acts_start</STRONG> (Thumb, 58 bytes, Stack size 32 bytes, timer_acts.o(i.timer_acts_start))
<BR><BR>[Stack]<UL><LI>Max Depth = 56<LI>Call Chain = timer_acts_start &rArr; _ms_to_cycle
</UL>
<BR>[Calls]<UL><LI><a href="#[44]">&gt;&gt;</a>&nbsp;&nbsp;&nbsp;_ms_to_cycle
<LI><a href="#[55]">&gt;&gt;</a>&nbsp;&nbsp;&nbsp;timer_reload
<LI><a href="#[4f]">&gt;&gt;</a>&nbsp;&nbsp;&nbsp;_arch_irq_unlock_s
<LI><a href="#[4e]">&gt;&gt;</a>&nbsp;&nbsp;&nbsp;_arch_irq_lock_s
</UL>
<BR>[Address Reference Count : 1]<UL><LI> timer_acts.o(.constdata)
</UL>
<P><STRONG><a name="[14]"></a>timer_acts_stop</STRONG> (Thumb, 38 bytes, Stack size 24 bytes, timer_acts.o(i.timer_acts_stop))
<BR><BR>[Stack]<UL><LI>Max Depth = 24<LI>Call Chain = timer_acts_stop
</UL>
<BR>[Calls]<UL><LI><a href="#[54]">&gt;&gt;</a>&nbsp;&nbsp;&nbsp;sys_write32
<LI><a href="#[4f]">&gt;&gt;</a>&nbsp;&nbsp;&nbsp;_arch_irq_unlock_s
<LI><a href="#[4e]">&gt;&gt;</a>&nbsp;&nbsp;&nbsp;_arch_irq_lock_s
</UL>
<BR>[Address Reference Count : 1]<UL><LI> timer_acts.o(.constdata)
</UL>
<P><STRONG><a name="[17]"></a>timer_acts_user_data_get</STRONG> (Thumb, 8 bytes, Stack size 0 bytes, timer_acts.o(i.timer_acts_user_data_get))
<BR>[Address Reference Count : 1]<UL><LI> timer_acts.o(.constdata)
</UL>
<P><STRONG><a name="[16]"></a>timer_acts_user_data_set</STRONG> (Thumb, 6 bytes, Stack size 0 bytes, timer_acts.o(i.timer_acts_user_data_set))
<BR>[Address Reference Count : 1]<UL><LI> timer_acts.o(.constdata)
</UL>
<P><STRONG><a name="[c]"></a>timer_irq_callback</STRONG> (Thumb, 12 bytes, Stack size 8 bytes, main.o(i.timer_irq_callback))
<BR><BR>[Stack]<UL><LI>Max Depth = 8<LI>Call Chain = timer_irq_callback
</UL>
<BR>[Calls]<UL><LI><a href="#[2c]">&gt;&gt;</a>&nbsp;&nbsp;&nbsp;printk (via Veneer)
</UL>
<BR>[Address Reference Count : 1]<UL><LI> main.o(i.app_main)
</UL>
<P><STRONG><a name="[56]"></a>uart_acts_resume_device_from_suspend</STRONG> (Thumb, 50 bytes, Stack size 16 bytes, uart_acts.o(i.uart_acts_resume_device_from_suspend))
<BR><BR>[Stack]<UL><LI>Max Depth = 16<LI>Call Chain = uart_acts_resume_device_from_suspend
</UL>
<BR>[Calls]<UL><LI><a href="#[57]">&gt;&gt;</a>&nbsp;&nbsp;&nbsp;acts_reset_peripheral (via Veneer)
<LI><a href="#[53]">&gt;&gt;</a>&nbsp;&nbsp;&nbsp;acts_clock_peripheral_enable (via Veneer)
<LI><a href="#[58]">&gt;&gt;</a>&nbsp;&nbsp;&nbsp;sys_write32
</UL>
<BR>[Called By]<UL><LI><a href="#[26]">&gt;&gt;</a>&nbsp;&nbsp;&nbsp;uart_device_ctrl
</UL>

<P><STRONG><a name="[59]"></a>uart_acts_suspend_device</STRONG> (Thumb, 40 bytes, Stack size 16 bytes, uart_acts.o(i.uart_acts_suspend_device))
<BR><BR>[Stack]<UL><LI>Max Depth = 16<LI>Call Chain = uart_acts_suspend_device
</UL>
<BR>[Calls]<UL><LI><a href="#[5a]">&gt;&gt;</a>&nbsp;&nbsp;&nbsp;acts_clock_peripheral_disable (via Veneer)
</UL>
<BR>[Called By]<UL><LI><a href="#[26]">&gt;&gt;</a>&nbsp;&nbsp;&nbsp;uart_device_ctrl
</UL>

<P><STRONG><a name="[23]"></a>uart_console_init_new</STRONG> (Thumb, 18 bytes, Stack size 8 bytes, uart_console.o(i.uart_console_init_new))
<BR><BR>[Stack]<UL><LI>Max Depth = 8<LI>Call Chain = uart_console_init_new
</UL>
<BR>[Calls]<UL><LI><a href="#[5b]">&gt;&gt;</a>&nbsp;&nbsp;&nbsp;uart_console_init (via Veneer)
</UL>
<BR>[Address Reference Count : 1]<UL><LI> uart_console.o(.devconfig.init)
</UL><P>
<H3>
Local Symbols
</H3>
<P><STRONG><a name="[47]"></a>sys_read32</STRONG> (Thumb, 6 bytes, Stack size 0 bytes, system.o(i.sys_read32))
<BR><BR>[Called By]<UL><LI><a href="#[48]">&gt;&gt;</a>&nbsp;&nbsp;&nbsp;debug_uart_put_char
<LI><a href="#[3b]">&gt;&gt;</a>&nbsp;&nbsp;&nbsp;debug_uart_init
</UL>

<P><STRONG><a name="[3a]"></a>sys_write32</STRONG> (Thumb, 4 bytes, Stack size 0 bytes, system.o(i.sys_write32))
<BR><BR>[Called By]<UL><LI><a href="#[48]">&gt;&gt;</a>&nbsp;&nbsp;&nbsp;debug_uart_put_char
<LI><a href="#[3b]">&gt;&gt;</a>&nbsp;&nbsp;&nbsp;debug_uart_init
<LI><a href="#[a]">&gt;&gt;</a>&nbsp;&nbsp;&nbsp;SystemInit
</UL>

<P><STRONG><a name="[35]"></a>sys_write32</STRONG> (Thumb, 4 bytes, Stack size 0 bytes, board.o(i.sys_write32))
<BR><BR>[Called By]<UL><LI><a href="#[21]">&gt;&gt;</a>&nbsp;&nbsp;&nbsp;board_early_init
</UL>

<P><STRONG><a name="[12]"></a>uart_acts_irq_config_0</STRONG> (Thumb, 36 bytes, Stack size 16 bytes, uart_acts.o(.init.once.text."..\\..\\..\\..\\drivers\\uart\\uart_acts.c".0))
<BR><BR>[Stack]<UL><LI>Max Depth = 16<LI>Call Chain = uart_acts_irq_config_0
</UL>
<BR>[Calls]<UL><LI><a href="#[39]">&gt;&gt;</a>&nbsp;&nbsp;&nbsp;_arch_irq_enable (via Veneer)
<LI><a href="#[38]">&gt;&gt;</a>&nbsp;&nbsp;&nbsp;_irq_priority_set (via Veneer)
</UL>
<BR>[Address Reference Count : 1]<UL><LI> uart_acts.o(.constdata)
</UL>
<P><STRONG><a name="[58]"></a>sys_write32</STRONG> (Thumb, 4 bytes, Stack size 0 bytes, uart_acts.o(i.sys_write32))
<BR><BR>[Called By]<UL><LI><a href="#[56]">&gt;&gt;</a>&nbsp;&nbsp;&nbsp;uart_acts_resume_device_from_suspend
</UL>

<P><STRONG><a name="[26]"></a>uart_device_ctrl</STRONG> (Thumb, 44 bytes, Stack size 16 bytes, uart_acts.o(i.uart_device_ctrl))
<BR><BR>[Stack]<UL><LI>Max Depth = 32<LI>Call Chain = uart_device_ctrl &rArr; uart_acts_suspend_device
</UL>
<BR>[Calls]<UL><LI><a href="#[59]">&gt;&gt;</a>&nbsp;&nbsp;&nbsp;uart_acts_suspend_device
<LI><a href="#[56]">&gt;&gt;</a>&nbsp;&nbsp;&nbsp;uart_acts_resume_device_from_suspend
</UL>
<BR>[Address Reference Count : 1]<UL><LI> uart_acts.o(.devconfig.init)
</UL>
<P><STRONG><a name="[54]"></a>sys_write32</STRONG> (Thumb, 4 bytes, Stack size 0 bytes, timer_acts.o(i.sys_write32))
<BR><BR>[Called By]<UL><LI><a href="#[14]">&gt;&gt;</a>&nbsp;&nbsp;&nbsp;timer_acts_stop
<LI><a href="#[11]">&gt;&gt;</a>&nbsp;&nbsp;&nbsp;timer_acts_isr
<LI><a href="#[27]">&gt;&gt;</a>&nbsp;&nbsp;&nbsp;timer_acts_init
<LI><a href="#[55]">&gt;&gt;</a>&nbsp;&nbsp;&nbsp;timer_reload
</UL>

<P><STRONG><a name="[55]"></a>timer_reload</STRONG> (Thumb, 46 bytes, Stack size 24 bytes, timer_acts.o(i.timer_reload))
<BR><BR>[Stack]<UL><LI>Max Depth = 24<LI>Call Chain = timer_reload
</UL>
<BR>[Calls]<UL><LI><a href="#[54]">&gt;&gt;</a>&nbsp;&nbsp;&nbsp;sys_write32
</UL>
<BR>[Called By]<UL><LI><a href="#[13]">&gt;&gt;</a>&nbsp;&nbsp;&nbsp;timer_acts_start
<LI><a href="#[11]">&gt;&gt;</a>&nbsp;&nbsp;&nbsp;timer_acts_isr
</UL>

<P><STRONG><a name="[52]"></a>_abort_timeout</STRONG> (Thumb, 106 bytes, Stack size 16 bytes, system_work_q.o(i._abort_timeout))
<BR><BR>[Stack]<UL><LI>Max Depth = 16<LI>Call Chain = _abort_timeout
</UL>
<BR>[Called By]<UL><LI><a href="#[1e]">&gt;&gt;</a>&nbsp;&nbsp;&nbsp;new_k_delayed_work_cancel
</UL>

<P><STRONG><a name="[51]"></a>sys_slist_find_and_remove</STRONG> (Thumb, 92 bytes, Stack size 16 bytes, system_work_q.o(i.sys_slist_find_and_remove))
<BR><BR>[Stack]<UL><LI>Max Depth = 16<LI>Call Chain = sys_slist_find_and_remove
</UL>
<BR>[Called By]<UL><LI><a href="#[1e]">&gt;&gt;</a>&nbsp;&nbsp;&nbsp;new_k_delayed_work_cancel
</UL>
<P>
<H3>
Undefined Global Symbols
</H3><HR></body></html>
