Component: ARM Compiler 5.06 update 5 (build 528) Tool: armlink [4d35e2]

==============================================================================

Section Cross References

    startup.o(RESET) refers to startup.o(STACK) for __initial_sp
    startup.o(RESET) refers to startup.o(.text) for Reset_Handler
    startup.o(.asm_patch) refers (Weak) to llc_hci.o(i.compute_checksum) for compute_checksum
    startup.o(.asm_patch) refers (Weak) to llc_hci.o(i.compute_checksum) for compute_checksum
    startup.o(.text) refers to memseta.o(.text) for __aeabi_memset
    startup.o(.text) refers to startup.o(STACK) for _interrupt_stack
    startup.o(.text) refers to system.o(.init.once.text."..\\..\\..\\..\\ext\\lib\\actions\\startup\\system.c".0) for SystemInit
    startup.o(.text) refers to entry.o(.ARM.Collect$$$$00000000) for __main
    system.o(.init.once.text."..\\..\\..\\..\\ext\\lib\\actions\\startup\\system.c".0) refers to system.o(i.sys_write32) for sys_write32
    system.o(.init.once.text."..\\..\\..\\..\\ext\\lib\\actions\\startup\\system.c".0) refers to system.o(i.debug_uart_init) for debug_uart_init
    system.o(i.debug_uart_init) refers to system.o(i.sys_read32) for sys_read32
    system.o(i.debug_uart_init) refers to system.o(i.sys_write32) for sys_write32
    system.o(i.debug_uart_put_char) refers to system.o(i.sys_write32) for sys_write32
    system.o(i.debug_uart_put_char) refers to system.o(i.sys_read32) for sys_read32
    entry.o(i.main) refers to system.o(i.debug_uart_put_char) for debug_uart_put_char
    entry.o(i.main) refers to kernel_config_init.o(.init.once.text."..\\..\\..\\..\\kernel\\kernel_config_init.c".4) for kernel_config_init
    entry.o(i.main) refers to device.o(i.device_get_binding) for device_get_binding
    entry.o(i.main) refers to device.o(i._sys_device_do_config_level) for _sys_device_do_config_level
    entry.o(i.main) refers to main.o(i.app_main) for app_main
    entry.o(i.main) refers to entry.o(.bss) for _sw_isr_table
    soc_pm.o(i.sys_pm_reboot) refers to device.o(i.device_get_binding) for device_get_binding
    soc_pm.o(i.sys_pm_reboot) refers to startup.o(.text) for _arch_irq_lock_s
    soc_pm.o(.patch_hw_func) refers to soc_pm.o(i.idle_new) for idle_new
    main.o(i.app_main) refers to msg_manager.o(i.receive_msg) for receive_msg
    main.o(i.app_main) refers to memcpya.o(.text) for __aeabi_memcpy
    main.o(i.app_main) refers to main.o(.data) for conn_callbacks
    main.o(i.app_main) refers to main.o(.constdata) for .constdata
    main.o(i.app_main) refers to main.o(i.device_found) for device_found
    main.o(i.app_main) refers to main.o(.bss) for discover_params
    main.o(i.app_main) refers to main.o(i.discover_func) for discover_func
    main.o(i.connected) refers to main.o(i.bt_addr_le_to_str) for bt_addr_le_to_str
    main.o(i.connected) refers to msg_manager.o(i.send_msg) for send_msg
    main.o(i.datc_found) refers to memseta.o(.text) for __aeabi_memclr4
    main.o(i.datc_found) refers to memcpya.o(.text) for __aeabi_memcpy
    main.o(i.datc_found) refers to main.o(.constdata) for .constdata
    main.o(i.datc_found) refers to main.o(.data) for default_conn
    main.o(i.device_found) refers to main.o(i.bt_addr_le_to_str) for bt_addr_le_to_str
    main.o(i.device_found) refers to main.o(i.ad_parse) for ad_parse
    main.o(i.device_found) refers to main.o(i.datc_found) for datc_found
    main.o(i.disconnected) refers to main.o(i.bt_addr_le_to_str) for bt_addr_le_to_str
    main.o(i.disconnected) refers to msg_manager.o(i.send_msg) for send_msg
    main.o(i.disconnected) refers to main.o(.data) for default_conn
    main.o(i.discover_func) refers to memseta.o(.text) for __aeabi_memclr4
    main.o(i.discover_func) refers to memcpya.o(.text) for __aeabi_memcpy
    main.o(i.discover_func) refers to main.o(.bss) for discover_params
    main.o(i.discover_func) refers to main.o(.data) for wp_uuid
    main.o(i.discover_func) refers to main.o(i.notify_func) for notify_func
    main.o(.data) refers to main.o(i.connected) for connected
    main.o(.data) refers to main.o(i.disconnected) for disconnected
    msg_manager.o(i.msg_buf_get) refers to msg_manager.o(._net_buf_pool.static.msg_buffer_pool_async) for msg_buffer_pool_async
    msg_manager.o(i.msg_buf_get) refers to msg_manager.o(._net_buf_pool.static.msg_buffer_pool_sync) for msg_buffer_pool_sync
    msg_manager.o(i.receive_msg) refers to memcpya.o(.text) for __aeabi_memcpy
    msg_manager.o(i.receive_msg) refers to msg_manager.o(._k_queue.static.msg_queue) for msg_queue
    msg_manager.o(i.send_msg) refers to msg_manager.o(i.msg_buf_get) for msg_buf_get
    msg_manager.o(i.send_msg) refers to memcpya.o(.text) for __aeabi_memcpy
    msg_manager.o(i.send_msg) refers to msg_manager.o(._k_queue.static.msg_queue) for msg_queue
    msg_manager.o(._net_buf_pool.static.msg_buffer_pool_async) refers to msg_manager.o(.conststrlit) for .conststrlit
[...]
    __swap                                   0x000225e5   Thumb Code     0  rom_zephyr_symdefs.txt ABSOLUTE
    dump_stack_data                          0x0002260d   Thumb Code     0  rom_zephyr_symdefs.txt ABSOLUTE
    _Fault                                   0x00022669   Thumb Code     0  rom_zephyr_symdefs.txt ABSOLUTE
    _FaultInit                               0x000226d1   Thumb Code     0  rom_zephyr_symdefs.txt ABSOLUTE
    _arch_irq_enable                         0x000226d5   Thumb Code     0  rom_zephyr_symdefs.txt ABSOLUTE
    _arch_irq_disable                        0x000226e9   Thumb Code     0  rom_zephyr_symdefs.txt ABSOLUTE
    _arch_irq_is_enabled                     0x000226fd   Thumb Code     0  rom_zephyr_symdefs.txt ABSOLUTE
    _irq_priority_set                        0x00022719   Thumb Code     0  rom_zephyr_symdefs.txt ABSOLUTE
    _irq_spurious                            0x0002277d   Thumb Code     0  rom_zephyr_symdefs.txt ABSOLUTE
    _arch_isr_direct_pm                      0x00022785   Thumb Code     0  rom_zephyr_symdefs.txt ABSOLUTE
    _new_thread                              0x000227a9   Thumb Code     0  rom_zephyr_symdefs.txt ABSOLUTE
    _CpuIdleInit                             0x00022801   Thumb Code     0  rom_zephyr_symdefs.txt ABSOLUTE
    _NanoIdleValGet                          0x0002280d   Thumb Code     0  rom_zephyr_symdefs.txt ABSOLUTE
    _NanoIdleValClear                        0x00022819   Thumb Code     0  rom_zephyr_symdefs.txt ABSOLUTE
    k_cpu_idle                               0x00022825   Thumb Code     0  rom_zephyr_symdefs.txt ABSOLUTE
    k_cpu_atomic_idle                        0x0002282d   Thumb Code     0  rom_zephyr_symdefs.txt ABSOLUTE
    __hard_fault                             0x00022839   Thumb Code     0  rom_zephyr_symdefs.txt ABSOLUTE
    __reserved                               0x00022839   Thumb Code     0  rom_zephyr_symdefs.txt ABSOLUTE
    _NanoFatalErrorHandler                   0x00022855   Thumb Code     0  rom_zephyr_symdefs.txt ABSOLUTE
    _do_kernel_oops                          0x000228b9   Thumb Code     0  rom_zephyr_symdefs.txt ABSOLUTE
    _SysFatalErrorHandler                    0x000228c5   Thumb Code     0  rom_zephyr_symdefs.txt ABSOLUTE
    k_thread_abort                           0x00022919   Thumb Code     0  rom_zephyr_symdefs.txt ABSOLUTE
    _isr_wrapper                             0x0002295d   Thumb Code     0  rom_zephyr_symdefs.txt ABSOLUTE
    __reset                                  0x00022995   Thumb Code     0  rom_zephyr_symdefs.txt ABSOLUTE
    __start                                  0x00022995   Thumb Code     0  rom_zephyr_symdefs.txt ABSOLUTE
    _SysNmiOnReset                           0x00022999   Thumb Code     0  rom_zephyr_symdefs.txt ABSOLUTE
    register_sw_isr_table                    0x0002299d   Thumb Code     0  rom_zephyr_symdefs.txt ABSOLUTE
    _PrepC                                   0x000229b9   Thumb Code     0  rom_zephyr_symdefs.txt ABSOLUTE
    sys_arch_reboot                          0x000229f1   Thumb Code     0  rom_zephyr_symdefs.txt ABSOLUTE
    __nmi                                    0x00022a0d   Thumb Code     0  rom_zephyr_symdefs.txt ABSOLUTE
    sys_exc_esf_dump                         0x00022a19   Thumb Code     0  rom_zephyr_symdefs.txt ABSOLUTE
    atomic_cas                               0x00022a81   Thumb Code     0  rom_zephyr_symdefs.txt ABSOLUTE
    atomic_add                               0x00022a9f   Thumb Code     0  rom_zephyr_symdefs.txt ABSOLUTE
    atomic_sub                               0x00022ab5   Thumb Code     0  rom_zephyr_symdefs.txt ABSOLUTE
    atomic_inc                               0x00022acb   Thumb Code     0  rom_zephyr_symdefs.txt ABSOLUTE
    atomic_dec                               0x00022ae1   Thumb Code     0  rom_zephyr_symdefs.txt ABSOLUTE
    atomic_get                               0x00022af7   Thumb Code     0  rom_zephyr_symdefs.txt ABSOLUTE
    atomic_set                               0x00022afb   Thumb Code     0  rom_zephyr_symdefs.txt ABSOLUTE
    atomic_clear                             0x00022b0f   Thumb Code     0  rom_zephyr_symdefs.txt ABSOLUTE
    atomic_or                                0x00022b25   Thumb Code     0  rom_zephyr_symdefs.txt ABSOLUTE
    atomic_xor                               0x00022b3b   Thumb Code     0  rom_zephyr_symdefs.txt ABSOLUTE
    atomic_and                               0x00022b51   Thumb Code     0  rom_zephyr_symdefs.txt ABSOLUTE
    atomic_nand                              0x00022b67   Thumb Code     0  rom_zephyr_symdefs.txt ABSOLUTE
    k_poll_event_init                        0x00022ced   Thumb Code     0  rom_zephyr_symdefs.txt ABSOLUTE
    k_poll                                   0x00022d1d   Thumb Code     0  rom_zephyr_symdefs.txt ABSOLUTE
    _handle_obj_poll_events                  0x00022e49   Thumb Code     0  rom_zephyr_symdefs.txt ABSOLUTE
    k_poll_signal_init                       0x00022e6f   Thumb Code     0  rom_zephyr_symdefs.txt ABSOLUTE
    k_poll_signal                            0x00022e79   Thumb Code     0  rom_zephyr_symdefs.txt ABSOLUTE
    _timer_expiration_handler                0x00022fa1   Thumb Code     0  rom_zephyr_symdefs.txt ABSOLUTE
    k_timer_init                             0x00022ffd   Thumb Code     0  rom_zephyr_symdefs.txt ABSOLUTE
    k_timer_start                            0x00023025   Thumb Code     0  rom_zephyr_symdefs.txt ABSOLUTE
    k_timer_stop                             0x00023071   Thumb Code     0  rom_zephyr_symdefs.txt ABSOLUTE
    k_timer_status_get                       0x000230f9   Thumb Code     0  rom_zephyr_symdefs.txt ABSOLUTE
    k_timer_status_sync                      0x0002310f   Thumb Code     0  rom_zephyr_symdefs.txt ABSOLUTE
    _timeout_remaining_get                   0x00023151   Thumb Code     0  rom_zephyr_symdefs.txt ABSOLUTE
    _OffsetAbsSyms                           0x000231a9   Thumb Code     0  rom_zephyr_symdefs.txt ABSOLUTE
    _idle_thread                             0x00026b70   Data           0  rom_zephyr_symdefs.txt ABSOLUTE
    _main_thread                             0x00026b74   Data           0  rom_zephyr_symdefs.txt ABSOLUTE
    _k_neg_eagain                            0x00026b78   Data           0  rom_zephyr_symdefs.txt ABSOLUTE
    uart_acts_driver_api                     0x00026b7c   Data           0  rom_zephyr_symdefs.txt ABSOLUTE
    acts_spi_driver_api                      0x00026bfc   Data           0  rom_zephyr_symdefs.txt ABSOLUTE
    xspi_nor_api                             0x00026c1c   Data           0  rom_zephyr_symdefs.txt ABSOLUTE
    gpio_acts_drv_api                        0x00026c2c   Data           0  rom_zephyr_symdefs.txt ABSOLUTE
    i2c_acts_driver_api                      0x00026c48   Data           0  rom_zephyr_symdefs.txt ABSOLUTE
    pwm_acts_drv_api_funcs                   0x00026c50   Data           0  rom_zephyr_symdefs.txt ABSOLUTE
    adc_acts_driver_api                      0x00026c58   Data           0  rom_zephyr_symdefs.txt ABSOLUTE
    wdg_acts_api                             0x00026c64   Data           0  rom_zephyr_symdefs.txt ABSOLUTE
    rtc_acts_driver_api                      0x00026cd8   Data           0  rom_zephyr_symdefs.txt ABSOLUTE
    dma_acts_driver_api                      0x00026cf0   Data           0  rom_zephyr_symdefs.txt ABSOLUTE
    mxkeypad_acts_driver_api                 0x00026d0c   Data           0  rom_zephyr_symdefs.txt ABSOLUTE
    adckey_acts_driver_api                   0x00026d1c   Data           0  rom_zephyr_symdefs.txt ABSOLUTE
    gf_wrap                                  0x00026fe8   Data           0  rom_zephyr_symdefs.txt ABSOLUTE
    uuid128_base                             0x000270ec   Data           0  rom_zephyr_symdefs.txt ABSOLUTE
    att_handlers                             0x000274fc   Data           0  rom_zephyr_symdefs.txt ABSOLUTE
    gen_method_legacy                        0x00027803   Data           0  rom_zephyr_symdefs.txt ABSOLUTE
    gen_method_sc                            0x0002781c   Data           0  rom_zephyr_symdefs.txt ABSOLUTE
    sc_debug_public_key                      0x00027835   Data           0  rom_zephyr_symdefs.txt ABSOLUTE
    smp_handlers                             0x00027878   Data           0  rom_zephyr_symdefs.txt ABSOLUTE
    _sys_idle_elapsed_ticks                  0x20000210   Data           0  rom_zephyr_symdefs.txt ABSOLUTE
    sys_clock_hw_cycles_per_sec              0x20000214   Data           0  rom_zephyr_symdefs.txt ABSOLUTE
    sys_clock_hw_cycles_per_tick             0x20000218   Data           0  rom_zephyr_symdefs.txt ABSOLUTE
    sys_clock_us_per_tick                    0x2000021c   Data           0  rom_zephyr_symdefs.txt ABSOLUTE
    _sys_idle_threshold_ticks                0x20000220   Data           0  rom_zephyr_symdefs.txt ABSOLUTE
    num_mbox_async_msgs                      0x20000224   Data           0  rom_zephyr_symdefs.txt ABSOLUTE
    num_pipe_async_msgs                      0x20000225   Data           0  rom_zephyr_symdefs.txt ABSOLUTE
    uart_console_on_dev_name                 0x20000228   Data           0  rom_zephyr_symdefs.txt ABSOLUTE
    llcc_power_mode                          0x20000244   Data           0  rom_zephyr_symdefs.txt ABSOLUTE
    llcc_tx_power_level                      0x20000245   Data           0  rom_zephyr_symdefs.txt ABSOLUTE
    final_board_tx_trim_efuse                0x20000248   Data           0  rom_zephyr_symdefs.txt ABSOLUTE
    bt_conn_update_timeout                   0x20000274   Data           0  rom_zephyr_symdefs.txt ABSOLUTE
    bt_dev                                   0x20000278   Data           0  rom_zephyr_symdefs.txt ABSOLUTE
    bt_rpa_timeout                           0x20000390   Data           0  rom_zephyr_symdefs.txt ABSOLUTE
    featuresCfgMask                          0x20000394   Data           0  rom_zephyr_symdefs.txt ABSOLUTE
    conn_change                              0x20000398   Data           0  rom_zephyr_symdefs.txt ABSOLUTE
    l2cap_le_max_credits                     0x200003b4   Data           0  rom_zephyr_symdefs.txt ABSOLUTE
    p_att_handlers                           0x200003ec   Data           0  rom_zephyr_symdefs.txt ABSOLUTE
    size_of_att_handlers                     0x200003f0   Data           0  rom_zephyr_symdefs.txt ABSOLUTE
    gap_attrs                                0x20000454   Data           0  rom_zephyr_symdefs.txt ABSOLUTE
    gap_name                                 0x200004b8   Data           0  rom_zephyr_symdefs.txt ABSOLUTE
    gap_svc                                  0x200004bc   Data           0  rom_zephyr_symdefs.txt ABSOLUTE
    gatt_attrs                               0x200004c8   Data           0  rom_zephyr_symdefs.txt ABSOLUTE
    gatt_svc                                 0x20000518   Data           0  rom_zephyr_symdefs.txt ABSOLUTE
    len_gap_name                             0x20000524   Data           0  rom_zephyr_symdefs.txt ABSOLUTE
    bt_recv_keys                             0x20000526   Data           0  rom_zephyr_symdefs.txt ABSOLUTE
    bt_recv_keys_sc                          0x20000527   Data           0  rom_zephyr_symdefs.txt ABSOLUTE
    bt_send_keys                             0x20000528   Data           0  rom_zephyr_symdefs.txt ABSOLUTE
    bt_send_keys_sc                          0x20000529   Data           0  rom_zephyr_symdefs.txt ABSOLUTE
    bt_smp_auth_flag                         0x2000052a   Data           0  rom_zephyr_symdefs.txt ABSOLUTE
    bt_smp_max_key_size                      0x2000052b   Data           0  rom_zephyr_symdefs.txt ABSOLUTE
    bt_smp_min_key_size                      0x2000052c   Data           0  rom_zephyr_symdefs.txt ABSOLUTE
    p_smp_handlers                           0x20000550   Data           0  rom_zephyr_symdefs.txt ABSOLUTE
    size_of_smp_handlers                     0x2000055c   Data           0  rom_zephyr_symdefs.txt ABSOLUTE
    use_hci_le_encrypt                       0x20000580   Data           0  rom_zephyr_symdefs.txt ABSOLUTE
    syslog_hook                              0x20000588   Data           0  rom_zephyr_symdefs.txt ABSOLUTE
    system_core_clock                        0x2000058c   Data           0  rom_zephyr_symdefs.txt ABSOLUTE
    xtal_32k_timeout                         0x20000594   Data           0  rom_zephyr_symdefs.txt ABSOLUTE
    __device_busy_start                      0x20000598   Data           0  rom_zephyr_symdefs.txt ABSOLUTE
    nvram_lock                               0x20000598   Data           0  rom_zephyr_symdefs.txt ABSOLUTE
    _time_slice_duration                     0x200005c0   Data           0  rom_zephyr_symdefs.txt ABSOLUTE
    _time_slice_prio_ceiling                 0x200005c4   Data           0  rom_zephyr_symdefs.txt ABSOLUTE
    _kernel                                  0x2000069c   Data           0  rom_zephyr_symdefs.txt ABSOLUTE
    platformWakeLock                         0x2000085c   Data           0  rom_zephyr_symdefs.txt ABSOLUTE
    free_tx                                  0x200008c0   Data           0  rom_zephyr_symdefs.txt ABSOLUTE
    sc_ccc_cfg                               0x200008cc   Data           0  rom_zephyr_symdefs.txt ABSOLUTE
    bt_oob_flag                              0x200008ec   Data           0  rom_zephyr_symdefs.txt ABSOLUTE
    application_wake_lock                    0x200008f8   Data           0  rom_zephyr_symdefs.txt ABSOLUTE
    _trace_list_k_alert                      0x20000980   Data           0  rom_zephyr_symdefs.txt ABSOLUTE
    _outer_k_mem_pool_list_end               0x20000984   Data           0  rom_zephyr_symdefs.txt ABSOLUTE
    _main_stack_size                         0x20000988   Data           0  rom_zephyr_symdefs.txt ABSOLUTE
    _sys_pm_idle_exit_notify                 0x2000098c   Data           0  rom_zephyr_symdefs.txt ABSOLUTE
    _p_idle_stack                            0x20000990   Data           0  rom_zephyr_symdefs.txt ABSOLUTE
    pipe_async_msg                           0x20000998   Data           0  rom_zephyr_symdefs.txt ABSOLUTE
    p_pipe_async_msgs                        0x2000099c   Data           0  rom_zephyr_symdefs.txt ABSOLUTE
    sys_work_queue_stack_size                0x200009a0   Data           0  rom_zephyr_symdefs.txt ABSOLUTE
    _handling_timeouts                       0x200009a4   Data           0  rom_zephyr_symdefs.txt ABSOLUTE
    _time_slice_elapsed                      0x200009a8   Data           0  rom_zephyr_symdefs.txt ABSOLUTE
    _p_main_stack                            0x200009ac   Data           0  rom_zephyr_symdefs.txt ABSOLUTE
    pkernel_config_init                      0x200009b0   Data           0  rom_zephyr_symdefs.txt ABSOLUTE
    _idle_thread_stack_size                  0x200009b4   Data           0  rom_zephyr_symdefs.txt ABSOLUTE
    DEVICE_BUSY_SIZE                         0x200009b8   Data           0  rom_zephyr_symdefs.txt ABSOLUTE
    _sys_clock_tick_count                    0x200009c0   Data           0  rom_zephyr_symdefs.txt ABSOLUTE
    p_async_msg_free                         0x200009c8   Data           0  rom_zephyr_symdefs.txt ABSOLUTE
    k_sys_work_q                             0x200009cc   Data           0  rom_zephyr_symdefs.txt ABSOLUTE
    _outer_k_mem_pool_list_start             0x20000a44   Data           0  rom_zephyr_symdefs.txt ABSOLUTE
    async_msg                                0x20000a48   Data           0  rom_zephyr_symdefs.txt ABSOLUTE
    _p_main_stack_end                        0x20000a4c   Data           0  rom_zephyr_symdefs.txt ABSOLUTE
    _main_thread_prio                        0x20000a54   Data           0  rom_zephyr_symdefs.txt ABSOLUTE
    _idle_thread_prio                        0x20000a58   Data           0  rom_zephyr_symdefs.txt ABSOLUTE
    sys_work_queue_prio                      0x20000a5c   Data           0  rom_zephyr_symdefs.txt ABSOLUTE
    p_sys_work_queue_stack                   0x20000a60   Data           0  rom_zephyr_symdefs.txt ABSOLUTE
    _p_interrupt_stack                       0x20000a70   Data           0  rom_zephyr_symdefs.txt ABSOLUTE
    _interrupt_stack_size                    0x20000a74   Data           0  rom_zephyr_symdefs.txt ABSOLUTE
    llcc_hci_dev                             0x20000a7c   Data           0  rom_zephyr_symdefs.txt ABSOLUTE
    p_tx_timer                               0x20000a80   Data           0  rom_zephyr_symdefs.txt ABSOLUTE
    ic_trim_efuse                            0x20000a84   Data           0  rom_zephyr_symdefs.txt ABSOLUTE
    nvram_buf                                0x20000a88   Data           0  rom_zephyr_symdefs.txt ABSOLUTE
    p_BleLlcInit                             0x20000a8c   Data           0  rom_zephyr_symdefs.txt ABSOLUTE
    tx_trim_aband_efuse                      0x20000a90   Data           0  rom_zephyr_symdefs.txt ABSOLUTE
    p_rx_timer                               0x20000a94   Data           0  rom_zephyr_symdefs.txt ABSOLUTE
    p_llcc_upload_tx_trim                    0x20000a98   Data           0  rom_zephyr_symdefs.txt ABSOLUTE
    final_board_trim_efuse                   0x20000a9c   Data           0  rom_zephyr_symdefs.txt ABSOLUTE
    user_nvram_region                        0x20000aa0   Data           0  rom_zephyr_symdefs.txt ABSOLUTE
    factory_nvram_region                     0x20000ac0   Data           0  rom_zephyr_symdefs.txt ABSOLUTE
    prepare_hook                             0x20000ae0   Data           0  rom_zephyr_symdefs.txt ABSOLUTE
    llcc_tx_trim_mode                        0x20000ae4   Data           0  rom_zephyr_symdefs.txt ABSOLUTE
    p_llc_init_trim_upload                   0x20000ae8   Data           0  rom_zephyr_symdefs.txt ABSOLUTE
    hci_stats                                0x20000aec   Data           0  rom_zephyr_symdefs.txt ABSOLUTE
    final_board_trim_count                   0x20000b1e   Data           0  rom_zephyr_symdefs.txt ABSOLUTE
    p_llcc_compose_trim                      0x20000b20   Data           0  rom_zephyr_symdefs.txt ABSOLUTE
    local_llcc_rdcb                          0x20000b24   Data           0  rom_zephyr_symdefs.txt ABSOLUTE
    board_trim_efuse                         0x20000b28   Data           0  rom_zephyr_symdefs.txt ABSOLUTE
    ic_trim_count                            0x20000b2c   Data           0  rom_zephyr_symdefs.txt ABSOLUTE
    llc_hci_cb                               0x20000b30   Data           0  rom_zephyr_symdefs.txt ABSOLUTE
    p_llccTxCmdCrc                           0x20000b8c   Data           0  rom_zephyr_symdefs.txt ABSOLUTE
    tx_trim_count                            0x20000b90   Data           0  rom_zephyr_symdefs.txt ABSOLUTE
    p_llc_init_all_trim_upload               0x20000b94   Data           0  rom_zephyr_symdefs.txt ABSOLUTE
    tx_trim_aband_count                      0x20000b98   Data           0  rom_zephyr_symdefs.txt ABSOLUTE
    p_LlcReset                               0x20000b9c   Data           0  rom_zephyr_symdefs.txt ABSOLUTE
    board_trim_count                         0x20000ba0   Data           0  rom_zephyr_symdefs.txt ABSOLUTE
    p_llcc_write                             0x20000ba4   Data           0  rom_zephyr_symdefs.txt ABSOLUTE
    local_llcc_txcb                          0x20000ba8   Data           0  rom_zephyr_symdefs.txt ABSOLUTE
    p_llcInitFirmwareUpload                  0x20000bac   Data           0  rom_zephyr_symdefs.txt ABSOLUTE
    tx_trim_efuse                            0x20000bb0   Data           0  rom_zephyr_symdefs.txt ABSOLUTE
    wdg_use_systick                          0x20000bb4   Data           0  rom_zephyr_symdefs.txt ABSOLUTE
    deepsleep_elapsed_compensation           0x20000bb8   Data           0  rom_zephyr_symdefs.txt ABSOLUTE
    bt_smp_pool_count                        0x20000bc0   Data           0  rom_zephyr_symdefs.txt ABSOLUTE
    bt_auth                                  0x20000bc4   Data           0  rom_zephyr_symdefs.txt ABSOLUTE
    enable_debug_gatt                        0x20000bc8   Data           0  rom_zephyr_symdefs.txt ABSOLUTE
    enable_debug_smp                         0x20000bc9   Data           0  rom_zephyr_symdefs.txt ABSOLUTE
    pub_key_cb                               0x20000bcc   Data           0  rom_zephyr_symdefs.txt ABSOLUTE
    enable_debug_att                         0x20000bd0   Data           0  rom_zephyr_symdefs.txt ABSOLUTE
    servers                                  0x20000bd4   Data           0  rom_zephyr_symdefs.txt ABSOLUTE
    enable_debug_keys                        0x20000bdc   Data           0  rom_zephyr_symdefs.txt ABSOLUTE
    scan_with_identity_is_enabled            0x20000be0   Data           0  rom_zephyr_symdefs.txt ABSOLUTE
    enable_debug_l2cap                       0x20000be4   Data           0  rom_zephyr_symdefs.txt ABSOLUTE
    p_sc_ccc_cfg                             0x20000be8   Data           0  rom_zephyr_symdefs.txt ABSOLUTE
    db                                       0x20000bec   Data           0  rom_zephyr_symdefs.txt ABSOLUTE
    rx_thread_prio                           0x20000bf4   Data           0  rom_zephyr_symdefs.txt ABSOLUTE
    NUM_OF_SHELL_ENTITIES                    0x20000bf8   Data           0  rom_zephyr_symdefs.txt ABSOLUTE
    bt_storage                               0x20000bfc   Data           0  rom_zephyr_symdefs.txt ABSOLUTE
    sc_supported                             0x20000c00   Data           0  rom_zephyr_symdefs.txt ABSOLUTE
    scan_dev_found_cb                        0x20000c04   Data           0  rom_zephyr_symdefs.txt ABSOLUTE
    dh_key_cb                                0x20000c08   Data           0  rom_zephyr_symdefs.txt ABSOLUTE
    __shell_cmd_start                        0x20000c0c   Data           0  rom_zephyr_symdefs.txt ABSOLUTE
    is_enable_private                        0x20000c10   Data           0  rom_zephyr_symdefs.txt ABSOLUTE
    is_enable_smp                            0x20000c14   Data           0  rom_zephyr_symdefs.txt ABSOLUTE
    p_hci_rx_pool_array                      0x20000c18   Data           0  rom_zephyr_symdefs.txt ABSOLUTE
    enable_debug_conn                        0x20000c1c   Data           0  rom_zephyr_symdefs.txt ABSOLUTE
    rx_thread_stack_size                     0x20000c20   Data           0  rom_zephyr_symdefs.txt ABSOLUTE
    p_update_cfg                             0x20000c24   Data           0  rom_zephyr_symdefs.txt ABSOLUTE
    l2cap_max_le_mtu                         0x20000c28   Data           0  rom_zephyr_symdefs.txt ABSOLUTE
    patch_bt_hex                             0x20000c2c   Data           0  rom_zephyr_symdefs.txt ABSOLUTE
    le_channels                              0x20000c30   Data           0  rom_zephyr_symdefs.txt ABSOLUTE
    gap_appearance                           0x20000c38   Data           0  rom_zephyr_symdefs.txt ABSOLUTE
    p_prep_pool                              0x20000c3c   Data           0  rom_zephyr_symdefs.txt ABSOLUTE
    enable_debug_hci_core                    0x20000c40   Data           0  rom_zephyr_symdefs.txt ABSOLUTE
    pbt_host_config_init                     0x20000c44   Data           0  rom_zephyr_symdefs.txt ABSOLUTE
    bt_l2cap_pool_count                      0x20000c48   Data           0  rom_zephyr_symdefs.txt ABSOLUTE
    p_bt_l2cap_pool                          0x20000c4c   Data           0  rom_zephyr_symdefs.txt ABSOLUTE
    p_rx_thread_stack                        0x20000c50   Data           0  rom_zephyr_symdefs.txt ABSOLUTE
    p_hci_cmd_pool                           0x20000c54   Data           0  rom_zephyr_symdefs.txt ABSOLUTE
    p_bt_smp_null_pool                       0x20000c58   Data           0  rom_zephyr_symdefs.txt ABSOLUTE
    p_conns                                  0x20000c5c   Data           0  rom_zephyr_symdefs.txt ABSOLUTE
    bt_smp_null_pool_count                   0x20000c60   Data           0  rom_zephyr_symdefs.txt ABSOLUTE
    prng                                     0x20000c68   Data           0  rom_zephyr_symdefs.txt ABSOLUTE
    bt_keys_storage                          0x20000da0   Data           0  rom_zephyr_symdefs.txt ABSOLUTE
    att_tx_max                               0x20000da4   Data           0  rom_zephyr_symdefs.txt ABSOLUTE
    bt_max_paired                            0x20000da8   Data           0  rom_zephyr_symdefs.txt ABSOLUTE
    _outer_net_buf_pool_list                 0x20000dac   Data           0  rom_zephyr_symdefs.txt ABSOLUTE
    bt_req_pool_count                        0x20000db0   Data           0  rom_zephyr_symdefs.txt ABSOLUTE
    tx_thread_stack_size                     0x20000db4   Data           0  rom_zephyr_symdefs.txt ABSOLUTE
    conn_tx_num                              0x20000db8   Data           0  rom_zephyr_symdefs.txt ABSOLUTE
    p_acl_tx_pool                            0x20000dbc   Data           0  rom_zephyr_symdefs.txt ABSOLUTE
    patch_table                              0x20000dc0   Data           0  rom_zephyr_symdefs.txt ABSOLUTE
    hci_rx_pool_num                          0x20000de0   Data           0  rom_zephyr_symdefs.txt ABSOLUTE
    sc_local_pkey_valid                      0x20000de4   Data           0  rom_zephyr_symdefs.txt ABSOLUTE
    p_tx_thread_stack                        0x20000de8   Data           0  rom_zephyr_symdefs.txt ABSOLUTE
    p_events                                 0x20000dec   Data           0  rom_zephyr_symdefs.txt ABSOLUTE
    p_cmds_queue                             0x20000df0   Data           0  rom_zephyr_symdefs.txt ABSOLUTE
    sc_public_key                            0x20000df4   Data           0  rom_zephyr_symdefs.txt ABSOLUTE
    Use_static_random_addr                   0x20000e34   Data           0  rom_zephyr_symdefs.txt ABSOLUTE
    callback_list                            0x20000e38   Data           0  rom_zephyr_symdefs.txt ABSOLUTE
    delay_time_extra_update                  0x20000e3c   Data           0  rom_zephyr_symdefs.txt ABSOLUTE
    bt_att_mtu                               0x20000e40   Data           0  rom_zephyr_symdefs.txt ABSOLUTE
    prompt                                   0x20000e44   Data           0  rom_zephyr_symdefs.txt ABSOLUTE
    tx_thread_data                           0x20000e48   Data           0  rom_zephyr_symdefs.txt ABSOLUTE
    hciVsCb                                  0x20000eb0   Data           0  rom_zephyr_symdefs.txt ABSOLUTE
    __shell_cmd_end                          0x20000eec   Data           0  rom_zephyr_symdefs.txt ABSOLUTE
    key_pool                                 0x20000ef0   Data           0  rom_zephyr_symdefs.txt ABSOLUTE
    p_avail_queue                            0x20000ef4   Data           0  rom_zephyr_symdefs.txt ABSOLUTE
    gatt_sc                                  0x20000ef8   Data           0  rom_zephyr_symdefs.txt ABSOLUTE
    bt_att_prepare_count                     0x20000f50   Data           0  rom_zephyr_symdefs.txt ABSOLUTE
    ready_cb                                 0x20000f54   Data           0  rom_zephyr_symdefs.txt ABSOLUTE
    pub_key                                  0x20000f58   Data           0  rom_zephyr_symdefs.txt ABSOLUTE
    bt_conn_num                              0x20000f98   Data           0  rom_zephyr_symdefs.txt ABSOLUTE
    l2cap_max_le_mps                         0x20000f9c   Data           0  rom_zephyr_symdefs.txt ABSOLUTE
    MAX_CMD_QUEUED                           0x20000fa0   Data           0  rom_zephyr_symdefs.txt ABSOLUTE
    subscriptions                            0x20000fa4   Data           0  rom_zephyr_symdefs.txt ABSOLUTE
    p_bt_smp_pool                            0x20000fac   Data           0  rom_zephyr_symdefs.txt ABSOLUTE
    tx_thread_prio                           0x20000fb0   Data           0  rom_zephyr_symdefs.txt ABSOLUTE
    p_conn_tx                                0x20000fb4   Data           0  rom_zephyr_symdefs.txt ABSOLUTE
    default_module_prompt                    0x20000fb8   Data           0  rom_zephyr_symdefs.txt ABSOLUTE
    shell_buf                                0x20000fbc   Data           0  rom_zephyr_symdefs.txt ABSOLUTE
    p_bt_req_pool                            0x20000fc0   Data           0  rom_zephyr_symdefs.txt ABSOLUTE
    efuse_cmu_pmu_val                        0x20000fc4   Data           0  rom_zephyr_symdefs.txt ABSOLUTE
    set_xtal_32k_flag                        0x20000fc8   Data           0  rom_zephyr_symdefs.txt ABSOLUTE
    p_deep_sleep_entry                       0x20000fcc   Data           0  rom_zephyr_symdefs.txt ABSOLUTE
    p_sys_soc_suspend                        0x20000fd0   Data           0  rom_zephyr_symdefs.txt ABSOLUTE
    _sw_isr_table_in_ram                     0x20000fd4   Data           0  rom_zephyr_symdefs.txt ABSOLUTE
    hcl_32k_is_running                       0x20000fdc   Data           0  rom_zephyr_symdefs.txt ABSOLUTE
    p_application_any_busy_check             0x20000fe0   Data           0  rom_zephyr_symdefs.txt ABSOLUTE
    Image$$ER_IROM$$Base                     0x20001000   Number         0  anon$$obj.o ABSOLUTE
    systemVectors                            0x20001000   Data           4  startup.o(RESET)
    __main                                   0x200010e1   Thumb Code     0  entry.o(.ARM.Collect$$$$00000000)
    _main_stk                                0x200010e1   Thumb Code     0  entry2.o(.ARM.Collect$$$$00000001)
    _main_scatterload                        0x200010e5   Thumb Code     0  entry5.o(.ARM.Collect$$$$00000004)
    __main_after_scatterload                 0x200010e9   Thumb Code     0  entry5.o(.ARM.Collect$$$$00000004)
    _main_clock                              0x200010e9   Thumb Code     0  entry7b.o(.ARM.Collect$$$$00000008)
    _main_cpp_init                           0x200010e9   Thumb Code     0  entry8b.o(.ARM.Collect$$$$0000000A)
    _main_init                               0x200010e9   Thumb Code     0  entry9a.o(.ARM.Collect$$$$0000000B)
    __rt_final_cpp                           0x200010f1   Thumb Code     0  entry10a.o(.ARM.Collect$$$$0000000D)
    __rt_final_exit                          0x200010f1   Thumb Code     0  entry11a.o(.ARM.Collect$$$$0000000F)
    p_llcc_rx_cmd_valid                      0x200010f5   Thumb Code    24  startup.o(.asm_patch)
    p_llcc_rx_dmal_done                      0x20001111   Thumb Code    24  startup.o(.asm_patch)
    patch_hw_func                            0x2000112d   Thumb Code    94  soc_patch.o(.init.once.text."..\\..\\..\\..\\arch\\soc\\atb110x\\soc_patch.c".0)
    patch_hw_code                            0x200011b9   Thumb Code    86  soc_patch.o(.init.once.text."..\\..\\..\\..\\arch\\soc\\atb110x\\soc_patch.c".1)
    patch_sw                                 0x2000123d   Thumb Code     2  soc_patch.o(.init.once.text."..\\..\\..\\..\\arch\\soc\\atb110x\\soc_patch.c".2)
    set_ic_feature                           0x2000123f   Thumb Code    30  board.o(.init.once.text."..\\..\\..\\..\\boards\\board.c".1)
    board_early_init                         0x2000125d   Thumb Code   116  board.o(.init.once.text."..\\..\\..\\..\\boards\\board.c".2)
    patch_llc_init_all_trim_upload           0x200012e9   Thumb Code    82  llcc.o(.init.once.text."..\\..\\..\\..\\drivers\\bluetooth\\hci\\llcc.c".0)
    LlcIrqConnect                            0x20001391   Thumb Code   150  llcc.o(.init.once.text."..\\..\\..\\..\\drivers\\bluetooth\\hci\\llcc.c".1)
    llcc_upload_ic_trim_new                  0x20001455   Thumb Code    50  llcc.o(.init.once.text."..\\..\\..\\..\\drivers\\bluetooth\\hci\\llcc.c".14)
    llc_init_all_trim_upload_new             0x20001491   Thumb Code    48  llcc.o(.init.once.text."..\\..\\..\\..\\drivers\\bluetooth\\hci\\llcc.c".15)
    p_llc_init_trim_up_load_new              0x20001531   Thumb Code   166  llcc.o(.init.once.text."..\\..\\..\\..\\drivers\\bluetooth\\hci\\llcc.c".17)
    SystemInit                               0x20001671   Thumb Code    16  system.o(.init.once.text."..\\..\\..\\..\\ext\\lib\\actions\\startup\\system.c".0)
    kernel_config_init                       0x20001685   Thumb Code   124  kernel_config_init.o(.init.once.text."..\\..\\..\\..\\kernel\\kernel_config_init.c".4)
    bt_host_config_init                      0x20001739   Thumb Code   512  bt_host_config_init.o(.init.once.text."..\\..\\..\\..\\subsys\\bluetooth\\host\\bt_host_config_init.c".8)
    Reset_Handler                            0x200019ad   Thumb Code    36  startup.o(.text)
    _arch_irq_lock_s                         0x200019d1   Thumb Code     8  startup.o(.text)
    _arch_irq_unlock_s                       0x200019d9   Thumb Code     8  startup.o(.text)
    _timer_int_handler                       0x200019e9   Thumb Code     2  startup.o(.text)
    __aeabi_memcpy                           0x20001a05   Thumb Code    36  memcpya.o(.text)
    __aeabi_memcpy4                          0x20001a05   Thumb Code     0  memcpya.o(.text)
    __aeabi_memcpy8                          0x20001a05   Thumb Code     0  memcpya.o(.text)
    __aeabi_memset                           0x20001a29   Thumb Code    14  memseta.o(.text)
    __aeabi_memset4                          0x20001a29   Thumb Code     0  memseta.o(.text)
    __aeabi_memset8                          0x20001a29   Thumb Code     0  memseta.o(.text)
    __aeabi_memclr                           0x20001a37   Thumb Code     4  memseta.o(.text)
    __aeabi_memclr4                          0x20001a37   Thumb Code     0  memseta.o(.text)
    __aeabi_memclr8                          0x20001a37   Thumb Code     0  memseta.o(.text)
    _memset$wrapper                          0x20001a3b   Thumb Code    18  memseta.o(.text)
    __scatterload                            0x20001a4d   Thumb Code    28  init.o(.text)
    __scatterload_rt2                        0x20001a4d   Thumb Code     0  init.o(.text)
    Long Thumb to Thumb Veneer to printk     0x20001a71   Thumb Code    12  anon$$obj.o(Veneer$$Code)
    Long Thumb to Thumb Veneer to acts_efuse_read 0x20001a7d   Thumb Code    12  anon$$obj.o(Veneer$$Code)
    Long Thumb to Thumb Veneer to acts_set_vdd 0x20001a89   Thumb Code    12  anon$$obj.o(Veneer$$Code)
    Long Thumb to Thumb Veneer to acts_delay_us 0x20001a95   Thumb Code    12  anon$$obj.o(Veneer$$Code)
    Long Thumb to Thumb Veneer to acts_request_vd12_pd 0x20001aa1   Thumb Code    12  anon$$obj.o(Veneer$$Code)
    Long Thumb to Thumb Veneer to acts_request_vd12_largebias 0x20001aad   Thumb Code    12  anon$$obj.o(Veneer$$Code)
    Long Thumb to Thumb Veneer to acts_request_rc_3M 0x20001ab9   Thumb Code    12  anon$$obj.o(Veneer$$Code)
    Long Thumb to Thumb Veneer to acts_pinmux_setup_pins 0x20001ac5   Thumb Code    12  anon$$obj.o(Veneer$$Code)
    Long Thumb to Thumb Veneer to _irq_priority_set 0x20001ad1   Thumb Code    12  anon$$obj.o(Veneer$$Code)
    Long Thumb to Thumb Veneer to llcc_compose_trim 0x20001add   Thumb Code    12  anon$$obj.o(Veneer$$Code)
    Long Thumb to Thumb Veneer to llc_init_trim_upload 0x20001ae9   Thumb Code    12  anon$$obj.o(Veneer$$Code)
    Long Thumb to Thumb Veneer to acts_set_vd12_before_efuse_read 0x20001af5   Thumb Code    12  anon$$obj.o(Veneer$$Code)
    Long Thumb to Thumb Veneer to llcc_upload_board_trim 0x20001b01   Thumb Code    12  anon$$obj.o(Veneer$$Code)
    Long Thumb to Thumb Veneer to llcc_upload_tx_trim 0x20001b0d   Thumb Code    12  anon$$obj.o(Veneer$$Code)
    Long Thumb to Thumb Veneer to acts_set_vd12_after_efuse_read 0x20001b19   Thumb Code    12  anon$$obj.o(Veneer$$Code)
    Long Thumb to Thumb Veneer to llc_init_tx_message 0x20001b25   Thumb Code    12  anon$$obj.o(Veneer$$Code)
    Long Thumb to Thumb Veneer to llc_init_wait_for_rx_message 0x20001b31   Thumb Code    12  anon$$obj.o(Veneer$$Code)
    Long Thumb to Thumb Veneer to llc_hci_buf_free 0x20001b3d   Thumb Code    12  anon$$obj.o(Veneer$$Code)
    Long Thumb to Thumb Veneer to _arch_irq_enable 0x20001b49   Thumb Code    12  anon$$obj.o(Veneer$$Code)
    Long Thumb to Thumb Veneer to main_thread_init 0x20001b55   Thumb Code    12  anon$$obj.o(Veneer$$Code)
    Long Thumb to Thumb Veneer to idle_thread_init 0x20001b61   Thumb Code    12  anon$$obj.o(Veneer$$Code)
    Long Thumb to Thumb Veneer to interrupt_stack_init 0x20001b6d   Thumb Code    12  anon$$obj.o(Veneer$$Code)
    Long Thumb to Thumb Veneer to sys_work_queue_init 0x20001b79   Thumb Code    12  anon$$obj.o(Veneer$$Code)
    Long Thumb to Thumb Veneer to bt_tx_thread_init 0x20001b85   Thumb Code    12  anon$$obj.o(Veneer$$Code)
    Long Thumb to Thumb Veneer to bt_rx_thread_init 0x20001b91   Thumb Code    12  anon$$obj.o(Veneer$$Code)
    Long Thumb to Thumb Veneer to bt_hci_cmd_pool_init 0x20001b9d   Thumb Code    12  anon$$obj.o(Veneer$$Code)
    Long Thumb to Thumb Veneer to bt_hci_rx_pool_init 0x20001ba9   Thumb Code    12  anon$$obj.o(Veneer$$Code)
    Long Thumb to Thumb Veneer to bt_acl_tx_pool_init 0x20001bb5   Thumb Code    12  anon$$obj.o(Veneer$$Code)
    Long Thumb to Thumb Veneer to bt_prep_pool_int 0x20001bc1   Thumb Code    12  anon$$obj.o(Veneer$$Code)
    Long Thumb to Thumb Veneer to bt_l2cap_le_max_credits_init 0x20001bcd   Thumb Code    12  anon$$obj.o(Veneer$$Code)
    Long Thumb to Thumb Veneer to bt_l2cap_pramter_init 0x20001bd9   Thumb Code    12  anon$$obj.o(Veneer$$Code)
    Long Thumb to Thumb Veneer to bt_conn_tx_init 0x20001be5   Thumb Code    12  anon$$obj.o(Veneer$$Code)
    Long Thumb to Thumb Veneer to bt_conn_struct_init 0x20001bf1   Thumb Code    12  anon$$obj.o(Veneer$$Code)
    Long Thumb to Thumb Veneer to bt_req_pool_int 0x20001bfd   Thumb Code    12  anon$$obj.o(Veneer$$Code)
    Long Thumb to Thumb Veneer to bt_l2cap_pool_init 0x20001c09   Thumb Code    12  anon$$obj.o(Veneer$$Code)
    Long Thumb to Thumb Veneer to bt_tx_poll_event_init 0x20001c15   Thumb Code    12  anon$$obj.o(Veneer$$Code)
    Long Thumb to Thumb Veneer to bt_att_paramter_init 0x20001c21   Thumb Code    12  anon$$obj.o(Veneer$$Code)
    Long Thumb to Thumb Veneer to strlen     0x20001c2d   Thumb Code    12  anon$$obj.o(Veneer$$Code)
    Long Thumb to Thumb Veneer to bt_gap_svc_config_init 0x20001c39   Thumb Code    12  anon$$obj.o(Veneer$$Code)
    Long Thumb to Thumb Veneer to bt_gatt_svc_config_init 0x20001c45   Thumb Code    12  anon$$obj.o(Veneer$$Code)
    Long Thumb to Thumb Veneer to bt_enable_smp 0x20001c51   Thumb Code    12  anon$$obj.o(Veneer$$Code)
    Long Thumb to Thumb Veneer to bt_smp_pool_init 0x20001c5d   Thumb Code    12  anon$$obj.o(Veneer$$Code)
    Long Thumb to Thumb Veneer to bt_host_keys_init 0x20001c69   Thumb Code    12  anon$$obj.o(Veneer$$Code)
    Long Thumb to Thumb Veneer to bt_set_delay_time_read_remote_features 0x20001c75   Thumb Code    12  anon$$obj.o(Veneer$$Code)
    Long Thumb to Thumb Veneer to hci_set_le_sup_feat 0x20001c81   Thumb Code    12  anon$$obj.o(Veneer$$Code)
    Long Thumb to Thumb Veneer to hci_vs_cfg_acl_bufs 0x20001c8d   Thumb Code    12  anon$$obj.o(Veneer$$Code)
    Long Thumb to Thumb Veneer to hci_vs_cfg_max_conn 0x20001c99   Thumb Code    12  anon$$obj.o(Veneer$$Code)
    Long Thumb to Thumb Veneer to hci_vs_cfg_version 0x20001ca5   Thumb Code    12  anon$$obj.o(Veneer$$Code)
    Long Thumb to Thumb Veneer to nvram_config_get_factory 0x20001cb1   Thumb Code    12  anon$$obj.o(Veneer$$Code)
    Long Thumb to Thumb Veneer to hci_vs_cfg_bd_addr 0x20001cbd   Thumb Code    12  anon$$obj.o(Veneer$$Code)
    Long Thumb to Thumb Veneer to hci_vs_cfg_pwr_mgmt 0x20001cc9   Thumb Code    12  anon$$obj.o(Veneer$$Code)
    Long Thumb to Thumb Veneer to enable_scan_with_identity 0x20001cd5   Thumb Code    12  anon$$obj.o(Veneer$$Code)
    Long Thumb to Thumb Veneer to net_buf_simple_pull_u8 0x20001ce1   Thumb Code    12  anon$$obj.o(Veneer$$Code)
    Long Thumb to Thumb Veneer to net_buf_simple_pull 0x20001ced   Thumb Code    12  anon$$obj.o(Veneer$$Code)
    Long Thumb to Thumb Veneer to bt_enable  0x20001cf9   Thumb Code    12  anon$$obj.o(Veneer$$Code)
    Long Thumb to Thumb Veneer to bt_conn_cb_register 0x20001d05   Thumb Code    12  anon$$obj.o(Veneer$$Code)
    Long Thumb to Thumb Veneer to bt_le_scan_start 0x20001d11   Thumb Code    12  anon$$obj.o(Veneer$$Code)
    Long Thumb to Thumb Veneer to bt_gatt_discover 0x20001d1d   Thumb Code    12  anon$$obj.o(Veneer$$Code)
    Long Thumb to Thumb Veneer to att_get    0x20001d29   Thumb Code    12  anon$$obj.o(Veneer$$Code)
    Long Thumb to Thumb Veneer to k_sem_give 0x20001d35   Thumb Code    12  anon$$obj.o(Veneer$$Code)
    Long Thumb to Thumb Veneer to memcmp     0x20001d41   Thumb Code    12  anon$$obj.o(Veneer$$Code)
    Long Thumb to Thumb Veneer to strcpy     0x20001d4d   Thumb Code    12  anon$$obj.o(Veneer$$Code)
    Long Thumb to Thumb Veneer to snprintk   0x20001d59   Thumb Code    12  anon$$obj.o(Veneer$$Code)
    Long Thumb to Thumb Veneer to bt_conn_get_dst 0x20001d65   Thumb Code    12  anon$$obj.o(Veneer$$Code)
    Long Thumb to Thumb Veneer to strcmp     0x20001d71   Thumb Code    12  anon$$obj.o(Veneer$$Code)
    Long Thumb to Thumb Veneer to bt_le_scan_stop 0x20001d7d   Thumb Code    12  anon$$obj.o(Veneer$$Code)
    Long Thumb to Thumb Veneer to bt_conn_create_le 0x20001d89   Thumb Code    12  anon$$obj.o(Veneer$$Code)
    Long Thumb to Thumb Veneer to __aeabi_idivmod 0x20001d95   Thumb Code    12  anon$$obj.o(Veneer$$Code)
    Long Thumb to Thumb Veneer to atomic_and 0x20001da1   Thumb Code    12  anon$$obj.o(Veneer$$Code)
    Long Thumb to Thumb Veneer to atomic_or  0x20001dad   Thumb Code    12  anon$$obj.o(Veneer$$Code)
    Long Thumb to Thumb Veneer to bt_conn_unref 0x20001db9   Thumb Code    12  anon$$obj.o(Veneer$$Code)
    Long Thumb to Thumb Veneer to bt_gatt_subscribe 0x20001dc5   Thumb Code    12  anon$$obj.o(Veneer$$Code)
    Long Thumb to Thumb Veneer to bt_rpa_irk_matches 0x20001dd1   Thumb Code    12  anon$$obj.o(Veneer$$Code)
    Long Thumb to Thumb Veneer to hci_vs_read_done 0x20001ddd   Thumb Code    12  anon$$obj.o(Veneer$$Code)
    Long Thumb to Thumb Veneer to k_delayed_work_submit_to_queue 0x20001de9   Thumb Code    12  anon$$obj.o(Veneer$$Code)
    Long Thumb to Thumb Veneer to bt_conn_disconnect 0x20001df5   Thumb Code    12  anon$$obj.o(Veneer$$Code)
    Long Thumb to Thumb Veneer to update_conn_param 0x20001e01   Thumb Code    12  anon$$obj.o(Veneer$$Code)
    Long Thumb to Thumb Veneer to bt_conn_le_param_update 0x20001e0d   Thumb Code    12  anon$$obj.o(Veneer$$Code)
    Long Thumb to Thumb Veneer to llcc_tx_error2_cmd 0x20001e19   Thumb Code    12  anon$$obj.o(Veneer$$Code)
    Long Thumb to Thumb Veneer to llcc_init  0x20001e25   Thumb Code    12  anon$$obj.o(Veneer$$Code)
    Long Thumb to Thumb Veneer to llcc_tx_retry_helper 0x20001e31   Thumb Code    12  anon$$obj.o(Veneer$$Code)
    Long Thumb to Thumb Veneer to llcc_rxcmd_valid_handler 0x20001e3d   Thumb Code    12  anon$$obj.o(Veneer$$Code)
    Long Thumb to Thumb Veneer to llcc_rxdmal_done_handler 0x20001e49   Thumb Code    12  anon$$obj.o(Veneer$$Code)
    Long Thumb to Thumb Veneer to llcc_tx_cmd_crc 0x20001e55   Thumb Code    12  anon$$obj.o(Veneer$$Code)
    Long Thumb to Thumb Veneer to platform_wake_lock_inc 0x20001e61   Thumb Code    12  anon$$obj.o(Veneer$$Code)
    Long Thumb to Thumb Veneer to llcc_wdog_tx_ena 0x20001e6d   Thumb Code    12  anon$$obj.o(Veneer$$Code)
    Long Thumb to Thumb Veneer to llcc_tx_xfer_req2_cmd 0x20001e79   Thumb Code    12  anon$$obj.o(Veneer$$Code)
    Long Thumb to Thumb Veneer to llcc_tx_xfer_req_cmd 0x20001e85   Thumb Code    12  anon$$obj.o(Veneer$$Code)
    Long Thumb to Thumb Veneer to llcc_dma_setup_tx 0x20001e91   Thumb Code    12  anon$$obj.o(Veneer$$Code)
    Long Thumb to Thumb Veneer to _PrepC     0x20001e9d   Thumb Code    12  anon$$obj.o(Veneer$$Code)
    Long Thumb to Thumb Veneer to net_buf_alloc 0x20001ea9   Thumb Code    12  anon$$obj.o(Veneer$$Code)
    Long Thumb to Thumb Veneer to atomic_get 0x20001eb5   Thumb Code    12  anon$$obj.o(Veneer$$Code)
    Long Thumb to Thumb Veneer to net_buf_get 0x20001ec1   Thumb Code    12  anon$$obj.o(Veneer$$Code)
    Long Thumb to Thumb Veneer to net_buf_unref 0x20001ecd   Thumb Code    12  anon$$obj.o(Veneer$$Code)
    Long Thumb to Thumb Veneer to net_buf_put 0x20001ed9   Thumb Code    12  anon$$obj.o(Veneer$$Code)
    Long Thumb to Thumb Veneer to bt_storage_register 0x20001ee5   Thumb Code    12  anon$$obj.o(Veneer$$Code)
    Long Thumb to Thumb Veneer to acts_reset_peripheral 0x20001ef1   Thumb Code    12  anon$$obj.o(Veneer$$Code)
    Long Thumb to Thumb Veneer to acts_clock_peripheral_enable 0x20001efd   Thumb Code    12  anon$$obj.o(Veneer$$Code)
    Long Thumb to Thumb Veneer to acts_clock_peripheral_disable 0x20001f09   Thumb Code    12  anon$$obj.o(Veneer$$Code)
    Long Thumb to Thumb Veneer to uart_console_init 0x20001f15   Thumb Code    12  anon$$obj.o(Veneer$$Code)
    __ARM_common_switch8                     0x20001f21   Thumb Code    28  storage.o(i.__ARM_common_switch8)
    __scatterload_copy                       0x20001f3d   Thumb Code    14  handlers.o(i.__scatterload_copy)
    __scatterload_null                       0x20001f4b   Thumb Code     2  handlers.o(i.__scatterload_null)
    __scatterload_zeroinit                   0x20001f4d   Thumb Code    14  handlers.o(i.__scatterload_zeroinit)
    _sys_device_do_config_level              0x20001fcd   Thumb Code    36  device.o(i._sys_device_do_config_level)
    app_main                                 0x20002061   Thumb Code   258  main.o(i.app_main)
    att_cfm_sent_new                         0x2000223d   Thumb Code    30  bt_host_patch.o(i.att_cfm_sent_new)
    att_req_sent_new                         0x2000225d   Thumb Code    48  bt_host_patch.o(i.att_req_sent_new)
    att_rsp_sent_new                         0x20002291   Thumb Code    30  bt_host_patch.o(i.att_rsp_sent_new)
    compute_checksum                         0x200023f1   Thumb Code    16  llc_hci.o(i.compute_checksum)
    debug_uart_init                          0x2000259d   Thumb Code   150  system.o(i.debug_uart_init)
    debug_uart_put_char                      0x20002645   Thumb Code    50  system.o(i.debug_uart_put_char)
    device_busy_clear_new                    0x2000267d   Thumb Code    44  device.o(i.device_busy_clear_new)
    device_busy_set_new                      0x200026b1   Thumb Code    44  device.o(i.device_busy_set_new)
    device_get_binding                       0x2000275d   Thumb Code    44  device.o(i.device_get_binding)
    find_bt_keys                             0x200029a9   Thumb Code   336  storage.o(i.find_bt_keys)
    hci_tx_failure_new                       0x20002b39   Thumb Code    18  llc_hci.o(i.hci_tx_failure_new)
    hci_vs_read_done_new                     0x20002b6d   Thumb Code    72  llc_hci.o(i.hci_vs_read_done_new)
    idle_new                                 0x20002bd1   Thumb Code     4  soc_pm.o(i.idle_new)
    le_conn_update_new                       0x20002bed   Thumb Code   138  bt_host_patch.o(i.le_conn_update_new)
    llcc_rx_cmd_valid_handler_new            0x20002c85   Thumb Code   274  llc_hci.o(i.llcc_rx_cmd_valid_handler_new)
    llcc_rxcmd_valid_handler_new             0x20002da5   Thumb Code     8  llc_hci.o(i.llcc_rxcmd_valid_handler_new)
    llcc_rxdmal_done_handler_new             0x20002dad   Thumb Code     8  llc_hci.o(i.llcc_rxdmal_done_handler_new)
    llcc_tx_soft_reset_ack_cmd_new           0x20002db5   Thumb Code    26  llc_hci.o(i.llcc_tx_soft_reset_ack_cmd_new)
    llcc_write_new                           0x20002dd1   Thumb Code   320  llc_hci.o(i.llcc_write_new)
    main                                     0x20002f19   Thumb Code    28  entry.o(i.main)
    new_k_delayed_work_cancel                0x20002f75   Thumb Code   152  system_work_q.o(i.new_k_delayed_work_cancel)
    receive_msg                              0x20003069   Thumb Code    42  msg_manager.o(i.receive_msg)
    send_msg                                 0x200030c1   Thumb Code    60  msg_manager.o(i.send_msg)
    str2bt_addr                              0x20003349   Thumb Code   114  bt_host_config_init.o(i.str2bt_addr)
    sys_pm_reboot                            0x200033bd   Thumb Code   108  soc_pm.o(i.sys_pm_reboot)
    uart_acts_resume_device_from_suspend     0x20003517   Thumb Code    50  uart_acts.o(i.uart_acts_resume_device_from_suspend)
    uart_acts_suspend_device                 0x20003549   Thumb Code    40  uart_acts.o(i.uart_acts_suspend_device)
    uart_console_init_new                    0x20003571   Thumb Code    18  uart_console.o(i.uart_console_init_new)
    update_conn_param_new                    0x200035bd   Thumb Code    28  bt_host_patch.o(i.update_conn_param_new)
    Region$$Table$$Base                      0x200037e0   Number         0  anon$$obj.o(Region$$Table)
    Image$$ER_IROM$$Limit                    0x200037f0   Number         0  anon$$obj.o ABSOLUTE
    Region$$Table$$Limit                     0x200037f0   Number         0  anon$$obj.o(Region$$Table)
    _idle_stack                              0x200037f0   Data         512  kernel_config_init.o(.ram_retention_data)
    Image$$RW_IRAM_DEVICE_PRE_KERNEL_1$$Base 0x200039f0   Number         0  anon$$obj.o ABSOLUTE
    Image$$RW_IRAM_DEVICE_PRE_KERNEL_2$$Base 0x20003a14   Number         0  anon$$obj.o ABSOLUTE
    Image$$RW_IRAM_DEVICE_POST_KERNEL$$Base  0x20003a20   Number         0  anon$$obj.o ABSOLUTE
    Image$$RW_IRAM_DEVICE_APPLICATION$$Base  0x20003a50   Number         0  anon$$obj.o ABSOLUTE
    Image$$RW_IRAM_DEVICE_APPLICATION$$Limit 0x20003a5c   Number         0  anon$$obj.o ABSOLUTE
    device_busy                              0x20003a5c   Data           8  device.o(.device_BUSY)
    Image$$RW_IRAM__net_buf_pool_area$$Base  0x20003a64   Number         0  anon$$obj.o ABSOLUTE
    acl_tx_pool                              0x20003a64   Data          40  bt_host_config_init.o(._net_buf_pool.static.acl_tx_pool)
    hci_cmd_pool                             0x20003a8c   Data          40  bt_host_config_init.o(._net_buf_pool.static.hci_cmd_pool)
    hci_rx_pool_0                            0x20003ab4   Data          40  bt_host_config_init.o(._net_buf_pool.static.hci_rx_pool_0)
    hci_rx_pool_2                            0x20003adc   Data          40  bt_host_config_init.o(._net_buf_pool.static.hci_rx_pool_2)
    hci_rx_pool_3                            0x20003b04   Data          40  bt_host_config_init.o(._net_buf_pool.static.hci_rx_pool_3)
    msg_buffer_pool_async                    0x20003b2c   Data          40  msg_manager.o(._net_buf_pool.static.msg_buffer_pool_async)
    msg_buffer_pool_sync                     0x20003b54   Data          40  msg_manager.o(._net_buf_pool.static.msg_buffer_pool_sync)
    prep_pool                                0x20003b7c   Data          40  bt_host_config_init.o(._net_buf_pool.static.prep_pool)
    Image$$RW_IRAM_PATCH_HW_FUNC$$Base       0x20003ba4   Number         0  anon$$obj.o ABSOLUTE
    Image$$RW_IRAM_SHELL_CMD_START$$Base     0x20003ba4   Number         0  anon$$obj.o ABSOLUTE
    Image$$RW_IRAM__mem_pool_area$$Base      0x20003ba4   Number         0  anon$$obj.o ABSOLUTE
    Image$$RW_IRAM_PATCH_HW_CODE$$Base       0x20003be4   Number         0  anon$$obj.o ABSOLUTE
    Image$$RW_IRAM_PATCH_HW_FUNC$$Limit      0x20003be4   Number         0  anon$$obj.o ABSOLUTE
    Image$$RW_IRAM_PATCH_HW_CODE$$Limit      0x20003c34   Number         0  anon$$obj.o ABSOLUTE
    async_msg_free                           0x20003c44   Data          20  kernel_config_init.o(._k_stack.static.async_msg_free)
    normal_vdd_val                           0x20003cc0   Data           1  board.o(.data)
    dp_vdd_val                               0x20003cc1   Data           1  board.o(.data)
    app_ready_update                         0x20003dcc   Data           4  bt_host_patch.o(.data)
    ext_tx_trim                              0x20003e70   Data          40  llcc.o(.init.once.data."..\\..\\..\\..\\drivers\\bluetooth\\hci\\llcc.c".10)
    runtime_tx                               0x20003e98   Data          16  llcc.o(.init.once.data."..\\..\\..\\..\\drivers\\bluetooth\\hci\\llcc.c".11)
    outer_tx_trim_efuse                      0x20003ea8   Data          72  llcc.o(.init.once.data."..\\..\\..\\..\\drivers\\bluetooth\\hci\\llcc.c".12)
    outer_tx_trim_aband_efuse                0x20003ef0   Data          48  llcc.o(.init.once.data."..\\..\\..\\..\\drivers\\bluetooth\\hci\\llcc.c".13)
    outer_ic_trim_efuse                      0x20003f20   Data          32  llcc.o(.init.once.data."..\\..\\..\\..\\drivers\\bluetooth\\hci\\llcc.c".4)
    ext_board_trim                           0x20003f40   Data           8  llcc.o(.init.once.data."..\\..\\..\\..\\drivers\\bluetooth\\hci\\llcc.c".5)
    sleep_clk_accuracy                       0x20003f48   Data           2  llcc.o(.init.once.data."..\\..\\..\\..\\drivers\\bluetooth\\hci\\llcc.c".6)
    retry_timeout                            0x20003f4a   Data           1  llcc.o(.init.once.data."..\\..\\..\\..\\drivers\\bluetooth\\hci\\llcc.c".7)
    outer_board_trim_efuse                   0x20003f4c   Data          32  llcc.o(.init.once.data."..\\..\\..\\..\\drivers\\bluetooth\\hci\\llcc.c".8)
    outer_final_board_trim_efuse             0x20003f6c   Data          24  llcc.o(.init.once.data."..\\..\\..\\..\\drivers\\bluetooth\\hci\\llcc.c".9)
    _main_stack                              0x200041c8   Data        1024  kernel_config_init.o(.noinit."..\\..\\..\\..\\kernel\\kernel_config_init.c".0)
    sys_work_q_stack                         0x200045c8   Data        1024  kernel_config_init.o(.noinit."..\\..\\..\\..\\kernel\\kernel_config_init.c".1)
    _k_stack_buf_async_msg_free              0x20004d10   Data          40  kernel_config_init.o(.noinit."..\\..\\..\\..\\kernel\\kernel_config_init.c".3)
    Image$$RW_IRAM3$$Base                    0x200059a8   Number         0  anon$$obj.o ABSOLUTE
    _sw_isr_table                            0x200059a8   Data         256  entry.o(.bss)
    tx_timer                                 0x20005b04   Data          52  llcc.o(.bss)
    rx_timer                                 0x20005b38   Data          52  llcc.o(.bss)
    _interrupt_stack                         0x20006e38   Data         640  startup.o(STACK)
    __initial_sp                             0x200070b8   Data           0  startup.o(STACK)



==============================================================================

Memory Map of the image

  Image Entry point : 0x200010e1

  Load Region LR_IROM (Base: 0x20001000, Size: 0x000049a8, Max: 0x0000a000, ABSOLUTE)

    Execution Region ER_IROM (Exec base: 0x20001000, Load base: 0x20001000, Size: 0x000027f0, Max: 0xffffffff, ABSOLUTE)

    Exec Addr    Load Addr    Size         Type   Attr      Idx    E Section Name        Object

    0x20001000   0x20001000   0x000000e0   Data   RO            3    RESET               startup.o
    0x200010e0   0x200010e0   0x00000000   Code   RO         1213  * .ARM.Collect$$$$00000000  mc_p.l(entry.o)
    0x200010e0   0x200010e0   0x00000004   Code   RO         1220    .ARM.Collect$$$$00000001  mc_p.l(entry2.o)
    0x200010e4   0x200010e4   0x00000004   Code   RO         1223    .ARM.Collect$$$$00000004  mc_p.l(entry5.o)
    0x200010e8   0x200010e8   0x00000000   Code   RO         1225    .ARM.Collect$$$$00000008  mc_p.l(entry7b.o)
    0x200010e8   0x200010e8   0x00000000   Code   RO         1227    .ARM.Collect$$$$0000000A  mc_p.l(entry8b.o)
    0x200010e8   0x200010e8   0x00000008   Code   RO         1228    .ARM.Collect$$$$0000000B  mc_p.l(entry9a.o)
    0x200010f0   0x200010f0   0x00000000   Code   RO         1230    .ARM.Collect$$$$0000000D  mc_p.l(entry10a.o)
    0x200010f0   0x200010f0   0x00000000   Code   RO         1232    .ARM.Collect$$$$0000000F  mc_p.l(entry11a.o)
    0x200010f0   0x200010f0   0x00000004   Code   RO         1221    .ARM.Collect$$$$00002712  mc_p.l(entry2.o)
    0x200010f4   0x200010f4   0x00000038   Code   RO            4    .asm_patch          startup.o
    0x2000112c   0x2000112c   0x0000008c   Code   RO          240    .init.once.text."..\\..\\..\\..\\arch\\soc\\atb110x\\soc_patch.c".0  soc_patch.o
    0x200011b8   0x200011b8   0x00000084   Code   RO          241    .init.once.text."..\\..\\..\\..\\arch\\soc\\atb110x\\soc_patch.c".1  soc_patch.o
    0x2000123c   0x2000123c   0x00000002   Code   RO          242    .init.once.text."..\\..\\..\\..\\arch\\soc\\atb110x\\soc_patch.c".2  soc_patch.o
    0x2000123e   0x2000123e   0x0000001e   Code   RO          452    .init.once.text."..\\..\\..\\..\\boards\\board.c".1  board.o
    0x2000125c   0x2000125c   0x0000008c   Code   RO          453    .init.once.text."..\\..\\..\\..\\boards\\board.c".2  board.o
    0x200012e8   0x200012e8   0x000000a8   Code   RO          655    .init.once.text."..\\..\\..\\..\\drivers\\bluetooth\\hci\\llcc.c".0  llcc.o
    0x20001390   0x20001390   0x000000c4   Code   RO          656    .init.once.text."..\\..\\..\\..\\drivers\\bluetooth\\hci\\llcc.c".1  llcc.o
    0x20001454   0x20001454   0x0000003c   Code   RO          657    .init.once.text."..\\..\\..\\..\\drivers\\bluetooth\\hci\\llcc.c".14  llcc.o
    0x20001490   0x20001490   0x00000030   Code   RO          658    .init.once.text."..\\..\\..\\..\\drivers\\bluetooth\\hci\\llcc.c".15  llcc.o
    0x200014c0   0x200014c0   0x0000006e   Code   RO          659    .init.once.text."..\\..\\..\\..\\drivers\\bluetooth\\hci\\llcc.c".16  llcc.o
    0x2000152e   0x2000152e   0x00000002   PAD
    0x20001530   0x20001530   0x00000110   Code   RO          660    .init.once.text."..\\..\\..\\..\\drivers\\bluetooth\\hci\\llcc.c".17  llcc.o
    0x20001640   0x20001640   0x00000030   Code   RO          521    .init.once.text."..\\..\\..\\..\\drivers\\uart\\uart_acts.c".0  uart_acts.o
    0x20001670   0x20001670   0x00000014   Code   RO           14    .init.once.text."..\\..\\..\\..\\ext\\lib\\actions\\startup\\system.c".0  system.o
    0x20001684   0x20001684   0x000000b4   Code   RO          784    .init.once.text."..\\..\\..\\..\\kernel\\kernel_config_init.c".4  kernel_config_init.o
    0x20001738   0x20001738   0x00000260   Code   RO          892    .init.once.text."..\\..\\..\\..\\subsys\\bluetooth\\host\\bt_host_config_init.c".8  bt_host_config_init.o
    0x20001998   0x20001998   0x00000014   Code   RO          893    .init.once.text."..\\..\\..\\..\\subsys\\bluetooth\\host\\bt_host_config_init.c".9  bt_host_config_init.o
    0x200019ac   0x200019ac   0x00000058   Code   RO            5    .text               startup.o
    0x20001a04   0x20001a04   0x00000024   Code   RO         1214    .text               mc_p.l(memcpya.o)
    0x20001a28   0x20001a28   0x00000024   Code   RO         1216    .text               mc_p.l(memseta.o)
    0x20001a4c   0x20001a4c   0x00000024   Code   RO         1234    .text               mc_p.l(init.o)
    0x20001a70   0x20001a70   0x0000000c   Ven    RO         1244    Veneer$$Code        anon$$obj.o
    0x20001a7c   0x20001a7c   0x0000000c   Ven    RO         1245    Veneer$$Code        anon$$obj.o
    0x20001a88   0x20001a88   0x0000000c   Ven    RO         1246    Veneer$$Code        anon$$obj.o
    0x20001a94   0x20001a94   0x0000000c   Ven    RO         1247    Veneer$$Code        anon$$obj.o
    0x20001aa0   0x20001aa0   0x0000000c   Ven    RO         1248    Veneer$$Code        anon$$obj.o
    0x20001aac   0x20001aac   0x0000000c   Ven    RO         1249    Veneer$$Code        anon$$obj.o
    0x20001ab8   0x20001ab8   0x0000000c   Ven    RO         1250    Veneer$$Code        anon$$obj.o
    0x20001ac4   0x20001ac4   0x0000000c   Ven    RO         1251    Veneer$$Code        anon$$obj.o
    0x20001ad0   0x20001ad0   0x0000000c   Ven    RO         1252    Veneer$$Code        anon$$obj.o
    0x20001adc   0x20001adc   0x0000000c   Ven    RO         1253    Veneer$$Code        anon$$obj.o
    0x20001ae8   0x20001ae8   0x0000000c   Ven    RO         1254    Veneer$$Code        anon$$obj.o
    0x20001af4   0x20001af4   0x0000000c   Ven    RO         1255    Veneer$$Code        anon$$obj.o
    0x20001b00   0x20001b00   0x0000000c   Ven    RO         1256    Veneer$$Code        anon$$obj.o
    0x20001b0c   0x20001b0c   0x0000000c   Ven    RO         1257    Veneer$$Code        anon$$obj.o
    0x20001b18   0x20001b18   0x0000000c   Ven    RO         1258    Veneer$$Code        anon$$obj.o
    0x20001b24   0x20001b24   0x0000000c   Ven    RO         1259    Veneer$$Code        anon$$obj.o
    0x20001b30   0x20001b30   0x0000000c   Ven    RO         1260    Veneer$$Code        anon$$obj.o
    0x20001b3c   0x20001b3c   0x0000000c   Ven    RO         1261    Veneer$$Code        anon$$obj.o
    0x20001b48   0x20001b48   0x0000000c   Ven    RO         1262    Veneer$$Code        anon$$obj.o
    0x20001b54   0x20001b54   0x0000000c   Ven    RO         1263    Veneer$$Code        anon$$obj.o
    0x20001b60   0x20001b60   0x0000000c   Ven    RO         1264    Veneer$$Code        anon$$obj.o
    0x20001b6c   0x20001b6c   0x0000000c   Ven    RO         1265    Veneer$$Code        anon$$obj.o
    0x20001b78   0x20001b78   0x0000000c   Ven    RO         1266    Veneer$$Code        anon$$obj.o
    0x20001b84   0x20001b84   0x0000000c   Ven    RO         1267    Veneer$$Code        anon$$obj.o
    0x20001b90   0x20001b90   0x0000000c   Ven    RO         1268    Veneer$$Code        anon$$obj.o
    0x20001b9c   0x20001b9c   0x0000000c   Ven    RO         1269    Veneer$$Code        anon$$obj.o
    0x20001ba8   0x20001ba8   0x0000000c   Ven    RO         1270    Veneer$$Code        anon$$obj.o
    0x20001bb4   0x20001bb4   0x0000000c   Ven    RO         1271    Veneer$$Code        anon$$obj.o
    0x20001bc0   0x20001bc0   0x0000000c   Ven    RO         1272    Veneer$$Code        anon$$obj.o
    0x20001bcc   0x20001bcc   0x0000000c   Ven    RO         1273    Veneer$$Code        anon$$obj.o
    0x20001bd8   0x20001bd8   0x0000000c   Ven    RO         1274    Veneer$$Code        anon$$obj.o
    0x20001be4   0x20001be4   0x0000000c   Ven    RO         1275    Veneer$$Code        anon$$obj.o
    0x20001bf0   0x20001bf0   0x0000000c   Ven    RO         1276    Veneer$$Code        anon$$obj.o
    0x20001bfc   0x20001bfc   0x0000000c   Ven    RO         1277    Veneer$$Code        anon$$obj.o
    0x20001c08   0x20001c08   0x0000000c   Ven    RO         1278    Veneer$$Code        anon$$obj.o
    0x20001c14   0x20001c14   0x0000000c   Ven    RO         1279    Veneer$$Code        anon$$obj.o
    0x20001c20   0x20001c20   0x0000000c   Ven    RO         1280    Veneer$$Code        anon$$obj.o
    0x20001c2c   0x20001c2c   0x0000000c   Ven    RO         1281    Veneer$$Code        anon$$obj.o
    0x20001c38   0x20001c38   0x0000000c   Ven    RO         1282    Veneer$$Code        anon$$obj.o
    0x20001c44   0x20001c44   0x0000000c   Ven    RO         1283    Veneer$$Code        anon$$obj.o
    0x20001c50   0x20001c50   0x0000000c   Ven    RO         1284    Veneer$$Code        anon$$obj.o
    0x20001c5c   0x20001c5c   0x0000000c   Ven    RO         1285    Veneer$$Code        anon$$obj.o
    0x20001c68   0x20001c68   0x0000000c   Ven    RO         1286    Veneer$$Code        anon$$obj.o
    0x20001c74   0x20001c74   0x0000000c   Ven    RO         1287    Veneer$$Code        anon$$obj.o
    0x20001c80   0x20001c80   0x0000000c   Ven    RO         1288    Veneer$$Code        anon$$obj.o
    0x20001c8c   0x20001c8c   0x0000000c   Ven    RO         1289    Veneer$$Code        anon$$obj.o
    0x20001c98   0x20001c98   0x0000000c   Ven    RO         1290    Veneer$$Code        anon$$obj.o
    0x20001ca4   0x20001ca4   0x0000000c   Ven    RO         1291    Veneer$$Code        anon$$obj.o
    0x20001cb0   0x20001cb0   0x0000000c   Ven    RO         1292    Veneer$$Code        anon$$obj.o
    0x20001cbc   0x20001cbc   0x0000000c   Ven    RO         1293    Veneer$$Code        anon$$obj.o
    0x20001cc8   0x20001cc8   0x0000000c   Ven    RO         1294    Veneer$$Code        anon$$obj.o
    0x20001cd4   0x20001cd4   0x0000000c   Ven    RO         1295    Veneer$$Code        anon$$obj.o
    0x20001ce0   0x20001ce0   0x0000000c   Ven    RO         1296    Veneer$$Code        anon$$obj.o
    0x20001cec   0x20001cec   0x0000000c   Ven    RO         1297    Veneer$$Code        anon$$obj.o
    0x20001cf8   0x20001cf8   0x0000000c   Ven    RO         1298    Veneer$$Code        anon$$obj.o
    0x20001d04   0x20001d04   0x0000000c   Ven    RO         1299    Veneer$$Code        anon$$obj.o
    0x20001d10   0x20001d10   0x0000000c   Ven    RO         1300    Veneer$$Code        anon$$obj.o
    0x20001d1c   0x20001d1c   0x0000000c   Ven    RO         1301    Veneer$$Code        anon$$obj.o
    0x20001d28   0x20001d28   0x0000000c   Ven    RO         1302    Veneer$$Code        anon$$obj.o
    0x20001d34   0x20001d34   0x0000000c   Ven    RO         1303    Veneer$$Code        anon$$obj.o
    0x20001d40   0x20001d40   0x0000000c   Ven    RO         1304    Veneer$$Code        anon$$obj.o
    0x20001d4c   0x20001d4c   0x0000000c   Ven    RO         1305    Veneer$$Code        anon$$obj.o
    0x20001d58   0x20001d58   0x0000000c   Ven    RO         1306    Veneer$$Code        anon$$obj.o
    0x20001d64   0x20001d64   0x0000000c   Ven    RO         1307    Veneer$$Code        anon$$obj.o
    0x20001d70   0x20001d70   0x0000000c   Ven    RO         1308    Veneer$$Code        anon$$obj.o
    0x20001d7c   0x20001d7c   0x0000000c   Ven    RO         1309    Veneer$$Code        anon$$obj.o
    0x20001d88   0x20001d88   0x0000000c   Ven    RO         1310    Veneer$$Code        anon$$obj.o
    0x20001d94   0x20001d94   0x0000000c   Ven    RO         1311    Veneer$$Code        anon$$obj.o
    0x20001da0   0x20001da0   0x0000000c   Ven    RO         1312    Veneer$$Code        anon$$obj.o
    0x20001dac   0x20001dac   0x0000000c   Ven    RO         1313    Veneer$$Code        anon$$obj.o
    0x20001db8   0x20001db8   0x0000000c   Ven    RO         1314    Veneer$$Code        anon$$obj.o
    0x20001dc4   0x20001dc4   0x0000000c   Ven    RO         1315    Veneer$$Code        anon$$obj.o
    0x20001dd0   0x20001dd0   0x0000000c   Ven    RO         1316    Veneer$$Code        anon$$obj.o
    0x20001ddc   0x20001ddc   0x0000000c   Ven    RO         1317    Veneer$$Code        anon$$obj.o
    0x20001de8   0x20001de8   0x0000000c   Ven    RO         1318    Veneer$$Code        anon$$obj.o
    0x20001df4   0x20001df4   0x0000000c   Ven    RO         1319    Veneer$$Code        anon$$obj.o
    0x20001e00   0x20001e00   0x0000000c   Ven    RO         1320    Veneer$$Code        anon$$obj.o
    0x20001e0c   0x20001e0c   0x0000000c   Ven    RO         1321    Veneer$$Code        anon$$obj.o
    0x20001e18   0x20001e18   0x0000000c   Ven    RO         1322    Veneer$$Code        anon$$obj.o
    0x20001e24   0x20001e24   0x0000000c   Ven    RO         1323    Veneer$$Code        anon$$obj.o
    0x20001e30   0x20001e30   0x0000000c   Ven    RO         1324    Veneer$$Code        anon$$obj.o
    0x20001e3c   0x20001e3c   0x0000000c   Ven    RO         1325    Veneer$$Code        anon$$obj.o
    0x20001e48   0x20001e48   0x0000000c   Ven    RO         1326    Veneer$$Code        anon$$obj.o
    0x20001e54   0x20001e54   0x0000000c   Ven    RO         1327    Veneer$$Code        anon$$obj.o
    0x20001e60   0x20001e60   0x0000000c   Ven    RO         1328    Veneer$$Code        anon$$obj.o
    0x20001e6c   0x20001e6c   0x0000000c   Ven    RO         1329    Veneer$$Code        anon$$obj.o
    0x20001e78   0x20001e78   0x0000000c   Ven    RO         1330    Veneer$$Code        anon$$obj.o
    0x20001e84   0x20001e84   0x0000000c   Ven    RO         1331    Veneer$$Code        anon$$obj.o
    0x20001e90   0x20001e90   0x0000000c   Ven    RO         1332    Veneer$$Code        anon$$obj.o
    0x20001e9c   0x20001e9c   0x0000000c   Ven    RO         1333    Veneer$$Code        anon$$obj.o
    0x20001ea8   0x20001ea8   0x0000000c   Ven    RO         1334    Veneer$$Code        anon$$obj.o
    0x20001eb4   0x20001eb4   0x0000000c   Ven    RO         1335    Veneer$$Code        anon$$obj.o
    0x20001ec0   0x20001ec0   0x0000000c   Ven    RO         1336    Veneer$$Code        anon$$obj.o
    0x20001ecc   0x20001ecc   0x0000000c   Ven    RO         1337    Veneer$$Code        anon$$obj.o
    0x20001ed8   0x20001ed8   0x0000000c   Ven    RO         1338    Veneer$$Code        anon$$obj.o
    0x20001ee4   0x20001ee4   0x0000000c   Ven    RO         1339    Veneer$$Code        anon$$obj.o
    0x20001ef0   0x20001ef0   0x0000000c   Ven    RO         1340    Veneer$$Code        anon$$obj.o
    0x20001efc   0x20001efc   0x0000000c   Ven    RO         1341    Veneer$$Code        anon$$obj.o
    0x20001f08   0x20001f08   0x0000000c   Ven    RO         1342    Veneer$$Code        anon$$obj.o
    0x20001f14   0x20001f14   0x0000000c   Ven    RO         1343    Veneer$$Code        anon$$obj.o
    0x20001f20   0x20001f20   0x0000001c   Code   RO         1184    i.__ARM_common_switch8  storage.o
    0x20001f3c   0x20001f3c   0x0000000e   Code   RO         1238    i.__scatterload_copy  mc_p.l(handlers.o)
    0x20001f4a   0x20001f4a   0x00000002   Code   RO         1239    i.__scatterload_null  mc_p.l(handlers.o)
    0x20001f4c   0x20001f4c   0x0000000e   Code   RO         1240    i.__scatterload_zeroinit  mc_p.l(handlers.o)
    0x20001f5a   0x20001f5a   0x00000002   PAD
    0x20001f5c   0x20001f5c   0x00000070   Code   RO          832    i._abort_timeout    system_work_q.o
    0x20001fcc   0x20001fcc   0x00000028   Code   RO          726    i._sys_device_do_config_level  device.o
    0x20001ff4   0x20001ff4   0x0000006c   Code   RO          313    i.ad_parse          main.o
    0x20002060   0x20002060   0x000001dc   Code   RO          314    i.app_main          main.o
    0x2000223c   0x2000223c   0x0000001e   Code   RO         1032    i.att_cfm_sent_new  bt_host_patch.o
    0x2000225a   0x2000225a   0x00000002   PAD
    0x2000225c   0x2000225c   0x00000034   Code   RO         1033    i.att_req_sent_new  bt_host_patch.o
    0x20002290   0x20002290   0x0000001e   Code   RO         1034    i.att_rsp_sent_new  bt_host_patch.o
    0x200022ae   0x200022ae   0x00000012   Code   RO         1138    i.bt_addr_le_cmp    storage.o
    0x200022c0   0x200022c0   0x00000012   Code   RO         1139    i.bt_addr_le_copy   storage.o
    0x200022d2   0x200022d2   0x00000002   PAD
    0x200022d4   0x200022d4   0x000000d4   Code   RO          315    i.bt_addr_le_to_str  main.o
    0x200023a8   0x200023a8   0x00000048   Code   RO          894    i.char2hex          bt_host_config_init.o
    0x200023f0   0x200023f0   0x00000010   Code   RO          566    i.compute_checksum  llc_hci.o
    0x20002400   0x20002400   0x00000080   Code   RO          316    i.connected         main.o
    0x20002480   0x20002480   0x00000020   Code   RO          567    i.crc8_compute      llc_hci.o
    0x200024a0   0x200024a0   0x000000fc   Code   RO          317    i.datc_found        main.o
    0x2000259c   0x2000259c   0x000000a8   Code   RO           15    i.debug_uart_init   system.o
    0x20002644   0x20002644   0x00000038   Code   RO           16    i.debug_uart_put_char  system.o
    0x2000267c   0x2000267c   0x00000034   Code   RO          728    i.device_busy_clear_new  device.o
    0x200026b0   0x200026b0   0x00000034   Code   RO          729    i.device_busy_set_new  device.o
    0x200026e4   0x200026e4   0x00000078   Code   RO          318    i.device_found      main.o
    0x2000275c   0x2000275c   0x00000034   Code   RO          730    i.device_get_binding  device.o
    0x20002790   0x20002790   0x00000080   Code   RO          319    i.disconnected      main.o
    0x20002810   0x20002810   0x00000198   Code   RO          320    i.discover_func     main.o
    0x200029a8   0x200029a8   0x00000190   Code   RO         1140    i.find_bt_keys      storage.o
    0x20002b38   0x20002b38   0x00000034   Code   RO          568    i.hci_tx_failure_new  llc_hci.o
    0x20002b6c   0x20002b6c   0x00000064   Code   RO          569    i.hci_vs_read_done_new  llc_hci.o
    0x20002bd0   0x20002bd0   0x00000004   Code   RO          287    i.idle_new          soc_pm.o
    0x20002bd4   0x20002bd4   0x00000018   Code   RO         1037    i.k_delayed_work_submit  bt_host_patch.o
    0x20002bec   0x20002bec   0x00000098   Code   RO         1038    i.le_conn_update_new  bt_host_patch.o
    0x20002c84   0x20002c84   0x00000120   Code   RO          570    i.llcc_rx_cmd_valid_handler_new  llc_hci.o
    0x20002da4   0x20002da4   0x00000008   Code   RO          571    i.llcc_rxcmd_valid_handler_new  llc_hci.o
    0x20002dac   0x20002dac   0x00000008   Code   RO          572    i.llcc_rxdmal_done_handler_new  llc_hci.o
    0x20002db4   0x20002db4   0x0000001a   Code   RO          573    i.llcc_tx_soft_reset_ack_cmd_new  llc_hci.o
    0x20002dce   0x20002dce   0x00000002   PAD
    0x20002dd0   0x20002dd0   0x00000148   Code   RO          574    i.llcc_write_new    llc_hci.o
    0x20002f18   0x20002f18   0x00000030   Code   RO          212    i.main              entry.o
    0x20002f48   0x20002f48   0x0000002c   Code   RO          408    i.msg_buf_get       msg_manager.o
    0x20002f74   0x20002f74   0x00000098   Code   RO          833    i.new_k_delayed_work_cancel  system_work_q.o
    0x2000300c   0x2000300c   0x0000005c   Code   RO          321    i.notify_func       main.o
    0x20003068   0x20003068   0x00000030   Code   RO          410    i.receive_msg       msg_manager.o
    0x20003098   0x20003098   0x00000028   Code   RO          896    i.sc_ccc_cfg_changed  bt_host_config_init.o
    0x200030c0   0x200030c0   0x00000064   Code   RO          411    i.send_msg          msg_manager.o
    0x20003124   0x20003124   0x00000028   Code   RO         1141    i.storage_clear     storage.o
    0x2000314c   0x2000314c   0x00000048   Code   RO         1142    i.storage_init      storage.o
    0x20003194   0x20003194   0x000000e0   Code   RO         1143    i.storage_read      storage.o
    0x20003274   0x20003274   0x000000d4   Code   RO         1144    i.storage_write     storage.o
    0x20003348   0x20003348   0x00000072   Code   RO          898    i.str2bt_addr       bt_host_config_init.o
    0x200033ba   0x200033ba   0x00000002   PAD
    0x200033bc   0x200033bc   0x000000ec   Code   RO          288    i.sys_pm_reboot     soc_pm.o
    0x200034a8   0x200034a8   0x00000006   Code   RO           17    i.sys_read32        system.o
    0x200034ae   0x200034ae   0x0000005c   Code   RO          834    i.sys_slist_find_and_remove  system_work_q.o
    0x2000350a   0x2000350a   0x00000004   Code   RO           18    i.sys_write32       system.o
    0x2000350e   0x2000350e   0x00000004   Code   RO          454    i.sys_write32       board.o
    0x20003512   0x20003512   0x00000004   Code   RO          522    i.sys_write32       uart_acts.o
    0x20003516   0x20003516   0x00000032   Code   RO          523    i.uart_acts_resume_device_from_suspend  uart_acts.o
    0x20003548   0x20003548   0x00000028   Code   RO          524    i.uart_acts_suspend_device  uart_acts.o
    0x20003570   0x20003570   0x00000020   Code   RO          490    i.uart_console_init_new  uart_console.o
    0x20003590   0x20003590   0x0000002c   Code   RO          525    i.uart_device_ctrl  uart_acts.o
    0x200035bc   0x200035bc   0x00000020   Code   RO         1040    i.update_conn_param_new  bt_host_patch.o
    0x200035dc   0x200035dc   0x00000016   Data   RO          323    .constdata          main.o
    0x200035f2   0x200035f2   0x00000002   PAD
    0x200035f4   0x200035f4   0x0000000c   Data   RO          526    .constdata          uart_acts.o
    0x20003600   0x20003600   0x00000100   Data   RO          575    .constdata          llc_hci.o
    0x20003700   0x20003700   0x0000000c   Data   RO         1146    .constdata          storage.o
    0x2000370c   0x2000370c   0x0000000d   Data   RO          906    .conststring        bt_host_config_init.o
    0x20003719   0x20003719   0x00000003   PAD
    0x2000371c   0x2000371c   0x0000002d   Data   RO          415    .conststrlit        msg_manager.o
    0x20003749   0x20003749   0x00000003   PAD
    0x2000374c   0x2000374c   0x00000001   Data   RO          455    .conststrlit        board.o
    0x2000374d   0x2000374d   0x00000003   PAD
    0x20003750   0x20003750   0x00000001   Data   RO          491    .conststrlit        uart_console.o
    0x20003751   0x20003751   0x00000003   PAD
    0x20003754   0x20003754   0x0000000a   Data   RO          507    .conststrlit        sys_clock_init.o
    0x2000375e   0x2000375e   0x00000002   PAD
    0x20003760   0x20003760   0x00000007   Data   RO          527    .conststrlit        uart_acts.o
    0x20003767   0x20003767   0x00000001   PAD
    0x20003768   0x20003768   0x00000001   Data   RO          662    .conststrlit        llcc.o
    0x20003769   0x20003769   0x00000003   PAD
    0x2000376c   0x2000376c   0x00000001   Data   RO          835    .conststrlit        system_work_q.o
    0x2000376d   0x2000376d   0x00000003   PAD
    0x20003770   0x20003770   0x00000059   Data   RO          907    .conststrlit        bt_host_config_init.o
    0x200037c9   0x200037c9   0x00000003   PAD
    0x200037cc   0x200037cc   0x00000001   Data   RO         1147    .conststrlit        storage.o
    0x200037cd   0x200037cd   0x00000003   PAD
    0x200037d0   0x200037d0   0x00000010   Data   RO          458    .init.once.data."..\\..\\..\\..\\boards\\board.c".0  board.o
    0x200037e0   0x200037e0   0x00000010   Data   RO         1236    Region$$Table       anon$$obj.o


    Execution Region RAM_RETENTION (Exec base: 0x200037f0, Load base: 0x200037f0, Size: 0x00000200, Max: 0xffffffff, ABSOLUTE)

    Exec Addr    Load Addr    Size         Type   Attr      Idx    E Section Name        Object

    0x200037f0   0x200037f0   0x00000200   Data   RW          790    .ram_retention_data  kernel_config_init.o


    Execution Region RW_IRAM_DEVICE_PRE_KERNEL_1 (Exec base: 0x200039f0, Load base: 0x200039f0, Size: 0x00000024, Max: 0xffffffff, ABSOLUTE)

    Exec Addr    Load Addr    Size         Type   Attr      Idx    E Section Name        Object

    0x200039f0   0x200039f0   0x0000000c   Data   RW          459    .init_PRE_KERNEL_10  board.o
    0x200039fc   0x200039fc   0x0000000c   Data   RW          530    .init_PRE_KERNEL_150  uart_acts.o
    0x20003a08   0x20003a08   0x0000000c   Data   RW          493    .init_PRE_KERNEL_160  uart_console.o


    Execution Region RW_IRAM_DEVICE_PRE_KERNEL_2 (Exec base: 0x20003a14, Load base: 0x20003a14, Size: 0x0000000c, Max: 0xffffffff, ABSOLUTE)

    Exec Addr    Load Addr    Size         Type   Attr      Idx    E Section Name        Object

    0x20003a14   0x20003a14   0x0000000c   Data   RW          509    .init_PRE_KERNEL_20  sys_clock_init.o


    Execution Region RW_IRAM_DEVICE_POST_KERNEL (Exec base: 0x20003a20, Load base: 0x20003a20, Size: 0x00000030, Max: 0xffffffff, ABSOLUTE)

    Exec Addr    Load Addr    Size         Type   Attr      Idx    E Section Name        Object

    0x20003a20   0x20003a20   0x0000000c   Data   RW          837    .init_POST_KERNEL40  system_work_q.o
    0x20003a2c   0x20003a2c   0x00000018   Data   RW          674    .init_POST_KERNEL50  llcc.o
    0x20003a44   0x20003a44   0x0000000c   Data   RW          910    .init_POST_KERNEL50  bt_host_config_init.o


    Execution Region RW_IRAM_DEVICE_APPLICATION (Exec base: 0x20003a50, Load base: 0x20003a50, Size: 0x0000000c, Max: 0xffffffff, ABSOLUTE)

    Exec Addr    Load Addr    Size         Type   Attr      Idx    E Section Name        Object

    0x20003a50   0x20003a50   0x0000000c   Data   RW         1150    .init_APPLICATION40  storage.o


    Execution Region RW_IRAM_DEVICE_BUSY (Exec base: 0x20003a5c, Load base: 0x20003a5c, Size: 0x00000008, Max: 0xffffffff, ABSOLUTE)

    Exec Addr    Load Addr    Size         Type   Attr      Idx    E Section Name        Object

    0x20003a5c   0x20003a5c   0x00000008   Data   RW          733    .device_BUSY        device.o


    Execution Region RW_IRAM__net_buf_pool_area (Exec base: 0x20003a64, Load base: 0x20003a64, Size: 0x00000140, Max: 0xffffffff, ABSOLUTE)

    Exec Addr    Load Addr    Size         Type   Attr      Idx    E Section Name        Object

    0x20003a64   0x20003a64   0x00000028   Data   RW          899    ._net_buf_pool.static.acl_tx_pool  bt_host_config_init.o
    0x20003a8c   0x20003a8c   0x00000028   Data   RW          900    ._net_buf_pool.static.hci_cmd_pool  bt_host_config_init.o
    0x20003ab4   0x20003ab4   0x00000028   Data   RW          901    ._net_buf_pool.static.hci_rx_pool_0  bt_host_config_init.o
    0x20003adc   0x20003adc   0x00000028   Data   RW          902    ._net_buf_pool.static.hci_rx_pool_2  bt_host_config_init.o
    0x20003b04   0x20003b04   0x00000028   Data   RW          903    ._net_buf_pool.static.hci_rx_pool_3  bt_host_config_init.o
    0x20003b2c   0x20003b2c   0x00000028   Data   RW          413    ._net_buf_pool.static.msg_buffer_pool_async  msg_manager.o
    0x20003b54   0x20003b54   0x00000028   Data   RW          414    ._net_buf_pool.static.msg_buffer_pool_sync  msg_manager.o
    0x20003b7c   0x20003b7c   0x00000028   Data   RW          904    ._net_buf_pool.static.prep_pool  bt_host_config_init.o


    Execution Region RW_IRAM__mem_pool_area (Exec base: 0x20003ba4, Load base: 0x20003ba4, Size: 0x00000000, Max: 0xffffffff, ABSOLUTE)

    **** No section assigned to this execution region ****


    Execution Region RW_IRAM_SHELL_CMD_START (Exec base: 0x20003ba4, Load base: 0x20003ba4, Size: 0x00000000, Max: 0xffffffff, ABSOLUTE)

    **** No section assigned to this execution region ****


    Execution Region RW_IRAM_PATCH_HW_FUNC (Exec base: 0x20003ba4, Load base: 0x20003ba4, Size: 0x00000040, Max: 0x00000060, ABSOLUTE)

    Exec Addr    Load Addr    Size         Type   Attr      Idx    E Section Name        Object

    0x20003ba4   0x20003ba4   0x00000008   Data   RW          289    .patch_hw_func      soc_pm.o
    0x20003bac   0x20003bac   0x00000008   Data   RW          577    .patch_hw_func      llc_hci.o
    0x20003bb4   0x20003bb4   0x00000010   Data   RW          734    .patch_hw_func      device.o
    0x20003bc4   0x20003bc4   0x00000008   Data   RW          838    .patch_hw_func      system_work_q.o
    0x20003bcc   0x20003bcc   0x00000018   Data   RW         1043    .patch_hw_func      bt_host_patch.o


    Execution Region RW_IRAM_PATCH_HW_CODE (Exec base: 0x20003be4, Load base: 0x20003be4, Size: 0x00000050, Max: 0x00000060, ABSOLUTE)

    Exec Addr    Load Addr    Size         Type   Attr      Idx    E Section Name        Object

    0x20003be4   0x20003be4   0x00000038   Data   RW          576    .patch_hw_code      llc_hci.o
    0x20003c1c   0x20003c1c   0x00000018   Data   RW         1042    .patch_hw_code      bt_host_patch.o


    Execution Region RW_IRAM2 (Exec base: 0x20003c34, Load base: 0x20003c34, Size: 0x00001d74, Max: 0xffffffff, ABSOLUTE)

    Exec Addr    Load Addr    Size         Type   Attr      Idx    E Section Name        Object

    0x20003c34   0x20003c34   0x00000010   Data   RW          412    ._k_queue.static.msg_queue  msg_manager.o
    0x20003c44   0x20003c44   0x00000014   Data   RW          785    ._k_stack.static.async_msg_free  kernel_config_init.o
    0x20003c58   0x20003c58   0x00000068   Data   RW          324    .data               main.o
    0x20003cc0   0x20003cc0   0x00000002   Data   RW          456    .data               board.o
    0x20003cc2   0x20003cc2   0x00000002   PAD
    0x20003cc4   0x20003cc4   0x00000018   Data   RW          528    .data               uart_acts.o
    0x20003cdc   0x20003cdc   0x00000014   Data   RW          732    .data               device.o
    0x20003cf0   0x20003cf0   0x000000dc   Data   RW          908    .data               bt_host_config_init.o
    0x20003dcc   0x20003dcc   0x00000005   Data   RW         1041    .data               bt_host_patch.o
    0x20003dd1   0x20003dd1   0x00000003   PAD
    0x20003dd4   0x20003dd4   0x0000000c   Data   RW         1148    .data               storage.o
    0x20003de0   0x20003de0   0x00000010   Data   RW          457    .devconfig.init     board.o
    0x20003df0   0x20003df0   0x00000010   Data   RW          492    .devconfig.init     uart_console.o
    0x20003e00   0x20003e00   0x00000010   Data   RW          508    .devconfig.init     sys_clock_init.o
    0x20003e10   0x20003e10   0x00000010   Data   RW          529    .devconfig.init     uart_acts.o
    0x20003e20   0x20003e20   0x00000020   Data   RW          663    .devconfig.init     llcc.o
    0x20003e40   0x20003e40   0x00000010   Data   RW          836    .devconfig.init     system_work_q.o
    0x20003e50   0x20003e50   0x00000010   Data   RW          909    .devconfig.init     bt_host_config_init.o
    0x20003e60   0x20003e60   0x00000010   Data   RW         1149    .devconfig.init     storage.o
    0x20003e70   0x20003e70   0x00000028   Data   RW          664    .init.once.data."..\\..\\..\\..\\drivers\\bluetooth\\hci\\llcc.c".10  llcc.o
    0x20003e98   0x20003e98   0x00000010   Data   RW          665    .init.once.data."..\\..\\..\\..\\drivers\\bluetooth\\hci\\llcc.c".11  llcc.o
    0x20003ea8   0x20003ea8   0x00000048   Data   RW          666    .init.once.data."..\\..\\..\\..\\drivers\\bluetooth\\hci\\llcc.c".12  llcc.o
    0x20003ef0   0x20003ef0   0x00000030   Data   RW          667    .init.once.data."..\\..\\..\\..\\drivers\\bluetooth\\hci\\llcc.c".13  llcc.o
    0x20003f20   0x20003f20   0x00000020   Data   RW          668    .init.once.data."..\\..\\..\\..\\drivers\\bluetooth\\hci\\llcc.c".4  llcc.o
    0x20003f40   0x20003f40   0x00000008   Data   RW          669    .init.once.data."..\\..\\..\\..\\drivers\\bluetooth\\hci\\llcc.c".5  llcc.o
    0x20003f48   0x20003f48   0x00000002   Data   RW          670    .init.once.data."..\\..\\..\\..\\drivers\\bluetooth\\hci\\llcc.c".6  llcc.o
    0x20003f4a   0x20003f4a   0x00000001   Data   RW          671    .init.once.data."..\\..\\..\\..\\drivers\\bluetooth\\hci\\llcc.c".7  llcc.o
    0x20003f4b   0x20003f4b   0x00000001   PAD
    0x20003f4c   0x20003f4c   0x00000020   Data   RW          672    .init.once.data."..\\..\\..\\..\\drivers\\bluetooth\\hci\\llcc.c".8  llcc.o
    0x20003f6c   0x20003f6c   0x00000018   Data   RW          673    .init.once.data."..\\..\\..\\..\\drivers\\bluetooth\\hci\\llcc.c".9  llcc.o
    0x20003f84   0x20003f84   0x00000120   Data   RW          416    .noinit."..\\..\\..\\..\\ext\\lib\\actions\\framework\\msg_manager.c".0  msg_manager.o
    0x200040a4   0x200040a4   0x00000120   Data   RW          417    .noinit."..\\..\\..\\..\\ext\\lib\\actions\\framework\\msg_manager.c".1  msg_manager.o
    0x200041c4   0x200041c4   0x00000004   PAD
    0x200041c8   0x200041c8   0x00000400   Data   RW          786    .noinit."..\\..\\..\\..\\kernel\\kernel_config_init.c".0  kernel_config_init.o
    0x200045c8   0x200045c8   0x00000400   Data   RW          787    .noinit."..\\..\\..\\..\\kernel\\kernel_config_init.c".1  kernel_config_init.o
    0x200049c8   0x200049c8   0x00000348   Data   RW          788    .noinit."..\\..\\..\\..\\kernel\\kernel_config_init.c".2  kernel_config_init.o
    0x20004d10   0x20004d10   0x00000028   Data   RW          789    .noinit."..\\..\\..\\..\\kernel\\kernel_config_init.c".3  kernel_config_init.o
    0x20004d38   0x20004d38   0x000000d0   Data   RW          911    .noinit."..\\..\\..\\..\\subsys\\bluetooth\\host\\bt_host_config_init.c".0  bt_host_config_init.o
    0x20004e08   0x20004e08   0x0000012c   Data   RW          912    .noinit."..\\..\\..\\..\\subsys\\bluetooth\\host\\bt_host_config_init.c".1  bt_host_config_init.o
    0x20004f34   0x20004f34   0x00000108   Data   RW          913    .noinit."..\\..\\..\\..\\subsys\\bluetooth\\host\\bt_host_config_init.c".2  bt_host_config_init.o
    0x2000503c   0x2000503c   0x000000a8   Data   RW          914    .noinit."..\\..\\..\\..\\subsys\\bluetooth\\host\\bt_host_config_init.c".3  bt_host_config_init.o
    0x200050e4   0x200050e4   0x00000190   Data   RW          915    .noinit."..\\..\\..\\..\\subsys\\bluetooth\\host\\bt_host_config_init.c".4  bt_host_config_init.o
    0x20005274   0x20005274   0x00000001   Data   RW          916    .noinit."..\\..\\..\\..\\subsys\\bluetooth\\host\\bt_host_config_init.c".5  bt_host_config_init.o
    0x20005275   0x20005275   0x00000003   PAD
    0x20005278   0x20005278   0x0000022c   Data   RW          917    .noinit."..\\..\\..\\..\\subsys\\bluetooth\\host\\bt_host_config_init.c".6  bt_host_config_init.o
    0x200054a4   0x200054a4   0x00000004   PAD
    0x200054a8   0x200054a8   0x00000500   Data   RW          918    .noinit."..\\..\\..\\..\\subsys\\bluetooth\\host\\bt_host_config_init.c".7  bt_host_config_init.o


    Execution Region RW_IRAM3 (Exec base: 0x200059a8, Load base: 0x200059a8, Size: 0x00001490, Max: 0xffffffff, ABSOLUTE)

    Exec Addr    Load Addr    Size         Type   Attr      Idx    E Section Name        Object

    0x200059a8        -       0x00000100   Zero   RW          213    .bss                entry.o
    0x20005aa8        -       0x0000005c   Zero   RW          322    .bss                main.o
    0x20005b04        -       0x00000068   Zero   RW          661    .bss                llcc.o
    0x20005b6c   0x200059a8   0x00000004   PAD
    0x20005b70        -       0x00001198   Zero   RW          905    .bss                bt_host_config_init.o
    0x20006d08        -       0x00000130   Zero   RW         1145    .bss                storage.o


    Execution Region RW_STACK (Exec base: 0x20006e38, Load base: 0x200059a8, Size: 0x00000280, Max: 0xffffffff, ABSOLUTE, UNINIT)

    Exec Addr    Load Addr    Size         Type   Attr      Idx    E Section Name        Object

    0x20006e38        -       0x00000280   Zero   RW            1    STACK               startup.o


==============================================================================

Image component sizes


      Code (inc. data)   RO Data    RW Data    ZI Data      Debug   Object Name

       174         24         17         30          0       4069   board.o
       854        128        102       3665       4504      43437   bt_host_config_init.o
       320         28          0         53          0      34866   bt_host_patch.o
       196         28          0         44          0       7450   device.o
        48         20          0          0        256       4786   entry.o
       180         56          0       3460          0       1991   kernel_config_init.o
       858         88        256         64          0      32699   llc_hci.o
       854        248          1        331        104      11223   llcc.o
      1924        802         22        104         92      79879   main.o
       192         54         45        672          0       3382   msg_manager.o
       274         92          0          0          0       2971   soc_patch.o
       240        128          0          8          0       4391   soc_pm.o
       144         44        224          0        640       1260   startup.o
      1012        118         13         40        304      48511   storage.o
         0          0         10         28          0        308   sys_clock_init.o
       254         28          0          0          0      36524   system.o
       356          6          1         36          0      29971   system_work_q.o
       186         12         19         52          0       7414   uart_acts.o
        32         14          1         28          0        884   uart_console.o

    ----------------------------------------------------------------------
      9308       2318        756       8632       5904     356016   Object Totals
      1200        400         16          0          0          0   (incl. Generated)
        10          0         29         17          4          0   (incl. Padding)

    ----------------------------------------------------------------------

      Code (inc. data)   RO Data    RW Data    ZI Data      Debug   Library Member Name

         0          0          0          0          0          0   entry.o
         0          0          0          0          0          0   entry10a.o
         0          0          0          0          0          0   entry11a.o
         8          4          0          0          0          0   entry2.o
         4          0          0          0          0          0   entry5.o
         0          0          0          0          0          0   entry7b.o
         0          0          0          0          0          0   entry8b.o
         8          4          0          0          0          0   entry9a.o
        30          0          0          0          0          0   handlers.o
        36          8          0          0          0         68   init.o
        36          0          0          0          0         60   memcpya.o
        36          0          0          0          0        100   memseta.o

    ----------------------------------------------------------------------
       160         16          0          0          0        228   Library Totals
         2          0          0          0          0          0   (incl. Padding)

    ----------------------------------------------------------------------

      Code (inc. data)   RO Data    RW Data    ZI Data      Debug   Library Name

       158         16          0          0          0        228   mc_p.l

    ----------------------------------------------------------------------
       160         16          0          0          0        228   Library Totals

    ----------------------------------------------------------------------

==============================================================================


      Code (inc. data)   RO Data    RW Data    ZI Data      Debug   

      9468       2334        756       8632       5904     353220   Grand Totals
      9468       2334        756       8632       5904     353220   ELF Image Totals
      9468       2334        756       8632          0          0   ROM Totals

==============================================================================

    Total RO  Size (Code + RO Data)                10224 (   9.98kB)
    Total RW  Size (RW Data + ZI Data)             14536 (  14.20kB)
    Total ROM Size (Code + RO Data + RW Data)      18856 (  18.41kB)

==============================================================================

