<html>
<body>
<pre>
<h1>礦ision Build Log</h1>
<h2>Tool Versions:</h2>
IDE-Version: μVision V5.24.2.0
Copyright (C) 2017 ARM Ltd and ARM Germany GmbH. All rights reserved.
License Information: le Microsoft, Microsoft, LIC=KIVNN-YN1ZZ-RF1IZ-JI36U-KYDSX-M1VUE
 
Tool Versions:
Toolchain:       MDK-ARM Professional  Version: 5.24.1
Toolchain Path:  F:\Keil_v5\ARM\ARMCC\Bin
C Compiler:      Armcc.exe V5.06 update 5 (build 528)
Assembler:       Armasm.exe V5.06 update 5 (build 528)
Linker/Locator:  ArmLink.exe V5.06 update 5 (build 528)
Library Manager: ArmAr.exe V5.06 update 5 (build 528)
Hex Converter:   FromElf.exe V5.06 update 5 (build 528)
CPU DLL:         SARMCM3.DLL V5.24.1
Dialog DLL:      DARMCM1.DLL V1.18.0.0
Target DLL:      CMSIS_AGDI.dll V1.28.3.0
Dialog DLL:      TARMCM1.DLL V1.13.0.0
 
<h2>Project:</h2>
I:\BLE\CubieBLE1\CubieBLE1-v2\samples\voice_rcu_non_hid\keil5\peripheral_rmc\rmc.uvprojx
Project File Date:  04/27/2019

<h2>Output:</h2>
*** Using Compiler 'V5.06 update 5 (build 528)', folder: 'F:\Keil_v5\ARM\ARMCC\Bin'
Rebuild target 'spi_xip'
assembling startup.s...
compiling system.c...
compiling entry.c...
compiling soc_pm.c...
compiling soc_patch.c...
compiling main.c...
compiling system_app_input.c...
compiling system_app_ble.c...
compiling system_app_sm.c...
compiling system_app_timer.c...
compiling system_app_led.c...
compiling system_app_batt.c...
compiling version.c...
compiling system_app_audio.c...
..\..\src\peripheral_rmc\system_app_audio.c(275): warning:  #223-D: function "ASC_III_Decoder" declared implicitly
  			out_len = ASC_III_Decoder(p_in_buffer, p_out_buffer, Bitstreamlen);
..\..\src\peripheral_rmc\system_app_audio.c(281): warning:  #167-D: argument of type "u8_t *" is incompatible with parameter of type "u16_t *"
  		convert_mono_to_stereo(p_out_data, p_out, p_out_len);
..\..\src\peripheral_rmc\system_app_audio.c(292): warning:  #223-D: function "ASC_III_Decoder_Init" declared implicitly
  	Bitstreamlen = ASC_III_Decoder_Init(8000, 16, 1, 32000);
..\..\src\peripheral_rmc\system_app_audio.c(298): warning:  #167-D: argument of type "u16_t *" is incompatible with parameter of type "u8_t *"
  	send_pcm_to_i2s(dma_pcm_buf, 
CM_BUF_LEN);
..\..\src\peripheral_rmc\system_app_audio.c: 4 warnings, 0 errors
compiling system_app_storage.c...
compiling input_manager.c...
compiling led_manager.c...
compiling msg_manager.c...
compiling ota_profile.c...
compiling bas.c...
compiling dis.c...
compiling wp.c...
compiling key_hal.c...
compiling irc_hal.c...
compiling irc_protocol.c...
compiling adckey_hal.c...
compiling led_hal.c...
compiling audioin_hal.c...
compiling audio_out_hal.c...
compiling bt_host_patch.c...
compiling storage.c...
compiling uart_console.c...
compiling board.c...
compiling bt_host_config_init.c...
compiling sys_clock_init.c...
compiling uart_acts.c...
compiling llcc.c...
compiling dma_acts.c...
compiling llc_hci.c...
compiling xspi_nor_acts.c...
compiling adc_acts.c...
compiling nvram_config.c...
compiling gpio_acts.c...
compiling timer_acts.c...
compiling pwm_acts.c...
compiling irc_acts.c...
compiling wdg_acts.c...
compiling mxkeypad_acts.c...
compiling adckey_acts.c...
..\..\..\..\include\misc/byteorder.h(296): warning:  #1254-D: arithmetic on pointer to void or function type
  	src += length - 1;
..\..\..\..\include\misc/byteorder.h(299): warning:  #1254-D: arithmetic on pointer to void or function type
  		*((u8_t *)dst++) = *((u8_t *)src--);
..\..\..\..\include\misc/byteorder.h(299): warning:  #1254-D: arithmetic on pointer to void or function type
  		*((u8_t *)dst++) = *((u8_t *)src--);
..\..\src\peripheral_rmc\drivers\adckey_acts.c: 3 warnings, 0 errors
compiling spicache.c...
compiling audio_in_acts.c...
compiling sw_irc_acts.c...
compiling audio_out_acts.c...
compiling device.c...
compiling system_work_q.c...
compiling kernel_config_init.c...
compiling ota_ft.c...
compiling ota_dc.c...
compiling ota.c...
compiling ota_storage.c...
compiling shell.c...
compiling kernel_service.c...
compiling shell_service.c...
linking...
.\link_xip.sct(53): warning: L6314W: No section matches pattern *.o(._k_mem_pool.static.*).
Program Size: Code=25084 RO-data=2068 RW-data=17640 ZI-data=6152  
Finished: 0 information, 1 warning and 0 error messages.
After Build - User command #1: .\AfterBuild.bat
I:\BLE\CubieBLE1\CubieBLE1-v2\samples\voice_rcu_non_hid\keil5\peripheral_rmc>F:\Keil_v5\ARM\ARMCC\bin\fromelf --bin --output=./outdir/rcu.bin  ./outdir/rcu.axf 
I:\BLE\CubieBLE1\CubieBLE1-v2\samples\voice_rcu_non_hid\keil5\peripheral_rmc>F:\Keil_v5\ARM\ARMCC\bin\fromelf -c ./outdir/rcu.axf -o ./outdir/rcu.txt 
I:\BLE\CubieBLE1\CubieBLE1-v2\samples\voice_rcu_non_hid\keil5\peripheral_rmc>mkdir ..\..\outdir\bin\ 
子目录或文件 ..\..\outdir\bin\ 已经存在。
I:\BLE\CubieBLE1\CubieBLE1-v2\samples\voice_rcu_non_hid\keil5\peripheral_rmc>copy .\outdir\rcu.bin ..\..\outdir\ 
已复制         1 个文件。
".\outdir\rcu.axf" - 0 Error(s), 8 Warning(s).

<h2>Software Packages used:</h2>

Package Vendor: ARM
                http://www.keil.com/pack/ARM.CMSIS.4.2.0.pack
                ARM.CMSIS.4.2.0
                CMSIS (Cortex Microcontroller Software Interface Standard)

<h2>Collection of Component include folders:</h2>
  .\RTE\_spi_xip
  C:\Keil_v5\ARM\PACK\ARM\CMSIS\4.2.0\Device\ARM\ARMCM0\Include

<h2>Collection of Component Files used:</h2>
Build Time Elapsed:  00:00:04
</pre>
</body>
</html>
