Component: ARM Compiler 5.06 update 5 (build 528) Tool: armlink [4d35e2]

==============================================================================

Section Cross References

    startup.o(RESET) refers to startup.o(STACK) for __initial_sp
    startup.o(RESET) refers to startup.o(.text) for Reset_Handler
    startup.o(.asm_patch) refers (Weak) to llc_hci.o(i.compute_checksum) for compute_checksum
    startup.o(.asm_patch) refers (Weak) to llc_hci.o(i.compute_checksum) for compute_checksum
    startup.o(.text) refers to memseta.o(.text) for __aeabi_memset
    startup.o(.text) refers to startup.o(STACK) for _interrupt_stack
    startup.o(.text) refers to system.o(.init.once.text."..\\..\\..\\..\\ext\\lib\\actions\\startup\\system.c".0) for SystemInit
    startup.o(.text) refers to entry.o(.ARM.Collect$$$$00000000) for __main
    system.o(.init.once.text."..\\..\\..\\..\\ext\\lib\\actions\\startup\\system.c".0) refers to system.o(i.sys_write32) for sys_write32
    system.o(.init.once.text."..\\..\\..\\..\\ext\\lib\\actions\\startup\\system.c".0) refers to system.o(i.debug_uart_init) for debug_uart_init
    system.o(i.debug_uart_init) refers to system.o(i.sys_read32) for sys_read32
    system.o(i.debug_uart_init) refers to system.o(i.sys_write32) for sys_write32
    system.o(i.debug_uart_put_char) refers to system.o(i.sys_write32) for sys_write32
    system.o(i.debug_uart_put_char) refers to system.o(i.sys_read32) for sys_read32
    entry.o(i.main) refers to system.o(i.debug_uart_put_char) for debug_uart_put_char
    entry.o(i.main) refers to kernel_config_init.o(.init.once.text."..\\..\\..\\..\\kernel\\kernel_config_init.c".4) for kernel_config_init
    entry.o(i.main) refers to device.o(i.device_get_binding) for device_get_binding
    entry.o(i.main) refers to device.o(i._sys_device_do_config_level) for _sys_device_do_config_level
    entry.o(i.main) refers to main.o(i.app_main) for app_main
    entry.o(i.main) refers to entry.o(.bss) for _sw_isr_table
    soc_pm.o(i.sys_pm_reboot) refers to device.o(i.device_get_binding) for device_get_binding
    soc_pm.o(i.sys_pm_reboot) refers to startup.o(.text) for _arch_irq_lock_s
    soc_pm.o(.patch_hw_func) refers to soc_pm.o(i.idle_new) for idle_new
    main.o(.init.once.text."..\\src\\main.c".0) refers to main.o(.data) for bt_ready_flag
    main.o(.init.once.text."..\\src\\main.c".0) refers to main.o(.constdata) for <Data15>
    main.o(i.app_main) refers to main.o(i.wp_rx_notify) for wp_rx_notify
    main.o(i.app_main) refers to main.o(.data) for datsUpdateCfg
    main.o(i.app_main) refers to main.o(.init.once.text."..\\src\\main.c".0) for bt_ready
    main.o(i.app_main) refers to main.o(.bss) for wp_rx_ccc_cfg
    main.o(i.auth_cancel) refers to main.o(i.bt_addr_le_to_str) for bt_addr_le_to_str
    main.o(i.auth_passkey_display) refers to main.o(i.bt_addr_le_to_str) for bt_addr_le_to_str
    main.o(i.connected) refers to main.o(.data) for datsSecCfg
    main.o(i.security_changed) refers to main.o(i.bt_addr_le_to_str) for bt_addr_le_to_str
    main.o(i.wp_ctrl_ccc_cfg_changed) refers to main.o(.data) for ctrl_wp
    main.o(i.wp_rx_ccc_cfg_changed) refers to main.o(.data) for rx_wp
    main.o(i.wp_rx_notify) refers to main.o(.data) for rx_wp
    main.o(i.wp_rx_notify) refers to main.o(.bss) for rx
    main.o(i.write_wp_ctrl) refers to memcpya.o(.text) for __aeabi_memcpy
    main.o(i.write_wp_tx) refers to memcpya.o(.text) for __aeabi_memcpy
    main.o(i.write_wp_tx) refers to main.o(.data) for RxCount
    main.o(.constdata) refers to main.o(.data) for <Data12>
    main.o(.constdata) refers to main.o(.conststring) for .conststring
    main.o(.data) refers to main.o(.bss) for wp_rx_ccc_cfg
    main.o(.data) refers to main.o(i.wp_rx_ccc_cfg_changed) for wp_rx_ccc_cfg_changed
    main.o(.data) refers to main.o(.constdata) for wp_ctrl_uuid
    main.o(.data) refers to main.o(i.wp_ctrl_ccc_cfg_changed) for wp_ctrl_ccc_cfg_changed
    main.o(.data) refers to main.o(i.write_wp_tx) for write_wp_tx
    main.o(.data) refers to main.o(i.write_wp_ctrl) for write_wp_ctrl
    main.o(.data) refers to main.o(i.connected) for connected
    main.o(.data) refers to main.o(i.disconnected) for disconnected
    main.o(.data) refers to main.o(i.le_param_updated) for le_param_updated
    main.o(.data) refers to main.o(i.security_changed) for security_changed
    main.o(.data) refers to main.o(i.auth_passkey_display) for auth_passkey_display
    main.o(.data) refers to main.o(i.auth_cancel) for auth_cancel
    board.o(.init.once.text."..\\..\\..\\..\\boards\\board.c".2) refers to board.o(.init.once.text."..\\..\\..\\..\\boards\\board.c".1) for set_ic_feature
    board.o(.init.once.text."..\\..\\..\\..\\boards\\board.c".2) refers to board.o(i.sys_write32) for sys_write32
    board.o(.init.once.text."..\\..\\..\\..\\boards\\board.c".2) refers to soc_patch.o(.init.once.text."..\\..\\..\\..\\arch\\soc\\atb110x\\soc_patch.c".0) for patch_hw_func
[...]
    acts_clock_peripheral_disable            0x000222cd   Thumb Code     0  rom_zephyr_symdefs.txt ABSOLUTE
    acts_request_rc_3M                       0x000222f1   Thumb Code     0  rom_zephyr_symdefs.txt ABSOLUTE
    acts_request_pclk_gating                 0x00022351   Thumb Code     0  rom_zephyr_symdefs.txt ABSOLUTE
    acts_efuse_read_val                      0x00022379   Thumb Code     0  rom_zephyr_symdefs.txt ABSOLUTE
    acts_set_vd12_before_efuse_read          0x000223d9   Thumb Code     0  rom_zephyr_symdefs.txt ABSOLUTE
    acts_set_vd12_after_efuse_read           0x000223ef   Thumb Code     0  rom_zephyr_symdefs.txt ABSOLUTE
    acts_efuse_read                          0x00022405   Thumb Code     0  rom_zephyr_symdefs.txt ABSOLUTE
    acts_set_hcl_32k                         0x00022429   Thumb Code     0  rom_zephyr_symdefs.txt ABSOLUTE
    acts_set_xtal_32k                        0x000224a9   Thumb Code     0  rom_zephyr_symdefs.txt ABSOLUTE
    acts_wait_xtal_32k_on                    0x000224c1   Thumb Code     0  rom_zephyr_symdefs.txt ABSOLUTE
    _ExcExit                                 0x00022501   Thumb Code     0  rom_zephyr_symdefs.txt ABSOLUTE
    _IntExit                                 0x00022501   Thumb Code     0  rom_zephyr_symdefs.txt ABSOLUTE
    _IntLibInit                              0x00022531   Thumb Code     0  rom_zephyr_symdefs.txt ABSOLUTE
    __pendsv                                 0x00022561   Thumb Code     0  rom_zephyr_symdefs.txt ABSOLUTE
    __svc                                    0x000225bd   Thumb Code     0  rom_zephyr_symdefs.txt ABSOLUTE
    __swap                                   0x000225e5   Thumb Code     0  rom_zephyr_symdefs.txt ABSOLUTE
    dump_stack_data                          0x0002260d   Thumb Code     0  rom_zephyr_symdefs.txt ABSOLUTE
    _Fault                                   0x00022669   Thumb Code     0  rom_zephyr_symdefs.txt ABSOLUTE
    _FaultInit                               0x000226d1   Thumb Code     0  rom_zephyr_symdefs.txt ABSOLUTE
    _arch_irq_enable                         0x000226d5   Thumb Code     0  rom_zephyr_symdefs.txt ABSOLUTE
    _arch_irq_disable                        0x000226e9   Thumb Code     0  rom_zephyr_symdefs.txt ABSOLUTE
    _arch_irq_is_enabled                     0x000226fd   Thumb Code     0  rom_zephyr_symdefs.txt ABSOLUTE
    _irq_priority_set                        0x00022719   Thumb Code     0  rom_zephyr_symdefs.txt ABSOLUTE
    _irq_spurious                            0x0002277d   Thumb Code     0  rom_zephyr_symdefs.txt ABSOLUTE
    _arch_isr_direct_pm                      0x00022785   Thumb Code     0  rom_zephyr_symdefs.txt ABSOLUTE
    _new_thread                              0x000227a9   Thumb Code     0  rom_zephyr_symdefs.txt ABSOLUTE
    _CpuIdleInit                             0x00022801   Thumb Code     0  rom_zephyr_symdefs.txt ABSOLUTE
    _NanoIdleValGet                          0x0002280d   Thumb Code     0  rom_zephyr_symdefs.txt ABSOLUTE
    _NanoIdleValClear                        0x00022819   Thumb Code     0  rom_zephyr_symdefs.txt ABSOLUTE
    k_cpu_idle                               0x00022825   Thumb Code     0  rom_zephyr_symdefs.txt ABSOLUTE
    k_cpu_atomic_idle                        0x0002282d   Thumb Code     0  rom_zephyr_symdefs.txt ABSOLUTE
    __hard_fault                             0x00022839   Thumb Code     0  rom_zephyr_symdefs.txt ABSOLUTE
    __reserved                               0x00022839   Thumb Code     0  rom_zephyr_symdefs.txt ABSOLUTE
    _NanoFatalErrorHandler                   0x00022855   Thumb Code     0  rom_zephyr_symdefs.txt ABSOLUTE
    _do_kernel_oops                          0x000228b9   Thumb Code     0  rom_zephyr_symdefs.txt ABSOLUTE
    _SysFatalErrorHandler                    0x000228c5   Thumb Code     0  rom_zephyr_symdefs.txt ABSOLUTE
    k_thread_abort                           0x00022919   Thumb Code     0  rom_zephyr_symdefs.txt ABSOLUTE
    _isr_wrapper                             0x0002295d   Thumb Code     0  rom_zephyr_symdefs.txt ABSOLUTE
    __reset                                  0x00022995   Thumb Code     0  rom_zephyr_symdefs.txt ABSOLUTE
    __start                                  0x00022995   Thumb Code     0  rom_zephyr_symdefs.txt ABSOLUTE
    _SysNmiOnReset                           0x00022999   Thumb Code     0  rom_zephyr_symdefs.txt ABSOLUTE
    register_sw_isr_table                    0x0002299d   Thumb Code     0  rom_zephyr_symdefs.txt ABSOLUTE
    _PrepC                                   0x000229b9   Thumb Code     0  rom_zephyr_symdefs.txt ABSOLUTE
    sys_arch_reboot                          0x000229f1   Thumb Code     0  rom_zephyr_symdefs.txt ABSOLUTE
    __nmi                                    0x00022a0d   Thumb Code     0  rom_zephyr_symdefs.txt ABSOLUTE
    sys_exc_esf_dump                         0x00022a19   Thumb Code     0  rom_zephyr_symdefs.txt ABSOLUTE
    atomic_cas                               0x00022a81   Thumb Code     0  rom_zephyr_symdefs.txt ABSOLUTE
    atomic_add                               0x00022a9f   Thumb Code     0  rom_zephyr_symdefs.txt ABSOLUTE
    atomic_sub                               0x00022ab5   Thumb Code     0  rom_zephyr_symdefs.txt ABSOLUTE
    atomic_inc                               0x00022acb   Thumb Code     0  rom_zephyr_symdefs.txt ABSOLUTE
    atomic_dec                               0x00022ae1   Thumb Code     0  rom_zephyr_symdefs.txt ABSOLUTE
    atomic_get                               0x00022af7   Thumb Code     0  rom_zephyr_symdefs.txt ABSOLUTE
    atomic_set                               0x00022afb   Thumb Code     0  rom_zephyr_symdefs.txt ABSOLUTE
    atomic_clear                             0x00022b0f   Thumb Code     0  rom_zephyr_symdefs.txt ABSOLUTE
    atomic_or                                0x00022b25   Thumb Code     0  rom_zephyr_symdefs.txt ABSOLUTE
    atomic_xor                               0x00022b3b   Thumb Code     0  rom_zephyr_symdefs.txt ABSOLUTE
    atomic_and                               0x00022b51   Thumb Code     0  rom_zephyr_symdefs.txt ABSOLUTE
    atomic_nand                              0x00022b67   Thumb Code     0  rom_zephyr_symdefs.txt ABSOLUTE
    k_poll_event_init                        0x00022ced   Thumb Code     0  rom_zephyr_symdefs.txt ABSOLUTE
    k_poll                                   0x00022d1d   Thumb Code     0  rom_zephyr_symdefs.txt ABSOLUTE
    _handle_obj_poll_events                  0x00022e49   Thumb Code     0  rom_zephyr_symdefs.txt ABSOLUTE
    k_poll_signal_init                       0x00022e6f   Thumb Code     0  rom_zephyr_symdefs.txt ABSOLUTE
    k_poll_signal                            0x00022e79   Thumb Code     0  rom_zephyr_symdefs.txt ABSOLUTE
    _timer_expiration_handler                0x00022fa1   Thumb Code     0  rom_zephyr_symdefs.txt ABSOLUTE
    k_timer_init                             0x00022ffd   Thumb Code     0  rom_zephyr_symdefs.txt ABSOLUTE
    k_timer_start                            0x00023025   Thumb Code     0  rom_zephyr_symdefs.txt ABSOLUTE
    k_timer_stop                             0x00023071   Thumb Code     0  rom_zephyr_symdefs.txt ABSOLUTE
    k_timer_status_get                       0x000230f9   Thumb Code     0  rom_zephyr_symdefs.txt ABSOLUTE
    k_timer_status_sync                      0x0002310f   Thumb Code     0  rom_zephyr_symdefs.txt ABSOLUTE
    _timeout_remaining_get                   0x00023151   Thumb Code     0  rom_zephyr_symdefs.txt ABSOLUTE
    _OffsetAbsSyms                           0x000231a9   Thumb Code     0  rom_zephyr_symdefs.txt ABSOLUTE
    _idle_thread                             0x00026b70   Data           0  rom_zephyr_symdefs.txt ABSOLUTE
    _main_thread                             0x00026b74   Data           0  rom_zephyr_symdefs.txt ABSOLUTE
    _k_neg_eagain                            0x00026b78   Data           0  rom_zephyr_symdefs.txt ABSOLUTE
    uart_acts_driver_api                     0x00026b7c   Data           0  rom_zephyr_symdefs.txt ABSOLUTE
    acts_spi_driver_api                      0x00026bfc   Data           0  rom_zephyr_symdefs.txt ABSOLUTE
    xspi_nor_api                             0x00026c1c   Data           0  rom_zephyr_symdefs.txt ABSOLUTE
    gpio_acts_drv_api                        0x00026c2c   Data           0  rom_zephyr_symdefs.txt ABSOLUTE
    i2c_acts_driver_api                      0x00026c48   Data           0  rom_zephyr_symdefs.txt ABSOLUTE
    pwm_acts_drv_api_funcs                   0x00026c50   Data           0  rom_zephyr_symdefs.txt ABSOLUTE
    adc_acts_driver_api                      0x00026c58   Data           0  rom_zephyr_symdefs.txt ABSOLUTE
    wdg_acts_api                             0x00026c64   Data           0  rom_zephyr_symdefs.txt ABSOLUTE
    rtc_acts_driver_api                      0x00026cd8   Data           0  rom_zephyr_symdefs.txt ABSOLUTE
    dma_acts_driver_api                      0x00026cf0   Data           0  rom_zephyr_symdefs.txt ABSOLUTE
    mxkeypad_acts_driver_api                 0x00026d0c   Data           0  rom_zephyr_symdefs.txt ABSOLUTE
    adckey_acts_driver_api                   0x00026d1c   Data           0  rom_zephyr_symdefs.txt ABSOLUTE
    gf_wrap                                  0x00026fe8   Data           0  rom_zephyr_symdefs.txt ABSOLUTE
    uuid128_base                             0x000270ec   Data           0  rom_zephyr_symdefs.txt ABSOLUTE
    att_handlers                             0x000274fc   Data           0  rom_zephyr_symdefs.txt ABSOLUTE
    gen_method_legacy                        0x00027803   Data           0  rom_zephyr_symdefs.txt ABSOLUTE
    gen_method_sc                            0x0002781c   Data           0  rom_zephyr_symdefs.txt ABSOLUTE
    sc_debug_public_key                      0x00027835   Data           0  rom_zephyr_symdefs.txt ABSOLUTE
    smp_handlers                             0x00027878   Data           0  rom_zephyr_symdefs.txt ABSOLUTE
    _sys_idle_elapsed_ticks                  0x20000210   Data           0  rom_zephyr_symdefs.txt ABSOLUTE
    sys_clock_hw_cycles_per_sec              0x20000214   Data           0  rom_zephyr_symdefs.txt ABSOLUTE
    sys_clock_hw_cycles_per_tick             0x20000218   Data           0  rom_zephyr_symdefs.txt ABSOLUTE
    sys_clock_us_per_tick                    0x2000021c   Data           0  rom_zephyr_symdefs.txt ABSOLUTE
    _sys_idle_threshold_ticks                0x20000220   Data           0  rom_zephyr_symdefs.txt ABSOLUTE
    num_mbox_async_msgs                      0x20000224   Data           0  rom_zephyr_symdefs.txt ABSOLUTE
    num_pipe_async_msgs                      0x20000225   Data           0  rom_zephyr_symdefs.txt ABSOLUTE
    uart_console_on_dev_name                 0x20000228   Data           0  rom_zephyr_symdefs.txt ABSOLUTE
    llcc_power_mode                          0x20000244   Data           0  rom_zephyr_symdefs.txt ABSOLUTE
    llcc_tx_power_level                      0x20000245   Data           0  rom_zephyr_symdefs.txt ABSOLUTE
    final_board_tx_trim_efuse                0x20000248   Data           0  rom_zephyr_symdefs.txt ABSOLUTE
    bt_conn_update_timeout                   0x20000274   Data           0  rom_zephyr_symdefs.txt ABSOLUTE
    bt_dev                                   0x20000278   Data           0  rom_zephyr_symdefs.txt ABSOLUTE
    bt_rpa_timeout                           0x20000390   Data           0  rom_zephyr_symdefs.txt ABSOLUTE
    featuresCfgMask                          0x20000394   Data           0  rom_zephyr_symdefs.txt ABSOLUTE
    conn_change                              0x20000398   Data           0  rom_zephyr_symdefs.txt ABSOLUTE
    l2cap_le_max_credits                     0x200003b4   Data           0  rom_zephyr_symdefs.txt ABSOLUTE
    p_att_handlers                           0x200003ec   Data           0  rom_zephyr_symdefs.txt ABSOLUTE
    size_of_att_handlers                     0x200003f0   Data           0  rom_zephyr_symdefs.txt ABSOLUTE
    gap_attrs                                0x20000454   Data           0  rom_zephyr_symdefs.txt ABSOLUTE
    gap_name                                 0x200004b8   Data           0  rom_zephyr_symdefs.txt ABSOLUTE
    gap_svc                                  0x200004bc   Data           0  rom_zephyr_symdefs.txt ABSOLUTE
    gatt_attrs                               0x200004c8   Data           0  rom_zephyr_symdefs.txt ABSOLUTE
    gatt_svc                                 0x20000518   Data           0  rom_zephyr_symdefs.txt ABSOLUTE
    len_gap_name                             0x20000524   Data           0  rom_zephyr_symdefs.txt ABSOLUTE
    bt_recv_keys                             0x20000526   Data           0  rom_zephyr_symdefs.txt ABSOLUTE
    bt_recv_keys_sc                          0x20000527   Data           0  rom_zephyr_symdefs.txt ABSOLUTE
    bt_send_keys                             0x20000528   Data           0  rom_zephyr_symdefs.txt ABSOLUTE
    bt_send_keys_sc                          0x20000529   Data           0  rom_zephyr_symdefs.txt ABSOLUTE
    bt_smp_auth_flag                         0x2000052a   Data           0  rom_zephyr_symdefs.txt ABSOLUTE
    bt_smp_max_key_size                      0x2000052b   Data           0  rom_zephyr_symdefs.txt ABSOLUTE
    bt_smp_min_key_size                      0x2000052c   Data           0  rom_zephyr_symdefs.txt ABSOLUTE
    p_smp_handlers                           0x20000550   Data           0  rom_zephyr_symdefs.txt ABSOLUTE
    size_of_smp_handlers                     0x2000055c   Data           0  rom_zephyr_symdefs.txt ABSOLUTE
    use_hci_le_encrypt                       0x20000580   Data           0  rom_zephyr_symdefs.txt ABSOLUTE
    syslog_hook                              0x20000588   Data           0  rom_zephyr_symdefs.txt ABSOLUTE
    system_core_clock                        0x2000058c   Data           0  rom_zephyr_symdefs.txt ABSOLUTE
    xtal_32k_timeout                         0x20000594   Data           0  rom_zephyr_symdefs.txt ABSOLUTE
    __device_busy_start                      0x20000598   Data           0  rom_zephyr_symdefs.txt ABSOLUTE
    nvram_lock                               0x20000598   Data           0  rom_zephyr_symdefs.txt ABSOLUTE
    _time_slice_duration                     0x200005c0   Data           0  rom_zephyr_symdefs.txt ABSOLUTE
    _time_slice_prio_ceiling                 0x200005c4   Data           0  rom_zephyr_symdefs.txt ABSOLUTE
    _kernel                                  0x2000069c   Data           0  rom_zephyr_symdefs.txt ABSOLUTE
    platformWakeLock                         0x2000085c   Data           0  rom_zephyr_symdefs.txt ABSOLUTE
    free_tx                                  0x200008c0   Data           0  rom_zephyr_symdefs.txt ABSOLUTE
    sc_ccc_cfg                               0x200008cc   Data           0  rom_zephyr_symdefs.txt ABSOLUTE
    bt_oob_flag                              0x200008ec   Data           0  rom_zephyr_symdefs.txt ABSOLUTE
    application_wake_lock                    0x200008f8   Data           0  rom_zephyr_symdefs.txt ABSOLUTE
    _trace_list_k_alert                      0x20000980   Data           0  rom_zephyr_symdefs.txt ABSOLUTE
    _outer_k_mem_pool_list_end               0x20000984   Data           0  rom_zephyr_symdefs.txt ABSOLUTE
    _main_stack_size                         0x20000988   Data           0  rom_zephyr_symdefs.txt ABSOLUTE
    _sys_pm_idle_exit_notify                 0x2000098c   Data           0  rom_zephyr_symdefs.txt ABSOLUTE
    _p_idle_stack                            0x20000990   Data           0  rom_zephyr_symdefs.txt ABSOLUTE
    pipe_async_msg                           0x20000998   Data           0  rom_zephyr_symdefs.txt ABSOLUTE
    p_pipe_async_msgs                        0x2000099c   Data           0  rom_zephyr_symdefs.txt ABSOLUTE
    sys_work_queue_stack_size                0x200009a0   Data           0  rom_zephyr_symdefs.txt ABSOLUTE
    _handling_timeouts                       0x200009a4   Data           0  rom_zephyr_symdefs.txt ABSOLUTE
    _time_slice_elapsed                      0x200009a8   Data           0  rom_zephyr_symdefs.txt ABSOLUTE
    _p_main_stack                            0x200009ac   Data           0  rom_zephyr_symdefs.txt ABSOLUTE
    pkernel_config_init                      0x200009b0   Data           0  rom_zephyr_symdefs.txt ABSOLUTE
    _idle_thread_stack_size                  0x200009b4   Data           0  rom_zephyr_symdefs.txt ABSOLUTE
    DEVICE_BUSY_SIZE                         0x200009b8   Data           0  rom_zephyr_symdefs.txt ABSOLUTE
    _sys_clock_tick_count                    0x200009c0   Data           0  rom_zephyr_symdefs.txt ABSOLUTE
    p_async_msg_free                         0x200009c8   Data           0  rom_zephyr_symdefs.txt ABSOLUTE
    k_sys_work_q                             0x200009cc   Data           0  rom_zephyr_symdefs.txt ABSOLUTE
    _outer_k_mem_pool_list_start             0x20000a44   Data           0  rom_zephyr_symdefs.txt ABSOLUTE
    async_msg                                0x20000a48   Data           0  rom_zephyr_symdefs.txt ABSOLUTE
    _p_main_stack_end                        0x20000a4c   Data           0  rom_zephyr_symdefs.txt ABSOLUTE
    _main_thread_prio                        0x20000a54   Data           0  rom_zephyr_symdefs.txt ABSOLUTE
    _idle_thread_prio                        0x20000a58   Data           0  rom_zephyr_symdefs.txt ABSOLUTE
    sys_work_queue_prio                      0x20000a5c   Data           0  rom_zephyr_symdefs.txt ABSOLUTE
    p_sys_work_queue_stack                   0x20000a60   Data           0  rom_zephyr_symdefs.txt ABSOLUTE
    _p_interrupt_stack                       0x20000a70   Data           0  rom_zephyr_symdefs.txt ABSOLUTE
    _interrupt_stack_size                    0x20000a74   Data           0  rom_zephyr_symdefs.txt ABSOLUTE
    llcc_hci_dev                             0x20000a7c   Data           0  rom_zephyr_symdefs.txt ABSOLUTE
    p_tx_timer                               0x20000a80   Data           0  rom_zephyr_symdefs.txt ABSOLUTE
    ic_trim_efuse                            0x20000a84   Data           0  rom_zephyr_symdefs.txt ABSOLUTE
    nvram_buf                                0x20000a88   Data           0  rom_zephyr_symdefs.txt ABSOLUTE
    p_BleLlcInit                             0x20000a8c   Data           0  rom_zephyr_symdefs.txt ABSOLUTE
    tx_trim_aband_efuse                      0x20000a90   Data           0  rom_zephyr_symdefs.txt ABSOLUTE
    p_rx_timer                               0x20000a94   Data           0  rom_zephyr_symdefs.txt ABSOLUTE
    p_llcc_upload_tx_trim                    0x20000a98   Data           0  rom_zephyr_symdefs.txt ABSOLUTE
    final_board_trim_efuse                   0x20000a9c   Data           0  rom_zephyr_symdefs.txt ABSOLUTE
    user_nvram_region                        0x20000aa0   Data           0  rom_zephyr_symdefs.txt ABSOLUTE
    factory_nvram_region                     0x20000ac0   Data           0  rom_zephyr_symdefs.txt ABSOLUTE
    prepare_hook                             0x20000ae0   Data           0  rom_zephyr_symdefs.txt ABSOLUTE
    llcc_tx_trim_mode                        0x20000ae4   Data           0  rom_zephyr_symdefs.txt ABSOLUTE
    p_llc_init_trim_upload                   0x20000ae8   Data           0  rom_zephyr_symdefs.txt ABSOLUTE
    hci_stats                                0x20000aec   Data           0  rom_zephyr_symdefs.txt ABSOLUTE
    final_board_trim_count                   0x20000b1e   Data           0  rom_zephyr_symdefs.txt ABSOLUTE
    p_llcc_compose_trim                      0x20000b20   Data           0  rom_zephyr_symdefs.txt ABSOLUTE
    local_llcc_rdcb                          0x20000b24   Data           0  rom_zephyr_symdefs.txt ABSOLUTE
    board_trim_efuse                         0x20000b28   Data           0  rom_zephyr_symdefs.txt ABSOLUTE
    ic_trim_count                            0x20000b2c   Data           0  rom_zephyr_symdefs.txt ABSOLUTE
    llc_hci_cb                               0x20000b30   Data           0  rom_zephyr_symdefs.txt ABSOLUTE
    p_llccTxCmdCrc                           0x20000b8c   Data           0  rom_zephyr_symdefs.txt ABSOLUTE
    tx_trim_count                            0x20000b90   Data           0  rom_zephyr_symdefs.txt ABSOLUTE
    p_llc_init_all_trim_upload               0x20000b94   Data           0  rom_zephyr_symdefs.txt ABSOLUTE
    tx_trim_aband_count                      0x20000b98   Data           0  rom_zephyr_symdefs.txt ABSOLUTE
    p_LlcReset                               0x20000b9c   Data           0  rom_zephyr_symdefs.txt ABSOLUTE
    board_trim_count                         0x20000ba0   Data           0  rom_zephyr_symdefs.txt ABSOLUTE
    p_llcc_write                             0x20000ba4   Data           0  rom_zephyr_symdefs.txt ABSOLUTE
    local_llcc_txcb                          0x20000ba8   Data           0  rom_zephyr_symdefs.txt ABSOLUTE
    p_llcInitFirmwareUpload                  0x20000bac   Data           0  rom_zephyr_symdefs.txt ABSOLUTE
    tx_trim_efuse                            0x20000bb0   Data           0  rom_zephyr_symdefs.txt ABSOLUTE
    wdg_use_systick                          0x20000bb4   Data           0  rom_zephyr_symdefs.txt ABSOLUTE
    deepsleep_elapsed_compensation           0x20000bb8   Data           0  rom_zephyr_symdefs.txt ABSOLUTE
    bt_smp_pool_count                        0x20000bc0   Data           0  rom_zephyr_symdefs.txt ABSOLUTE
    bt_auth                                  0x20000bc4   Data           0  rom_zephyr_symdefs.txt ABSOLUTE
    enable_debug_gatt                        0x20000bc8   Data           0  rom_zephyr_symdefs.txt ABSOLUTE
    enable_debug_smp                         0x20000bc9   Data           0  rom_zephyr_symdefs.txt ABSOLUTE
    pub_key_cb                               0x20000bcc   Data           0  rom_zephyr_symdefs.txt ABSOLUTE
    enable_debug_att                         0x20000bd0   Data           0  rom_zephyr_symdefs.txt ABSOLUTE
    servers                                  0x20000bd4   Data           0  rom_zephyr_symdefs.txt ABSOLUTE
    enable_debug_keys                        0x20000bdc   Data           0  rom_zephyr_symdefs.txt ABSOLUTE
    scan_with_identity_is_enabled            0x20000be0   Data           0  rom_zephyr_symdefs.txt ABSOLUTE
    enable_debug_l2cap                       0x20000be4   Data           0  rom_zephyr_symdefs.txt ABSOLUTE
    p_sc_ccc_cfg                             0x20000be8   Data           0  rom_zephyr_symdefs.txt ABSOLUTE
    db                                       0x20000bec   Data           0  rom_zephyr_symdefs.txt ABSOLUTE
    rx_thread_prio                           0x20000bf4   Data           0  rom_zephyr_symdefs.txt ABSOLUTE
    NUM_OF_SHELL_ENTITIES                    0x20000bf8   Data           0  rom_zephyr_symdefs.txt ABSOLUTE
    bt_storage                               0x20000bfc   Data           0  rom_zephyr_symdefs.txt ABSOLUTE
    sc_supported                             0x20000c00   Data           0  rom_zephyr_symdefs.txt ABSOLUTE
    scan_dev_found_cb                        0x20000c04   Data           0  rom_zephyr_symdefs.txt ABSOLUTE
    dh_key_cb                                0x20000c08   Data           0  rom_zephyr_symdefs.txt ABSOLUTE
    __shell_cmd_start                        0x20000c0c   Data           0  rom_zephyr_symdefs.txt ABSOLUTE
    is_enable_private                        0x20000c10   Data           0  rom_zephyr_symdefs.txt ABSOLUTE
    is_enable_smp                            0x20000c14   Data           0  rom_zephyr_symdefs.txt ABSOLUTE
    p_hci_rx_pool_array                      0x20000c18   Data           0  rom_zephyr_symdefs.txt ABSOLUTE
    enable_debug_conn                        0x20000c1c   Data           0  rom_zephyr_symdefs.txt ABSOLUTE
    rx_thread_stack_size                     0x20000c20   Data           0  rom_zephyr_symdefs.txt ABSOLUTE
    p_update_cfg                             0x20000c24   Data           0  rom_zephyr_symdefs.txt ABSOLUTE
    l2cap_max_le_mtu                         0x20000c28   Data           0  rom_zephyr_symdefs.txt ABSOLUTE
    patch_bt_hex                             0x20000c2c   Data           0  rom_zephyr_symdefs.txt ABSOLUTE
    le_channels                              0x20000c30   Data           0  rom_zephyr_symdefs.txt ABSOLUTE
    gap_appearance                           0x20000c38   Data           0  rom_zephyr_symdefs.txt ABSOLUTE
    p_prep_pool                              0x20000c3c   Data           0  rom_zephyr_symdefs.txt ABSOLUTE
    enable_debug_hci_core                    0x20000c40   Data           0  rom_zephyr_symdefs.txt ABSOLUTE
    pbt_host_config_init                     0x20000c44   Data           0  rom_zephyr_symdefs.txt ABSOLUTE
    bt_l2cap_pool_count                      0x20000c48   Data           0  rom_zephyr_symdefs.txt ABSOLUTE
    p_bt_l2cap_pool                          0x20000c4c   Data           0  rom_zephyr_symdefs.txt ABSOLUTE
    p_rx_thread_stack                        0x20000c50   Data           0  rom_zephyr_symdefs.txt ABSOLUTE
    p_hci_cmd_pool                           0x20000c54   Data           0  rom_zephyr_symdefs.txt ABSOLUTE
    p_bt_smp_null_pool                       0x20000c58   Data           0  rom_zephyr_symdefs.txt ABSOLUTE
    p_conns                                  0x20000c5c   Data           0  rom_zephyr_symdefs.txt ABSOLUTE
    bt_smp_null_pool_count                   0x20000c60   Data           0  rom_zephyr_symdefs.txt ABSOLUTE
    prng                                     0x20000c68   Data           0  rom_zephyr_symdefs.txt ABSOLUTE
    bt_keys_storage                          0x20000da0   Data           0  rom_zephyr_symdefs.txt ABSOLUTE
    att_tx_max                               0x20000da4   Data           0  rom_zephyr_symdefs.txt ABSOLUTE
    bt_max_paired                            0x20000da8   Data           0  rom_zephyr_symdefs.txt ABSOLUTE
    _outer_net_buf_pool_list                 0x20000dac   Data           0  rom_zephyr_symdefs.txt ABSOLUTE
    bt_req_pool_count                        0x20000db0   Data           0  rom_zephyr_symdefs.txt ABSOLUTE
    tx_thread_stack_size                     0x20000db4   Data           0  rom_zephyr_symdefs.txt ABSOLUTE
    conn_tx_num                              0x20000db8   Data           0  rom_zephyr_symdefs.txt ABSOLUTE
    p_acl_tx_pool                            0x20000dbc   Data           0  rom_zephyr_symdefs.txt ABSOLUTE
    patch_table                              0x20000dc0   Data           0  rom_zephyr_symdefs.txt ABSOLUTE
    hci_rx_pool_num                          0x20000de0   Data           0  rom_zephyr_symdefs.txt ABSOLUTE
    sc_local_pkey_valid                      0x20000de4   Data           0  rom_zephyr_symdefs.txt ABSOLUTE
    p_tx_thread_stack                        0x20000de8   Data           0  rom_zephyr_symdefs.txt ABSOLUTE
    p_events                                 0x20000dec   Data           0  rom_zephyr_symdefs.txt ABSOLUTE
    p_cmds_queue                             0x20000df0   Data           0  rom_zephyr_symdefs.txt ABSOLUTE
    sc_public_key                            0x20000df4   Data           0  rom_zephyr_symdefs.txt ABSOLUTE
    Use_static_random_addr                   0x20000e34   Data           0  rom_zephyr_symdefs.txt ABSOLUTE
    callback_list                            0x20000e38   Data           0  rom_zephyr_symdefs.txt ABSOLUTE
    delay_time_extra_update                  0x20000e3c   Data           0  rom_zephyr_symdefs.txt ABSOLUTE
    bt_att_mtu                               0x20000e40   Data           0  rom_zephyr_symdefs.txt ABSOLUTE
    prompt                                   0x20000e44   Data           0  rom_zephyr_symdefs.txt ABSOLUTE
    tx_thread_data                           0x20000e48   Data           0  rom_zephyr_symdefs.txt ABSOLUTE
    hciVsCb                                  0x20000eb0   Data           0  rom_zephyr_symdefs.txt ABSOLUTE
    __shell_cmd_end                          0x20000eec   Data           0  rom_zephyr_symdefs.txt ABSOLUTE
    key_pool                                 0x20000ef0   Data           0  rom_zephyr_symdefs.txt ABSOLUTE
    p_avail_queue                            0x20000ef4   Data           0  rom_zephyr_symdefs.txt ABSOLUTE
    gatt_sc                                  0x20000ef8   Data           0  rom_zephyr_symdefs.txt ABSOLUTE
    bt_att_prepare_count                     0x20000f50   Data           0  rom_zephyr_symdefs.txt ABSOLUTE
    ready_cb                                 0x20000f54   Data           0  rom_zephyr_symdefs.txt ABSOLUTE
    pub_key                                  0x20000f58   Data           0  rom_zephyr_symdefs.txt ABSOLUTE
    bt_conn_num                              0x20000f98   Data           0  rom_zephyr_symdefs.txt ABSOLUTE
    l2cap_max_le_mps                         0x20000f9c   Data           0  rom_zephyr_symdefs.txt ABSOLUTE
    MAX_CMD_QUEUED                           0x20000fa0   Data           0  rom_zephyr_symdefs.txt ABSOLUTE
    subscriptions                            0x20000fa4   Data           0  rom_zephyr_symdefs.txt ABSOLUTE
    p_bt_smp_pool                            0x20000fac   Data           0  rom_zephyr_symdefs.txt ABSOLUTE
    tx_thread_prio                           0x20000fb0   Data           0  rom_zephyr_symdefs.txt ABSOLUTE
    p_conn_tx                                0x20000fb4   Data           0  rom_zephyr_symdefs.txt ABSOLUTE
    default_module_prompt                    0x20000fb8   Data           0  rom_zephyr_symdefs.txt ABSOLUTE
    shell_buf                                0x20000fbc   Data           0  rom_zephyr_symdefs.txt ABSOLUTE
    p_bt_req_pool                            0x20000fc0   Data           0  rom_zephyr_symdefs.txt ABSOLUTE
    efuse_cmu_pmu_val                        0x20000fc4   Data           0  rom_zephyr_symdefs.txt ABSOLUTE
    set_xtal_32k_flag                        0x20000fc8   Data           0  rom_zephyr_symdefs.txt ABSOLUTE
    p_deep_sleep_entry                       0x20000fcc   Data           0  rom_zephyr_symdefs.txt ABSOLUTE
    p_sys_soc_suspend                        0x20000fd0   Data           0  rom_zephyr_symdefs.txt ABSOLUTE
    _sw_isr_table_in_ram                     0x20000fd4   Data           0  rom_zephyr_symdefs.txt ABSOLUTE
    hcl_32k_is_running                       0x20000fdc   Data           0  rom_zephyr_symdefs.txt ABSOLUTE
    p_application_any_busy_check             0x20000fe0   Data           0  rom_zephyr_symdefs.txt ABSOLUTE
    Image$$ER_IROM$$Base                     0x20001000   Number         0  anon$$obj.o ABSOLUTE
    systemVectors                            0x20001000   Data           4  startup.o(RESET)
    __main                                   0x200010e1   Thumb Code     0  entry.o(.ARM.Collect$$$$00000000)
    _main_stk                                0x200010e1   Thumb Code     0  entry2.o(.ARM.Collect$$$$00000001)
    _main_scatterload                        0x200010e5   Thumb Code     0  entry5.o(.ARM.Collect$$$$00000004)
    __main_after_scatterload                 0x200010e9   Thumb Code     0  entry5.o(.ARM.Collect$$$$00000004)
    _main_clock                              0x200010e9   Thumb Code     0  entry7b.o(.ARM.Collect$$$$00000008)
    _main_cpp_init                           0x200010e9   Thumb Code     0  entry8b.o(.ARM.Collect$$$$0000000A)
    _main_init                               0x200010e9   Thumb Code     0  entry9a.o(.ARM.Collect$$$$0000000B)
    __rt_final_cpp                           0x200010f1   Thumb Code     0  entry10a.o(.ARM.Collect$$$$0000000D)
    __rt_final_exit                          0x200010f1   Thumb Code     0  entry11a.o(.ARM.Collect$$$$0000000F)
    p_llcc_rx_cmd_valid                      0x200010f5   Thumb Code    24  startup.o(.asm_patch)
    p_llcc_rx_dmal_done                      0x20001111   Thumb Code    24  startup.o(.asm_patch)
    patch_hw_func                            0x2000112d   Thumb Code    94  soc_patch.o(.init.once.text."..\\..\\..\\..\\arch\\soc\\atb110x\\soc_patch.c".0)
    patch_hw_code                            0x200011b9   Thumb Code    86  soc_patch.o(.init.once.text."..\\..\\..\\..\\arch\\soc\\atb110x\\soc_patch.c".1)
    patch_sw                                 0x2000123d   Thumb Code     2  soc_patch.o(.init.once.text."..\\..\\..\\..\\arch\\soc\\atb110x\\soc_patch.c".2)
    set_ic_feature                           0x2000123f   Thumb Code    30  board.o(.init.once.text."..\\..\\..\\..\\boards\\board.c".1)
    board_early_init                         0x2000125d   Thumb Code   116  board.o(.init.once.text."..\\..\\..\\..\\boards\\board.c".2)
    patch_llc_init_all_trim_upload           0x200012e9   Thumb Code    82  llcc.o(.init.once.text."..\\..\\..\\..\\drivers\\bluetooth\\hci\\llcc.c".0)
    LlcIrqConnect                            0x20001391   Thumb Code   150  llcc.o(.init.once.text."..\\..\\..\\..\\drivers\\bluetooth\\hci\\llcc.c".1)
    llcc_upload_ic_trim_new                  0x20001455   Thumb Code    50  llcc.o(.init.once.text."..\\..\\..\\..\\drivers\\bluetooth\\hci\\llcc.c".14)
    llc_init_all_trim_upload_new             0x20001491   Thumb Code    48  llcc.o(.init.once.text."..\\..\\..\\..\\drivers\\bluetooth\\hci\\llcc.c".15)
    p_llc_init_trim_up_load_new              0x20001531   Thumb Code   166  llcc.o(.init.once.text."..\\..\\..\\..\\drivers\\bluetooth\\hci\\llcc.c".17)
    SystemInit                               0x20001671   Thumb Code    16  system.o(.init.once.text."..\\..\\..\\..\\ext\\lib\\actions\\startup\\system.c".0)
    kernel_config_init                       0x20001685   Thumb Code   124  kernel_config_init.o(.init.once.text."..\\..\\..\\..\\kernel\\kernel_config_init.c".4)
    bt_host_config_init                      0x20001739   Thumb Code   512  bt_host_config_init.o(.init.once.text."..\\..\\..\\..\\subsys\\bluetooth\\host\\bt_host_config_init.c".8)
    Reset_Handler                            0x20001aa5   Thumb Code    36  startup.o(.text)
    _arch_irq_lock_s                         0x20001ac9   Thumb Code     8  startup.o(.text)
    _arch_irq_unlock_s                       0x20001ad1   Thumb Code     8  startup.o(.text)
    _timer_int_handler                       0x20001ae1   Thumb Code     2  startup.o(.text)
    __aeabi_memcpy                           0x20001afd   Thumb Code    36  memcpya.o(.text)
    __aeabi_memcpy4                          0x20001afd   Thumb Code     0  memcpya.o(.text)
    __aeabi_memcpy8                          0x20001afd   Thumb Code     0  memcpya.o(.text)
    __aeabi_memset                           0x20001b21   Thumb Code    14  memseta.o(.text)
    __aeabi_memset4                          0x20001b21   Thumb Code     0  memseta.o(.text)
    __aeabi_memset8                          0x20001b21   Thumb Code     0  memseta.o(.text)
    __aeabi_memclr                           0x20001b2f   Thumb Code     4  memseta.o(.text)
    __aeabi_memclr4                          0x20001b2f   Thumb Code     0  memseta.o(.text)
    __aeabi_memclr8                          0x20001b2f   Thumb Code     0  memseta.o(.text)
    _memset$wrapper                          0x20001b33   Thumb Code    18  memseta.o(.text)
    __scatterload                            0x20001b45   Thumb Code    28  init.o(.text)
    __scatterload_rt2                        0x20001b45   Thumb Code     0  init.o(.text)
    Long Thumb to Thumb Veneer to printk     0x20001b69   Thumb Code    12  anon$$obj.o(Veneer$$Code)
    Long Thumb to Thumb Veneer to acts_efuse_read 0x20001b75   Thumb Code    12  anon$$obj.o(Veneer$$Code)
    Long Thumb to Thumb Veneer to acts_set_vdd 0x20001b81   Thumb Code    12  anon$$obj.o(Veneer$$Code)
    Long Thumb to Thumb Veneer to acts_delay_us 0x20001b8d   Thumb Code    12  anon$$obj.o(Veneer$$Code)
    Long Thumb to Thumb Veneer to acts_request_vd12_pd 0x20001b99   Thumb Code    12  anon$$obj.o(Veneer$$Code)
    Long Thumb to Thumb Veneer to acts_request_vd12_largebias 0x20001ba5   Thumb Code    12  anon$$obj.o(Veneer$$Code)
    Long Thumb to Thumb Veneer to acts_request_rc_3M 0x20001bb1   Thumb Code    12  anon$$obj.o(Veneer$$Code)
    Long Thumb to Thumb Veneer to acts_pinmux_setup_pins 0x20001bbd   Thumb Code    12  anon$$obj.o(Veneer$$Code)
    Long Thumb to Thumb Veneer to _irq_priority_set 0x20001bc9   Thumb Code    12  anon$$obj.o(Veneer$$Code)
    Long Thumb to Thumb Veneer to llcc_compose_trim 0x20001bd5   Thumb Code    12  anon$$obj.o(Veneer$$Code)
    Long Thumb to Thumb Veneer to llc_init_trim_upload 0x20001be1   Thumb Code    12  anon$$obj.o(Veneer$$Code)
    Long Thumb to Thumb Veneer to acts_set_vd12_before_efuse_read 0x20001bed   Thumb Code    12  anon$$obj.o(Veneer$$Code)
    Long Thumb to Thumb Veneer to llcc_upload_board_trim 0x20001bf9   Thumb Code    12  anon$$obj.o(Veneer$$Code)
    Long Thumb to Thumb Veneer to llcc_upload_tx_trim 0x20001c05   Thumb Code    12  anon$$obj.o(Veneer$$Code)
    Long Thumb to Thumb Veneer to acts_set_vd12_after_efuse_read 0x20001c11   Thumb Code    12  anon$$obj.o(Veneer$$Code)
    Long Thumb to Thumb Veneer to llc_init_tx_message 0x20001c1d   Thumb Code    12  anon$$obj.o(Veneer$$Code)
    Long Thumb to Thumb Veneer to llc_init_wait_for_rx_message 0x20001c29   Thumb Code    12  anon$$obj.o(Veneer$$Code)
    Long Thumb to Thumb Veneer to llc_hci_buf_free 0x20001c35   Thumb Code    12  anon$$obj.o(Veneer$$Code)
    Long Thumb to Thumb Veneer to _arch_irq_enable 0x20001c41   Thumb Code    12  anon$$obj.o(Veneer$$Code)
    Long Thumb to Thumb Veneer to main_thread_init 0x20001c4d   Thumb Code    12  anon$$obj.o(Veneer$$Code)
    Long Thumb to Thumb Veneer to idle_thread_init 0x20001c59   Thumb Code    12  anon$$obj.o(Veneer$$Code)
    Long Thumb to Thumb Veneer to interrupt_stack_init 0x20001c65   Thumb Code    12  anon$$obj.o(Veneer$$Code)
    Long Thumb to Thumb Veneer to sys_work_queue_init 0x20001c71   Thumb Code    12  anon$$obj.o(Veneer$$Code)
    Long Thumb to Thumb Veneer to bt_tx_thread_init 0x20001c7d   Thumb Code    12  anon$$obj.o(Veneer$$Code)
    Long Thumb to Thumb Veneer to bt_rx_thread_init 0x20001c89   Thumb Code    12  anon$$obj.o(Veneer$$Code)
    Long Thumb to Thumb Veneer to bt_hci_cmd_pool_init 0x20001c95   Thumb Code    12  anon$$obj.o(Veneer$$Code)
    Long Thumb to Thumb Veneer to bt_hci_rx_pool_init 0x20001ca1   Thumb Code    12  anon$$obj.o(Veneer$$Code)
    Long Thumb to Thumb Veneer to bt_acl_tx_pool_init 0x20001cad   Thumb Code    12  anon$$obj.o(Veneer$$Code)
    Long Thumb to Thumb Veneer to bt_prep_pool_int 0x20001cb9   Thumb Code    12  anon$$obj.o(Veneer$$Code)
    Long Thumb to Thumb Veneer to bt_l2cap_le_max_credits_init 0x20001cc5   Thumb Code    12  anon$$obj.o(Veneer$$Code)
    Long Thumb to Thumb Veneer to bt_l2cap_pramter_init 0x20001cd1   Thumb Code    12  anon$$obj.o(Veneer$$Code)
    Long Thumb to Thumb Veneer to bt_conn_tx_init 0x20001cdd   Thumb Code    12  anon$$obj.o(Veneer$$Code)
    Long Thumb to Thumb Veneer to bt_conn_struct_init 0x20001ce9   Thumb Code    12  anon$$obj.o(Veneer$$Code)
    Long Thumb to Thumb Veneer to bt_req_pool_int 0x20001cf5   Thumb Code    12  anon$$obj.o(Veneer$$Code)
    Long Thumb to Thumb Veneer to bt_l2cap_pool_init 0x20001d01   Thumb Code    12  anon$$obj.o(Veneer$$Code)
    Long Thumb to Thumb Veneer to bt_tx_poll_event_init 0x20001d0d   Thumb Code    12  anon$$obj.o(Veneer$$Code)
    Long Thumb to Thumb Veneer to bt_att_paramter_init 0x20001d19   Thumb Code    12  anon$$obj.o(Veneer$$Code)
    Long Thumb to Thumb Veneer to strlen     0x20001d25   Thumb Code    12  anon$$obj.o(Veneer$$Code)
    Long Thumb to Thumb Veneer to bt_gap_svc_config_init 0x20001d31   Thumb Code    12  anon$$obj.o(Veneer$$Code)
    Long Thumb to Thumb Veneer to bt_gatt_svc_config_init 0x20001d3d   Thumb Code    12  anon$$obj.o(Veneer$$Code)
    Long Thumb to Thumb Veneer to bt_enable_smp 0x20001d49   Thumb Code    12  anon$$obj.o(Veneer$$Code)
    Long Thumb to Thumb Veneer to bt_smp_pool_init 0x20001d55   Thumb Code    12  anon$$obj.o(Veneer$$Code)
    Long Thumb to Thumb Veneer to bt_host_keys_init 0x20001d61   Thumb Code    12  anon$$obj.o(Veneer$$Code)
    Long Thumb to Thumb Veneer to bt_set_delay_time_read_remote_features 0x20001d6d   Thumb Code    12  anon$$obj.o(Veneer$$Code)
    Long Thumb to Thumb Veneer to hci_set_le_sup_feat 0x20001d79   Thumb Code    12  anon$$obj.o(Veneer$$Code)
    Long Thumb to Thumb Veneer to hci_vs_cfg_acl_bufs 0x20001d85   Thumb Code    12  anon$$obj.o(Veneer$$Code)
    Long Thumb to Thumb Veneer to hci_vs_cfg_max_conn 0x20001d91   Thumb Code    12  anon$$obj.o(Veneer$$Code)
    Long Thumb to Thumb Veneer to hci_vs_cfg_version 0x20001d9d   Thumb Code    12  anon$$obj.o(Veneer$$Code)
    Long Thumb to Thumb Veneer to nvram_config_get_factory 0x20001da9   Thumb Code    12  anon$$obj.o(Veneer$$Code)
    Long Thumb to Thumb Veneer to hci_vs_cfg_bd_addr 0x20001db5   Thumb Code    12  anon$$obj.o(Veneer$$Code)
    Long Thumb to Thumb Veneer to hci_vs_cfg_pwr_mgmt 0x20001dc1   Thumb Code    12  anon$$obj.o(Veneer$$Code)
    Long Thumb to Thumb Veneer to enable_scan_with_identity 0x20001dcd   Thumb Code    12  anon$$obj.o(Veneer$$Code)
    Long Thumb to Thumb Veneer to bt_gatt_service_register 0x20001dd9   Thumb Code    12  anon$$obj.o(Veneer$$Code)
    Long Thumb to Thumb Veneer to bt_le_adv_start 0x20001de5   Thumb Code    12  anon$$obj.o(Veneer$$Code)
    Long Thumb to Thumb Veneer to bt_set_conn_update_param 0x20001df1   Thumb Code    12  anon$$obj.o(Veneer$$Code)
    Long Thumb to Thumb Veneer to bt_enable  0x20001dfd   Thumb Code    12  anon$$obj.o(Veneer$$Code)
    Long Thumb to Thumb Veneer to bt_conn_cb_register 0x20001e09   Thumb Code    12  anon$$obj.o(Veneer$$Code)
    Long Thumb to Thumb Veneer to bt_conn_auth_cb_register 0x20001e15   Thumb Code    12  anon$$obj.o(Veneer$$Code)
    Long Thumb to Thumb Veneer to bt_conn_lookup_state_le 0x20001e21   Thumb Code    12  anon$$obj.o(Veneer$$Code)
    Long Thumb to Thumb Veneer to bt_conn_unref 0x20001e2d   Thumb Code    12  anon$$obj.o(Veneer$$Code)
    Long Thumb to Thumb Veneer to att_get    0x20001e39   Thumb Code    12  anon$$obj.o(Veneer$$Code)
    Long Thumb to Thumb Veneer to k_sem_give 0x20001e45   Thumb Code    12  anon$$obj.o(Veneer$$Code)
    Long Thumb to Thumb Veneer to bt_conn_get_dst 0x20001e51   Thumb Code    12  anon$$obj.o(Veneer$$Code)
    Long Thumb to Thumb Veneer to memcmp     0x20001e5d   Thumb Code    12  anon$$obj.o(Veneer$$Code)
    Long Thumb to Thumb Veneer to strcpy     0x20001e69   Thumb Code    12  anon$$obj.o(Veneer$$Code)
    Long Thumb to Thumb Veneer to snprintk   0x20001e75   Thumb Code    12  anon$$obj.o(Veneer$$Code)
    Long Thumb to Thumb Veneer to bt_conn_security 0x20001e81   Thumb Code    12  anon$$obj.o(Veneer$$Code)
    Long Thumb to Thumb Veneer to __aeabi_idivmod 0x20001e8d   Thumb Code    12  anon$$obj.o(Veneer$$Code)
    Long Thumb to Thumb Veneer to atomic_and 0x20001e99   Thumb Code    12  anon$$obj.o(Veneer$$Code)
    Long Thumb to Thumb Veneer to atomic_or  0x20001ea5   Thumb Code    12  anon$$obj.o(Veneer$$Code)
    Long Thumb to Thumb Veneer to strcmp     0x20001eb1   Thumb Code    12  anon$$obj.o(Veneer$$Code)
    Long Thumb to Thumb Veneer to bt_rpa_irk_matches 0x20001ebd   Thumb Code    12  anon$$obj.o(Veneer$$Code)
    Long Thumb to Thumb Veneer to hci_vs_read_done 0x20001ec9   Thumb Code    12  anon$$obj.o(Veneer$$Code)
    Long Thumb to Thumb Veneer to k_delayed_work_submit_to_queue 0x20001ed5   Thumb Code    12  anon$$obj.o(Veneer$$Code)
    Long Thumb to Thumb Veneer to bt_conn_disconnect 0x20001ee1   Thumb Code    12  anon$$obj.o(Veneer$$Code)
    Long Thumb to Thumb Veneer to update_conn_param 0x20001eed   Thumb Code    12  anon$$obj.o(Veneer$$Code)
    Long Thumb to Thumb Veneer to bt_conn_le_param_update 0x20001ef9   Thumb Code    12  anon$$obj.o(Veneer$$Code)
    Long Thumb to Thumb Veneer to llcc_tx_error2_cmd 0x20001f05   Thumb Code    12  anon$$obj.o(Veneer$$Code)
    Long Thumb to Thumb Veneer to llcc_init  0x20001f11   Thumb Code    12  anon$$obj.o(Veneer$$Code)
    Long Thumb to Thumb Veneer to llcc_tx_retry_helper 0x20001f1d   Thumb Code    12  anon$$obj.o(Veneer$$Code)
    Long Thumb to Thumb Veneer to llcc_rxcmd_valid_handler 0x20001f29   Thumb Code    12  anon$$obj.o(Veneer$$Code)
    Long Thumb to Thumb Veneer to llcc_rxdmal_done_handler 0x20001f35   Thumb Code    12  anon$$obj.o(Veneer$$Code)
    Long Thumb to Thumb Veneer to llcc_tx_cmd_crc 0x20001f41   Thumb Code    12  anon$$obj.o(Veneer$$Code)
    Long Thumb to Thumb Veneer to platform_wake_lock_inc 0x20001f4d   Thumb Code    12  anon$$obj.o(Veneer$$Code)
    Long Thumb to Thumb Veneer to llcc_wdog_tx_ena 0x20001f59   Thumb Code    12  anon$$obj.o(Veneer$$Code)
    Long Thumb to Thumb Veneer to llcc_tx_xfer_req2_cmd 0x20001f65   Thumb Code    12  anon$$obj.o(Veneer$$Code)
    Long Thumb to Thumb Veneer to llcc_tx_xfer_req_cmd 0x20001f71   Thumb Code    12  anon$$obj.o(Veneer$$Code)
    Long Thumb to Thumb Veneer to llcc_dma_setup_tx 0x20001f7d   Thumb Code    12  anon$$obj.o(Veneer$$Code)
    Long Thumb to Thumb Veneer to _PrepC     0x20001f89   Thumb Code    12  anon$$obj.o(Veneer$$Code)
    Long Thumb to Thumb Veneer to atomic_get 0x20001f95   Thumb Code    12  anon$$obj.o(Veneer$$Code)
    Long Thumb to Thumb Veneer to bt_storage_register 0x20001fa1   Thumb Code    12  anon$$obj.o(Veneer$$Code)
    Long Thumb to Thumb Veneer to acts_reset_peripheral 0x20001fad   Thumb Code    12  anon$$obj.o(Veneer$$Code)
    Long Thumb to Thumb Veneer to acts_clock_peripheral_enable 0x20001fb9   Thumb Code    12  anon$$obj.o(Veneer$$Code)
    Long Thumb to Thumb Veneer to acts_clock_peripheral_disable 0x20001fc5   Thumb Code    12  anon$$obj.o(Veneer$$Code)
    Long Thumb to Thumb Veneer to uart_console_init 0x20001fd1   Thumb Code    12  anon$$obj.o(Veneer$$Code)
    Long Thumb to Thumb Veneer to bt_gatt_get_mtu 0x20001fdd   Thumb Code    12  anon$$obj.o(Veneer$$Code)
    Long Thumb to Thumb Veneer to bt_gatt_notify 0x20001fe9   Thumb Code    12  anon$$obj.o(Veneer$$Code)
    __ARM_common_switch8                     0x20001ff5   Thumb Code    28  storage.o(i.__ARM_common_switch8)
    __scatterload_copy                       0x20002011   Thumb Code    14  handlers.o(i.__scatterload_copy)
    __scatterload_null                       0x2000201f   Thumb Code     2  handlers.o(i.__scatterload_null)
    __scatterload_zeroinit                   0x20002021   Thumb Code    14  handlers.o(i.__scatterload_zeroinit)
    _sys_device_do_config_level              0x200020a1   Thumb Code    36  device.o(i._sys_device_do_config_level)
    app_main                                 0x200020c9   Thumb Code   112  main.o(i.app_main)
    att_cfm_sent_new                         0x20002171   Thumb Code    30  bt_host_patch.o(i.att_cfm_sent_new)
    att_req_sent_new                         0x20002191   Thumb Code    48  bt_host_patch.o(i.att_req_sent_new)
    att_rsp_sent_new                         0x200021c5   Thumb Code    30  bt_host_patch.o(i.att_rsp_sent_new)
    compute_checksum                         0x200023a1   Thumb Code    16  llc_hci.o(i.compute_checksum)
    debug_uart_init                          0x2000244d   Thumb Code   150  system.o(i.debug_uart_init)
    debug_uart_put_char                      0x200024f5   Thumb Code    50  system.o(i.debug_uart_put_char)
    device_busy_clear_new                    0x2000252d   Thumb Code    44  device.o(i.device_busy_clear_new)
    device_busy_set_new                      0x20002561   Thumb Code    44  device.o(i.device_busy_set_new)
    device_get_binding                       0x20002595   Thumb Code    44  device.o(i.device_get_binding)
    find_bt_keys                             0x200025f5   Thumb Code   336  storage.o(i.find_bt_keys)
    hci_tx_failure_new                       0x20002785   Thumb Code    18  llc_hci.o(i.hci_tx_failure_new)
    hci_vs_read_done_new                     0x200027b9   Thumb Code    72  llc_hci.o(i.hci_vs_read_done_new)
    idle_new                                 0x2000281d   Thumb Code     4  soc_pm.o(i.idle_new)
    le_conn_update_new                       0x20002839   Thumb Code   138  bt_host_patch.o(i.le_conn_update_new)
    llcc_rx_cmd_valid_handler_new            0x20002919   Thumb Code   274  llc_hci.o(i.llcc_rx_cmd_valid_handler_new)
    llcc_rxcmd_valid_handler_new             0x20002a39   Thumb Code     8  llc_hci.o(i.llcc_rxcmd_valid_handler_new)
    llcc_rxdmal_done_handler_new             0x20002a41   Thumb Code     8  llc_hci.o(i.llcc_rxdmal_done_handler_new)
    llcc_tx_soft_reset_ack_cmd_new           0x20002a49   Thumb Code    26  llc_hci.o(i.llcc_tx_soft_reset_ack_cmd_new)
    llcc_write_new                           0x20002a65   Thumb Code   320  llc_hci.o(i.llcc_write_new)
    main                                     0x20002bad   Thumb Code    28  entry.o(i.main)
    new_k_delayed_work_cancel                0x20002bdd   Thumb Code   152  system_work_q.o(i.new_k_delayed_work_cancel)
    str2bt_addr                              0x20002f09   Thumb Code   114  bt_host_config_init.o(i.str2bt_addr)
    sys_pm_reboot                            0x20002f7d   Thumb Code   108  soc_pm.o(i.sys_pm_reboot)
    uart_acts_resume_device_from_suspend     0x200030d7   Thumb Code    50  uart_acts.o(i.uart_acts_resume_device_from_suspend)
    uart_acts_suspend_device                 0x20003109   Thumb Code    40  uart_acts.o(i.uart_acts_suspend_device)
    uart_console_init_new                    0x20003131   Thumb Code    18  uart_console.o(i.uart_console_init_new)
    update_conn_param_new                    0x2000317d   Thumb Code    28  bt_host_patch.o(i.update_conn_param_new)
    wp_rx_notify                             0x20003205   Thumb Code    86  main.o(i.wp_rx_notify)
    Region$$Table$$Base                      0x20003568   Number         0  anon$$obj.o(Region$$Table)
    Image$$ER_IROM$$Limit                    0x20003578   Number         0  anon$$obj.o ABSOLUTE
    Region$$Table$$Limit                     0x20003578   Number         0  anon$$obj.o(Region$$Table)
    _idle_stack                              0x20003578   Data         512  kernel_config_init.o(.ram_retention_data)
    Image$$RW_IRAM_DEVICE_PRE_KERNEL_1$$Base 0x20003778   Number         0  anon$$obj.o ABSOLUTE
    Image$$RW_IRAM_DEVICE_PRE_KERNEL_2$$Base 0x2000379c   Number         0  anon$$obj.o ABSOLUTE
    Image$$RW_IRAM_DEVICE_POST_KERNEL$$Base  0x200037a8   Number         0  anon$$obj.o ABSOLUTE
    Image$$RW_IRAM_DEVICE_APPLICATION$$Base  0x200037d8   Number         0  anon$$obj.o ABSOLUTE
    Image$$RW_IRAM_DEVICE_APPLICATION$$Limit 0x200037e4   Number         0  anon$$obj.o ABSOLUTE
    device_busy                              0x200037e4   Data           8  device.o(.device_BUSY)
    Image$$RW_IRAM__net_buf_pool_area$$Base  0x200037ec   Number         0  anon$$obj.o ABSOLUTE
    acl_tx_pool                              0x200037ec   Data          40  bt_host_config_init.o(._net_buf_pool.static.acl_tx_pool)
    hci_cmd_pool                             0x20003814   Data          40  bt_host_config_init.o(._net_buf_pool.static.hci_cmd_pool)
    hci_rx_pool_0                            0x2000383c   Data          40  bt_host_config_init.o(._net_buf_pool.static.hci_rx_pool_0)
    hci_rx_pool_2                            0x20003864   Data          40  bt_host_config_init.o(._net_buf_pool.static.hci_rx_pool_2)
    hci_rx_pool_3                            0x2000388c   Data          40  bt_host_config_init.o(._net_buf_pool.static.hci_rx_pool_3)
    prep_pool                                0x200038b4   Data          40  bt_host_config_init.o(._net_buf_pool.static.prep_pool)
    Image$$RW_IRAM_PATCH_HW_FUNC$$Base       0x200038dc   Number         0  anon$$obj.o ABSOLUTE
    Image$$RW_IRAM_SHELL_CMD_START$$Base     0x200038dc   Number         0  anon$$obj.o ABSOLUTE
    Image$$RW_IRAM__mem_pool_area$$Base      0x200038dc   Number         0  anon$$obj.o ABSOLUTE
    Image$$RW_IRAM_PATCH_HW_CODE$$Base       0x2000391c   Number         0  anon$$obj.o ABSOLUTE
    Image$$RW_IRAM_PATCH_HW_FUNC$$Limit      0x2000391c   Number         0  anon$$obj.o ABSOLUTE
    Image$$RW_IRAM_PATCH_HW_CODE$$Limit      0x2000396c   Number         0  anon$$obj.o ABSOLUTE
    async_msg_free                           0x2000396c   Data          20  kernel_config_init.o(._k_stack.static.async_msg_free)
    bt_ready_flag                            0x20003d10   Data           1  main.o(.data)
    normal_vdd_val                           0x20003d28   Data           1  board.o(.data)
    dp_vdd_val                               0x20003d29   Data           1  board.o(.data)
    app_ready_update                         0x20003e34   Data           4  bt_host_patch.o(.data)
    ext_tx_trim                              0x20003ed8   Data          40  llcc.o(.init.once.data."..\\..\\..\\..\\drivers\\bluetooth\\hci\\llcc.c".10)
    runtime_tx                               0x20003f00   Data          16  llcc.o(.init.once.data."..\\..\\..\\..\\drivers\\bluetooth\\hci\\llcc.c".11)
    outer_tx_trim_efuse                      0x20003f10   Data          72  llcc.o(.init.once.data."..\\..\\..\\..\\drivers\\bluetooth\\hci\\llcc.c".12)
    outer_tx_trim_aband_efuse                0x20003f58   Data          48  llcc.o(.init.once.data."..\\..\\..\\..\\drivers\\bluetooth\\hci\\llcc.c".13)
    outer_ic_trim_efuse                      0x20003f88   Data          32  llcc.o(.init.once.data."..\\..\\..\\..\\drivers\\bluetooth\\hci\\llcc.c".4)
    ext_board_trim                           0x20003fa8   Data           8  llcc.o(.init.once.data."..\\..\\..\\..\\drivers\\bluetooth\\hci\\llcc.c".5)
    sleep_clk_accuracy                       0x20003fb0   Data           2  llcc.o(.init.once.data."..\\..\\..\\..\\drivers\\bluetooth\\hci\\llcc.c".6)
    retry_timeout                            0x20003fb2   Data           1  llcc.o(.init.once.data."..\\..\\..\\..\\drivers\\bluetooth\\hci\\llcc.c".7)
    outer_board_trim_efuse                   0x20003fb4   Data          32  llcc.o(.init.once.data."..\\..\\..\\..\\drivers\\bluetooth\\hci\\llcc.c".8)
    outer_final_board_trim_efuse             0x20003fd4   Data          24  llcc.o(.init.once.data."..\\..\\..\\..\\drivers\\bluetooth\\hci\\llcc.c".9)
    _main_stack                              0x20003ff0   Data        1024  kernel_config_init.o(.noinit."..\\..\\..\\..\\kernel\\kernel_config_init.c".0)
    sys_work_q_stack                         0x200043f0   Data        1024  kernel_config_init.o(.noinit."..\\..\\..\\..\\kernel\\kernel_config_init.c".1)
    _k_stack_buf_async_msg_free              0x20004b38   Data          40  kernel_config_init.o(.noinit."..\\..\\..\\..\\kernel\\kernel_config_init.c".3)
    Image$$RW_IRAM3$$Base                    0x200057d0   Number         0  anon$$obj.o ABSOLUTE
    _sw_isr_table                            0x200057d0   Data         256  entry.o(.bss)
    tx_timer                                 0x20005a50   Data          52  llcc.o(.bss)
    rx_timer                                 0x20005a84   Data          52  llcc.o(.bss)
    _interrupt_stack                         0x20006d80   Data         640  startup.o(STACK)
    __initial_sp                             0x20007000   Data           0  startup.o(STACK)



==============================================================================

Memory Map of the image

  Image Entry point : 0x200010e1

  Load Region LR_IROM (Base: 0x20001000, Size: 0x000047d0, Max: 0x0000a000, ABSOLUTE)

    Execution Region ER_IROM (Exec base: 0x20001000, Load base: 0x20001000, Size: 0x00002578, Max: 0xffffffff, ABSOLUTE)

    Exec Addr    Load Addr    Size         Type   Attr      Idx    E Section Name        Object

    0x20001000   0x20001000   0x000000e0   Data   RO            3    RESET               startup.o
    0x200010e0   0x200010e0   0x00000000   Code   RO         1204  * .ARM.Collect$$$$00000000  mc_p.l(entry.o)
    0x200010e0   0x200010e0   0x00000004   Code   RO         1211    .ARM.Collect$$$$00000001  mc_p.l(entry2.o)
    0x200010e4   0x200010e4   0x00000004   Code   RO         1214    .ARM.Collect$$$$00000004  mc_p.l(entry5.o)
    0x200010e8   0x200010e8   0x00000000   Code   RO         1216    .ARM.Collect$$$$00000008  mc_p.l(entry7b.o)
    0x200010e8   0x200010e8   0x00000000   Code   RO         1218    .ARM.Collect$$$$0000000A  mc_p.l(entry8b.o)
    0x200010e8   0x200010e8   0x00000008   Code   RO         1219    .ARM.Collect$$$$0000000B  mc_p.l(entry9a.o)
    0x200010f0   0x200010f0   0x00000000   Code   RO         1221    .ARM.Collect$$$$0000000D  mc_p.l(entry10a.o)
    0x200010f0   0x200010f0   0x00000000   Code   RO         1223    .ARM.Collect$$$$0000000F  mc_p.l(entry11a.o)
    0x200010f0   0x200010f0   0x00000004   Code   RO         1212    .ARM.Collect$$$$00002712  mc_p.l(entry2.o)
    0x200010f4   0x200010f4   0x00000038   Code   RO            4    .asm_patch          startup.o
    0x2000112c   0x2000112c   0x0000008c   Code   RO          240    .init.once.text."..\\..\\..\\..\\arch\\soc\\atb110x\\soc_patch.c".0  soc_patch.o
    0x200011b8   0x200011b8   0x00000084   Code   RO          241    .init.once.text."..\\..\\..\\..\\arch\\soc\\atb110x\\soc_patch.c".1  soc_patch.o
    0x2000123c   0x2000123c   0x00000002   Code   RO          242    .init.once.text."..\\..\\..\\..\\arch\\soc\\atb110x\\soc_patch.c".2  soc_patch.o
    0x2000123e   0x2000123e   0x0000001e   Code   RO          439    .init.once.text."..\\..\\..\\..\\boards\\board.c".1  board.o
    0x2000125c   0x2000125c   0x0000008c   Code   RO          440    .init.once.text."..\\..\\..\\..\\boards\\board.c".2  board.o
    0x200012e8   0x200012e8   0x000000a8   Code   RO          645    .init.once.text."..\\..\\..\\..\\drivers\\bluetooth\\hci\\llcc.c".0  llcc.o
    0x20001390   0x20001390   0x000000c4   Code   RO          646    .init.once.text."..\\..\\..\\..\\drivers\\bluetooth\\hci\\llcc.c".1  llcc.o
    0x20001454   0x20001454   0x0000003c   Code   RO          647    .init.once.text."..\\..\\..\\..\\drivers\\bluetooth\\hci\\llcc.c".14  llcc.o
    0x20001490   0x20001490   0x00000030   Code   RO          648    .init.once.text."..\\..\\..\\..\\drivers\\bluetooth\\hci\\llcc.c".15  llcc.o
    0x200014c0   0x200014c0   0x0000006e   Code   RO          649    .init.once.text."..\\..\\..\\..\\drivers\\bluetooth\\hci\\llcc.c".16  llcc.o
    0x2000152e   0x2000152e   0x00000002   PAD
    0x20001530   0x20001530   0x00000110   Code   RO          650    .init.once.text."..\\..\\..\\..\\drivers\\bluetooth\\hci\\llcc.c".17  llcc.o
    0x20001640   0x20001640   0x00000030   Code   RO          508    .init.once.text."..\\..\\..\\..\\drivers\\uart\\uart_acts.c".0  uart_acts.o
    0x20001670   0x20001670   0x00000014   Code   RO           14    .init.once.text."..\\..\\..\\..\\ext\\lib\\actions\\startup\\system.c".0  system.o
    0x20001684   0x20001684   0x000000b4   Code   RO          774    .init.once.text."..\\..\\..\\..\\kernel\\kernel_config_init.c".4  kernel_config_init.o
    0x20001738   0x20001738   0x00000260   Code   RO          882    .init.once.text."..\\..\\..\\..\\subsys\\bluetooth\\host\\bt_host_config_init.c".8  bt_host_config_init.o
    0x20001998   0x20001998   0x00000014   Code   RO          883    .init.once.text."..\\..\\..\\..\\subsys\\bluetooth\\host\\bt_host_config_init.c".9  bt_host_config_init.o
    0x200019ac   0x200019ac   0x000000f8   Code   RO          313    .init.once.text."..\\src\\main.c".0  main.o
    0x20001aa4   0x20001aa4   0x00000058   Code   RO            5    .text               startup.o
    0x20001afc   0x20001afc   0x00000024   Code   RO         1205    .text               mc_p.l(memcpya.o)
    0x20001b20   0x20001b20   0x00000024   Code   RO         1207    .text               mc_p.l(memseta.o)
    0x20001b44   0x20001b44   0x00000024   Code   RO         1225    .text               mc_p.l(init.o)
    0x20001b68   0x20001b68   0x0000000c   Ven    RO         1235    Veneer$$Code        anon$$obj.o
    0x20001b74   0x20001b74   0x0000000c   Ven    RO         1236    Veneer$$Code        anon$$obj.o
    0x20001b80   0x20001b80   0x0000000c   Ven    RO         1237    Veneer$$Code        anon$$obj.o
    0x20001b8c   0x20001b8c   0x0000000c   Ven    RO         1238    Veneer$$Code        anon$$obj.o
    0x20001b98   0x20001b98   0x0000000c   Ven    RO         1239    Veneer$$Code        anon$$obj.o
    0x20001ba4   0x20001ba4   0x0000000c   Ven    RO         1240    Veneer$$Code        anon$$obj.o
    0x20001bb0   0x20001bb0   0x0000000c   Ven    RO         1241    Veneer$$Code        anon$$obj.o
    0x20001bbc   0x20001bbc   0x0000000c   Ven    RO         1242    Veneer$$Code        anon$$obj.o
    0x20001bc8   0x20001bc8   0x0000000c   Ven    RO         1243    Veneer$$Code        anon$$obj.o
    0x20001bd4   0x20001bd4   0x0000000c   Ven    RO         1244    Veneer$$Code        anon$$obj.o
    0x20001be0   0x20001be0   0x0000000c   Ven    RO         1245    Veneer$$Code        anon$$obj.o
    0x20001bec   0x20001bec   0x0000000c   Ven    RO         1246    Veneer$$Code        anon$$obj.o
    0x20001bf8   0x20001bf8   0x0000000c   Ven    RO         1247    Veneer$$Code        anon$$obj.o
    0x20001c04   0x20001c04   0x0000000c   Ven    RO         1248    Veneer$$Code        anon$$obj.o
    0x20001c10   0x20001c10   0x0000000c   Ven    RO         1249    Veneer$$Code        anon$$obj.o
    0x20001c1c   0x20001c1c   0x0000000c   Ven    RO         1250    Veneer$$Code        anon$$obj.o
    0x20001c28   0x20001c28   0x0000000c   Ven    RO         1251    Veneer$$Code        anon$$obj.o
    0x20001c34   0x20001c34   0x0000000c   Ven    RO         1252    Veneer$$Code        anon$$obj.o
    0x20001c40   0x20001c40   0x0000000c   Ven    RO         1253    Veneer$$Code        anon$$obj.o
    0x20001c4c   0x20001c4c   0x0000000c   Ven    RO         1254    Veneer$$Code        anon$$obj.o
    0x20001c58   0x20001c58   0x0000000c   Ven    RO         1255    Veneer$$Code        anon$$obj.o
    0x20001c64   0x20001c64   0x0000000c   Ven    RO         1256    Veneer$$Code        anon$$obj.o
    0x20001c70   0x20001c70   0x0000000c   Ven    RO         1257    Veneer$$Code        anon$$obj.o
    0x20001c7c   0x20001c7c   0x0000000c   Ven    RO         1258    Veneer$$Code        anon$$obj.o
    0x20001c88   0x20001c88   0x0000000c   Ven    RO         1259    Veneer$$Code        anon$$obj.o
    0x20001c94   0x20001c94   0x0000000c   Ven    RO         1260    Veneer$$Code        anon$$obj.o
    0x20001ca0   0x20001ca0   0x0000000c   Ven    RO         1261    Veneer$$Code        anon$$obj.o
    0x20001cac   0x20001cac   0x0000000c   Ven    RO         1262    Veneer$$Code        anon$$obj.o
    0x20001cb8   0x20001cb8   0x0000000c   Ven    RO         1263    Veneer$$Code        anon$$obj.o
    0x20001cc4   0x20001cc4   0x0000000c   Ven    RO         1264    Veneer$$Code        anon$$obj.o
    0x20001cd0   0x20001cd0   0x0000000c   Ven    RO         1265    Veneer$$Code        anon$$obj.o
    0x20001cdc   0x20001cdc   0x0000000c   Ven    RO         1266    Veneer$$Code        anon$$obj.o
    0x20001ce8   0x20001ce8   0x0000000c   Ven    RO         1267    Veneer$$Code        anon$$obj.o
    0x20001cf4   0x20001cf4   0x0000000c   Ven    RO         1268    Veneer$$Code        anon$$obj.o
    0x20001d00   0x20001d00   0x0000000c   Ven    RO         1269    Veneer$$Code        anon$$obj.o
    0x20001d0c   0x20001d0c   0x0000000c   Ven    RO         1270    Veneer$$Code        anon$$obj.o
    0x20001d18   0x20001d18   0x0000000c   Ven    RO         1271    Veneer$$Code        anon$$obj.o
    0x20001d24   0x20001d24   0x0000000c   Ven    RO         1272    Veneer$$Code        anon$$obj.o
    0x20001d30   0x20001d30   0x0000000c   Ven    RO         1273    Veneer$$Code        anon$$obj.o
    0x20001d3c   0x20001d3c   0x0000000c   Ven    RO         1274    Veneer$$Code        anon$$obj.o
    0x20001d48   0x20001d48   0x0000000c   Ven    RO         1275    Veneer$$Code        anon$$obj.o
    0x20001d54   0x20001d54   0x0000000c   Ven    RO         1276    Veneer$$Code        anon$$obj.o
    0x20001d60   0x20001d60   0x0000000c   Ven    RO         1277    Veneer$$Code        anon$$obj.o
    0x20001d6c   0x20001d6c   0x0000000c   Ven    RO         1278    Veneer$$Code        anon$$obj.o
    0x20001d78   0x20001d78   0x0000000c   Ven    RO         1279    Veneer$$Code        anon$$obj.o
    0x20001d84   0x20001d84   0x0000000c   Ven    RO         1280    Veneer$$Code        anon$$obj.o
    0x20001d90   0x20001d90   0x0000000c   Ven    RO         1281    Veneer$$Code        anon$$obj.o
    0x20001d9c   0x20001d9c   0x0000000c   Ven    RO         1282    Veneer$$Code        anon$$obj.o
    0x20001da8   0x20001da8   0x0000000c   Ven    RO         1283    Veneer$$Code        anon$$obj.o
    0x20001db4   0x20001db4   0x0000000c   Ven    RO         1284    Veneer$$Code        anon$$obj.o
    0x20001dc0   0x20001dc0   0x0000000c   Ven    RO         1285    Veneer$$Code        anon$$obj.o
    0x20001dcc   0x20001dcc   0x0000000c   Ven    RO         1286    Veneer$$Code        anon$$obj.o
    0x20001dd8   0x20001dd8   0x0000000c   Ven    RO         1287    Veneer$$Code        anon$$obj.o
    0x20001de4   0x20001de4   0x0000000c   Ven    RO         1288    Veneer$$Code        anon$$obj.o
    0x20001df0   0x20001df0   0x0000000c   Ven    RO         1289    Veneer$$Code        anon$$obj.o
    0x20001dfc   0x20001dfc   0x0000000c   Ven    RO         1290    Veneer$$Code        anon$$obj.o
    0x20001e08   0x20001e08   0x0000000c   Ven    RO         1291    Veneer$$Code        anon$$obj.o
    0x20001e14   0x20001e14   0x0000000c   Ven    RO         1292    Veneer$$Code        anon$$obj.o
    0x20001e20   0x20001e20   0x0000000c   Ven    RO         1293    Veneer$$Code        anon$$obj.o
    0x20001e2c   0x20001e2c   0x0000000c   Ven    RO         1294    Veneer$$Code        anon$$obj.o
    0x20001e38   0x20001e38   0x0000000c   Ven    RO         1295    Veneer$$Code        anon$$obj.o
    0x20001e44   0x20001e44   0x0000000c   Ven    RO         1296    Veneer$$Code        anon$$obj.o
    0x20001e50   0x20001e50   0x0000000c   Ven    RO         1297    Veneer$$Code        anon$$obj.o
    0x20001e5c   0x20001e5c   0x0000000c   Ven    RO         1298    Veneer$$Code        anon$$obj.o
    0x20001e68   0x20001e68   0x0000000c   Ven    RO         1299    Veneer$$Code        anon$$obj.o
    0x20001e74   0x20001e74   0x0000000c   Ven    RO         1300    Veneer$$Code        anon$$obj.o
    0x20001e80   0x20001e80   0x0000000c   Ven    RO         1301    Veneer$$Code        anon$$obj.o
    0x20001e8c   0x20001e8c   0x0000000c   Ven    RO         1302    Veneer$$Code        anon$$obj.o
    0x20001e98   0x20001e98   0x0000000c   Ven    RO         1303    Veneer$$Code        anon$$obj.o
    0x20001ea4   0x20001ea4   0x0000000c   Ven    RO         1304    Veneer$$Code        anon$$obj.o
    0x20001eb0   0x20001eb0   0x0000000c   Ven    RO         1305    Veneer$$Code        anon$$obj.o
    0x20001ebc   0x20001ebc   0x0000000c   Ven    RO         1306    Veneer$$Code        anon$$obj.o
    0x20001ec8   0x20001ec8   0x0000000c   Ven    RO         1307    Veneer$$Code        anon$$obj.o
    0x20001ed4   0x20001ed4   0x0000000c   Ven    RO         1308    Veneer$$Code        anon$$obj.o
    0x20001ee0   0x20001ee0   0x0000000c   Ven    RO         1309    Veneer$$Code        anon$$obj.o
    0x20001eec   0x20001eec   0x0000000c   Ven    RO         1310    Veneer$$Code        anon$$obj.o
    0x20001ef8   0x20001ef8   0x0000000c   Ven    RO         1311    Veneer$$Code        anon$$obj.o
    0x20001f04   0x20001f04   0x0000000c   Ven    RO         1312    Veneer$$Code        anon$$obj.o
    0x20001f10   0x20001f10   0x0000000c   Ven    RO         1313    Veneer$$Code        anon$$obj.o
    0x20001f1c   0x20001f1c   0x0000000c   Ven    RO         1314    Veneer$$Code        anon$$obj.o
    0x20001f28   0x20001f28   0x0000000c   Ven    RO         1315    Veneer$$Code        anon$$obj.o
    0x20001f34   0x20001f34   0x0000000c   Ven    RO         1316    Veneer$$Code        anon$$obj.o
    0x20001f40   0x20001f40   0x0000000c   Ven    RO         1317    Veneer$$Code        anon$$obj.o
    0x20001f4c   0x20001f4c   0x0000000c   Ven    RO         1318    Veneer$$Code        anon$$obj.o
    0x20001f58   0x20001f58   0x0000000c   Ven    RO         1319    Veneer$$Code        anon$$obj.o
    0x20001f64   0x20001f64   0x0000000c   Ven    RO         1320    Veneer$$Code        anon$$obj.o
    0x20001f70   0x20001f70   0x0000000c   Ven    RO         1321    Veneer$$Code        anon$$obj.o
    0x20001f7c   0x20001f7c   0x0000000c   Ven    RO         1322    Veneer$$Code        anon$$obj.o
    0x20001f88   0x20001f88   0x0000000c   Ven    RO         1323    Veneer$$Code        anon$$obj.o
    0x20001f94   0x20001f94   0x0000000c   Ven    RO         1324    Veneer$$Code        anon$$obj.o
    0x20001fa0   0x20001fa0   0x0000000c   Ven    RO         1325    Veneer$$Code        anon$$obj.o
    0x20001fac   0x20001fac   0x0000000c   Ven    RO         1326    Veneer$$Code        anon$$obj.o
    0x20001fb8   0x20001fb8   0x0000000c   Ven    RO         1327    Veneer$$Code        anon$$obj.o
    0x20001fc4   0x20001fc4   0x0000000c   Ven    RO         1328    Veneer$$Code        anon$$obj.o
    0x20001fd0   0x20001fd0   0x0000000c   Ven    RO         1329    Veneer$$Code        anon$$obj.o
    0x20001fdc   0x20001fdc   0x0000000c   Ven    RO         1330    Veneer$$Code        anon$$obj.o
    0x20001fe8   0x20001fe8   0x0000000c   Ven    RO         1331    Veneer$$Code        anon$$obj.o
    0x20001ff4   0x20001ff4   0x0000001c   Code   RO         1175    i.__ARM_common_switch8  storage.o
    0x20002010   0x20002010   0x0000000e   Code   RO         1229    i.__scatterload_copy  mc_p.l(handlers.o)
    0x2000201e   0x2000201e   0x00000002   Code   RO         1230    i.__scatterload_null  mc_p.l(handlers.o)
    0x20002020   0x20002020   0x0000000e   Code   RO         1231    i.__scatterload_zeroinit  mc_p.l(handlers.o)
    0x2000202e   0x2000202e   0x00000002   PAD
    0x20002030   0x20002030   0x00000070   Code   RO          822    i._abort_timeout    system_work_q.o
    0x200020a0   0x200020a0   0x00000028   Code   RO          716    i._sys_device_do_config_level  device.o
    0x200020c8   0x200020c8   0x000000a8   Code   RO          314    i.app_main          main.o
    0x20002170   0x20002170   0x0000001e   Code   RO         1023    i.att_cfm_sent_new  bt_host_patch.o
    0x2000218e   0x2000218e   0x00000002   PAD
    0x20002190   0x20002190   0x00000034   Code   RO         1024    i.att_req_sent_new  bt_host_patch.o
    0x200021c4   0x200021c4   0x0000001e   Code   RO         1025    i.att_rsp_sent_new  bt_host_patch.o
    0x200021e2   0x200021e2   0x00000002   PAD
    0x200021e4   0x200021e4   0x0000003c   Code   RO          315    i.auth_cancel       main.o
    0x20002220   0x20002220   0x00000040   Code   RO          316    i.auth_passkey_display  main.o
    0x20002260   0x20002260   0x00000012   Code   RO         1129    i.bt_addr_le_cmp    storage.o
    0x20002272   0x20002272   0x00000012   Code   RO         1130    i.bt_addr_le_copy   storage.o
    0x20002284   0x20002284   0x000000d4   Code   RO          317    i.bt_addr_le_to_str  main.o
    0x20002358   0x20002358   0x00000048   Code   RO          884    i.char2hex          bt_host_config_init.o
    0x200023a0   0x200023a0   0x00000010   Code   RO          556    i.compute_checksum  llc_hci.o
    0x200023b0   0x200023b0   0x0000007c   Code   RO          318    i.connected         main.o
    0x2000242c   0x2000242c   0x00000020   Code   RO          557    i.crc8_compute      llc_hci.o
    0x2000244c   0x2000244c   0x000000a8   Code   RO           15    i.debug_uart_init   system.o
    0x200024f4   0x200024f4   0x00000038   Code   RO           16    i.debug_uart_put_char  system.o
    0x2000252c   0x2000252c   0x00000034   Code   RO          718    i.device_busy_clear_new  device.o
    0x20002560   0x20002560   0x00000034   Code   RO          719    i.device_busy_set_new  device.o
    0x20002594   0x20002594   0x00000034   Code   RO          720    i.device_get_binding  device.o
    0x200025c8   0x200025c8   0x0000002c   Code   RO          319    i.disconnected      main.o
    0x200025f4   0x200025f4   0x00000190   Code   RO         1131    i.find_bt_keys      storage.o
    0x20002784   0x20002784   0x00000034   Code   RO          558    i.hci_tx_failure_new  llc_hci.o
    0x200027b8   0x200027b8   0x00000064   Code   RO          559    i.hci_vs_read_done_new  llc_hci.o
    0x2000281c   0x2000281c   0x00000004   Code   RO          287    i.idle_new          soc_pm.o
    0x20002820   0x20002820   0x00000018   Code   RO         1028    i.k_delayed_work_submit  bt_host_patch.o
    0x20002838   0x20002838   0x00000098   Code   RO         1029    i.le_conn_update_new  bt_host_patch.o
    0x200028d0   0x200028d0   0x00000048   Code   RO          320    i.le_param_updated  main.o
    0x20002918   0x20002918   0x00000120   Code   RO          560    i.llcc_rx_cmd_valid_handler_new  llc_hci.o
    0x20002a38   0x20002a38   0x00000008   Code   RO          561    i.llcc_rxcmd_valid_handler_new  llc_hci.o
    0x20002a40   0x20002a40   0x00000008   Code   RO          562    i.llcc_rxdmal_done_handler_new  llc_hci.o
    0x20002a48   0x20002a48   0x0000001a   Code   RO          563    i.llcc_tx_soft_reset_ack_cmd_new  llc_hci.o
    0x20002a62   0x20002a62   0x00000002   PAD
    0x20002a64   0x20002a64   0x00000148   Code   RO          564    i.llcc_write_new    llc_hci.o
    0x20002bac   0x20002bac   0x00000030   Code   RO          212    i.main              entry.o
    0x20002bdc   0x20002bdc   0x00000098   Code   RO          823    i.new_k_delayed_work_cancel  system_work_q.o
    0x20002c74   0x20002c74   0x00000028   Code   RO          886    i.sc_ccc_cfg_changed  bt_host_config_init.o
    0x20002c9c   0x20002c9c   0x00000048   Code   RO          321    i.security_changed  main.o
    0x20002ce4   0x20002ce4   0x00000028   Code   RO         1132    i.storage_clear     storage.o
    0x20002d0c   0x20002d0c   0x00000048   Code   RO         1133    i.storage_init      storage.o
    0x20002d54   0x20002d54   0x000000e0   Code   RO         1134    i.storage_read      storage.o
    0x20002e34   0x20002e34   0x000000d4   Code   RO         1135    i.storage_write     storage.o
    0x20002f08   0x20002f08   0x00000072   Code   RO          888    i.str2bt_addr       bt_host_config_init.o
    0x20002f7a   0x20002f7a   0x00000002   PAD
    0x20002f7c   0x20002f7c   0x000000ec   Code   RO          288    i.sys_pm_reboot     soc_pm.o
    0x20003068   0x20003068   0x00000006   Code   RO           17    i.sys_read32        system.o
    0x2000306e   0x2000306e   0x0000005c   Code   RO          824    i.sys_slist_find_and_remove  system_work_q.o
    0x200030ca   0x200030ca   0x00000004   Code   RO           18    i.sys_write32       system.o
    0x200030ce   0x200030ce   0x00000004   Code   RO          441    i.sys_write32       board.o
    0x200030d2   0x200030d2   0x00000004   Code   RO          509    i.sys_write32       uart_acts.o
    0x200030d6   0x200030d6   0x00000032   Code   RO          510    i.uart_acts_resume_device_from_suspend  uart_acts.o
    0x20003108   0x20003108   0x00000028   Code   RO          511    i.uart_acts_suspend_device  uart_acts.o
    0x20003130   0x20003130   0x00000020   Code   RO          477    i.uart_console_init_new  uart_console.o
    0x20003150   0x20003150   0x0000002c   Code   RO          512    i.uart_device_ctrl  uart_acts.o
    0x2000317c   0x2000317c   0x00000020   Code   RO         1031    i.update_conn_param_new  bt_host_patch.o
    0x2000319c   0x2000319c   0x00000034   Code   RO          322    i.wp_ctrl_ccc_cfg_changed  main.o
    0x200031d0   0x200031d0   0x00000034   Code   RO          323    i.wp_rx_ccc_cfg_changed  main.o
    0x20003204   0x20003204   0x00000084   Code   RO          324    i.wp_rx_notify      main.o
    0x20003288   0x20003288   0x00000074   Code   RO          325    i.write_wp_ctrl     main.o
    0x200032fc   0x200032fc   0x00000070   Code   RO          326    i.write_wp_tx       main.o
    0x2000336c   0x2000336c   0x00000040   Data   RO          328    .constdata          main.o
    0x200033ac   0x200033ac   0x0000000c   Data   RO          513    .constdata          uart_acts.o
    0x200033b8   0x200033b8   0x00000100   Data   RO          565    .constdata          llc_hci.o
    0x200034b8   0x200034b8   0x0000000c   Data   RO         1137    .constdata          storage.o
    0x200034c4   0x200034c4   0x0000000d   Data   RO          329    .conststring        main.o
    0x200034d1   0x200034d1   0x00000003   PAD
    0x200034d4   0x200034d4   0x00000001   Data   RO          442    .conststrlit        board.o
    0x200034d5   0x200034d5   0x00000003   PAD
    0x200034d8   0x200034d8   0x00000001   Data   RO          478    .conststrlit        uart_console.o
    0x200034d9   0x200034d9   0x00000003   PAD
    0x200034dc   0x200034dc   0x0000000a   Data   RO          494    .conststrlit        sys_clock_init.o
    0x200034e6   0x200034e6   0x00000002   PAD
    0x200034e8   0x200034e8   0x00000007   Data   RO          514    .conststrlit        uart_acts.o
    0x200034ef   0x200034ef   0x00000001   PAD
    0x200034f0   0x200034f0   0x00000001   Data   RO          652    .conststrlit        llcc.o
    0x200034f1   0x200034f1   0x00000003   PAD
    0x200034f4   0x200034f4   0x00000001   Data   RO          825    .conststrlit        system_work_q.o
    0x200034f5   0x200034f5   0x00000003   PAD
    0x200034f8   0x200034f8   0x00000059   Data   RO          897    .conststrlit        bt_host_config_init.o
    0x20003551   0x20003551   0x00000003   PAD
    0x20003554   0x20003554   0x00000001   Data   RO         1138    .conststrlit        storage.o
    0x20003555   0x20003555   0x00000003   PAD
    0x20003558   0x20003558   0x00000010   Data   RO          445    .init.once.data."..\\..\\..\\..\\boards\\board.c".0  board.o
    0x20003568   0x20003568   0x00000010   Data   RO         1227    Region$$Table       anon$$obj.o


    Execution Region RAM_RETENTION (Exec base: 0x20003578, Load base: 0x20003578, Size: 0x00000200, Max: 0xffffffff, ABSOLUTE)

    Exec Addr    Load Addr    Size         Type   Attr      Idx    E Section Name        Object

    0x20003578   0x20003578   0x00000200   Data   RW          780    .ram_retention_data  kernel_config_init.o


    Execution Region RW_IRAM_DEVICE_PRE_KERNEL_1 (Exec base: 0x20003778, Load base: 0x20003778, Size: 0x00000024, Max: 0xffffffff, ABSOLUTE)

    Exec Addr    Load Addr    Size         Type   Attr      Idx    E Section Name        Object

    0x20003778   0x20003778   0x0000000c   Data   RW          446    .init_PRE_KERNEL_10  board.o
    0x20003784   0x20003784   0x0000000c   Data   RW          517    .init_PRE_KERNEL_150  uart_acts.o
    0x20003790   0x20003790   0x0000000c   Data   RW          480    .init_PRE_KERNEL_160  uart_console.o


    Execution Region RW_IRAM_DEVICE_PRE_KERNEL_2 (Exec base: 0x2000379c, Load base: 0x2000379c, Size: 0x0000000c, Max: 0xffffffff, ABSOLUTE)

    Exec Addr    Load Addr    Size         Type   Attr      Idx    E Section Name        Object

    0x2000379c   0x2000379c   0x0000000c   Data   RW          496    .init_PRE_KERNEL_20  sys_clock_init.o


    Execution Region RW_IRAM_DEVICE_POST_KERNEL (Exec base: 0x200037a8, Load base: 0x200037a8, Size: 0x00000030, Max: 0xffffffff, ABSOLUTE)

    Exec Addr    Load Addr    Size         Type   Attr      Idx    E Section Name        Object

    0x200037a8   0x200037a8   0x0000000c   Data   RW          827    .init_POST_KERNEL40  system_work_q.o
    0x200037b4   0x200037b4   0x00000018   Data   RW          664    .init_POST_KERNEL50  llcc.o
    0x200037cc   0x200037cc   0x0000000c   Data   RW          900    .init_POST_KERNEL50  bt_host_config_init.o


    Execution Region RW_IRAM_DEVICE_APPLICATION (Exec base: 0x200037d8, Load base: 0x200037d8, Size: 0x0000000c, Max: 0xffffffff, ABSOLUTE)

    Exec Addr    Load Addr    Size         Type   Attr      Idx    E Section Name        Object

    0x200037d8   0x200037d8   0x0000000c   Data   RW         1141    .init_APPLICATION40  storage.o


    Execution Region RW_IRAM_DEVICE_BUSY (Exec base: 0x200037e4, Load base: 0x200037e4, Size: 0x00000008, Max: 0xffffffff, ABSOLUTE)

    Exec Addr    Load Addr    Size         Type   Attr      Idx    E Section Name        Object

    0x200037e4   0x200037e4   0x00000008   Data   RW          723    .device_BUSY        device.o


    Execution Region RW_IRAM__net_buf_pool_area (Exec base: 0x200037ec, Load base: 0x200037ec, Size: 0x000000f0, Max: 0xffffffff, ABSOLUTE)

    Exec Addr    Load Addr    Size         Type   Attr      Idx    E Section Name        Object

    0x200037ec   0x200037ec   0x00000028   Data   RW          889    ._net_buf_pool.static.acl_tx_pool  bt_host_config_init.o
    0x20003814   0x20003814   0x00000028   Data   RW          890    ._net_buf_pool.static.hci_cmd_pool  bt_host_config_init.o
    0x2000383c   0x2000383c   0x00000028   Data   RW          891    ._net_buf_pool.static.hci_rx_pool_0  bt_host_config_init.o
    0x20003864   0x20003864   0x00000028   Data   RW          892    ._net_buf_pool.static.hci_rx_pool_2  bt_host_config_init.o
    0x2000388c   0x2000388c   0x00000028   Data   RW          893    ._net_buf_pool.static.hci_rx_pool_3  bt_host_config_init.o
    0x200038b4   0x200038b4   0x00000028   Data   RW          894    ._net_buf_pool.static.prep_pool  bt_host_config_init.o


    Execution Region RW_IRAM__mem_pool_area (Exec base: 0x200038dc, Load base: 0x200038dc, Size: 0x00000000, Max: 0xffffffff, ABSOLUTE)

    **** No section assigned to this execution region ****


    Execution Region RW_IRAM_SHELL_CMD_START (Exec base: 0x200038dc, Load base: 0x200038dc, Size: 0x00000000, Max: 0xffffffff, ABSOLUTE)

    **** No section assigned to this execution region ****


    Execution Region RW_IRAM_PATCH_HW_FUNC (Exec base: 0x200038dc, Load base: 0x200038dc, Size: 0x00000040, Max: 0x00000060, ABSOLUTE)

    Exec Addr    Load Addr    Size         Type   Attr      Idx    E Section Name        Object

    0x200038dc   0x200038dc   0x00000008   Data   RW          289    .patch_hw_func      soc_pm.o
    0x200038e4   0x200038e4   0x00000008   Data   RW          567    .patch_hw_func      llc_hci.o
    0x200038ec   0x200038ec   0x00000010   Data   RW          724    .patch_hw_func      device.o
    0x200038fc   0x200038fc   0x00000008   Data   RW          828    .patch_hw_func      system_work_q.o
    0x20003904   0x20003904   0x00000018   Data   RW         1034    .patch_hw_func      bt_host_patch.o


    Execution Region RW_IRAM_PATCH_HW_CODE (Exec base: 0x2000391c, Load base: 0x2000391c, Size: 0x00000050, Max: 0x00000060, ABSOLUTE)

    Exec Addr    Load Addr    Size         Type   Attr      Idx    E Section Name        Object

    0x2000391c   0x2000391c   0x00000038   Data   RW          566    .patch_hw_code      llc_hci.o
    0x20003954   0x20003954   0x00000018   Data   RW         1033    .patch_hw_code      bt_host_patch.o


    Execution Region RW_IRAM2 (Exec base: 0x2000396c, Load base: 0x2000396c, Size: 0x00001e64, Max: 0xffffffff, ABSOLUTE)

    Exec Addr    Load Addr    Size         Type   Attr      Idx    E Section Name        Object

    0x2000396c   0x2000396c   0x00000014   Data   RW          775    ._k_stack.static.async_msg_free  kernel_config_init.o
    0x20003980   0x20003980   0x000003a8   Data   RW          330    .data               main.o
    0x20003d28   0x20003d28   0x00000002   Data   RW          443    .data               board.o
    0x20003d2a   0x20003d2a   0x00000002   PAD
    0x20003d2c   0x20003d2c   0x00000018   Data   RW          515    .data               uart_acts.o
    0x20003d44   0x20003d44   0x00000014   Data   RW          722    .data               device.o
    0x20003d58   0x20003d58   0x000000dc   Data   RW          898    .data               bt_host_config_init.o
    0x20003e34   0x20003e34   0x00000005   Data   RW         1032    .data               bt_host_patch.o
    0x20003e39   0x20003e39   0x00000003   PAD
    0x20003e3c   0x20003e3c   0x0000000c   Data   RW         1139    .data               storage.o
    0x20003e48   0x20003e48   0x00000010   Data   RW          444    .devconfig.init     board.o
    0x20003e58   0x20003e58   0x00000010   Data   RW          479    .devconfig.init     uart_console.o
    0x20003e68   0x20003e68   0x00000010   Data   RW          495    .devconfig.init     sys_clock_init.o
    0x20003e78   0x20003e78   0x00000010   Data   RW          516    .devconfig.init     uart_acts.o
    0x20003e88   0x20003e88   0x00000020   Data   RW          653    .devconfig.init     llcc.o
    0x20003ea8   0x20003ea8   0x00000010   Data   RW          826    .devconfig.init     system_work_q.o
    0x20003eb8   0x20003eb8   0x00000010   Data   RW          899    .devconfig.init     bt_host_config_init.o
    0x20003ec8   0x20003ec8   0x00000010   Data   RW         1140    .devconfig.init     storage.o
    0x20003ed8   0x20003ed8   0x00000028   Data   RW          654    .init.once.data."..\\..\\..\\..\\drivers\\bluetooth\\hci\\llcc.c".10  llcc.o
    0x20003f00   0x20003f00   0x00000010   Data   RW          655    .init.once.data."..\\..\\..\\..\\drivers\\bluetooth\\hci\\llcc.c".11  llcc.o
    0x20003f10   0x20003f10   0x00000048   Data   RW          656    .init.once.data."..\\..\\..\\..\\drivers\\bluetooth\\hci\\llcc.c".12  llcc.o
    0x20003f58   0x20003f58   0x00000030   Data   RW          657    .init.once.data."..\\..\\..\\..\\drivers\\bluetooth\\hci\\llcc.c".13  llcc.o
    0x20003f88   0x20003f88   0x00000020   Data   RW          658    .init.once.data."..\\..\\..\\..\\drivers\\bluetooth\\hci\\llcc.c".4  llcc.o
    0x20003fa8   0x20003fa8   0x00000008   Data   RW          659    .init.once.data."..\\..\\..\\..\\drivers\\bluetooth\\hci\\llcc.c".5  llcc.o
    0x20003fb0   0x20003fb0   0x00000002   Data   RW          660    .init.once.data."..\\..\\..\\..\\drivers\\bluetooth\\hci\\llcc.c".6  llcc.o
    0x20003fb2   0x20003fb2   0x00000001   Data   RW          661    .init.once.data."..\\..\\..\\..\\drivers\\bluetooth\\hci\\llcc.c".7  llcc.o
    0x20003fb3   0x20003fb3   0x00000001   PAD
    0x20003fb4   0x20003fb4   0x00000020   Data   RW          662    .init.once.data."..\\..\\..\\..\\drivers\\bluetooth\\hci\\llcc.c".8  llcc.o
    0x20003fd4   0x20003fd4   0x00000018   Data   RW          663    .init.once.data."..\\..\\..\\..\\drivers\\bluetooth\\hci\\llcc.c".9  llcc.o
    0x20003fec   0x20003fec   0x00000004   PAD
    0x20003ff0   0x20003ff0   0x00000400   Data   RW          776    .noinit."..\\..\\..\\..\\kernel\\kernel_config_init.c".0  kernel_config_init.o
    0x200043f0   0x200043f0   0x00000400   Data   RW          777    .noinit."..\\..\\..\\..\\kernel\\kernel_config_init.c".1  kernel_config_init.o
    0x200047f0   0x200047f0   0x00000348   Data   RW          778    .noinit."..\\..\\..\\..\\kernel\\kernel_config_init.c".2  kernel_config_init.o
    0x20004b38   0x20004b38   0x00000028   Data   RW          779    .noinit."..\\..\\..\\..\\kernel\\kernel_config_init.c".3  kernel_config_init.o
    0x20004b60   0x20004b60   0x000000d0   Data   RW          901    .noinit."..\\..\\..\\..\\subsys\\bluetooth\\host\\bt_host_config_init.c".0  bt_host_config_init.o
    0x20004c30   0x20004c30   0x0000012c   Data   RW          902    .noinit."..\\..\\..\\..\\subsys\\bluetooth\\host\\bt_host_config_init.c".1  bt_host_config_init.o
    0x20004d5c   0x20004d5c   0x00000108   Data   RW          903    .noinit."..\\..\\..\\..\\subsys\\bluetooth\\host\\bt_host_config_init.c".2  bt_host_config_init.o
    0x20004e64   0x20004e64   0x000000a8   Data   RW          904    .noinit."..\\..\\..\\..\\subsys\\bluetooth\\host\\bt_host_config_init.c".3  bt_host_config_init.o
    0x20004f0c   0x20004f0c   0x00000190   Data   RW          905    .noinit."..\\..\\..\\..\\subsys\\bluetooth\\host\\bt_host_config_init.c".4  bt_host_config_init.o
    0x2000509c   0x2000509c   0x00000001   Data   RW          906    .noinit."..\\..\\..\\..\\subsys\\bluetooth\\host\\bt_host_config_init.c".5  bt_host_config_init.o
    0x2000509d   0x2000509d   0x00000003   PAD
    0x200050a0   0x200050a0   0x0000022c   Data   RW          907    .noinit."..\\..\\..\\..\\subsys\\bluetooth\\host\\bt_host_config_init.c".6  bt_host_config_init.o
    0x200052cc   0x200052cc   0x00000004   PAD
    0x200052d0   0x200052d0   0x00000500   Data   RW          908    .noinit."..\\..\\..\\..\\subsys\\bluetooth\\host\\bt_host_config_init.c".7  bt_host_config_init.o


    Execution Region RW_IRAM3 (Exec base: 0x200057d0, Load base: 0x200057d0, Size: 0x000015b0, Max: 0xffffffff, ABSOLUTE)

    Exec Addr    Load Addr    Size         Type   Attr      Idx    E Section Name        Object

    0x200057d0        -       0x00000100   Zero   RW          213    .bss                entry.o
    0x200058d0        -       0x00000180   Zero   RW          327    .bss                main.o
    0x20005a50        -       0x00000068   Zero   RW          651    .bss                llcc.o
    0x20005ab8        -       0x00001198   Zero   RW          895    .bss                bt_host_config_init.o
    0x20006c50        -       0x00000130   Zero   RW         1136    .bss                storage.o


    Execution Region RW_STACK (Exec base: 0x20006d80, Load base: 0x200057d0, Size: 0x00000280, Max: 0xffffffff, ABSOLUTE, UNINIT)

    Exec Addr    Load Addr    Size         Type   Attr      Idx    E Section Name        Object

    0x20006d80        -       0x00000280   Zero   RW            1    STACK               startup.o


==============================================================================

Image component sizes


      Code (inc. data)   RO Data    RW Data    ZI Data      Debug   Object Name

       174         24         17         30          0       4085   board.o
       854        128         89       3665       4504      43477   bt_host_config_init.o
       320         28          0         53          0      34914   bt_host_patch.o
       196         28          0         44          0       7474   device.o
        48         20          0          0        256       4798   entry.o
       180         56          0       3460          0       1999   kernel_config_init.o
       858         88        256         64          0      32743   llc_hci.o
       854        248          1        331        104      11255   llcc.o
      1528        690         77        936        384      83310   main.o
       274         92          0          0          0       2979   soc_patch.o
       240        128          0          8          0       4415   soc_pm.o
       144         44        224          0        640       1264   startup.o
      1012        118         13         40        304      48551   storage.o
         0          0         10         28          0        308   sys_clock_init.o
       254         28          0          0          0      36576   system.o
       356          6          1         36          0      29999   system_work_q.o
       186         12         19         52          0       7434   uart_acts.o
        32         14          1         28          0        892   uart_console.o

    ----------------------------------------------------------------------
      8684       2140        748       8792       6192     356473   Object Totals
      1164        388         16          0          0          0   (incl. Generated)
        10          0         24         17          0          0   (incl. Padding)

    ----------------------------------------------------------------------

      Code (inc. data)   RO Data    RW Data    ZI Data      Debug   Library Member Name

         0          0          0          0          0          0   entry.o
         0          0          0          0          0          0   entry10a.o
         0          0          0          0          0          0   entry11a.o
         8          4          0          0          0          0   entry2.o
         4          0          0          0          0          0   entry5.o
         0          0          0          0          0          0   entry7b.o
         0          0          0          0          0          0   entry8b.o
         8          4          0          0          0          0   entry9a.o
        30          0          0          0          0          0   handlers.o
        36          8          0          0          0         68   init.o
        36          0          0          0          0         60   memcpya.o
        36          0          0          0          0        100   memseta.o

    ----------------------------------------------------------------------
       160         16          0          0          0        228   Library Totals
         2          0          0          0          0          0   (incl. Padding)

    ----------------------------------------------------------------------

      Code (inc. data)   RO Data    RW Data    ZI Data      Debug   Library Name

       158         16          0          0          0        228   mc_p.l

    ----------------------------------------------------------------------
       160         16          0          0          0        228   Library Totals

    ----------------------------------------------------------------------

==============================================================================


      Code (inc. data)   RO Data    RW Data    ZI Data      Debug   

      8844       2156        748       8792       6192     353589   Grand Totals
      8844       2156        748       8792       6192     353589   ELF Image Totals
      8844       2156        748       8792          0          0   ROM Totals

==============================================================================

    Total RO  Size (Code + RO Data)                 9592 (   9.37kB)
    Total RW  Size (RW Data + ZI Data)             14984 (  14.63kB)
    Total ROM Size (Code + RO Data + RW Data)      18384 (  17.95kB)

==============================================================================

