Component: ARM Compiler 5.06 update 5 (build 528) Tool: armlink [4d35e2]

==============================================================================

Section Cross References

    startup.o(RESET) refers to startup.o(STACK) for __initial_sp
    startup.o(RESET) refers to startup.o(.text) for Reset_Handler
    startup.o(.asm_patch) refers (Weak) to llc_hci.o(i.compute_checksum) for compute_checksum
    startup.o(.asm_patch) refers (Weak) to llc_hci.o(i.compute_checksum) for compute_checksum
    startup.o(.text) refers to memseta.o(.text) for __aeabi_memset
    startup.o(.text) refers to startup.o(STACK) for _interrupt_stack
    startup.o(.text) refers to system.o(.init.once.text."..\\..\\..\\..\\ext\\lib\\actions\\startup\\system.c".0) for SystemInit
    startup.o(.text) refers to entry.o(.ARM.Collect$$$$00000000) for __main
    system.o(.init.once.text."..\\..\\..\\..\\ext\\lib\\actions\\startup\\system.c".0) refers to system.o(i.debug_uart_init) for debug_uart_init
    entry.o(i.main) refers to system.o(i.debug_uart_put_char) for debug_uart_put_char
    entry.o(i.main) refers to kernel_config_init.o(.init.once.text."..\\..\\..\\..\\kernel\\kernel_config_init.c".4) for kernel_config_init
    entry.o(i.main) refers to device.o(i.device_get_binding) for device_get_binding
    entry.o(i.main) refers to device.o(i._sys_device_do_config_level) for _sys_device_do_config_level
    entry.o(i.main) refers to main.o(i.app_main) for app_main
    entry.o(i.main) refers to entry.o(.bss) for .bss
    soc_pm.o(i.sys_pm_reboot) refers to device.o(i.device_get_binding) for device_get_binding
    soc_pm.o(i.sys_pm_reboot) refers to startup.o(.text) for _arch_irq_lock_s
    soc_pm.o(.patch_hw_func) refers to soc_pm.o(i.idle_new) for idle_new
    main.o(.init.once.text."..\\src\\main.c".0) refers to wechat_protocol.o(i.wx_set_mac_address) for wx_set_mac_address
    main.o(.init.once.text."..\\src\\main.c".0) refers to wechat_service.o(i.wechat_init) for wechat_init
    main.o(.init.once.text."..\\src\\main.c".0) refers to wechat_service.o(i.wechat_advertise) for wechat_advertise
    main.o(.init.once.text."..\\src\\main.c".0) refers to main.o(i.airsync_proto_ind_status_cb) for airsync_proto_ind_status_cb
    main.o(.init.once.text."..\\src\\main.c".0) refers to main.o(i.airsync_proto_recv_cb) for airsync_proto_recv_cb
    main.o(.init.once.text."..\\src\\main.c".0) refers to main.o(.data) for .data
    main.o(i.airsync_proto_handle) refers to wechat_protocol.o(i.data_produce_func_send) for data_produce_func_send
    main.o(i.airsync_proto_handle) refers to wechat_service.o(i.wechat_send_data) for wechat_send_data
    main.o(i.airsync_proto_handle) refers to mem_manager.o(i.mem_free) for mem_free
    main.o(i.airsync_proto_ind_status_cb) refers to mem_manager.o(i.mem_init) for mem_init
    main.o(i.airsync_proto_ind_status_cb) refers to main.o(.data) for .data
    main.o(i.airsync_proto_recv_cb) refers to memcpya.o(.text) for __aeabi_memcpy
    main.o(i.airsync_proto_recv_cb) refers to wechat_protocol.o(i.data_consume_func_rec) for data_consume_func_rec
    main.o(i.airsync_proto_recv_cb) refers to main.o(.data) for .data
    main.o(i.app_main) refers to main.o(i.airsync_proto_handle) for airsync_proto_handle
    main.o(i.app_main) refers to main.o(.init.once.text."..\\src\\main.c".0) for bt_ready
    main.o(i.app_main) refers to main.o(.data) for .data
    main.o(.data) refers to main.o(.bss) for airsync_priv_data
    mem_manager.o(i.mem_free) refers to mem_manager.o(.bss) for .bss
    mem_manager.o(i.mem_init) refers to mem_manager.o(.bss) for .bss
    mem_manager.o(i.mem_malloc) refers to mem_manager.o(.bss) for .bss
    wechat_service.o(i.__indicate_cb) refers to wechat_service.o(.data) for .data
    wechat_service.o(i.__send_and_wait) refers to wechat_service.o(.bss) for .bss
    wechat_service.o(i.__send_and_wait) refers to wechat_service.o(.data) for .data
    wechat_service.o(i.connected) refers to wechat_service.o(.data) for .data
    wechat_service.o(i.disconnected) refers to wechat_service.o(i.wechat_advertise) for wechat_advertise
    wechat_service.o(i.disconnected) refers to wechat_service.o(.data) for .data
    wechat_service.o(i.ind_ch_ccc_cfg_changed) refers to wechat_service.o(.data) for .data
    wechat_service.o(i.rd_ch_read_cb) refers to wechat_service.o(.data) for .data
    wechat_service.o(i.wechat_advertise) refers to wechat_service.o(.constdata) for .constdata
    wechat_service.o(i.wechat_disconnect) refers to wechat_service.o(.data) for .data
    wechat_service.o(i.wechat_init) refers to wechat_service.o(.data) for .data
    wechat_service.o(i.wechat_send_data) refers to wechat_service.o(i.__send_and_wait) for __send_and_wait
    wechat_service.o(i.wechat_send_data) refers to memseta.o(.text) for __aeabi_memclr4
    wechat_service.o(i.wechat_send_data) refers to memcpya.o(.text) for __aeabi_memcpy
    wechat_service.o(i.wechat_send_data) refers to wechat_service.o(.data) for .data
[...]
    _handling_timeouts                       0x200009a4   Data           0  rom_zephyr_symdefs.txt ABSOLUTE
    _time_slice_elapsed                      0x200009a8   Data           0  rom_zephyr_symdefs.txt ABSOLUTE
    _p_main_stack                            0x200009ac   Data           0  rom_zephyr_symdefs.txt ABSOLUTE
    pkernel_config_init                      0x200009b0   Data           0  rom_zephyr_symdefs.txt ABSOLUTE
    _idle_thread_stack_size                  0x200009b4   Data           0  rom_zephyr_symdefs.txt ABSOLUTE
    DEVICE_BUSY_SIZE                         0x200009b8   Data           0  rom_zephyr_symdefs.txt ABSOLUTE
    _sys_clock_tick_count                    0x200009c0   Data           0  rom_zephyr_symdefs.txt ABSOLUTE
    p_async_msg_free                         0x200009c8   Data           0  rom_zephyr_symdefs.txt ABSOLUTE
    k_sys_work_q                             0x200009cc   Data           0  rom_zephyr_symdefs.txt ABSOLUTE
    _outer_k_mem_pool_list_start             0x20000a44   Data           0  rom_zephyr_symdefs.txt ABSOLUTE
    async_msg                                0x20000a48   Data           0  rom_zephyr_symdefs.txt ABSOLUTE
    _p_main_stack_end                        0x20000a4c   Data           0  rom_zephyr_symdefs.txt ABSOLUTE
    _main_thread_prio                        0x20000a54   Data           0  rom_zephyr_symdefs.txt ABSOLUTE
    _idle_thread_prio                        0x20000a58   Data           0  rom_zephyr_symdefs.txt ABSOLUTE
    sys_work_queue_prio                      0x20000a5c   Data           0  rom_zephyr_symdefs.txt ABSOLUTE
    p_sys_work_queue_stack                   0x20000a60   Data           0  rom_zephyr_symdefs.txt ABSOLUTE
    _p_interrupt_stack                       0x20000a70   Data           0  rom_zephyr_symdefs.txt ABSOLUTE
    _interrupt_stack_size                    0x20000a74   Data           0  rom_zephyr_symdefs.txt ABSOLUTE
    llcc_hci_dev                             0x20000a7c   Data           0  rom_zephyr_symdefs.txt ABSOLUTE
    p_tx_timer                               0x20000a80   Data           0  rom_zephyr_symdefs.txt ABSOLUTE
    ic_trim_efuse                            0x20000a84   Data           0  rom_zephyr_symdefs.txt ABSOLUTE
    nvram_buf                                0x20000a88   Data           0  rom_zephyr_symdefs.txt ABSOLUTE
    p_BleLlcInit                             0x20000a8c   Data           0  rom_zephyr_symdefs.txt ABSOLUTE
    tx_trim_aband_efuse                      0x20000a90   Data           0  rom_zephyr_symdefs.txt ABSOLUTE
    p_rx_timer                               0x20000a94   Data           0  rom_zephyr_symdefs.txt ABSOLUTE
    p_llcc_upload_tx_trim                    0x20000a98   Data           0  rom_zephyr_symdefs.txt ABSOLUTE
    final_board_trim_efuse                   0x20000a9c   Data           0  rom_zephyr_symdefs.txt ABSOLUTE
    user_nvram_region                        0x20000aa0   Data           0  rom_zephyr_symdefs.txt ABSOLUTE
    factory_nvram_region                     0x20000ac0   Data           0  rom_zephyr_symdefs.txt ABSOLUTE
    prepare_hook                             0x20000ae0   Data           0  rom_zephyr_symdefs.txt ABSOLUTE
    llcc_tx_trim_mode                        0x20000ae4   Data           0  rom_zephyr_symdefs.txt ABSOLUTE
    p_llc_init_trim_upload                   0x20000ae8   Data           0  rom_zephyr_symdefs.txt ABSOLUTE
    hci_stats                                0x20000aec   Data           0  rom_zephyr_symdefs.txt ABSOLUTE
    final_board_trim_count                   0x20000b1e   Data           0  rom_zephyr_symdefs.txt ABSOLUTE
    p_llcc_compose_trim                      0x20000b20   Data           0  rom_zephyr_symdefs.txt ABSOLUTE
    local_llcc_rdcb                          0x20000b24   Data           0  rom_zephyr_symdefs.txt ABSOLUTE
    board_trim_efuse                         0x20000b28   Data           0  rom_zephyr_symdefs.txt ABSOLUTE
    ic_trim_count                            0x20000b2c   Data           0  rom_zephyr_symdefs.txt ABSOLUTE
    llc_hci_cb                               0x20000b30   Data           0  rom_zephyr_symdefs.txt ABSOLUTE
    p_llccTxCmdCrc                           0x20000b8c   Data           0  rom_zephyr_symdefs.txt ABSOLUTE
    tx_trim_count                            0x20000b90   Data           0  rom_zephyr_symdefs.txt ABSOLUTE
    p_llc_init_all_trim_upload               0x20000b94   Data           0  rom_zephyr_symdefs.txt ABSOLUTE
    tx_trim_aband_count                      0x20000b98   Data           0  rom_zephyr_symdefs.txt ABSOLUTE
    p_LlcReset                               0x20000b9c   Data           0  rom_zephyr_symdefs.txt ABSOLUTE
    board_trim_count                         0x20000ba0   Data           0  rom_zephyr_symdefs.txt ABSOLUTE
    p_llcc_write                             0x20000ba4   Data           0  rom_zephyr_symdefs.txt ABSOLUTE
    local_llcc_txcb                          0x20000ba8   Data           0  rom_zephyr_symdefs.txt ABSOLUTE
    p_llcInitFirmwareUpload                  0x20000bac   Data           0  rom_zephyr_symdefs.txt ABSOLUTE
    tx_trim_efuse                            0x20000bb0   Data           0  rom_zephyr_symdefs.txt ABSOLUTE
    wdg_use_systick                          0x20000bb4   Data           0  rom_zephyr_symdefs.txt ABSOLUTE
    deepsleep_elapsed_compensation           0x20000bb8   Data           0  rom_zephyr_symdefs.txt ABSOLUTE
    bt_smp_pool_count                        0x20000bc0   Data           0  rom_zephyr_symdefs.txt ABSOLUTE
    bt_auth                                  0x20000bc4   Data           0  rom_zephyr_symdefs.txt ABSOLUTE
    enable_debug_gatt                        0x20000bc8   Data           0  rom_zephyr_symdefs.txt ABSOLUTE
    enable_debug_smp                         0x20000bc9   Data           0  rom_zephyr_symdefs.txt ABSOLUTE
    pub_key_cb                               0x20000bcc   Data           0  rom_zephyr_symdefs.txt ABSOLUTE
    enable_debug_att                         0x20000bd0   Data           0  rom_zephyr_symdefs.txt ABSOLUTE
    servers                                  0x20000bd4   Data           0  rom_zephyr_symdefs.txt ABSOLUTE
    enable_debug_keys                        0x20000bdc   Data           0  rom_zephyr_symdefs.txt ABSOLUTE
    scan_with_identity_is_enabled            0x20000be0   Data           0  rom_zephyr_symdefs.txt ABSOLUTE
    enable_debug_l2cap                       0x20000be4   Data           0  rom_zephyr_symdefs.txt ABSOLUTE
    p_sc_ccc_cfg                             0x20000be8   Data           0  rom_zephyr_symdefs.txt ABSOLUTE
    db                                       0x20000bec   Data           0  rom_zephyr_symdefs.txt ABSOLUTE
    rx_thread_prio                           0x20000bf4   Data           0  rom_zephyr_symdefs.txt ABSOLUTE
    NUM_OF_SHELL_ENTITIES                    0x20000bf8   Data           0  rom_zephyr_symdefs.txt ABSOLUTE
    bt_storage                               0x20000bfc   Data           0  rom_zephyr_symdefs.txt ABSOLUTE
    sc_supported                             0x20000c00   Data           0  rom_zephyr_symdefs.txt ABSOLUTE
    scan_dev_found_cb                        0x20000c04   Data           0  rom_zephyr_symdefs.txt ABSOLUTE
    dh_key_cb                                0x20000c08   Data           0  rom_zephyr_symdefs.txt ABSOLUTE
    __shell_cmd_start                        0x20000c0c   Data           0  rom_zephyr_symdefs.txt ABSOLUTE
    is_enable_private                        0x20000c10   Data           0  rom_zephyr_symdefs.txt ABSOLUTE
    is_enable_smp                            0x20000c14   Data           0  rom_zephyr_symdefs.txt ABSOLUTE
    p_hci_rx_pool_array                      0x20000c18   Data           0  rom_zephyr_symdefs.txt ABSOLUTE
    enable_debug_conn                        0x20000c1c   Data           0  rom_zephyr_symdefs.txt ABSOLUTE
    rx_thread_stack_size                     0x20000c20   Data           0  rom_zephyr_symdefs.txt ABSOLUTE
    p_update_cfg                             0x20000c24   Data           0  rom_zephyr_symdefs.txt ABSOLUTE
    l2cap_max_le_mtu                         0x20000c28   Data           0  rom_zephyr_symdefs.txt ABSOLUTE
    patch_bt_hex                             0x20000c2c   Data           0  rom_zephyr_symdefs.txt ABSOLUTE
    le_channels                              0x20000c30   Data           0  rom_zephyr_symdefs.txt ABSOLUTE
    gap_appearance                           0x20000c38   Data           0  rom_zephyr_symdefs.txt ABSOLUTE
    p_prep_pool                              0x20000c3c   Data           0  rom_zephyr_symdefs.txt ABSOLUTE
    enable_debug_hci_core                    0x20000c40   Data           0  rom_zephyr_symdefs.txt ABSOLUTE
    pbt_host_config_init                     0x20000c44   Data           0  rom_zephyr_symdefs.txt ABSOLUTE
    bt_l2cap_pool_count                      0x20000c48   Data           0  rom_zephyr_symdefs.txt ABSOLUTE
    p_bt_l2cap_pool                          0x20000c4c   Data           0  rom_zephyr_symdefs.txt ABSOLUTE
    p_rx_thread_stack                        0x20000c50   Data           0  rom_zephyr_symdefs.txt ABSOLUTE
    p_hci_cmd_pool                           0x20000c54   Data           0  rom_zephyr_symdefs.txt ABSOLUTE
    p_bt_smp_null_pool                       0x20000c58   Data           0  rom_zephyr_symdefs.txt ABSOLUTE
    p_conns                                  0x20000c5c   Data           0  rom_zephyr_symdefs.txt ABSOLUTE
    bt_smp_null_pool_count                   0x20000c60   Data           0  rom_zephyr_symdefs.txt ABSOLUTE
    prng                                     0x20000c68   Data           0  rom_zephyr_symdefs.txt ABSOLUTE
    bt_keys_storage                          0x20000da0   Data           0  rom_zephyr_symdefs.txt ABSOLUTE
    att_tx_max                               0x20000da4   Data           0  rom_zephyr_symdefs.txt ABSOLUTE
    bt_max_paired                            0x20000da8   Data           0  rom_zephyr_symdefs.txt ABSOLUTE
    _outer_net_buf_pool_list                 0x20000dac   Data           0  rom_zephyr_symdefs.txt ABSOLUTE
    bt_req_pool_count                        0x20000db0   Data           0  rom_zephyr_symdefs.txt ABSOLUTE
    tx_thread_stack_size                     0x20000db4   Data           0  rom_zephyr_symdefs.txt ABSOLUTE
    conn_tx_num                              0x20000db8   Data           0  rom_zephyr_symdefs.txt ABSOLUTE
    p_acl_tx_pool                            0x20000dbc   Data           0  rom_zephyr_symdefs.txt ABSOLUTE
    patch_table                              0x20000dc0   Data           0  rom_zephyr_symdefs.txt ABSOLUTE
    hci_rx_pool_num                          0x20000de0   Data           0  rom_zephyr_symdefs.txt ABSOLUTE
    sc_local_pkey_valid                      0x20000de4   Data           0  rom_zephyr_symdefs.txt ABSOLUTE
    p_tx_thread_stack                        0x20000de8   Data           0  rom_zephyr_symdefs.txt ABSOLUTE
    p_events                                 0x20000dec   Data           0  rom_zephyr_symdefs.txt ABSOLUTE
    p_cmds_queue                             0x20000df0   Data           0  rom_zephyr_symdefs.txt ABSOLUTE
    sc_public_key                            0x20000df4   Data           0  rom_zephyr_symdefs.txt ABSOLUTE
    Use_static_random_addr                   0x20000e34   Data           0  rom_zephyr_symdefs.txt ABSOLUTE
    callback_list                            0x20000e38   Data           0  rom_zephyr_symdefs.txt ABSOLUTE
    delay_time_extra_update                  0x20000e3c   Data           0  rom_zephyr_symdefs.txt ABSOLUTE
    bt_att_mtu                               0x20000e40   Data           0  rom_zephyr_symdefs.txt ABSOLUTE
    prompt                                   0x20000e44   Data           0  rom_zephyr_symdefs.txt ABSOLUTE
    tx_thread_data                           0x20000e48   Data           0  rom_zephyr_symdefs.txt ABSOLUTE
    hciVsCb                                  0x20000eb0   Data           0  rom_zephyr_symdefs.txt ABSOLUTE
    __shell_cmd_end                          0x20000eec   Data           0  rom_zephyr_symdefs.txt ABSOLUTE
    key_pool                                 0x20000ef0   Data           0  rom_zephyr_symdefs.txt ABSOLUTE
    p_avail_queue                            0x20000ef4   Data           0  rom_zephyr_symdefs.txt ABSOLUTE
    gatt_sc                                  0x20000ef8   Data           0  rom_zephyr_symdefs.txt ABSOLUTE
    bt_att_prepare_count                     0x20000f50   Data           0  rom_zephyr_symdefs.txt ABSOLUTE
    ready_cb                                 0x20000f54   Data           0  rom_zephyr_symdefs.txt ABSOLUTE
    pub_key                                  0x20000f58   Data           0  rom_zephyr_symdefs.txt ABSOLUTE
    bt_conn_num                              0x20000f98   Data           0  rom_zephyr_symdefs.txt ABSOLUTE
    l2cap_max_le_mps                         0x20000f9c   Data           0  rom_zephyr_symdefs.txt ABSOLUTE
    MAX_CMD_QUEUED                           0x20000fa0   Data           0  rom_zephyr_symdefs.txt ABSOLUTE
    subscriptions                            0x20000fa4   Data           0  rom_zephyr_symdefs.txt ABSOLUTE
    p_bt_smp_pool                            0x20000fac   Data           0  rom_zephyr_symdefs.txt ABSOLUTE
    tx_thread_prio                           0x20000fb0   Data           0  rom_zephyr_symdefs.txt ABSOLUTE
    p_conn_tx                                0x20000fb4   Data           0  rom_zephyr_symdefs.txt ABSOLUTE
    default_module_prompt                    0x20000fb8   Data           0  rom_zephyr_symdefs.txt ABSOLUTE
    shell_buf                                0x20000fbc   Data           0  rom_zephyr_symdefs.txt ABSOLUTE
    p_bt_req_pool                            0x20000fc0   Data           0  rom_zephyr_symdefs.txt ABSOLUTE
    efuse_cmu_pmu_val                        0x20000fc4   Data           0  rom_zephyr_symdefs.txt ABSOLUTE
    set_xtal_32k_flag                        0x20000fc8   Data           0  rom_zephyr_symdefs.txt ABSOLUTE
    p_deep_sleep_entry                       0x20000fcc   Data           0  rom_zephyr_symdefs.txt ABSOLUTE
    p_sys_soc_suspend                        0x20000fd0   Data           0  rom_zephyr_symdefs.txt ABSOLUTE
    _sw_isr_table_in_ram                     0x20000fd4   Data           0  rom_zephyr_symdefs.txt ABSOLUTE
    hcl_32k_is_running                       0x20000fdc   Data           0  rom_zephyr_symdefs.txt ABSOLUTE
    p_application_any_busy_check             0x20000fe0   Data           0  rom_zephyr_symdefs.txt ABSOLUTE
    Image$$ER_IROM$$Base                     0x20001000   Number         0  anon$$obj.o ABSOLUTE
    systemVectors                            0x20001000   Data           4  startup.o(RESET)
    __main                                   0x200010e1   Thumb Code     0  entry.o(.ARM.Collect$$$$00000000)
    _main_stk                                0x200010e1   Thumb Code     0  entry2.o(.ARM.Collect$$$$00000001)
    _main_scatterload                        0x200010e5   Thumb Code     0  entry5.o(.ARM.Collect$$$$00000004)
    __main_after_scatterload                 0x200010e9   Thumb Code     0  entry5.o(.ARM.Collect$$$$00000004)
    _main_clock                              0x200010e9   Thumb Code     0  entry7b.o(.ARM.Collect$$$$00000008)
    _main_cpp_init                           0x200010e9   Thumb Code     0  entry8b.o(.ARM.Collect$$$$0000000A)
    _main_init                               0x200010e9   Thumb Code     0  entry9a.o(.ARM.Collect$$$$0000000B)
    __rt_final_cpp                           0x200010f1   Thumb Code     0  entry10a.o(.ARM.Collect$$$$0000000D)
    __rt_final_exit                          0x200010f1   Thumb Code     0  entry11a.o(.ARM.Collect$$$$0000000F)
    p_llcc_rx_cmd_valid                      0x200010f5   Thumb Code    24  startup.o(.asm_patch)
    p_llcc_rx_dmal_done                      0x20001111   Thumb Code    24  startup.o(.asm_patch)
    patch_hw_func                            0x2000112d   Thumb Code    78  soc_patch.o(.init.once.text."..\\..\\..\\..\\arch\\soc\\atb110x\\soc_patch.c".0)
    patch_hw_code                            0x200011a9   Thumb Code    66  soc_patch.o(.init.once.text."..\\..\\..\\..\\arch\\soc\\atb110x\\soc_patch.c".1)
    patch_sw                                 0x20001219   Thumb Code     2  soc_patch.o(.init.once.text."..\\..\\..\\..\\arch\\soc\\atb110x\\soc_patch.c".2)
    set_ic_feature                           0x2000121b   Thumb Code    10  board.o(.init.once.text."..\\..\\..\\..\\boards\\board.c".1)
    board_early_init                         0x20001225   Thumb Code    98  board.o(.init.once.text."..\\..\\..\\..\\boards\\board.c".2)
    patch_llc_init_all_trim_upload           0x200012a1   Thumb Code    80  llcc.o(.init.once.text."..\\..\\..\\..\\drivers\\bluetooth\\hci\\llcc.c".0)
    LlcIrqConnect                            0x20001345   Thumb Code   112  llcc.o(.init.once.text."..\\..\\..\\..\\drivers\\bluetooth\\hci\\llcc.c".1)
    llcc_upload_ic_trim_new                  0x200013dd   Thumb Code    40  llcc.o(.init.once.text."..\\..\\..\\..\\drivers\\bluetooth\\hci\\llcc.c".14)
    llc_init_all_trim_upload_new             0x2000140d   Thumb Code    36  llcc.o(.init.once.text."..\\..\\..\\..\\drivers\\bluetooth\\hci\\llcc.c".15)
    p_llc_init_trim_up_load_new              0x20001481   Thumb Code   138  llcc.o(.init.once.text."..\\..\\..\\..\\drivers\\bluetooth\\hci\\llcc.c".17)
    SystemInit                               0x200015a1   Thumb Code    14  system.o(.init.once.text."..\\..\\..\\..\\ext\\lib\\actions\\startup\\system.c".0)
    kernel_config_init                       0x200015b5   Thumb Code    96  kernel_config_init.o(.init.once.text."..\\..\\..\\..\\kernel\\kernel_config_init.c".4)
    bt_host_config_init                      0x2000164d   Thumb Code   396  bt_host_config_init.o(.init.once.text."..\\..\\..\\..\\subsys\\bluetooth\\host\\bt_host_config_init.c".8)
    Reset_Handler                            0x200019a5   Thumb Code    36  startup.o(.text)
    _arch_irq_lock_s                         0x200019c9   Thumb Code     8  startup.o(.text)
    _arch_irq_unlock_s                       0x200019d1   Thumb Code     8  startup.o(.text)
    _timer_int_handler                       0x200019e1   Thumb Code     2  startup.o(.text)
    __aeabi_memcpy                           0x200019fd   Thumb Code    36  memcpya.o(.text)
    __aeabi_memcpy4                          0x200019fd   Thumb Code     0  memcpya.o(.text)
    __aeabi_memcpy8                          0x200019fd   Thumb Code     0  memcpya.o(.text)
    __aeabi_memset                           0x20001a21   Thumb Code    14  memseta.o(.text)
    __aeabi_memset4                          0x20001a21   Thumb Code     0  memseta.o(.text)
    __aeabi_memset8                          0x20001a21   Thumb Code     0  memseta.o(.text)
    __aeabi_memclr                           0x20001a2f   Thumb Code     4  memseta.o(.text)
    __aeabi_memclr4                          0x20001a2f   Thumb Code     0  memseta.o(.text)
    __aeabi_memclr8                          0x20001a2f   Thumb Code     0  memseta.o(.text)
    _memset$wrapper                          0x20001a33   Thumb Code    18  memseta.o(.text)
    __scatterload                            0x20001a45   Thumb Code    28  init.o(.text)
    __scatterload_rt2                        0x20001a45   Thumb Code     0  init.o(.text)
    Long Thumb to Thumb Veneer to printk     0x20001a69   Thumb Code    12  anon$$obj.o(Veneer$$Code)
    Long Thumb to Thumb Veneer to acts_efuse_read 0x20001a75   Thumb Code    12  anon$$obj.o(Veneer$$Code)
    Long Thumb to Thumb Veneer to acts_set_vdd 0x20001a81   Thumb Code    12  anon$$obj.o(Veneer$$Code)
    Long Thumb to Thumb Veneer to acts_delay_us 0x20001a8d   Thumb Code    12  anon$$obj.o(Veneer$$Code)
    Long Thumb to Thumb Veneer to acts_request_vd12_pd 0x20001a99   Thumb Code    12  anon$$obj.o(Veneer$$Code)
    Long Thumb to Thumb Veneer to acts_request_vd12_largebias 0x20001aa5   Thumb Code    12  anon$$obj.o(Veneer$$Code)
    Long Thumb to Thumb Veneer to acts_request_rc_3M 0x20001ab1   Thumb Code    12  anon$$obj.o(Veneer$$Code)
    Long Thumb to Thumb Veneer to acts_pinmux_setup_pins 0x20001abd   Thumb Code    12  anon$$obj.o(Veneer$$Code)
    Long Thumb to Thumb Veneer to _irq_priority_set 0x20001ac9   Thumb Code    12  anon$$obj.o(Veneer$$Code)
    Long Thumb to Thumb Veneer to llcc_compose_trim 0x20001ad5   Thumb Code    12  anon$$obj.o(Veneer$$Code)
    Long Thumb to Thumb Veneer to llc_init_trim_upload 0x20001ae1   Thumb Code    12  anon$$obj.o(Veneer$$Code)
    Long Thumb to Thumb Veneer to acts_set_vd12_before_efuse_read 0x20001aed   Thumb Code    12  anon$$obj.o(Veneer$$Code)
    Long Thumb to Thumb Veneer to llcc_upload_board_trim 0x20001af9   Thumb Code    12  anon$$obj.o(Veneer$$Code)
    Long Thumb to Thumb Veneer to llcc_upload_tx_trim 0x20001b05   Thumb Code    12  anon$$obj.o(Veneer$$Code)
    Long Thumb to Thumb Veneer to acts_set_vd12_after_efuse_read 0x20001b11   Thumb Code    12  anon$$obj.o(Veneer$$Code)
    Long Thumb to Thumb Veneer to llc_init_tx_message 0x20001b1d   Thumb Code    12  anon$$obj.o(Veneer$$Code)
    Long Thumb to Thumb Veneer to llc_init_wait_for_rx_message 0x20001b29   Thumb Code    12  anon$$obj.o(Veneer$$Code)
    Long Thumb to Thumb Veneer to llc_hci_buf_free 0x20001b35   Thumb Code    12  anon$$obj.o(Veneer$$Code)
    Long Thumb to Thumb Veneer to _arch_irq_enable 0x20001b41   Thumb Code    12  anon$$obj.o(Veneer$$Code)
    Long Thumb to Thumb Veneer to main_thread_init 0x20001b4d   Thumb Code    12  anon$$obj.o(Veneer$$Code)
    Long Thumb to Thumb Veneer to idle_thread_init 0x20001b59   Thumb Code    12  anon$$obj.o(Veneer$$Code)
    Long Thumb to Thumb Veneer to interrupt_stack_init 0x20001b65   Thumb Code    12  anon$$obj.o(Veneer$$Code)
    Long Thumb to Thumb Veneer to sys_work_queue_init 0x20001b71   Thumb Code    12  anon$$obj.o(Veneer$$Code)
    Long Thumb to Thumb Veneer to bt_tx_thread_init 0x20001b7d   Thumb Code    12  anon$$obj.o(Veneer$$Code)
    Long Thumb to Thumb Veneer to bt_rx_thread_init 0x20001b89   Thumb Code    12  anon$$obj.o(Veneer$$Code)
    Long Thumb to Thumb Veneer to bt_hci_cmd_pool_init 0x20001b95   Thumb Code    12  anon$$obj.o(Veneer$$Code)
    Long Thumb to Thumb Veneer to bt_hci_rx_pool_init 0x20001ba1   Thumb Code    12  anon$$obj.o(Veneer$$Code)
    Long Thumb to Thumb Veneer to bt_acl_tx_pool_init 0x20001bad   Thumb Code    12  anon$$obj.o(Veneer$$Code)
    Long Thumb to Thumb Veneer to bt_prep_pool_int 0x20001bb9   Thumb Code    12  anon$$obj.o(Veneer$$Code)
    Long Thumb to Thumb Veneer to bt_l2cap_le_max_credits_init 0x20001bc5   Thumb Code    12  anon$$obj.o(Veneer$$Code)
    Long Thumb to Thumb Veneer to bt_l2cap_pramter_init 0x20001bd1   Thumb Code    12  anon$$obj.o(Veneer$$Code)
    Long Thumb to Thumb Veneer to bt_conn_tx_init 0x20001bdd   Thumb Code    12  anon$$obj.o(Veneer$$Code)
    Long Thumb to Thumb Veneer to bt_conn_struct_init 0x20001be9   Thumb Code    12  anon$$obj.o(Veneer$$Code)
    Long Thumb to Thumb Veneer to bt_req_pool_int 0x20001bf5   Thumb Code    12  anon$$obj.o(Veneer$$Code)
    Long Thumb to Thumb Veneer to bt_l2cap_pool_init 0x20001c01   Thumb Code    12  anon$$obj.o(Veneer$$Code)
    Long Thumb to Thumb Veneer to bt_tx_poll_event_init 0x20001c0d   Thumb Code    12  anon$$obj.o(Veneer$$Code)
    Long Thumb to Thumb Veneer to bt_att_paramter_init 0x20001c19   Thumb Code    12  anon$$obj.o(Veneer$$Code)
    Long Thumb to Thumb Veneer to strlen     0x20001c25   Thumb Code    12  anon$$obj.o(Veneer$$Code)
    Long Thumb to Thumb Veneer to bt_gap_svc_config_init 0x20001c31   Thumb Code    12  anon$$obj.o(Veneer$$Code)
    Long Thumb to Thumb Veneer to bt_gatt_svc_config_init 0x20001c3d   Thumb Code    12  anon$$obj.o(Veneer$$Code)
    Long Thumb to Thumb Veneer to bt_enable_smp 0x20001c49   Thumb Code    12  anon$$obj.o(Veneer$$Code)
    Long Thumb to Thumb Veneer to bt_smp_pool_init 0x20001c55   Thumb Code    12  anon$$obj.o(Veneer$$Code)
    Long Thumb to Thumb Veneer to bt_host_keys_init 0x20001c61   Thumb Code    12  anon$$obj.o(Veneer$$Code)
    Long Thumb to Thumb Veneer to bt_set_delay_time_read_remote_features 0x20001c6d   Thumb Code    12  anon$$obj.o(Veneer$$Code)
    Long Thumb to Thumb Veneer to hci_set_le_sup_feat 0x20001c79   Thumb Code    12  anon$$obj.o(Veneer$$Code)
    Long Thumb to Thumb Veneer to hci_vs_cfg_acl_bufs 0x20001c85   Thumb Code    12  anon$$obj.o(Veneer$$Code)
    Long Thumb to Thumb Veneer to hci_vs_cfg_max_conn 0x20001c91   Thumb Code    12  anon$$obj.o(Veneer$$Code)
    Long Thumb to Thumb Veneer to hci_vs_cfg_version 0x20001c9d   Thumb Code    12  anon$$obj.o(Veneer$$Code)
    Long Thumb to Thumb Veneer to nvram_config_get_factory 0x20001ca9   Thumb Code    12  anon$$obj.o(Veneer$$Code)
    Long Thumb to Thumb Veneer to hci_vs_cfg_bd_addr 0x20001cb5   Thumb Code    12  anon$$obj.o(Veneer$$Code)
    Long Thumb to Thumb Veneer to hci_vs_cfg_pwr_mgmt 0x20001cc1   Thumb Code    12  anon$$obj.o(Veneer$$Code)
    Long Thumb to Thumb Veneer to enable_scan_with_identity 0x20001ccd   Thumb Code    12  anon$$obj.o(Veneer$$Code)
    Long Thumb to Thumb Veneer to app_release_wake_lock 0x20001cd9   Thumb Code    12  anon$$obj.o(Veneer$$Code)
    Long Thumb to Thumb Veneer to bt_le_oob_get_local 0x20001ce5   Thumb Code    12  anon$$obj.o(Veneer$$Code)
    Long Thumb to Thumb Veneer to k_mutex_init 0x20001cf1   Thumb Code    12  anon$$obj.o(Veneer$$Code)
    Long Thumb to Thumb Veneer to bt_gatt_indicate 0x20001cfd   Thumb Code    12  anon$$obj.o(Veneer$$Code)
    Long Thumb to Thumb Veneer to k_sleep    0x20001d09   Thumb Code    12  anon$$obj.o(Veneer$$Code)
    Long Thumb to Thumb Veneer to k_mutex_lock 0x20001d15   Thumb Code    12  anon$$obj.o(Veneer$$Code)
    Long Thumb to Thumb Veneer to k_mutex_unlock 0x20001d21   Thumb Code    12  anon$$obj.o(Veneer$$Code)
    Long Thumb to Thumb Veneer to app_get_wake_lock 0x20001d2d   Thumb Code    12  anon$$obj.o(Veneer$$Code)
    Long Thumb to Thumb Veneer to bt_enable  0x20001d39   Thumb Code    12  anon$$obj.o(Veneer$$Code)
    Long Thumb to Thumb Veneer to atomic_or  0x20001d45   Thumb Code    12  anon$$obj.o(Veneer$$Code)
    Long Thumb to Thumb Veneer to att_get    0x20001d51   Thumb Code    12  anon$$obj.o(Veneer$$Code)
    Long Thumb to Thumb Veneer to k_sem_give 0x20001d5d   Thumb Code    12  anon$$obj.o(Veneer$$Code)
    Long Thumb to Thumb Veneer to k_delayed_work_submit_to_queue 0x20001d69   Thumb Code    12  anon$$obj.o(Veneer$$Code)
    Long Thumb to Thumb Veneer to memcmp     0x20001d75   Thumb Code    12  anon$$obj.o(Veneer$$Code)
    Long Thumb to Thumb Veneer to nvram_config_set 0x20001d81   Thumb Code    12  anon$$obj.o(Veneer$$Code)
    Long Thumb to Thumb Veneer to print_buffer 0x20001d8d   Thumb Code    12  anon$$obj.o(Veneer$$Code)
    Long Thumb to Thumb Veneer to __aeabi_idivmod 0x20001d99   Thumb Code    12  anon$$obj.o(Veneer$$Code)
    Long Thumb to Thumb Veneer to atomic_and 0x20001da5   Thumb Code    12  anon$$obj.o(Veneer$$Code)
    Long Thumb to Thumb Veneer to strcmp     0x20001db1   Thumb Code    12  anon$$obj.o(Veneer$$Code)
    Long Thumb to Thumb Veneer to bt_rpa_irk_matches 0x20001dbd   Thumb Code    12  anon$$obj.o(Veneer$$Code)
    Long Thumb to Thumb Veneer to bt_addr_le_is_bonded 0x20001dc9   Thumb Code    12  anon$$obj.o(Veneer$$Code)
    Long Thumb to Thumb Veneer to hci_vs_read_done 0x20001dd5   Thumb Code    12  anon$$obj.o(Veneer$$Code)
    Long Thumb to Thumb Veneer to bt_conn_disconnect 0x20001de1   Thumb Code    12  anon$$obj.o(Veneer$$Code)
    Long Thumb to Thumb Veneer to update_conn_param 0x20001ded   Thumb Code    12  anon$$obj.o(Veneer$$Code)
    Long Thumb to Thumb Veneer to bt_conn_le_param_update 0x20001df9   Thumb Code    12  anon$$obj.o(Veneer$$Code)
    Long Thumb to Thumb Veneer to llcc_tx_error2_cmd 0x20001e05   Thumb Code    12  anon$$obj.o(Veneer$$Code)
    Long Thumb to Thumb Veneer to llcc_init  0x20001e11   Thumb Code    12  anon$$obj.o(Veneer$$Code)
    Long Thumb to Thumb Veneer to llcc_rxcmd_valid_handler 0x20001e1d   Thumb Code    12  anon$$obj.o(Veneer$$Code)
    Long Thumb to Thumb Veneer to llcc_tx_retry_helper 0x20001e29   Thumb Code    12  anon$$obj.o(Veneer$$Code)
    Long Thumb to Thumb Veneer to llcc_rxdmal_done_handler 0x20001e35   Thumb Code    12  anon$$obj.o(Veneer$$Code)
    Long Thumb to Thumb Veneer to llcc_tx_cmd_crc 0x20001e41   Thumb Code    12  anon$$obj.o(Veneer$$Code)
    Long Thumb to Thumb Veneer to platform_wake_lock_inc 0x20001e4d   Thumb Code    12  anon$$obj.o(Veneer$$Code)
    Long Thumb to Thumb Veneer to llcc_wdog_tx_ena 0x20001e59   Thumb Code    12  anon$$obj.o(Veneer$$Code)
    Long Thumb to Thumb Veneer to llcc_tx_xfer_req2_cmd 0x20001e65   Thumb Code    12  anon$$obj.o(Veneer$$Code)
    Long Thumb to Thumb Veneer to llcc_tx_xfer_req_cmd 0x20001e71   Thumb Code    12  anon$$obj.o(Veneer$$Code)
    Long Thumb to Thumb Veneer to llcc_dma_setup_tx 0x20001e7d   Thumb Code    12  anon$$obj.o(Veneer$$Code)
    Long Thumb to Thumb Veneer to _PrepC     0x20001e89   Thumb Code    12  anon$$obj.o(Veneer$$Code)
    Long Thumb to Thumb Veneer to k_mem_slab_free 0x20001e95   Thumb Code    12  anon$$obj.o(Veneer$$Code)
    Long Thumb to Thumb Veneer to k_mem_slab_init 0x20001ea1   Thumb Code    12  anon$$obj.o(Veneer$$Code)
    Long Thumb to Thumb Veneer to k_mem_slab_alloc 0x20001ead   Thumb Code    12  anon$$obj.o(Veneer$$Code)
    Long Thumb to Thumb Veneer to atomic_get 0x20001eb9   Thumb Code    12  anon$$obj.o(Veneer$$Code)
    Long Thumb to Thumb Veneer to bt_gatt_attr_read 0x20001ec5   Thumb Code    12  anon$$obj.o(Veneer$$Code)
    Long Thumb to Thumb Veneer to k_delayed_work_cancel 0x20001ed1   Thumb Code    12  anon$$obj.o(Veneer$$Code)
    Long Thumb to Thumb Veneer to atomic_set 0x20001edd   Thumb Code    12  anon$$obj.o(Veneer$$Code)
    Long Thumb to Thumb Veneer to bt_storage_register 0x20001ee9   Thumb Code    12  anon$$obj.o(Veneer$$Code)
    Long Thumb to Thumb Veneer to acts_reset_peripheral 0x20001ef5   Thumb Code    12  anon$$obj.o(Veneer$$Code)
    Long Thumb to Thumb Veneer to acts_clock_peripheral_enable 0x20001f01   Thumb Code    12  anon$$obj.o(Veneer$$Code)
    Long Thumb to Thumb Veneer to acts_clock_peripheral_disable 0x20001f0d   Thumb Code    12  anon$$obj.o(Veneer$$Code)
    Long Thumb to Thumb Veneer to uart_console_init 0x20001f19   Thumb Code    12  anon$$obj.o(Veneer$$Code)
    Long Thumb to Thumb Veneer to bt_le_adv_start 0x20001f25   Thumb Code    12  anon$$obj.o(Veneer$$Code)
    Long Thumb to Thumb Veneer to bt_le_adv_stop 0x20001f31   Thumb Code    12  anon$$obj.o(Veneer$$Code)
    Long Thumb to Thumb Veneer to bt_gatt_service_register 0x20001f3d   Thumb Code    12  anon$$obj.o(Veneer$$Code)
    Long Thumb to Thumb Veneer to bt_conn_cb_register 0x20001f49   Thumb Code    12  anon$$obj.o(Veneer$$Code)
    __ARM_common_switch8                     0x20001f55   Thumb Code    26  storage.o(i.__ARM_common_switch8)
    __scatterload_copy                       0x20001fd5   Thumb Code    14  handlers.o(i.__scatterload_copy)
    __scatterload_null                       0x20001fe3   Thumb Code     2  handlers.o(i.__scatterload_null)
    __scatterload_zeroinit                   0x20001fe5   Thumb Code    14  handlers.o(i.__scatterload_zeroinit)
    _sys_device_do_config_level              0x2000206d   Thumb Code    30  device.o(i._sys_device_do_config_level)
    app_main                                 0x2000249d   Thumb Code    64  main.o(i.app_main)
    att_cfm_sent_new                         0x20002569   Thumb Code    18  bt_host_patch.o(i.att_cfm_sent_new)
    att_req_sent_new                         0x2000257d   Thumb Code    40  bt_host_patch.o(i.att_req_sent_new)
    att_rsp_sent_new                         0x200025ad   Thumb Code    18  bt_host_patch.o(i.att_rsp_sent_new)
    bt_gatt_store_ccc                        0x200025d5   Thumb Code   146  bt_host_patch.o(i.bt_gatt_store_ccc)
    compute_checksum                         0x200026b5   Thumb Code    24  llc_hci.o(i.compute_checksum)
    data_consume_func_rec                    0x20002771   Thumb Code   452  wechat_protocol.o(i.data_consume_func_rec)
    data_produce_func_send                   0x200029dd   Thumb Code   278  wechat_protocol.o(i.data_produce_func_send)
    debug_uart_init                          0x20002b09   Thumb Code    76  system.o(i.debug_uart_init)
    debug_uart_put_char                      0x20002b65   Thumb Code    22  system.o(i.debug_uart_put_char)
    device_busy_clear_new                    0x20002b81   Thumb Code    36  device.o(i.device_busy_clear_new)
    device_busy_set_new                      0x20002bad   Thumb Code    34  device.o(i.device_busy_set_new)
    device_get_binding                       0x20002bd9   Thumb Code    44  device.o(i.device_get_binding)
    epb_auth_request_pack_size               0x20002c69   Thumb Code   156  epb_mmbp.o(i.epb_auth_request_pack_size)
    epb_get_bytes                            0x20002d05   Thumb Code    50  epb.o(i.epb_get_bytes)
    epb_get_enum                             0x20002d37   Thumb Code     8  epb.o(i.epb_get_enum)
    epb_get_int32                            0x20002d3f   Thumb Code     8  epb.o(i.epb_get_int32)
    epb_get_message                          0x20002d47   Thumb Code     8  epb.o(i.epb_get_message)
    epb_get_packed_size                      0x20002d4f   Thumb Code     4  epb.o(i.epb_get_packed_size)
    epb_get_string                           0x20002d53   Thumb Code     8  epb.o(i.epb_get_string)
    epb_get_uint32                           0x20002df1   Thumb Code    44  epb.o(i.epb_get_uint32)
    epb_has_tag                              0x20002e57   Thumb Code    24  epb.o(i.epb_has_tag)
    epb_init_request_pack_size               0x20002e6f   Thumb Code    50  epb_mmbp.o(i.epb_init_request_pack_size)
    epb_length_delimited_pack_size           0x20002ea1   Thumb Code    14  epb.o(i.epb_length_delimited_pack_size)
    epb_pack_auth_request                    0x20002eaf   Thumb Code   262  epb_mmbp.o(i.epb_pack_auth_request)
    epb_pack_base_request                    0x20002fb5   Thumb Code    18  epb_mmbp.o(i.epb_pack_base_request)
    epb_pack_init                            0x20002fc7   Thumb Code    10  epb.o(i.epb_pack_init)
    epb_pack_init_request                    0x20002fd1   Thumb Code   126  epb_mmbp.o(i.epb_pack_init_request)
    epb_pack_send_data_request               0x2000304f   Thumb Code   118  epb_mmbp.o(i.epb_pack_send_data_request)
    epb_send_data_request_pack_size          0x20003153   Thumb Code    46  epb_mmbp.o(i.epb_send_data_request_pack_size)
    epb_set_bytes                            0x20003181   Thumb Code    76  epb.o(i.epb_set_bytes)
    epb_set_enum                             0x200031cd   Thumb Code     8  epb.o(i.epb_set_enum)
    epb_set_int32                            0x200031d5   Thumb Code     8  epb.o(i.epb_set_int32)
    epb_set_message                          0x200031dd   Thumb Code     8  epb.o(i.epb_set_message)
    epb_set_string                           0x200031e5   Thumb Code     8  epb.o(i.epb_set_string)
    epb_set_uint32                           0x200031ed   Thumb Code    32  epb.o(i.epb_set_uint32)
    epb_unpack_auth_response                 0x2000320d   Thumb Code   106  epb_mmbp.o(i.epb_unpack_auth_response)
    epb_unpack_auth_response_free            0x20003277   Thumb Code    18  epb_mmbp.o(i.epb_unpack_auth_response_free)
    epb_unpack_base_push                     0x20003289   Thumb Code    26  epb_mmbp.o(i.epb_unpack_base_push)
    epb_unpack_base_response                 0x200032a3   Thumb Code    88  epb_mmbp.o(i.epb_unpack_base_response)
    epb_unpack_init                          0x200032fb   Thumb Code     6  epb.o(i.epb_unpack_init)
    epb_unpack_init_response                 0x20003301   Thumb Code   408  epb_mmbp.o(i.epb_unpack_init_response)
    epb_unpack_init_response_free            0x200034a1   Thumb Code    18  epb_mmbp.o(i.epb_unpack_init_response_free)
    epb_unpack_recv_data_push                0x200034b3   Thumb Code   134  epb_mmbp.o(i.epb_unpack_recv_data_push)
    epb_unpack_recv_data_push_free           0x20003539   Thumb Code    18  epb_mmbp.o(i.epb_unpack_recv_data_push_free)
    epb_unpack_send_data_response            0x2000354b   Thumb Code   112  epb_mmbp.o(i.epb_unpack_send_data_response)
    epb_unpack_send_data_response_free       0x200035bb   Thumb Code    18  epb_mmbp.o(i.epb_unpack_send_data_response_free)
    epb_unpack_switch_backgroud_push         0x200035cd   Thumb Code   100  epb_mmbp.o(i.epb_unpack_switch_backgroud_push)
    epb_unpack_switch_backgroud_push_free    0x20003631   Thumb Code    18  epb_mmbp.o(i.epb_unpack_switch_backgroud_push_free)
    epb_unpack_switch_view_push              0x20003643   Thumb Code   122  epb_mmbp.o(i.epb_unpack_switch_view_push)
    epb_unpack_switch_view_push_free         0x200036bd   Thumb Code    18  epb_mmbp.o(i.epb_unpack_switch_view_push_free)
    epb_varint32_pack_size                   0x200036cf   Thumb Code    32  epb.o(i.epb_varint32_pack_size)
    find_bt_keys                             0x200036f1   Thumb Code   240  storage.o(i.find_bt_keys)
    gatt_ccc_changed_new                     0x20003821   Thumb Code    80  bt_host_patch.o(i.gatt_ccc_changed_new)
    hci_tx_failure_new                       0x20003871   Thumb Code    18  llc_hci.o(i.hci_tx_failure_new)
    hci_vs_read_done_new                     0x200038a5   Thumb Code    68  llc_hci.o(i.hci_vs_read_done_new)
    idle_new                                 0x20003905   Thumb Code     2  soc_pm.o(i.idle_new)
    le_conn_update_new                       0x20003971   Thumb Code   100  bt_host_patch.o(i.le_conn_update_new)
    llcc_rx_cmd_valid_handler_new            0x200039dd   Thumb Code   206  llc_hci.o(i.llcc_rx_cmd_valid_handler_new)
    llcc_rxcmd_valid_handler_new             0x20003ab9   Thumb Code     8  llc_hci.o(i.llcc_rxcmd_valid_handler_new)
    llcc_rxdmal_done_handler_new             0x20003ac1   Thumb Code     8  llc_hci.o(i.llcc_rxdmal_done_handler_new)
    llcc_tx_soft_reset_ack_cmd_new           0x20003ac9   Thumb Code    28  llc_hci.o(i.llcc_tx_soft_reset_ack_cmd_new)
    llcc_write_new                           0x20003ae5   Thumb Code   224  llc_hci.o(i.llcc_write_new)
    main                                     0x20003bcd   Thumb Code    28  entry.o(i.main)
    mem_free                                 0x20003bfd   Thumb Code    26  mem_manager.o(i.mem_free)
    mem_init                                 0x20003c31   Thumb Code    22  mem_manager.o(i.mem_init)
    mem_malloc                               0x20003c5d   Thumb Code    52  mem_manager.o(i.mem_malloc)
    new_k_delayed_work_cancel                0x20003cbd   Thumb Code   182  system_work_q.o(i.new_k_delayed_work_cancel)
    smp_reset_new                            0x20003e21   Thumb Code   106  bt_host_patch.o(i.smp_reset_new)
    str2bt_addr                              0x20004031   Thumb Code   140  bt_host_config_init.o(i.str2bt_addr)
    sys_pm_reboot                            0x200040bd   Thumb Code    90  soc_pm.o(i.sys_pm_reboot)
    uart_acts_resume_device_from_suspend     0x20004199   Thumb Code    42  uart_acts.o(i.uart_acts_resume_device_from_suspend)
    uart_acts_suspend_device                 0x200041c3   Thumb Code    34  uart_acts.o(i.uart_acts_suspend_device)
    uart_console_init_new                    0x200041e5   Thumb Code    14  uart_console.o(i.uart_console_init_new)
    update_conn_param_new                    0x20004221   Thumb Code    28  bt_host_patch.o(i.update_conn_param_new)
    wechat_advertise                         0x20004245   Thumb Code    94  wechat_service.o(i.wechat_advertise)
    wechat_crc32                             0x200042e9   Thumb Code   184  crc32.o(i.wechat_crc32)
    wechat_init                              0x200043a1   Thumb Code   140  wechat_service.o(i.wechat_init)
    wechat_send_data                         0x200044a9   Thumb Code    96  wechat_service.o(i.wechat_send_data)
    wx_set_mac_address                       0x200045b1   Thumb Code    14  wechat_protocol.o(i.wx_set_mac_address)
    Region$$Table$$Base                      0x20004874   Number         0  anon$$obj.o(Region$$Table)
    Image$$ER_IROM$$Limit                    0x20004884   Number         0  anon$$obj.o ABSOLUTE
    Region$$Table$$Limit                     0x20004884   Number         0  anon$$obj.o(Region$$Table)
    _idle_stack                              0x20004884   Data         256  kernel_config_init.o(.ram_retention_data)
    Image$$RW_IRAM_DEVICE_PRE_KERNEL_1$$Base 0x20004984   Number         0  anon$$obj.o ABSOLUTE
    Image$$RW_IRAM_DEVICE_PRE_KERNEL_2$$Base 0x200049a8   Number         0  anon$$obj.o ABSOLUTE
    Image$$RW_IRAM_DEVICE_POST_KERNEL$$Base  0x200049b4   Number         0  anon$$obj.o ABSOLUTE
    Image$$RW_IRAM_DEVICE_APPLICATION$$Base  0x200049e4   Number         0  anon$$obj.o ABSOLUTE
    Image$$RW_IRAM_DEVICE_APPLICATION$$Limit 0x200049f0   Number         0  anon$$obj.o ABSOLUTE
    device_busy                              0x200049f0   Data           8  device.o(.device_BUSY)
    Image$$RW_IRAM__net_buf_pool_area$$Base  0x200049f8   Number         0  anon$$obj.o ABSOLUTE
    acl_tx_pool                              0x200049f8   Data          40  bt_host_config_init.o(._net_buf_pool.static.acl_tx_pool)
    hci_cmd_pool                             0x20004a20   Data          40  bt_host_config_init.o(._net_buf_pool.static.hci_cmd_pool)
    hci_rx_pool_0                            0x20004a48   Data          40  bt_host_config_init.o(._net_buf_pool.static.hci_rx_pool_0)
    hci_rx_pool_2                            0x20004a70   Data          40  bt_host_config_init.o(._net_buf_pool.static.hci_rx_pool_2)
    hci_rx_pool_3                            0x20004a98   Data          40  bt_host_config_init.o(._net_buf_pool.static.hci_rx_pool_3)
    prep_pool                                0x20004ac0   Data          40  bt_host_config_init.o(._net_buf_pool.static.prep_pool)
    Image$$RW_IRAM_PATCH_HW_FUNC$$Base       0x20004ae8   Number         0  anon$$obj.o ABSOLUTE
    Image$$RW_IRAM_SHELL_CMD_START$$Base     0x20004ae8   Number         0  anon$$obj.o ABSOLUTE
    Image$$RW_IRAM__mem_pool_area$$Base      0x20004ae8   Number         0  anon$$obj.o ABSOLUTE
    Image$$RW_IRAM_PATCH_HW_CODE$$Base       0x20004b38   Number         0  anon$$obj.o ABSOLUTE
    Image$$RW_IRAM_PATCH_HW_FUNC$$Limit      0x20004b38   Number         0  anon$$obj.o ABSOLUTE
    Image$$RW_IRAM_PATCH_HW_CODE$$Limit      0x20004b90   Number         0  anon$$obj.o ABSOLUTE
    async_msg_free                           0x20004b90   Data          20  kernel_config_init.o(._k_stack.static.async_msg_free)
    normal_vdd_val                           0x20004cea   Data           1  board.o(.data)
    app_ready_update                         0x20004d80   Data           4  bt_host_patch.o(.data)
    ext_tx_trim                              0x20004e20   Data          40  llcc.o(.init.once.data."..\\..\\..\\..\\drivers\\bluetooth\\hci\\llcc.c".10)
    runtime_tx                               0x20004e48   Data          16  llcc.o(.init.once.data."..\\..\\..\\..\\drivers\\bluetooth\\hci\\llcc.c".11)
    outer_tx_trim_efuse                      0x20004e58   Data          72  llcc.o(.init.once.data."..\\..\\..\\..\\drivers\\bluetooth\\hci\\llcc.c".12)
    outer_tx_trim_aband_efuse                0x20004ea0   Data          48  llcc.o(.init.once.data."..\\..\\..\\..\\drivers\\bluetooth\\hci\\llcc.c".13)
    outer_ic_trim_efuse                      0x20004ed0   Data          32  llcc.o(.init.once.data."..\\..\\..\\..\\drivers\\bluetooth\\hci\\llcc.c".4)
    ext_board_trim                           0x20004ef0   Data           8  llcc.o(.init.once.data."..\\..\\..\\..\\drivers\\bluetooth\\hci\\llcc.c".5)
    sleep_clk_accuracy                       0x20004ef8   Data           2  llcc.o(.init.once.data."..\\..\\..\\..\\drivers\\bluetooth\\hci\\llcc.c".6)
    retry_timeout                            0x20004efa   Data           1  llcc.o(.init.once.data."..\\..\\..\\..\\drivers\\bluetooth\\hci\\llcc.c".7)
    outer_board_trim_efuse                   0x20004efc   Data          32  llcc.o(.init.once.data."..\\..\\..\\..\\drivers\\bluetooth\\hci\\llcc.c".8)
    outer_final_board_trim_efuse             0x20004f1c   Data          24  llcc.o(.init.once.data."..\\..\\..\\..\\drivers\\bluetooth\\hci\\llcc.c".9)
    _main_stack                              0x20004f38   Data        1024  kernel_config_init.o(.noinit."..\\..\\..\\..\\kernel\\kernel_config_init.c".0)
    sys_work_q_stack                         0x20005338   Data        1024  kernel_config_init.o(.noinit."..\\..\\..\\..\\kernel\\kernel_config_init.c".1)
    _k_stack_buf_async_msg_free              0x20005a80   Data          40  kernel_config_init.o(.noinit."..\\..\\..\\..\\kernel\\kernel_config_init.c".3)
    Image$$RW_IRAM3$$Base                    0x20006744   Number         0  anon$$obj.o ABSOLUTE
    _sw_isr_table                            0x20006744   Data         256  entry.o(.bss)
    airsync_priv_data                        0x20006844   Data         540  main.o(.bss)
    mem_pool                                 0x20006a60   Data         960  mem_manager.o(.bss)
    wechat_mem                               0x20006e20   Data          28  mem_manager.o(.bss)
    tx_timer                                 0x20006e80   Data          52  llcc.o(.bss)
    rx_timer                                 0x20006eb4   Data          52  llcc.o(.bss)
    _interrupt_stack                         0x20007528   Data         640  startup.o(STACK)
    __initial_sp                             0x200077a8   Data           0  startup.o(STACK)



==============================================================================

Memory Map of the image

  Image Entry point : 0x200010e1

  Load Region LR_IROM (Base: 0x20001000, Size: 0x00005744, Max: 0x0000a000, ABSOLUTE)

    Execution Region ER_IROM (Exec base: 0x20001000, Load base: 0x20001000, Size: 0x00003884, Max: 0xffffffff, ABSOLUTE)

    Exec Addr    Load Addr    Size         Type   Attr      Idx    E Section Name        Object

    0x20001000   0x20001000   0x000000e0   Data   RO            3    RESET               startup.o
    0x200010e0   0x200010e0   0x00000000   Code   RO         1727  * .ARM.Collect$$$$00000000  mc_p.l(entry.o)
    0x200010e0   0x200010e0   0x00000004   Code   RO         1734    .ARM.Collect$$$$00000001  mc_p.l(entry2.o)
    0x200010e4   0x200010e4   0x00000004   Code   RO         1737    .ARM.Collect$$$$00000004  mc_p.l(entry5.o)
    0x200010e8   0x200010e8   0x00000000   Code   RO         1739    .ARM.Collect$$$$00000008  mc_p.l(entry7b.o)
    0x200010e8   0x200010e8   0x00000000   Code   RO         1741    .ARM.Collect$$$$0000000A  mc_p.l(entry8b.o)
    0x200010e8   0x200010e8   0x00000008   Code   RO         1742    .ARM.Collect$$$$0000000B  mc_p.l(entry9a.o)
    0x200010f0   0x200010f0   0x00000000   Code   RO         1744    .ARM.Collect$$$$0000000D  mc_p.l(entry10a.o)
    0x200010f0   0x200010f0   0x00000000   Code   RO         1746    .ARM.Collect$$$$0000000F  mc_p.l(entry11a.o)
    0x200010f0   0x200010f0   0x00000004   Code   RO         1735    .ARM.Collect$$$$00002712  mc_p.l(entry2.o)
    0x200010f4   0x200010f4   0x00000038   Code   RO            4    .asm_patch          startup.o
    0x2000112c   0x2000112c   0x0000007c   Code   RO          230    .init.once.text."..\\..\\..\\..\\arch\\soc\\atb110x\\soc_patch.c".0  soc_patch.o
    0x200011a8   0x200011a8   0x00000070   Code   RO          231    .init.once.text."..\\..\\..\\..\\arch\\soc\\atb110x\\soc_patch.c".1  soc_patch.o
    0x20001218   0x20001218   0x00000002   Code   RO          232    .init.once.text."..\\..\\..\\..\\arch\\soc\\atb110x\\soc_patch.c".2  soc_patch.o
    0x2000121a   0x2000121a   0x0000000a   Code   RO          564    .init.once.text."..\\..\\..\\..\\boards\\board.c".1  board.o
    0x20001224   0x20001224   0x0000007c   Code   RO          565    .init.once.text."..\\..\\..\\..\\boards\\board.c".2  board.o
    0x200012a0   0x200012a0   0x000000a4   Code   RO          751    .init.once.text."..\\..\\..\\..\\drivers\\bluetooth\\hci\\llcc.c".0  llcc.o
    0x20001344   0x20001344   0x00000098   Code   RO          752    .init.once.text."..\\..\\..\\..\\drivers\\bluetooth\\hci\\llcc.c".1  llcc.o
    0x200013dc   0x200013dc   0x00000030   Code   RO          753    .init.once.text."..\\..\\..\\..\\drivers\\bluetooth\\hci\\llcc.c".14  llcc.o
    0x2000140c   0x2000140c   0x00000024   Code   RO          754    .init.once.text."..\\..\\..\\..\\drivers\\bluetooth\\hci\\llcc.c".15  llcc.o
    0x20001430   0x20001430   0x0000004e   Code   RO          755    .init.once.text."..\\..\\..\\..\\drivers\\bluetooth\\hci\\llcc.c".16  llcc.o
    0x2000147e   0x2000147e   0x00000002   PAD
    0x20001480   0x20001480   0x000000f4   Code   RO          756    .init.once.text."..\\..\\..\\..\\drivers\\bluetooth\\hci\\llcc.c".17  llcc.o
    0x20001574   0x20001574   0x0000002c   Code   RO          628    .init.once.text."..\\..\\..\\..\\drivers\\uart\\uart_acts.c".0  uart_acts.o
    0x200015a0   0x200015a0   0x00000014   Code   RO           14    .init.once.text."..\\..\\..\\..\\ext\\lib\\actions\\startup\\system.c".0  system.o
    0x200015b4   0x200015b4   0x00000098   Code   RO          880    .init.once.text."..\\..\\..\\..\\kernel\\kernel_config_init.c".4  kernel_config_init.o
    0x2000164c   0x2000164c   0x000001d4   Code   RO          972    .init.once.text."..\\..\\..\\..\\subsys\\bluetooth\\host\\bt_host_config_init.c".8  bt_host_config_init.o
    0x20001820   0x20001820   0x00000014   Code   RO          973    .init.once.text."..\\..\\..\\..\\subsys\\bluetooth\\host\\bt_host_config_init.c".9  bt_host_config_init.o
    0x20001834   0x20001834   0x00000170   Code   RO          303    .init.once.text."..\\src\\main.c".0  main.o
    0x200019a4   0x200019a4   0x00000058   Code   RO            5    .text               startup.o
    0x200019fc   0x200019fc   0x00000024   Code   RO         1728    .text               mc_p.l(memcpya.o)
    0x20001a20   0x20001a20   0x00000024   Code   RO         1730    .text               mc_p.l(memseta.o)
    0x20001a44   0x20001a44   0x00000024   Code   RO         1748    .text               mc_p.l(init.o)
    0x20001a68   0x20001a68   0x0000000c   Ven    RO         1758    Veneer$$Code        anon$$obj.o
    0x20001a74   0x20001a74   0x0000000c   Ven    RO         1759    Veneer$$Code        anon$$obj.o
    0x20001a80   0x20001a80   0x0000000c   Ven    RO         1760    Veneer$$Code        anon$$obj.o
    0x20001a8c   0x20001a8c   0x0000000c   Ven    RO         1761    Veneer$$Code        anon$$obj.o
    0x20001a98   0x20001a98   0x0000000c   Ven    RO         1762    Veneer$$Code        anon$$obj.o
    0x20001aa4   0x20001aa4   0x0000000c   Ven    RO         1763    Veneer$$Code        anon$$obj.o
    0x20001ab0   0x20001ab0   0x0000000c   Ven    RO         1764    Veneer$$Code        anon$$obj.o
    0x20001abc   0x20001abc   0x0000000c   Ven    RO         1765    Veneer$$Code        anon$$obj.o
    0x20001ac8   0x20001ac8   0x0000000c   Ven    RO         1766    Veneer$$Code        anon$$obj.o
    0x20001ad4   0x20001ad4   0x0000000c   Ven    RO         1767    Veneer$$Code        anon$$obj.o
    0x20001ae0   0x20001ae0   0x0000000c   Ven    RO         1768    Veneer$$Code        anon$$obj.o
    0x20001aec   0x20001aec   0x0000000c   Ven    RO         1769    Veneer$$Code        anon$$obj.o
    0x20001af8   0x20001af8   0x0000000c   Ven    RO         1770    Veneer$$Code        anon$$obj.o
    0x20001b04   0x20001b04   0x0000000c   Ven    RO         1771    Veneer$$Code        anon$$obj.o
    0x20001b10   0x20001b10   0x0000000c   Ven    RO         1772    Veneer$$Code        anon$$obj.o
    0x20001b1c   0x20001b1c   0x0000000c   Ven    RO         1773    Veneer$$Code        anon$$obj.o
    0x20001b28   0x20001b28   0x0000000c   Ven    RO         1774    Veneer$$Code        anon$$obj.o
    0x20001b34   0x20001b34   0x0000000c   Ven    RO         1775    Veneer$$Code        anon$$obj.o
    0x20001b40   0x20001b40   0x0000000c   Ven    RO         1776    Veneer$$Code        anon$$obj.o
    0x20001b4c   0x20001b4c   0x0000000c   Ven    RO         1777    Veneer$$Code        anon$$obj.o
    0x20001b58   0x20001b58   0x0000000c   Ven    RO         1778    Veneer$$Code        anon$$obj.o
    0x20001b64   0x20001b64   0x0000000c   Ven    RO         1779    Veneer$$Code        anon$$obj.o
    0x20001b70   0x20001b70   0x0000000c   Ven    RO         1780    Veneer$$Code        anon$$obj.o
    0x20001b7c   0x20001b7c   0x0000000c   Ven    RO         1781    Veneer$$Code        anon$$obj.o
    0x20001b88   0x20001b88   0x0000000c   Ven    RO         1782    Veneer$$Code        anon$$obj.o
    0x20001b94   0x20001b94   0x0000000c   Ven    RO         1783    Veneer$$Code        anon$$obj.o
    0x20001ba0   0x20001ba0   0x0000000c   Ven    RO         1784    Veneer$$Code        anon$$obj.o
    0x20001bac   0x20001bac   0x0000000c   Ven    RO         1785    Veneer$$Code        anon$$obj.o
    0x20001bb8   0x20001bb8   0x0000000c   Ven    RO         1786    Veneer$$Code        anon$$obj.o
    0x20001bc4   0x20001bc4   0x0000000c   Ven    RO         1787    Veneer$$Code        anon$$obj.o
    0x20001bd0   0x20001bd0   0x0000000c   Ven    RO         1788    Veneer$$Code        anon$$obj.o
    0x20001bdc   0x20001bdc   0x0000000c   Ven    RO         1789    Veneer$$Code        anon$$obj.o
    0x20001be8   0x20001be8   0x0000000c   Ven    RO         1790    Veneer$$Code        anon$$obj.o
    0x20001bf4   0x20001bf4   0x0000000c   Ven    RO         1791    Veneer$$Code        anon$$obj.o
    0x20001c00   0x20001c00   0x0000000c   Ven    RO         1792    Veneer$$Code        anon$$obj.o
    0x20001c0c   0x20001c0c   0x0000000c   Ven    RO         1793    Veneer$$Code        anon$$obj.o
    0x20001c18   0x20001c18   0x0000000c   Ven    RO         1794    Veneer$$Code        anon$$obj.o
    0x20001c24   0x20001c24   0x0000000c   Ven    RO         1795    Veneer$$Code        anon$$obj.o
    0x20001c30   0x20001c30   0x0000000c   Ven    RO         1796    Veneer$$Code        anon$$obj.o
    0x20001c3c   0x20001c3c   0x0000000c   Ven    RO         1797    Veneer$$Code        anon$$obj.o
    0x20001c48   0x20001c48   0x0000000c   Ven    RO         1798    Veneer$$Code        anon$$obj.o
    0x20001c54   0x20001c54   0x0000000c   Ven    RO         1799    Veneer$$Code        anon$$obj.o
    0x20001c60   0x20001c60   0x0000000c   Ven    RO         1800    Veneer$$Code        anon$$obj.o
    0x20001c6c   0x20001c6c   0x0000000c   Ven    RO         1801    Veneer$$Code        anon$$obj.o
    0x20001c78   0x20001c78   0x0000000c   Ven    RO         1802    Veneer$$Code        anon$$obj.o
    0x20001c84   0x20001c84   0x0000000c   Ven    RO         1803    Veneer$$Code        anon$$obj.o
    0x20001c90   0x20001c90   0x0000000c   Ven    RO         1804    Veneer$$Code        anon$$obj.o
    0x20001c9c   0x20001c9c   0x0000000c   Ven    RO         1805    Veneer$$Code        anon$$obj.o
    0x20001ca8   0x20001ca8   0x0000000c   Ven    RO         1806    Veneer$$Code        anon$$obj.o
    0x20001cb4   0x20001cb4   0x0000000c   Ven    RO         1807    Veneer$$Code        anon$$obj.o
    0x20001cc0   0x20001cc0   0x0000000c   Ven    RO         1808    Veneer$$Code        anon$$obj.o
    0x20001ccc   0x20001ccc   0x0000000c   Ven    RO         1809    Veneer$$Code        anon$$obj.o
    0x20001cd8   0x20001cd8   0x0000000c   Ven    RO         1810    Veneer$$Code        anon$$obj.o
    0x20001ce4   0x20001ce4   0x0000000c   Ven    RO         1811    Veneer$$Code        anon$$obj.o
    0x20001cf0   0x20001cf0   0x0000000c   Ven    RO         1812    Veneer$$Code        anon$$obj.o
    0x20001cfc   0x20001cfc   0x0000000c   Ven    RO         1813    Veneer$$Code        anon$$obj.o
    0x20001d08   0x20001d08   0x0000000c   Ven    RO         1814    Veneer$$Code        anon$$obj.o
    0x20001d14   0x20001d14   0x0000000c   Ven    RO         1815    Veneer$$Code        anon$$obj.o
    0x20001d20   0x20001d20   0x0000000c   Ven    RO         1816    Veneer$$Code        anon$$obj.o
    0x20001d2c   0x20001d2c   0x0000000c   Ven    RO         1817    Veneer$$Code        anon$$obj.o
    0x20001d38   0x20001d38   0x0000000c   Ven    RO         1818    Veneer$$Code        anon$$obj.o
    0x20001d44   0x20001d44   0x0000000c   Ven    RO         1819    Veneer$$Code        anon$$obj.o
    0x20001d50   0x20001d50   0x0000000c   Ven    RO         1820    Veneer$$Code        anon$$obj.o
    0x20001d5c   0x20001d5c   0x0000000c   Ven    RO         1821    Veneer$$Code        anon$$obj.o
    0x20001d68   0x20001d68   0x0000000c   Ven    RO         1822    Veneer$$Code        anon$$obj.o
    0x20001d74   0x20001d74   0x0000000c   Ven    RO         1823    Veneer$$Code        anon$$obj.o
    0x20001d80   0x20001d80   0x0000000c   Ven    RO         1824    Veneer$$Code        anon$$obj.o
    0x20001d8c   0x20001d8c   0x0000000c   Ven    RO         1825    Veneer$$Code        anon$$obj.o
    0x20001d98   0x20001d98   0x0000000c   Ven    RO         1826    Veneer$$Code        anon$$obj.o
    0x20001da4   0x20001da4   0x0000000c   Ven    RO         1827    Veneer$$Code        anon$$obj.o
    0x20001db0   0x20001db0   0x0000000c   Ven    RO         1828    Veneer$$Code        anon$$obj.o
    0x20001dbc   0x20001dbc   0x0000000c   Ven    RO         1829    Veneer$$Code        anon$$obj.o
    0x20001dc8   0x20001dc8   0x0000000c   Ven    RO         1830    Veneer$$Code        anon$$obj.o
    0x20001dd4   0x20001dd4   0x0000000c   Ven    RO         1831    Veneer$$Code        anon$$obj.o
    0x20001de0   0x20001de0   0x0000000c   Ven    RO         1832    Veneer$$Code        anon$$obj.o
    0x20001dec   0x20001dec   0x0000000c   Ven    RO         1833    Veneer$$Code        anon$$obj.o
    0x20001df8   0x20001df8   0x0000000c   Ven    RO         1834    Veneer$$Code        anon$$obj.o
    0x20001e04   0x20001e04   0x0000000c   Ven    RO         1835    Veneer$$Code        anon$$obj.o
    0x20001e10   0x20001e10   0x0000000c   Ven    RO         1836    Veneer$$Code        anon$$obj.o
    0x20001e1c   0x20001e1c   0x0000000c   Ven    RO         1837    Veneer$$Code        anon$$obj.o
    0x20001e28   0x20001e28   0x0000000c   Ven    RO         1838    Veneer$$Code        anon$$obj.o
    0x20001e34   0x20001e34   0x0000000c   Ven    RO         1839    Veneer$$Code        anon$$obj.o
    0x20001e40   0x20001e40   0x0000000c   Ven    RO         1840    Veneer$$Code        anon$$obj.o
    0x20001e4c   0x20001e4c   0x0000000c   Ven    RO         1841    Veneer$$Code        anon$$obj.o
    0x20001e58   0x20001e58   0x0000000c   Ven    RO         1842    Veneer$$Code        anon$$obj.o
    0x20001e64   0x20001e64   0x0000000c   Ven    RO         1843    Veneer$$Code        anon$$obj.o
    0x20001e70   0x20001e70   0x0000000c   Ven    RO         1844    Veneer$$Code        anon$$obj.o
    0x20001e7c   0x20001e7c   0x0000000c   Ven    RO         1845    Veneer$$Code        anon$$obj.o
    0x20001e88   0x20001e88   0x0000000c   Ven    RO         1846    Veneer$$Code        anon$$obj.o
    0x20001e94   0x20001e94   0x0000000c   Ven    RO         1847    Veneer$$Code        anon$$obj.o
    0x20001ea0   0x20001ea0   0x0000000c   Ven    RO         1848    Veneer$$Code        anon$$obj.o
    0x20001eac   0x20001eac   0x0000000c   Ven    RO         1849    Veneer$$Code        anon$$obj.o
    0x20001eb8   0x20001eb8   0x0000000c   Ven    RO         1850    Veneer$$Code        anon$$obj.o
    0x20001ec4   0x20001ec4   0x0000000c   Ven    RO         1851    Veneer$$Code        anon$$obj.o
    0x20001ed0   0x20001ed0   0x0000000c   Ven    RO         1852    Veneer$$Code        anon$$obj.o
    0x20001edc   0x20001edc   0x0000000c   Ven    RO         1853    Veneer$$Code        anon$$obj.o
    0x20001ee8   0x20001ee8   0x0000000c   Ven    RO         1854    Veneer$$Code        anon$$obj.o
    0x20001ef4   0x20001ef4   0x0000000c   Ven    RO         1855    Veneer$$Code        anon$$obj.o
    0x20001f00   0x20001f00   0x0000000c   Ven    RO         1856    Veneer$$Code        anon$$obj.o
    0x20001f0c   0x20001f0c   0x0000000c   Ven    RO         1857    Veneer$$Code        anon$$obj.o
    0x20001f18   0x20001f18   0x0000000c   Ven    RO         1858    Veneer$$Code        anon$$obj.o
    0x20001f24   0x20001f24   0x0000000c   Ven    RO         1859    Veneer$$Code        anon$$obj.o
    0x20001f30   0x20001f30   0x0000000c   Ven    RO         1860    Veneer$$Code        anon$$obj.o
    0x20001f3c   0x20001f3c   0x0000000c   Ven    RO         1861    Veneer$$Code        anon$$obj.o
    0x20001f48   0x20001f48   0x0000000c   Ven    RO         1862    Veneer$$Code        anon$$obj.o
    0x20001f54   0x20001f54   0x0000001a   Code   RO         1308    i.__ARM_common_switch8  storage.o
    0x20001f6e   0x20001f6e   0x00000002   PAD
    0x20001f70   0x20001f70   0x00000064   Code   RO          415    i.__indicate_cb     wechat_service.o
    0x20001fd4   0x20001fd4   0x0000000e   Code   RO         1752    i.__scatterload_copy  mc_p.l(handlers.o)
    0x20001fe2   0x20001fe2   0x00000002   Code   RO         1753    i.__scatterload_null  mc_p.l(handlers.o)
    0x20001fe4   0x20001fe4   0x0000000e   Code   RO         1754    i.__scatterload_zeroinit  mc_p.l(handlers.o)
    0x20001ff2   0x20001ff2   0x00000002   PAD
    0x20001ff4   0x20001ff4   0x00000078   Code   RO          416    i.__send_and_wait   wechat_service.o
    0x2000206c   0x2000206c   0x00000024   Code   RO          822    i._sys_device_do_config_level  device.o
    0x20002090   0x20002090   0x000000f8   Code   RO          304    i.airsync_proto_handle  main.o
    0x20002188   0x20002188   0x00000074   Code   RO          305    i.airsync_proto_ind_status_cb  main.o
    0x200021fc   0x200021fc   0x000002a0   Code   RO          306    i.airsync_proto_recv_cb  main.o
    0x2000249c   0x2000249c   0x000000b4   Code   RO          307    i.app_main          main.o
    0x20002550   0x20002550   0x00000018   Code   RO         1102    i.atomic_set_bit    bt_host_patch.o
    0x20002568   0x20002568   0x00000012   Code   RO         1103    i.att_cfm_sent_new  bt_host_patch.o
    0x2000257a   0x2000257a   0x00000002   PAD
    0x2000257c   0x2000257c   0x00000030   Code   RO         1104    i.att_req_sent_new  bt_host_patch.o
    0x200025ac   0x200025ac   0x00000012   Code   RO         1105    i.att_rsp_sent_new  bt_host_patch.o
    0x200025be   0x200025be   0x0000000a   Code   RO         1262    i.bt_addr_le_cmp    storage.o
    0x200025c8   0x200025c8   0x0000000a   Code   RO         1263    i.bt_addr_le_copy   storage.o
    0x200025d2   0x200025d2   0x00000002   PAD
    0x200025d4   0x200025d4   0x000000e0   Code   RO         1108    i.bt_gatt_store_ccc  bt_host_patch.o
    0x200026b4   0x200026b4   0x0000001c   Code   RO          668    i.compute_checksum  llc_hci.o
    0x200026d0   0x200026d0   0x00000084   Code   RO          417    i.connected         wechat_service.o
    0x20002754   0x20002754   0x0000001c   Code   RO         1337    i.crc_table         crc32.o
    0x20002770   0x20002770   0x0000026c   Code   RO          514    i.data_consume_func_rec  wechat_protocol.o
    0x200029dc   0x200029dc   0x0000012c   Code   RO          515    i.data_produce_func_send  wechat_protocol.o
    0x20002b08   0x20002b08   0x0000005c   Code   RO           15    i.debug_uart_init   system.o
    0x20002b64   0x20002b64   0x0000001c   Code   RO           16    i.debug_uart_put_char  system.o
    0x20002b80   0x20002b80   0x0000002c   Code   RO          824    i.device_busy_clear_new  device.o
    0x20002bac   0x20002bac   0x0000002c   Code   RO          825    i.device_busy_set_new  device.o
    0x20002bd8   0x20002bd8   0x00000034   Code   RO          826    i.device_get_binding  device.o
    0x20002c0c   0x20002c0c   0x0000005c   Code   RO          418    i.disconnected      wechat_service.o
    0x20002c68   0x20002c68   0x0000009c   Code   RO         1568    i.epb_auth_request_pack_size  epb_mmbp.o
    0x20002d04   0x20002d04   0x00000032   Code   RO         1363    i.epb_get_bytes     epb.o
    0x20002d36   0x20002d36   0x00000008   Code   RO         1364    i.epb_get_enum      epb.o
    0x20002d3e   0x20002d3e   0x00000008   Code   RO         1367    i.epb_get_int32     epb.o
    0x20002d46   0x20002d46   0x00000008   Code   RO         1368    i.epb_get_message   epb.o
    0x20002d4e   0x20002d4e   0x00000004   Code   RO         1369    i.epb_get_packed_size  epb.o
    0x20002d52   0x20002d52   0x00000008   Code   RO         1372    i.epb_get_string    epb.o
    0x20002d5a   0x20002d5a   0x00000096   Code   RO         1373    i.epb_get_tag_value_offset  epb.o
    0x20002df0   0x20002df0   0x0000002c   Code   RO         1374    i.epb_get_uint32    epb.o
    0x20002e1c   0x20002e1c   0x0000003a   Code   RO         1375    i.epb_get_varint32_bits  epb.o
    0x20002e56   0x20002e56   0x00000018   Code   RO         1376    i.epb_has_tag       epb.o
    0x20002e6e   0x20002e6e   0x00000032   Code   RO         1570    i.epb_init_request_pack_size  epb_mmbp.o
    0x20002ea0   0x20002ea0   0x0000000e   Code   RO         1377    i.epb_length_delimited_pack_size  epb.o
    0x20002eae   0x20002eae   0x00000106   Code   RO         1571    i.epb_pack_auth_request  epb_mmbp.o
    0x20002fb4   0x20002fb4   0x00000012   Code   RO         1572    i.epb_pack_base_request  epb_mmbp.o
    0x20002fc6   0x20002fc6   0x0000000a   Code   RO         1378    i.epb_pack_init     epb.o
    0x20002fd0   0x20002fd0   0x0000007e   Code   RO         1573    i.epb_pack_init_request  epb_mmbp.o
    0x2000304e   0x2000304e   0x00000076   Code   RO         1574    i.epb_pack_send_data_request  epb_mmbp.o
    0x200030c4   0x200030c4   0x00000038   Code   RO         1379    i.epb_pack_tag      epb.o
    0x200030fc   0x200030fc   0x00000056   Code   RO         1380    i.epb_pack_varint32_bits  epb.o
    0x20003152   0x20003152   0x0000002e   Code   RO         1575    i.epb_send_data_request_pack_size  epb_mmbp.o
    0x20003180   0x20003180   0x0000004c   Code   RO         1382    i.epb_set_bytes     epb.o
    0x200031cc   0x200031cc   0x00000008   Code   RO         1383    i.epb_set_enum      epb.o
    0x200031d4   0x200031d4   0x00000008   Code   RO         1386    i.epb_set_int32     epb.o
    0x200031dc   0x200031dc   0x00000008   Code   RO         1387    i.epb_set_message   epb.o
    0x200031e4   0x200031e4   0x00000008   Code   RO         1390    i.epb_set_string    epb.o
    0x200031ec   0x200031ec   0x00000020   Code   RO         1391    i.epb_set_uint32    epb.o
    0x2000320c   0x2000320c   0x0000006a   Code   RO         1576    i.epb_unpack_auth_response  epb_mmbp.o
    0x20003276   0x20003276   0x00000012   Code   RO         1577    i.epb_unpack_auth_response_free  epb_mmbp.o
    0x20003288   0x20003288   0x0000001a   Code   RO         1578    i.epb_unpack_base_push  epb_mmbp.o
    0x200032a2   0x200032a2   0x00000058   Code   RO         1580    i.epb_unpack_base_response  epb_mmbp.o
    0x200032fa   0x200032fa   0x00000006   Code   RO         1392    i.epb_unpack_init   epb.o
    0x20003300   0x20003300   0x000001a0   Code   RO         1582    i.epb_unpack_init_response  epb_mmbp.o
    0x200034a0   0x200034a0   0x00000012   Code   RO         1583    i.epb_unpack_init_response_free  epb_mmbp.o
    0x200034b2   0x200034b2   0x00000086   Code   RO         1584    i.epb_unpack_recv_data_push  epb_mmbp.o
    0x20003538   0x20003538   0x00000012   Code   RO         1585    i.epb_unpack_recv_data_push_free  epb_mmbp.o
    0x2000354a   0x2000354a   0x00000070   Code   RO         1586    i.epb_unpack_send_data_response  epb_mmbp.o
    0x200035ba   0x200035ba   0x00000012   Code   RO         1587    i.epb_unpack_send_data_response_free  epb_mmbp.o
    0x200035cc   0x200035cc   0x00000064   Code   RO         1588    i.epb_unpack_switch_backgroud_push  epb_mmbp.o
    0x20003630   0x20003630   0x00000012   Code   RO         1589    i.epb_unpack_switch_backgroud_push_free  epb_mmbp.o
    0x20003642   0x20003642   0x0000007a   Code   RO         1590    i.epb_unpack_switch_view_push  epb_mmbp.o
    0x200036bc   0x200036bc   0x00000012   Code   RO         1591    i.epb_unpack_switch_view_push_free  epb_mmbp.o
    0x200036ce   0x200036ce   0x00000020   Code   RO         1393    i.epb_varint32_pack_size  epb.o
    0x200036ee   0x200036ee   0x00000002   PAD
    0x200036f0   0x200036f0   0x00000130   Code   RO         1264    i.find_bt_keys      storage.o
    0x20003820   0x20003820   0x00000050   Code   RO         1111    i.gatt_ccc_changed_new  bt_host_patch.o
    0x20003870   0x20003870   0x00000034   Code   RO          669    i.hci_tx_failure_new  llc_hci.o
    0x200038a4   0x200038a4   0x00000060   Code   RO          670    i.hci_vs_read_done_new  llc_hci.o
    0x20003904   0x20003904   0x00000002   Code   RO          277    i.idle_new          soc_pm.o
    0x20003906   0x20003906   0x00000002   PAD
    0x20003908   0x20003908   0x00000068   Code   RO          419    i.ind_ch_ccc_cfg_changed  wechat_service.o
    0x20003970   0x20003970   0x0000006c   Code   RO         1114    i.le_conn_update_new  bt_host_patch.o
    0x200039dc   0x200039dc   0x000000dc   Code   RO          671    i.llcc_rx_cmd_valid_handler_new  llc_hci.o
    0x20003ab8   0x20003ab8   0x00000008   Code   RO          672    i.llcc_rxcmd_valid_handler_new  llc_hci.o
    0x20003ac0   0x20003ac0   0x00000008   Code   RO          673    i.llcc_rxdmal_done_handler_new  llc_hci.o
    0x20003ac8   0x20003ac8   0x0000001c   Code   RO          674    i.llcc_tx_soft_reset_ack_cmd_new  llc_hci.o
    0x20003ae4   0x20003ae4   0x000000e8   Code   RO          675    i.llcc_write_new    llc_hci.o
    0x20003bcc   0x20003bcc   0x00000030   Code   RO          202    i.main              entry.o
    0x20003bfc   0x20003bfc   0x00000034   Code   RO          388    i.mem_free          mem_manager.o
    0x20003c30   0x20003c30   0x0000002c   Code   RO          389    i.mem_init          mem_manager.o
    0x20003c5c   0x20003c5c   0x00000060   Code   RO          390    i.mem_malloc        mem_manager.o
    0x20003cbc   0x20003cbc   0x000000bc   Code   RO          928    i.new_k_delayed_work_cancel  system_work_q.o
    0x20003d78   0x20003d78   0x00000078   Code   RO          420    i.rd_ch_read_cb     wechat_service.o
    0x20003df0   0x20003df0   0x00000024   Code   RO          975    i.sc_ccc_cfg_changed  bt_host_config_init.o
    0x20003e14   0x20003e14   0x0000000c   Code   RO         1394    i.sizeof_tag        epb.o
    0x20003e20   0x20003e20   0x00000070   Code   RO         1116    i.smp_reset_new     bt_host_patch.o
    0x20003e90   0x20003e90   0x0000001e   Code   RO         1265    i.storage_clear     storage.o
    0x20003eae   0x20003eae   0x00000002   PAD
    0x20003eb0   0x20003eb0   0x00000044   Code   RO         1266    i.storage_init      storage.o
    0x20003ef4   0x20003ef4   0x0000009c   Code   RO         1267    i.storage_read      storage.o
    0x20003f90   0x20003f90   0x000000a0   Code   RO         1268    i.storage_write     storage.o
    0x20004030   0x20004030   0x0000008c   Code   RO          976    i.str2bt_addr       bt_host_config_init.o
    0x200040bc   0x200040bc   0x000000dc   Code   RO          278    i.sys_pm_reboot     soc_pm.o
    0x20004198   0x20004198   0x0000002a   Code   RO          629    i.uart_acts_resume_device_from_suspend  uart_acts.o
    0x200041c2   0x200041c2   0x00000022   Code   RO          630    i.uart_acts_suspend_device  uart_acts.o
    0x200041e4   0x200041e4   0x0000001c   Code   RO          597    i.uart_console_init_new  uart_console.o
    0x20004200   0x20004200   0x00000020   Code   RO          631    i.uart_device_ctrl  uart_acts.o
    0x20004220   0x20004220   0x00000024   Code   RO         1117    i.update_conn_param_new  bt_host_patch.o
    0x20004244   0x20004244   0x000000a4   Code   RO          421    i.wechat_advertise  wechat_service.o
    0x200042e8   0x200042e8   0x000000b8   Code   RO         1338    i.wechat_crc32      crc32.o
    0x200043a0   0x200043a0   0x00000108   Code   RO          423    i.wechat_init       wechat_service.o
    0x200044a8   0x200044a8   0x0000009c   Code   RO          424    i.wechat_send_data  wechat_service.o
    0x20004544   0x20004544   0x0000006c   Code   RO          425    i.wr_ch_write_cb    wechat_service.o
    0x200045b0   0x200045b0   0x00000014   Code   RO          516    i.wx_set_mac_address  wechat_protocol.o
    0x200045c4   0x200045c4   0x0000002c   Data   RO          428    .constdata          wechat_service.o
    0x200045f0   0x200045f0   0x000000a2   Data   RO          518    .constdata          wechat_protocol.o
    0x20004692   0x20004692   0x00000002   PAD
    0x20004694   0x20004694   0x0000000c   Data   RO          632    .constdata          uart_acts.o
    0x200046a0   0x200046a0   0x00000100   Data   RO          676    .constdata          llc_hci.o
    0x200047a0   0x200047a0   0x0000000c   Data   RO         1270    .constdata          storage.o
    0x200047ac   0x200047ac   0x0000000d   Data   RO          429    .conststring        wechat_service.o
    0x200047b9   0x200047b9   0x00000003   PAD
    0x200047bc   0x200047bc   0x00000021   Data   RO          519    .conststring        wechat_protocol.o
    0x200047dd   0x200047dd   0x00000003   PAD
    0x200047e0   0x200047e0   0x00000001   Data   RO          566    .conststrlit        board.o
    0x200047e1   0x200047e1   0x00000003   PAD
    0x200047e4   0x200047e4   0x00000001   Data   RO          598    .conststrlit        uart_console.o
    0x200047e5   0x200047e5   0x00000003   PAD
    0x200047e8   0x200047e8   0x0000000a   Data   RO          614    .conststrlit        sys_clock_init.o
    0x200047f2   0x200047f2   0x00000002   PAD
    0x200047f4   0x200047f4   0x00000007   Data   RO          633    .conststrlit        uart_acts.o
    0x200047fb   0x200047fb   0x00000001   PAD
    0x200047fc   0x200047fc   0x00000001   Data   RO          758    .conststrlit        llcc.o
    0x200047fd   0x200047fd   0x00000003   PAD
    0x20004800   0x20004800   0x00000001   Data   RO          929    .conststrlit        system_work_q.o
    0x20004801   0x20004801   0x00000003   PAD
    0x20004804   0x20004804   0x00000059   Data   RO          985    .conststrlit        bt_host_config_init.o
    0x2000485d   0x2000485d   0x00000003   PAD
    0x20004860   0x20004860   0x00000001   Data   RO         1271    .conststrlit        storage.o
    0x20004861   0x20004861   0x00000003   PAD
    0x20004864   0x20004864   0x00000010   Data   RO          570    .init.once.data."..\\..\\..\\..\\boards\\board.c".0  board.o
    0x20004874   0x20004874   0x00000010   Data   RO         1750    Region$$Table       anon$$obj.o


    Execution Region RAM_RETENTION (Exec base: 0x20004884, Load base: 0x20004884, Size: 0x00000100, Max: 0xffffffff, ABSOLUTE)

    Exec Addr    Load Addr    Size         Type   Attr      Idx    E Section Name        Object

    0x20004884   0x20004884   0x00000100   Data   RW          886    .ram_retention_data  kernel_config_init.o


    Execution Region RW_IRAM_DEVICE_PRE_KERNEL_1 (Exec base: 0x20004984, Load base: 0x20004984, Size: 0x00000024, Max: 0xffffffff, ABSOLUTE)

    Exec Addr    Load Addr    Size         Type   Attr      Idx    E Section Name        Object

    0x20004984   0x20004984   0x0000000c   Data   RW          571    .init_PRE_KERNEL_10  board.o
    0x20004990   0x20004990   0x0000000c   Data   RW          636    .init_PRE_KERNEL_150  uart_acts.o
    0x2000499c   0x2000499c   0x0000000c   Data   RW          600    .init_PRE_KERNEL_160  uart_console.o


    Execution Region RW_IRAM_DEVICE_PRE_KERNEL_2 (Exec base: 0x200049a8, Load base: 0x200049a8, Size: 0x0000000c, Max: 0xffffffff, ABSOLUTE)

    Exec Addr    Load Addr    Size         Type   Attr      Idx    E Section Name        Object

    0x200049a8   0x200049a8   0x0000000c   Data   RW          616    .init_PRE_KERNEL_20  sys_clock_init.o


    Execution Region RW_IRAM_DEVICE_POST_KERNEL (Exec base: 0x200049b4, Load base: 0x200049b4, Size: 0x00000030, Max: 0xffffffff, ABSOLUTE)

    Exec Addr    Load Addr    Size         Type   Attr      Idx    E Section Name        Object

    0x200049b4   0x200049b4   0x0000000c   Data   RW          931    .init_POST_KERNEL40  system_work_q.o
    0x200049c0   0x200049c0   0x00000018   Data   RW          770    .init_POST_KERNEL50  llcc.o
    0x200049d8   0x200049d8   0x0000000c   Data   RW          988    .init_POST_KERNEL50  bt_host_config_init.o


    Execution Region RW_IRAM_DEVICE_APPLICATION (Exec base: 0x200049e4, Load base: 0x200049e4, Size: 0x0000000c, Max: 0xffffffff, ABSOLUTE)

    Exec Addr    Load Addr    Size         Type   Attr      Idx    E Section Name        Object

    0x200049e4   0x200049e4   0x0000000c   Data   RW         1274    .init_APPLICATION40  storage.o


    Execution Region RW_IRAM_DEVICE_BUSY (Exec base: 0x200049f0, Load base: 0x200049f0, Size: 0x00000008, Max: 0xffffffff, ABSOLUTE)

    Exec Addr    Load Addr    Size         Type   Attr      Idx    E Section Name        Object

    0x200049f0   0x200049f0   0x00000008   Data   RW          829    .device_BUSY        device.o


    Execution Region RW_IRAM__net_buf_pool_area (Exec base: 0x200049f8, Load base: 0x200049f8, Size: 0x000000f0, Max: 0xffffffff, ABSOLUTE)

    Exec Addr    Load Addr    Size         Type   Attr      Idx    E Section Name        Object

    0x200049f8   0x200049f8   0x00000028   Data   RW          977    ._net_buf_pool.static.acl_tx_pool  bt_host_config_init.o
    0x20004a20   0x20004a20   0x00000028   Data   RW          978    ._net_buf_pool.static.hci_cmd_pool  bt_host_config_init.o
    0x20004a48   0x20004a48   0x00000028   Data   RW          979    ._net_buf_pool.static.hci_rx_pool_0  bt_host_config_init.o
    0x20004a70   0x20004a70   0x00000028   Data   RW          980    ._net_buf_pool.static.hci_rx_pool_2  bt_host_config_init.o
    0x20004a98   0x20004a98   0x00000028   Data   RW          981    ._net_buf_pool.static.hci_rx_pool_3  bt_host_config_init.o
    0x20004ac0   0x20004ac0   0x00000028   Data   RW          982    ._net_buf_pool.static.prep_pool  bt_host_config_init.o


    Execution Region RW_IRAM__mem_pool_area (Exec base: 0x20004ae8, Load base: 0x20004ae8, Size: 0x00000000, Max: 0xffffffff, ABSOLUTE)

    **** No section assigned to this execution region ****


    Execution Region RW_IRAM_SHELL_CMD_START (Exec base: 0x20004ae8, Load base: 0x20004ae8, Size: 0x00000000, Max: 0xffffffff, ABSOLUTE)

    **** No section assigned to this execution region ****


    Execution Region RW_IRAM_PATCH_HW_FUNC (Exec base: 0x20004ae8, Load base: 0x20004ae8, Size: 0x00000050, Max: 0x00000060, ABSOLUTE)

    Exec Addr    Load Addr    Size         Type   Attr      Idx    E Section Name        Object

    0x20004ae8   0x20004ae8   0x00000008   Data   RW          279    .patch_hw_func      soc_pm.o
    0x20004af0   0x20004af0   0x00000008   Data   RW          678    .patch_hw_func      llc_hci.o
    0x20004af8   0x20004af8   0x00000010   Data   RW          830    .patch_hw_func      device.o
    0x20004b08   0x20004b08   0x00000008   Data   RW          932    .patch_hw_func      system_work_q.o
    0x20004b10   0x20004b10   0x00000028   Data   RW         1121    .patch_hw_func      bt_host_patch.o


    Execution Region RW_IRAM_PATCH_HW_CODE (Exec base: 0x20004b38, Load base: 0x20004b38, Size: 0x00000058, Max: 0x00000060, ABSOLUTE)

    Exec Addr    Load Addr    Size         Type   Attr      Idx    E Section Name        Object

    0x20004b38   0x20004b38   0x00000038   Data   RW          677    .patch_hw_code      llc_hci.o
    0x20004b70   0x20004b70   0x00000020   Data   RW         1120    .patch_hw_code      bt_host_patch.o


    Execution Region RW_IRAM2 (Exec base: 0x20004b90, Load base: 0x20004b90, Size: 0x00001bb4, Max: 0xffffffff, ABSOLUTE)

    Exec Addr    Load Addr    Size         Type   Attr      Idx    E Section Name        Object

    0x20004b90   0x20004b90   0x00000014   Data   RW          881    ._k_stack.static.async_msg_free  kernel_config_init.o
    0x20004ba4   0x20004ba4   0x00000004   Data   RW          309    .data               main.o
    0x20004ba8   0x20004ba8   0x00000004   Data   RW          430    .data               wechat_service.o
    0x20004bac   0x20004bac   0x00000004   Data   RW          431    .data               wechat_service.o
    0x20004bb0   0x20004bb0   0x00000004   Data   RW          432    .data               wechat_service.o
    0x20004bb4   0x20004bb4   0x00000004   Data   RW          433    .data               wechat_service.o
    0x20004bb8   0x20004bb8   0x00000008   Data   RW          434    .data               wechat_service.o
    0x20004bc0   0x20004bc0   0x00000004   Data   RW          435    .data               wechat_service.o
    0x20004bc4   0x20004bc4   0x00000004   Data   RW          436    .data               wechat_service.o
    0x20004bc8   0x20004bc8   0x00000004   Data   RW          437    .data               wechat_service.o
    0x20004bcc   0x20004bcc   0x00000008   Data   RW          438    .data               wechat_service.o
    0x20004bd4   0x20004bd4   0x00000004   Data   RW          439    .data               wechat_service.o
    0x20004bd8   0x20004bd8   0x00000004   Data   RW          440    .data               wechat_service.o
    0x20004bdc   0x20004bdc   0x00000010   Data   RW          441    .data               wechat_service.o
    0x20004bec   0x20004bec   0x00000004   Data   RW          442    .data               wechat_service.o
    0x20004bf0   0x20004bf0   0x00000004   Data   RW          443    .data               wechat_service.o
    0x20004bf4   0x20004bf4   0x00000008   Data   RW          444    .data               wechat_service.o
    0x20004bfc   0x20004bfc   0x00000004   Data   RW          445    .data               wechat_service.o
    0x20004c00   0x20004c00   0x00000001   Data   RW          446    .data               wechat_service.o
    0x20004c01   0x20004c01   0x00000002   Data   RW          447    .data               wechat_service.o
    0x20004c03   0x20004c03   0x00000001   PAD
    0x20004c04   0x20004c04   0x000000e0   Data   RW          448    .data               wechat_service.o
    0x20004ce4   0x20004ce4   0x00000006   Data   RW          520    .data               wechat_protocol.o
    0x20004cea   0x20004cea   0x00000001   Data   RW          567    .data               board.o
    0x20004ceb   0x20004ceb   0x00000001   PAD
    0x20004cec   0x20004cec   0x00000018   Data   RW          634    .data               uart_acts.o
    0x20004d04   0x20004d04   0x00000014   Data   RW          828    .data               device.o
    0x20004d18   0x20004d18   0x00000064   Data   RW          986    .data               bt_host_config_init.o
    0x20004d7c   0x20004d7c   0x00000008   Data   RW         1119    .data               bt_host_patch.o
    0x20004d84   0x20004d84   0x0000000b   Data   RW         1272    .data               storage.o
    0x20004d8f   0x20004d8f   0x00000001   PAD
    0x20004d90   0x20004d90   0x00000010   Data   RW          569    .devconfig.init     board.o
    0x20004da0   0x20004da0   0x00000010   Data   RW          599    .devconfig.init     uart_console.o
    0x20004db0   0x20004db0   0x00000010   Data   RW          615    .devconfig.init     sys_clock_init.o
    0x20004dc0   0x20004dc0   0x00000010   Data   RW          635    .devconfig.init     uart_acts.o
    0x20004dd0   0x20004dd0   0x00000020   Data   RW          759    .devconfig.init     llcc.o
    0x20004df0   0x20004df0   0x00000010   Data   RW          930    .devconfig.init     system_work_q.o
    0x20004e00   0x20004e00   0x00000010   Data   RW          987    .devconfig.init     bt_host_config_init.o
    0x20004e10   0x20004e10   0x00000010   Data   RW         1273    .devconfig.init     storage.o
    0x20004e20   0x20004e20   0x00000028   Data   RW          760    .init.once.data."..\\..\\..\\..\\drivers\\bluetooth\\hci\\llcc.c".10  llcc.o
    0x20004e48   0x20004e48   0x00000010   Data   RW          761    .init.once.data."..\\..\\..\\..\\drivers\\bluetooth\\hci\\llcc.c".11  llcc.o
    0x20004e58   0x20004e58   0x00000048   Data   RW          762    .init.once.data."..\\..\\..\\..\\drivers\\bluetooth\\hci\\llcc.c".12  llcc.o
    0x20004ea0   0x20004ea0   0x00000030   Data   RW          763    .init.once.data."..\\..\\..\\..\\drivers\\bluetooth\\hci\\llcc.c".13  llcc.o
    0x20004ed0   0x20004ed0   0x00000020   Data   RW          764    .init.once.data."..\\..\\..\\..\\drivers\\bluetooth\\hci\\llcc.c".4  llcc.o
    0x20004ef0   0x20004ef0   0x00000008   Data   RW          765    .init.once.data."..\\..\\..\\..\\drivers\\bluetooth\\hci\\llcc.c".5  llcc.o
    0x20004ef8   0x20004ef8   0x00000002   Data   RW          766    .init.once.data."..\\..\\..\\..\\drivers\\bluetooth\\hci\\llcc.c".6  llcc.o
    0x20004efa   0x20004efa   0x00000001   Data   RW          767    .init.once.data."..\\..\\..\\..\\drivers\\bluetooth\\hci\\llcc.c".7  llcc.o
    0x20004efb   0x20004efb   0x00000001   PAD
    0x20004efc   0x20004efc   0x00000020   Data   RW          768    .init.once.data."..\\..\\..\\..\\drivers\\bluetooth\\hci\\llcc.c".8  llcc.o
    0x20004f1c   0x20004f1c   0x00000018   Data   RW          769    .init.once.data."..\\..\\..\\..\\drivers\\bluetooth\\hci\\llcc.c".9  llcc.o
    0x20004f34   0x20004f34   0x00000004   PAD
    0x20004f38   0x20004f38   0x00000400   Data   RW          882    .noinit."..\\..\\..\\..\\kernel\\kernel_config_init.c".0  kernel_config_init.o
    0x20005338   0x20005338   0x00000400   Data   RW          883    .noinit."..\\..\\..\\..\\kernel\\kernel_config_init.c".1  kernel_config_init.o
    0x20005738   0x20005738   0x00000348   Data   RW          884    .noinit."..\\..\\..\\..\\kernel\\kernel_config_init.c".2  kernel_config_init.o
    0x20005a80   0x20005a80   0x00000028   Data   RW          885    .noinit."..\\..\\..\\..\\kernel\\kernel_config_init.c".3  kernel_config_init.o
    0x20005aa8   0x20005aa8   0x000000d0   Data   RW          989    .noinit."..\\..\\..\\..\\subsys\\bluetooth\\host\\bt_host_config_init.c".0  bt_host_config_init.o
    0x20005b78   0x20005b78   0x0000012c   Data   RW          990    .noinit."..\\..\\..\\..\\subsys\\bluetooth\\host\\bt_host_config_init.c".1  bt_host_config_init.o
    0x20005ca4   0x20005ca4   0x00000108   Data   RW          991    .noinit."..\\..\\..\\..\\subsys\\bluetooth\\host\\bt_host_config_init.c".2  bt_host_config_init.o
    0x20005dac   0x20005dac   0x000000a8   Data   RW          992    .noinit."..\\..\\..\\..\\subsys\\bluetooth\\host\\bt_host_config_init.c".3  bt_host_config_init.o
    0x20005e54   0x20005e54   0x00000190   Data   RW          993    .noinit."..\\..\\..\\..\\subsys\\bluetooth\\host\\bt_host_config_init.c".4  bt_host_config_init.o
    0x20005fe4   0x20005fe4   0x00000001   Data   RW          994    .noinit."..\\..\\..\\..\\subsys\\bluetooth\\host\\bt_host_config_init.c".5  bt_host_config_init.o
    0x20005fe5   0x20005fe5   0x00000003   PAD
    0x20005fe8   0x20005fe8   0x0000022c   Data   RW          995    .noinit."..\\..\\..\\..\\subsys\\bluetooth\\host\\bt_host_config_init.c".6  bt_host_config_init.o
    0x20006214   0x20006214   0x00000004   PAD
    0x20006218   0x20006218   0x0000052c   Data   RW          996    .noinit."..\\..\\..\\..\\subsys\\bluetooth\\host\\bt_host_config_init.c".7  bt_host_config_init.o


    Execution Region RW_IRAM3 (Exec base: 0x20006744, Load base: 0x20006744, Size: 0x00000de4, Max: 0xffffffff, ABSOLUTE)

    Exec Addr    Load Addr    Size         Type   Attr      Idx    E Section Name        Object

    0x20006744        -       0x00000100   Zero   RW          203    .bss                entry.o
    0x20006844        -       0x0000021c   Zero   RW          308    .bss                main.o
    0x20006a60        -       0x000003dc   Zero   RW          391    .bss                mem_manager.o
    0x20006e3c        -       0x00000010   Zero   RW          426    .bss                wechat_service.o
    0x20006e4c        -       0x00000028   Zero   RW          427    .bss                wechat_service.o
    0x20006e74        -       0x0000000c   Zero   RW          517    .bss                wechat_protocol.o
    0x20006e80        -       0x00000068   Zero   RW          757    .bss                llcc.o
    0x20006ee8        -       0x000004d8   Zero   RW          983    .bss                bt_host_config_init.o
    0x200073c0        -       0x00000034   Zero   RW         1118    .bss                bt_host_patch.o
    0x200073f4   0x20006744   0x00000004   PAD
    0x200073f8        -       0x00000130   Zero   RW         1269    .bss                storage.o


    Execution Region RW_STACK (Exec base: 0x20007528, Load base: 0x20006744, Size: 0x00000280, Max: 0xffffffff, ABSOLUTE, UNINIT)

    Exec Addr    Load Addr    Size         Type   Attr      Idx    E Section Name        Object

    0x20007528        -       0x00000280   Zero   RW            1    STACK               startup.o


==============================================================================

Image component sizes


      Code (inc. data)   RO Data    RW Data    ZI Data      Debug   Object Name

       134         26         17         29          0       3635   board.o
       664        108         89       3589       1240      42917   bt_host_config_init.o
       668        108          0         80         52      86593   bt_host_patch.o
       212          4          0          0          0       2063   crc32.o
       176         32          0         44          0       7370   device.o
        48         20          0          0        256       4758   entry.o
       718          0          0          0          0      18116   epb.o
      1988          8          0          0          0      22308   epb_mmbp.o
       152         56          0       3204          0       1959   kernel_config_init.o
       672         88        256         64          0      32233   llc_hci.o
       722        238          1        331        104      10999   llcc.o
      1584        754          0          4        540      78139   main.o
       192         92          0          0        988       2409   mem_manager.o
       238         92          0          0          0       3199   soc_patch.o
       222        130          0          8          0       4235   soc_pm.o
       144         44        224          0        640       1248   startup.o
       764        122         13         39        304      48435   storage.o
         0          0         10         28          0        300   sys_clock_init.o
       140         28          0          0          0      36332   system.o
       188          6          1         36          0      28279   system_work_q.o
       152         14         19         52          0       6950   uart_acts.o
        28         14          1         28          0        860   uart_console.o
       940        196        195          6         12       9738   wechat_protocol.o
      1360        714         57        315         56       8152   wechat_service.o

    ----------------------------------------------------------------------
     13380       3314        928       7872       4196     461227   Object Totals
      1260        420         16          0          0          0   (incl. Generated)
        14          0         29         15          4          0   (incl. Padding)

    ----------------------------------------------------------------------

      Code (inc. data)   RO Data    RW Data    ZI Data      Debug   Library Member Name

         0          0          0          0          0          0   entry.o
         0          0          0          0          0          0   entry10a.o
         0          0          0          0          0          0   entry11a.o
         8          4          0          0          0          0   entry2.o
         4          0          0          0          0          0   entry5.o
         0          0          0          0          0          0   entry7b.o
         0          0          0          0          0          0   entry8b.o
         8          4          0          0          0          0   entry9a.o
        30          0          0          0          0          0   handlers.o
        36          8          0          0          0         68   init.o
        36          0          0          0          0         60   memcpya.o
        36          0          0          0          0        100   memseta.o

    ----------------------------------------------------------------------
       160         16          0          0          0        228   Library Totals
         2          0          0          0          0          0   (incl. Padding)

    ----------------------------------------------------------------------

      Code (inc. data)   RO Data    RW Data    ZI Data      Debug   Library Name

       158         16          0          0          0        228   mc_p.l

    ----------------------------------------------------------------------
       160         16          0          0          0        228   Library Totals

    ----------------------------------------------------------------------

==============================================================================


      Code (inc. data)   RO Data    RW Data    ZI Data      Debug   

     13540       3330        928       7872       4196     456319   Grand Totals
     13540       3330        928       7872       4196     456319   ELF Image Totals
     13540       3330        928       7872          0          0   ROM Totals

==============================================================================

    Total RO  Size (Code + RO Data)                14468 (  14.13kB)
    Total RW  Size (RW Data + ZI Data)             12068 (  11.79kB)
    Total ROM Size (Code + RO Data + RW Data)      22340 (  21.82kB)

==============================================================================

